Component: Arm Compiler for Embedded 6.22 Tool: armlink [5ee90200]

==============================================================================

Section Cross References

    startup_stm32f407xx.o(STACK) refers (Special) to heapauxi.o(.text) for __use_two_region_memory
    startup_stm32f407xx.o(HEAP) refers (Special) to heapauxi.o(.text) for __use_two_region_memory
    startup_stm32f407xx.o(RESET) refers (Special) to heapauxi.o(.text) for __use_two_region_memory
    startup_stm32f407xx.o(RESET) refers to startup_stm32f407xx.o(STACK) for __initial_sp
    startup_stm32f407xx.o(RESET) refers to startup_stm32f407xx.o(.text) for Reset_Handler
    startup_stm32f407xx.o(RESET) refers to stm32f4xx_it.o(.text.NMI_Handler) for NMI_Handler
    startup_stm32f407xx.o(RESET) refers to stm32f4xx_it.o(.text.HardFault_Handler) for HardFault_Handler
    startup_stm32f407xx.o(RESET) refers to stm32f4xx_it.o(.text.MemManage_Handler) for MemManage_Handler
    startup_stm32f407xx.o(RESET) refers to stm32f4xx_it.o(.text.BusFault_Handler) for BusFault_Handler
    startup_stm32f407xx.o(RESET) refers to stm32f4xx_it.o(.text.UsageFault_Handler) for UsageFault_Handler
    startup_stm32f407xx.o(RESET) refers to port.o(.text.SVC_Handler) for SVC_Handler
    startup_stm32f407xx.o(RESET) refers to stm32f4xx_it.o(.text.DebugMon_Handler) for DebugMon_Handler
    startup_stm32f407xx.o(RESET) refers to port.o(.text.PendSV_Handler) for PendSV_Handler
    startup_stm32f407xx.o(RESET) refers to cmsis_os2.o(.text.SysTick_Handler) for SysTick_Handler
    startup_stm32f407xx.o(RESET) refers to stm32f4xx_it.o(.text.CAN1_RX0_IRQHandler) for CAN1_RX0_IRQHandler
    startup_stm32f407xx.o(RESET) refers to stm32f4xx_it.o(.text.CAN1_RX1_IRQHandler) for CAN1_RX1_IRQHandler
    startup_stm32f407xx.o(RESET) refers to stm32f4xx_it.o(.text.TIM4_IRQHandler) for TIM4_IRQHandler
    startup_stm32f407xx.o(RESET) refers to stm32f4xx_it.o(.text.USART1_IRQHandler) for USART1_IRQHandler
    startup_stm32f407xx.o(RESET) refers to stm32f4xx_it.o(.text.TIM6_DAC_IRQHandler) for TIM6_DAC_IRQHandler
    startup_stm32f407xx.o(RESET) refers to stm32f4xx_it.o(.text.TIM7_IRQHandler) for TIM7_IRQHandler
    startup_stm32f407xx.o(RESET) refers to stm32f4xx_it.o(.text.DMA2_Stream2_IRQHandler) for DMA2_Stream2_IRQHandler
    startup_stm32f407xx.o(RESET) refers to stm32f4xx_it.o(.text.CAN2_RX0_IRQHandler) for CAN2_RX0_IRQHandler
    startup_stm32f407xx.o(RESET) refers to stm32f4xx_it.o(.text.CAN2_RX1_IRQHandler) for CAN2_RX1_IRQHandler
    startup_stm32f407xx.o(RESET) refers to stm32f4xx_it.o(.text.DMA2_Stream7_IRQHandler) for DMA2_Stream7_IRQHandler
    startup_stm32f407xx.o(.text) refers (Special) to heapauxi.o(.text) for __use_two_region_memory
    startup_stm32f407xx.o(.text) refers to system_stm32f4xx.o(.text.SystemInit) for SystemInit
    startup_stm32f407xx.o(.text) refers to __main.o(!!!main) for __main
    startup_stm32f407xx.o(.text) refers to startup_stm32f407xx.o(HEAP) for Heap_Mem
    startup_stm32f407xx.o(.text) refers to startup_stm32f407xx.o(STACK) for Stack_Mem
    main.o(.text.main) refers to stm32f4xx_hal.o(.text.HAL_Init) for HAL_Init
    main.o(.text.main) refers to main.o(.text.SystemClock_Config) for SystemClock_Config
    main.o(.text.main) refers to gpio.o(.text.MX_GPIO_Init) for MX_GPIO_Init
    main.o(.text.main) refers to dma.o(.text.MX_DMA_Init) for MX_DMA_Init
    main.o(.text.main) refers to can.o(.text.MX_CAN1_Init) for MX_CAN1_Init
    main.o(.text.main) refers to can.o(.text.MX_CAN2_Init) for MX_CAN2_Init
    main.o(.text.main) refers to tim.o(.text.MX_TIM4_Init) for MX_TIM4_Init
    main.o(.text.main) refers to tim.o(.text.MX_TIM7_Init) for MX_TIM7_Init
    main.o(.text.main) refers to usart.o(.text.MX_USART1_UART_Init) for MX_USART1_UART_Init
    main.o(.text.main) refers to cmsis_os2.o(.text.osKernelInitialize) for osKernelInitialize
    main.o(.text.main) refers to freertos.o(.text.MX_FREERTOS_Init) for MX_FREERTOS_Init
    main.o(.text.main) refers to rc_init.o(.text.All_Init) for All_Init
    main.o(.text.main) refers to cmsis_os2.o(.text.osKernelStart) for osKernelStart
    main.o(.ARM.exidx.text.main) refers to main.o(.text.main) for [Anonymous Symbol]
    main.o(.text.SystemClock_Config) refers to rt_memclr_w.o(.text) for __aeabi_memclr4
    main.o(.text.SystemClock_Config) refers to stm32f4xx_hal_rcc.o(.text.HAL_RCC_OscConfig) for HAL_RCC_OscConfig
    main.o(.text.SystemClock_Config) refers to stm32f4xx_hal_rcc.o(.text.HAL_RCC_ClockConfig) for HAL_RCC_ClockConfig
    main.o(.ARM.exidx.text.SystemClock_Config) refers to main.o(.text.SystemClock_Config) for [Anonymous Symbol]
    main.o(.ARM.exidx.text.Error_Handler) refers to main.o(.text.Error_Handler) for [Anonymous Symbol]
    main.o(.text.HAL_TIM_PeriodElapsedCallback) refers to rc_tim.o(.text.All_Tim_It_Process) for All_Tim_It_Process
    main.o(.text.HAL_TIM_PeriodElapsedCallback) refers to stm32f4xx_hal.o(.text.HAL_IncTick) for HAL_IncTick
[...]
    HAL_TIM_TriggerCallback                  0x080036cd   Thumb Code     2  stm32f4xx_hal_tim.o(.text.HAL_TIM_TriggerCallback)
    HAL_UARTEx_RxEventCallback               0x080036d1   Thumb Code     2  stm32f4xx_hal_uart.o(.text.HAL_UARTEx_RxEventCallback)
    HAL_UART_ErrorCallback                   0x080036d5   Thumb Code     2  stm32f4xx_hal_uart.o(.text.HAL_UART_ErrorCallback)
    HAL_UART_IRQHandler                      0x080036d9   Thumb Code  1428  stm32f4xx_hal_uart.o(.text.HAL_UART_IRQHandler)
    HAL_UART_Init                            0x08003c6d   Thumb Code    96  stm32f4xx_hal_uart.o(.text.HAL_UART_Init)
    HAL_UART_MspInit                         0x08003ccd   Thumb Code   258  usart.o(.text.HAL_UART_MspInit)
    HAL_UART_RxCpltCallback                  0x08003dd1   Thumb Code     2  stm32f4xx_hal_uart.o(.text.HAL_UART_RxCpltCallback)
    HAL_UART_Transmit                        0x08003dd5   Thumb Code   402  stm32f4xx_hal_uart.o(.text.HAL_UART_Transmit)
    HAL_UART_TxCpltCallback                  0x08003f69   Thumb Code     2  stm32f4xx_hal_uart.o(.text.HAL_UART_TxCpltCallback)
    HardFault_Handler                        0x08003f6d   Thumb Code     2  stm32f4xx_it.o(.text.HardFault_Handler)
    MX_CAN1_Init                             0x08003f71   Thumb Code    64  can.o(.text.MX_CAN1_Init)
    MX_CAN2_Init                             0x08003fb1   Thumb Code    64  can.o(.text.MX_CAN2_Init)
    MX_DMA_Init                              0x08003ff1   Thumb Code    72  dma.o(.text.MX_DMA_Init)
    MX_FREERTOS_Init                         0x08004039   Thumb Code    36  freertos.o(.text.MX_FREERTOS_Init)
    MX_GPIO_Init                             0x0800405d   Thumb Code    76  gpio.o(.text.MX_GPIO_Init)
    MX_TIM4_Init                             0x080040a9   Thumb Code   116  tim.o(.text.MX_TIM4_Init)
    MX_TIM7_Init                             0x0800411d   Thumb Code    80  tim.o(.text.MX_TIM7_Init)
    MX_USART1_UART_Init                      0x0800416d   Thumb Code    60  usart.o(.text.MX_USART1_UART_Init)
    MemManage_Handler                        0x080041a9   Thumb Code     2  stm32f4xx_it.o(.text.MemManage_Handler)
    NMI_Handler                              0x080041ad   Thumb Code     2  stm32f4xx_it.o(.text.NMI_Handler)
    PendSV_Handler                           0x080041b1   Thumb Code   100  port.o(.text.PendSV_Handler)
    SVC_Handler                              0x08004221   Thumb Code    36  port.o(.text.SVC_Handler)
    StartDefaultTask                         0x08004245   Thumb Code     8  freertos.o(.text.StartDefaultTask)
    SysTick_Handler                          0x0800424d   Thumb Code    30  cmsis_os2.o(.text.SysTick_Handler)
    SystemClock_Config                       0x0800426d   Thumb Code   168  main.o(.text.SystemClock_Config)
    SystemInit                               0x08004315   Thumb Code    18  system_stm32f4xx.o(.text.SystemInit)
    TIM4_IRQHandler                          0x08004329   Thumb Code    12  stm32f4xx_it.o(.text.TIM4_IRQHandler)
    TIM6_DAC_IRQHandler                      0x08004335   Thumb Code    12  stm32f4xx_it.o(.text.TIM6_DAC_IRQHandler)
    TIM7_IRQHandler                          0x08004341   Thumb Code    12  stm32f4xx_it.o(.text.TIM7_IRQHandler)
    TIM_Base_SetConfig                       0x0800434d   Thumb Code   314  stm32f4xx_hal_tim.o(.text.TIM_Base_SetConfig)
    USART1_IRQHandler                        0x0800467d   Thumb Code    12  stm32f4xx_it.o(.text.USART1_IRQHandler)
    UsageFault_Handler                       0x08004689   Thumb Code     2  stm32f4xx_it.o(.text.UsageFault_Handler)
    test(void*)                              0x080047b5   Thumb Code   240  rc_init.o(.text._Z4testPv)
    SquareWave::Get_Signal()                 0x080048b1   Thumb Code    48  rc_wava_generator.o(.text._ZN10SquareWave10Get_SignalEv)
    SquareWave::Init()                       0x080048e5   Thumb Code    16  rc_wava_generator.o(.text._ZN10SquareWave4InitEv)
    SquareWave::SquareWave(float, unsigned int) 0x080048f5   Thumb Code    24  rc_wava_generator.o(.text._ZN10SquareWaveC2Efj)
    SquareWave::SquareWave__sub_object(float, unsigned int) 0x080048f5   Thumb Code    24  rc_wava_generator.o(.text._ZN10SquareWaveC2Efj)
    SquareWave::~SquareWave__deallocating()  0x0800490d   Thumb Code     6  rc_wava_generator.o(.text._ZN10SquareWaveD0Ev)
    SquareWave::~SquareWave__sub_object()    0x08004915   Thumb Code     2  rc_wava_generator.o(.text._ZN10SquareWaveD2Ev)
    can::CanHandler::CanHandler__sub_object(can::Can&) 0x08004919   Thumb Code    36  rc_can.o(.text._ZN3can10CanHandlerC2ERNS_3CanE)
    can::CanHandler::~CanHandler__deallocating() 0x0800493d   Thumb Code     2  rc_can.o(.text._ZN3can10CanHandlerD0Ev)
    can::CanHandler::~CanHandler__sub_object() 0x08004941   Thumb Code     2  rc_can.o(.text._ZN3can10CanHandlerD2Ev)
    can::Can::Task_Process()                 0x08004945   Thumb Code   218  rc_can.o(.text._ZN3can3Can12Task_ProcessEv)
    can::Can::Can_Filter_Init(unsigned int, unsigned int, unsigned int, unsigned int, unsigned int, unsigned int) 0x08004a21   Thumb Code    58  rc_can.o(.text._ZN3can3Can15Can_Filter_InitEjjjjjj)
    can::Can::Can_Start()                    0x08004a5d   Thumb Code    62  rc_can.o(.text._ZN3can3Can9Can_StartEv)
    can::Can::Can(CAN_HandleTypeDef&)        0x08004a9d   Thumb Code   124  rc_can.o(.text._ZN3can3CanC2ER17CAN_HandleTypeDef)
    can::Can::Can__sub_object(CAN_HandleTypeDef&) 0x08004a9d   Thumb Code   124  rc_can.o(.text._ZN3can3CanC2ER17CAN_HandleTypeDef)
    can::Can::~Can__deallocating()           0x08004b1d   Thumb Code     8  rc_can.o(.text._ZN3can3CanD0Ev)
    pid::Pid::Pid_Calculate(bool, float)     0x08004b29   Thumb Code   816  rc_pid.o(.text._ZN3pid3Pid13Pid_CalculateEbf)
    pid::Pid::Pid_Mode_Init(bool, bool, float) 0x08004e65   Thumb Code    40  rc_pid.o(.text._ZN3pid3Pid13Pid_Mode_InitEbbf)
    pid::Pid::Pid_Param_Init(float, float, float, float, float, float, float, float, float, float, float) 0x08004e91   Thumb Code    74  rc_pid.o(.text._ZN3pid3Pid14Pid_Param_InitEfffffffffff)
    pid::Pid::~Pid__deallocating()           0x08004edd   Thumb Code     6  rc_m3508.o(.text._ZN3pid3PidD0Ev)
    pid::Pid::~Pid__sub_object()             0x08004ee5   Thumb Code     2  rc_m3508.o(.text._ZN3pid3PidD2Ev)
    tim::TimHandler::TimHandler__sub_object(tim::Tim&) 0x08004ee9   Thumb Code    48  rc_tim.o(.text._ZN3tim10TimHandlerC2ERNS_3TimE)
    tim::TimHandler::~TimHandler__deallocating() 0x08004f19   Thumb Code     2  rc_tim.o(.text._ZN3tim10TimHandlerD0Ev)
    tim::TimHandler::~TimHandler__sub_object() 0x08004f1d   Thumb Code     2  rc_tim.o(.text._ZN3tim10TimHandlerD2Ev)
    tim::Tim::Tim_It_Start()                 0x08004f21   Thumb Code    22  rc_tim.o(.text._ZN3tim3Tim12Tim_It_StartEv)
    tim::Tim::Tim(TIM_HandleTypeDef&)        0x08004f39   Thumb Code    78  rc_tim.o(.text._ZN3tim3TimC2ER17TIM_HandleTypeDef)
    tim::Tim::Tim__sub_object(TIM_HandleTypeDef&) 0x08004f39   Thumb Code    78  rc_tim.o(.text._ZN3tim3TimC2ER17TIM_HandleTypeDef)
    tim::Tim::~Tim__deallocating()           0x08004f89   Thumb Code     6  rc_tim.o(.text._ZN3tim3TimD0Ev)
    tim::Tim::~Tim__sub_object()             0x08004f91   Thumb Code     2  rc_tim.o(.text._ZN3tim3TimD2Ev)
    task::ManagedTask::All_Task_Process(void*) 0x08004f95   Thumb Code    76  rc_task.o(.text._ZN4task11ManagedTask16All_Task_ProcessEPv)
    task::ManagedTask::ManagedTask__sub_object(char const*, unsigned char, unsigned short, task::TaskType, unsigned char) 0x08004fe1   Thumb Code   160  rc_task.o(.text._ZN4task11ManagedTaskC2EPKchtNS_8TaskTypeEh)
    task::ManagedTask::~ManagedTask__deallocating() 0x08005081   Thumb Code     2  rc_task.o(.text._ZN4task11ManagedTaskD0Ev)
    task::TaskCreator::TaskCreator(char const*, unsigned char, unsigned short, void (*)(void*), void*) 0x08005085   Thumb Code    82  rc_task.o(.text._ZN4task11TaskCreatorC2EPKchtPFvPvES3_)
    task::TaskCreator::TaskCreator__sub_object(char const*, unsigned char, unsigned short, void (*)(void*), void*) 0x08005085   Thumb Code    82  rc_task.o(.text._ZN4task11TaskCreatorC2EPKchtPFvPvES3_)
    task::TaskCreator::~TaskCreator__deallocating() 0x080050d9   Thumb Code     6  rc_task.o(.text._ZN4task11TaskCreatorD0Ev)
    task::TaskCreator::~TaskCreator__sub_object() 0x080050e1   Thumb Code     2  rc_task.o(.text._ZN4task11TaskCreatorD2Ev)
    m3508::M3508::Can_Tx_Process()           0x080050e5   Thumb Code   148  rc_m3508.o(.text._ZN5m35085M350814Can_Tx_ProcessEv)
    m3508::M3508::Tim_It_Process()           0x08005179   Thumb Code   112  rc_m3508.o(.text._ZN5m35085M350814Tim_It_ProcessEv)
    m3508::M3508::Can_Rx_It_Process(unsigned char*) 0x080051f1   Thumb Code   236  rc_m3508.o(.text._ZN5m35085M350817Can_Rx_It_ProcessEPh)
    m3508::M3508::CanHandler_Register()      0x080052f5   Thumb Code   324  rc_m3508.o(.text._ZN5m35085M350819CanHandler_RegisterEv)
    m3508::M3508::M3508(unsigned char, can::Can&, tim::Tim&) 0x08005439   Thumb Code   340  rc_m3508.o(.text._ZN5m35085M3508C2EhRN3can3CanERN3tim3TimE)
    m3508::M3508::M3508__sub_object(unsigned char, can::Can&, tim::Tim&) 0x08005439   Thumb Code   340  rc_m3508.o(.text._ZN5m35085M3508C2EhRN3can3CanERN3tim3TimE)
    m3508::M3508::~M3508__deallocating()     0x080055b1   Thumb Code     8  rc_m3508.o(.text._ZN5m35085M3508D0Ev)
    m3508::M3508::~M3508__sub_object()       0x080055b9   Thumb Code     2  rc_m3508.o(.text._ZN5m35085M3508D2Ev)
    motor::Motor::Motor()                    0x080055bd   Thumb Code    44  rc_motor.o(.text._ZN5motor5MotorC2Ev)
    motor::Motor::Motor__sub_object()        0x080055bd   Thumb Code    44  rc_motor.o(.text._ZN5motor5MotorC2Ev)
    motor::Motor::~Motor__deallocating()     0x080055e9   Thumb Code     6  rc_motor.o(.text._ZN5motor5MotorD0Ev)
    motor::Motor::~Motor__sub_object()       0x080055f1   Thumb Code     2  rc_motor.o(.text._ZN5motor5MotorD2Ev)
    non-virtual thunk to m3508::M3508::Can_Tx_Process() 0x080055f5   Thumb Code   144  rc_m3508.o(.text._ZThn56_N5m35085M350814Can_Tx_ProcessEv)
    non-virtual thunk to m3508::M3508::Can_Rx_It_Process(unsigned char*) 0x08005685   Thumb Code   240  rc_m3508.o(.text._ZThn56_N5m35085M350817Can_Rx_It_ProcessEPh)
    non-virtual thunk to m3508::M3508::CanHandler_Register() 0x0800578d   Thumb Code     6  rc_m3508.o(.text._ZThn56_N5m35085M350819CanHandler_RegisterEv)
    non-virtual thunk to m3508::M3508::~M3508__deallocating() 0x08005795   Thumb Code    10  rc_m3508.o(.text._ZThn56_N5m35085M3508D0Ev)
    non-virtual thunk to m3508::M3508::~M3508() 0x080057a1   Thumb Code     2  rc_m3508.o(.text._ZThn56_N5m35085M3508D1Ev)
    non-virtual thunk to m3508::M3508::Tim_It_Process() 0x080057a5   Thumb Code   116  rc_m3508.o(.text._ZThn76_N5m35085M350814Tim_It_ProcessEv)
    non-virtual thunk to m3508::M3508::~M3508__deallocating() 0x08005821   Thumb Code    10  rc_m3508.o(.text._ZThn76_N5m35085M3508D0Ev)
    non-virtual thunk to m3508::M3508::~M3508() 0x0800582d   Thumb Code     2  rc_m3508.o(.text._ZThn76_N5m35085M3508D1Ev)
    operator delete(void*)                   0x0800582f   Thumb Code     4  new.cpp.o(.text._ZdlPv)
    operator delete(void*, unsigned int)     0x08005833   Thumb Code     4  new.cpp.o(.text._ZdlPvj)
    __cxa_pure_virtual                       0x08005839   Thumb Code     8  cxa_virtual.cpp.o(.text.__cxa_pure_virtual)
    abort_message                            0x08005861   Thumb Code     4  abort_message.cpp.o(.text.abort_message)
    main                                     0x08005865   Thumb Code    54  main.o(.text.main)
    osDelay                                  0x0800589d   Thumb Code    32  cmsis_os2.o(.text.osDelay)
    osKernelInitialize                       0x080058bd   Thumb Code    40  cmsis_os2.o(.text.osKernelInitialize)
    osKernelStart                            0x080058e5   Thumb Code    60  cmsis_os2.o(.text.osKernelStart)
    osThreadNew                              0x08005921   Thumb Code   148  cmsis_os2.o(.text.osThreadNew)
    pvPortMalloc                             0x08006225   Thumb Code   496  heap_4.o(.text.pvPortMalloc)
    pxPortInitialiseStack                    0x08006415   Thumb Code    36  port.o(.text.pxPortInitialiseStack)
    uart_printf                              0x08006439   Thumb Code    84  rc_serial.o(.text.uart_printf)
    uxListRemove                             0x0800648d   Thumb Code    34  list.o(.text.uxListRemove)
    vApplicationGetIdleTaskMemory            0x080064b1   Thumb Code    26  cmsis_os2.o(.text.vApplicationGetIdleTaskMemory)
    vApplicationGetTimerTaskMemory           0x080064cd   Thumb Code    28  cmsis_os2.o(.text.vApplicationGetTimerTaskMemory)
    vListInitialise                          0x080064e9   Thumb Code    22  list.o(.text.vListInitialise)
    vListInitialiseItem                      0x08006501   Thumb Code     6  list.o(.text.vListInitialiseItem)
    vListInsert                              0x08006509   Thumb Code    98  list.o(.text.vListInsert)
    vListInsertEnd                           0x0800656d   Thumb Code    26  list.o(.text.vListInsertEnd)
    vPortEnterCritical                       0x0800659d   Thumb Code    70  port.o(.text.vPortEnterCritical)
    vPortExitCritical                        0x080065e5   Thumb Code    46  port.o(.text.vPortExitCritical)
    vPortFree                                0x08006615   Thumb Code   212  heap_4.o(.text.vPortFree)
    vPortSetupTimerInterrupt                 0x080066e9   Thumb Code    52  port.o(.text.vPortSetupTimerInterrupt)
    vQueueAddToRegistry                      0x0800671d   Thumb Code    88  queue.o(.text.vQueueAddToRegistry)
    vQueueWaitForMessageRestricted           0x08006775   Thumb Code    82  queue.o(.text.vQueueWaitForMessageRestricted)
    vTaskDelay                               0x080067c9   Thumb Code   128  tasks.o(.text.vTaskDelay)
    vTaskDelayUntil                          0x08006849   Thumb Code   204  tasks.o(.text.vTaskDelayUntil)
    vTaskInternalSetTimeOutState             0x08006915   Thumb Code    18  tasks.o(.text.vTaskInternalSetTimeOutState)
    vTaskMissedYield                         0x08006929   Thumb Code    14  tasks.o(.text.vTaskMissedYield)
    vTaskPlaceOnEventList                    0x08006939   Thumb Code   116  tasks.o(.text.vTaskPlaceOnEventList)
    vTaskPlaceOnEventListRestricted          0x080069ad   Thumb Code   122  tasks.o(.text.vTaskPlaceOnEventListRestricted)
    vTaskStartScheduler                      0x08006a29   Thumb Code   232  tasks.o(.text.vTaskStartScheduler)
    vTaskSuspendAll                          0x08006b19   Thumb Code    16  tasks.o(.text.vTaskSuspendAll)
    vTaskSwitchContext                       0x08006b29   Thumb Code   204  tasks.o(.text.vTaskSwitchContext)
    xPortStartScheduler                      0x08006bf5   Thumb Code   392  port.o(.text.xPortStartScheduler)
    xPortSysTickHandler                      0x08006d7d   Thumb Code    46  port.o(.text.xPortSysTickHandler)
    xQueueGenericCreateStatic                0x08006dad   Thumb Code   218  queue.o(.text.xQueueGenericCreateStatic)
    xQueueGenericSend                        0x08006e89   Thumb Code   704  queue.o(.text.xQueueGenericSend)
    xQueueReceive                            0x08007149   Thumb Code   574  queue.o(.text.xQueueReceive)
    xTaskCheckForTimeOut                     0x08007389   Thumb Code   154  tasks.o(.text.xTaskCheckForTimeOut)
    xTaskCreate                              0x08007425   Thumb Code    96  tasks.o(.text.xTaskCreate)
    xTaskCreateStatic                        0x08007485   Thumb Code   118  tasks.o(.text.xTaskCreateStatic)
    xTaskGetSchedulerState                   0x080074fd   Thumb Code    30  tasks.o(.text.xTaskGetSchedulerState)
    xTaskGetTickCount                        0x0800751d   Thumb Code    12  tasks.o(.text.xTaskGetTickCount)
    xTaskIncrementTick                       0x08007529   Thumb Code   260  tasks.o(.text.xTaskIncrementTick)
    xTaskPriorityDisinherit                  0x0800762d   Thumb Code   142  tasks.o(.text.xTaskPriorityDisinherit)
    xTaskRemoveFromEventList                 0x080076bd   Thumb Code   114  tasks.o(.text.xTaskRemoveFromEventList)
    xTaskResumeAll                           0x08007731   Thumb Code   238  tasks.o(.text.xTaskResumeAll)
    xTimerCreateTimerTask                    0x08007821   Thumb Code   172  timers.o(.text.xTimerCreateTimerTask)
    _btod_d2e                                0x080078d5   Thumb Code    62  btod.o(CL$$btod_d2e)
    _d2e_denorm_low                          0x08007913   Thumb Code    70  btod.o(CL$$btod_d2e_denorm_low)
    _d2e_norm_op1                            0x08007959   Thumb Code    96  btod.o(CL$$btod_d2e_norm_op1)
    __btod_div_common                        0x080079b9   Thumb Code   696  btod.o(CL$$btod_div_common)
    _e2e                                     0x08007cf1   Thumb Code   220  btod.o(CL$$btod_e2e)
    _btod_ediv                               0x08007dcd   Thumb Code    42  btod.o(CL$$btod_ediv)
    _btod_emul                               0x08007df7   Thumb Code    42  btod.o(CL$$btod_emul)
    __btod_mult_common                       0x08007e21   Thumb Code   580  btod.o(CL$$btod_mult_common)
    __ARM_fpclassify                         0x08008065   Thumb Code    48  fpclassify.o(i.__ARM_fpclassify)
    _is_digit                                0x08008095   Thumb Code    14  __printf_wp.o(i._is_digit)
    _get_lc_numeric                          0x080080a5   Thumb Code    44  lc_numeric_c.o(locale$$code)
    _get_lc_ctype                            0x080080d1   Thumb Code    44  lc_ctype_c.o(locale$$code)
    __aeabi_d2f                              0x080080fd   Thumb Code     0  d2f.o(x$fpl$d2f)
    _d2f                                     0x080080fd   Thumb Code    98  d2f.o(x$fpl$d2f)
    __aeabi_dadd                             0x08008161   Thumb Code     0  daddsub_clz.o(x$fpl$dadd)
    _dadd                                    0x08008161   Thumb Code   332  daddsub_clz.o(x$fpl$dadd)
    __aeabi_dmul                             0x080082b1   Thumb Code     0  dmul.o(x$fpl$dmul)
    _dmul                                    0x080082b1   Thumb Code   332  dmul.o(x$fpl$dmul)
    __fpl_dnaninf                            0x08008405   Thumb Code   156  dnaninf.o(x$fpl$dnaninf)
    __fpl_dretinf                            0x080084a1   Thumb Code    12  dretinf.o(x$fpl$dretinf)
    __aeabi_dsub                             0x080084ad   Thumb Code     0  daddsub_clz.o(x$fpl$dsub)
    _dsub                                    0x080084ad   Thumb Code   472  daddsub_clz.o(x$fpl$dsub)
    __aeabi_f2d                              0x08008689   Thumb Code     0  f2d.o(x$fpl$f2d)
    _f2d                                     0x08008689   Thumb Code    86  f2d.o(x$fpl$f2d)
    __fpl_fnaninf                            0x080086df   Thumb Code   140  fnaninf.o(x$fpl$fnaninf)
    _fp_init                                 0x0800876b   Thumb Code    26  fpinit.o(x$fpl$fpinit)
    __fplib_config_fpu_vfp                   0x08008783   Thumb Code     0  fpinit.o(x$fpl$fpinit)
    __fplib_config_pureend_doubles           0x08008783   Thumb Code     0  fpinit.o(x$fpl$fpinit)
    __fpl_fretinf                            0x08008785   Thumb Code    10  fretinf.o(x$fpl$fretinf)
    _printf_fp_dec                           0x0800878f   Thumb Code     4  printf1.o(x$fpl$printf1)
    _printf_fp_hex                           0x08008793   Thumb Code     4  printf2.o(x$fpl$printf2)
    __I$use$fp                               0x08008796   Number         0  usenofp.o(x$fpl$usenofp)
    AHBPrescTable                            0x08008894   Data          16  system_stm32f4xx.o(.rodata.AHBPrescTable)
    APBPrescTable                            0x080088a4   Data           8  system_stm32f4xx.o(.rodata.APBPrescTable)
    vtable for SquareWave                    0x080088ac   Data          16  rc_wava_generator.o(.rodata._ZTV10SquareWave)
    vtable for can::CanHandler               0x080088bc   Data          28  rc_can.o(.rodata._ZTVN3can10CanHandlerE)
    vtable for can::Can                      0x080088d8   Data          20  rc_can.o(.rodata._ZTVN3can3CanE)
    vtable for pid::Pid                      0x080088ec   Data          16  rc_m3508.o(.rodata._ZTVN3pid3PidE)
    vtable for tim::TimHandler               0x080088fc   Data          20  rc_tim.o(.rodata._ZTVN3tim10TimHandlerE)
    vtable for tim::Tim                      0x08008910   Data          16  rc_tim.o(.rodata._ZTVN3tim3TimE)
    vtable for task::ManagedTask             0x08008920   Data          20  rc_task.o(.rodata._ZTVN4task11ManagedTaskE)
    vtable for task::TaskCreator             0x08008934   Data          16  rc_task.o(.rodata._ZTVN4task11TaskCreatorE)
    vtable for m3508::M3508                  0x08008944   Data          80  rc_m3508.o(.rodata._ZTVN5m35085M3508E)
    vtable for motor::Motor                  0x08008994   Data          16  rc_motor.o(.rodata._ZTVN5motor5MotorE)
    defaultTask_attributes                   0x080089ac   Data          36  freertos.o(.rodata.defaultTask_attributes)
    Region$$Table$$Base                      0x080089e4   Number         0  anon$$obj.o(Region$$Table)
    Region$$Table$$Limit                     0x08008a04   Number         0  anon$$obj.o(Region$$Table)
    __ctype                                  0x08008a2d   Data           0  lc_ctype_c.o(locale$$data)
    SHT$$INIT_ARRAY$$Base                    0x08008b30   Number         0  rc_init.o(.init_array)
    SHT$$INIT_ARRAY$$Limit                   0x08008b34   Number         0  init_aeabi.o(.init_array)
    uwTickFreq                               0x20000000   Data           1  stm32f4xx_hal.o(.data..L_MergedGlobals)
    uwTickPrio                               0x20000004   Data           4  stm32f4xx_hal.o(.data..L_MergedGlobals)
    SystemCoreClock                          0x20000008   Data           4  system_stm32f4xx.o(.data.SystemCoreClock)
    a                                        0x2000000c   Data           4  rc_init.o(.data.a)
    __libspace_start                         0x20000018   Data          96  libspace.o(.bss)
    __temporary_stack_top$libspace           0x20000078   Data           0  libspace.o(.bss)
    pxCurrentTCB                             0x20000078   Data           4  tasks.o(.bss..L_MergedGlobals)
    task::ManagedTask::task_num              0x20000154   Data           1  rc_task.o(.bss..L_MergedGlobals)
    task::ManagedTask::task_list             0x20000158   Data          48  rc_task.o(.bss..L_MergedGlobals)
    can::Can::can_num                        0x20000188   Data           1  rc_can.o(.bss..L_MergedGlobals)
    can::Can::can_list                       0x2000018c   Data          12  rc_can.o(.bss..L_MergedGlobals)
    tim::Tim::tim_num                        0x20000198   Data           1  rc_tim.o(.bss..L_MergedGlobals)
    tim::Tim::tim_list                       0x2000019c   Data          52  rc_tim.o(.bss..L_MergedGlobals)
    target                                   0x200001d0   Data           4  rc_init.o(.bss..L_MergedGlobals)
    test_task                                0x200001d4   Data           8  rc_init.o(.bss..L_MergedGlobals)
    wave                                     0x200001dc   Data          20  rc_init.o(.bss..L_MergedGlobals)
    tim7                                     0x200001f0   Data          76  rc_init.o(.bss..L_MergedGlobals)
    can1                                     0x2000026c   Data         280  rc_init.o(.bss.can1)
    can2                                     0x20000384   Data         280  rc_init.o(.bss.can2)
    defaultTaskHandle                        0x2000049c   Data           4  freertos.o(.bss.defaultTaskHandle)
    hcan1                                    0x200004a0   Data          40  can.o(.bss.hcan1)
    hcan2                                    0x200004c8   Data          40  can.o(.bss.hcan2)
    hdma_usart1_rx                           0x200004f0   Data          96  usart.o(.bss.hdma_usart1_rx)
    hdma_usart1_tx                           0x20000550   Data          96  usart.o(.bss.hdma_usart1_tx)
    htim4                                    0x200005b0   Data          72  tim.o(.bss.htim4)
    htim6                                    0x200005f8   Data          72  stm32f4xx_hal_timebase_tim.o(.bss.htim6)
    htim7                                    0x20000640   Data          72  tim.o(.bss.htim7)
    huart1                                   0x20000688   Data          72  usart.o(.bss.huart1)
    m3508_1                                  0x200006d0   Data         316  rc_init.o(.bss.m3508_1)
    m3508_2                                  0x2000080c   Data         316  rc_init.o(.bss.m3508_2)
    m3508_3                                  0x20000948   Data         316  rc_init.o(.bss.m3508_3)
    m3508_4                                  0x20000a84   Data         316  rc_init.o(.bss.m3508_4)
    m3508_5                                  0x20000bc0   Data         316  rc_init.o(.bss.m3508_5)
    m3508_6                                  0x20000cfc   Data         316  rc_init.o(.bss.m3508_6)
    m3508_7                                  0x20000e38   Data         316  rc_init.o(.bss.m3508_7)
    m3508_8                                  0x20000f74   Data         316  rc_init.o(.bss.m3508_8)
    tim4                                     0x20001600   Data          76  rc_init.o(.bss.tim4)
    uwTick                                   0x2000524c   Data           4  stm32f4xx_hal.o(.bss.uwTick)
    xQueueRegistry                           0x20005908   Data          64  queue.o(.bss.xQueueRegistry)



==============================================================================

Memory Map of the image

  Image Entry point : 0x08000189

  Load Region LR_IROM1 (Base: 0x08000000, Size: 0x00008b50, Max: 0x00100000, ABSOLUTE)

    Execution Region ER_IROM1 (Exec base: 0x08000000, Load base: 0x08000000, Size: 0x00008b34, Max: 0x00100000, ABSOLUTE)

    Exec Addr    Load Addr    Size         Type   Attr      Idx    E Section Name        Object

    0x08000000   0x08000000   0x00000188   Data   RO            3    RESET               startup_stm32f407xx.o
    0x08000188   0x08000188   0x00000008   Code   RO         1907  * !!!main             c_w.l(__main.o)
    0x08000190   0x08000190   0x0000005c   Code   RO         2562    !!!scatter          c_w.l(__scatter.o)
    0x080001ec   0x080001ec   0x0000001a   Code   RO         2566    !!handler_copy      c_w.l(__scatter_copy.o)
    0x08000206   0x08000206   0x00000002   PAD
    0x08000208   0x08000208   0x00000002   Code   RO         2563    !!handler_null      c_w.l(__scatter.o)
    0x0800020a   0x0800020a   0x00000002   PAD
    0x0800020c   0x0800020c   0x0000001c   Code   RO         2568    !!handler_zi        c_w.l(__scatter_zi.o)
    0x08000228   0x08000228   0x00000000   Code   RO         2125    .ARM.Collect$$_printf_percent$$00000000  c_w.l(_printf_percent.o)
    0x08000228   0x08000228   0x00000006   Code   RO         2114    .ARM.Collect$$_printf_percent$$00000001  c_w.l(_printf_n.o)
    0x0800022e   0x0800022e   0x00000006   Code   RO         2116    .ARM.Collect$$_printf_percent$$00000002  c_w.l(_printf_p.o)
    0x08000234   0x08000234   0x00000006   Code   RO         2121    .ARM.Collect$$_printf_percent$$00000003  c_w.l(_printf_f.o)
    0x0800023a   0x0800023a   0x00000006   Code   RO         2122    .ARM.Collect$$_printf_percent$$00000004  c_w.l(_printf_e.o)
    0x08000240   0x08000240   0x00000006   Code   RO         2123    .ARM.Collect$$_printf_percent$$00000005  c_w.l(_printf_g.o)
    0x08000246   0x08000246   0x00000006   Code   RO         2124    .ARM.Collect$$_printf_percent$$00000006  c_w.l(_printf_a.o)
    0x0800024c   0x0800024c   0x0000000a   Code   RO         2129    .ARM.Collect$$_printf_percent$$00000007  c_w.l(_printf_ll.o)
    0x08000256   0x08000256   0x00000006   Code   RO         2118    .ARM.Collect$$_printf_percent$$00000008  c_w.l(_printf_i.o)
    0x0800025c   0x0800025c   0x00000006   Code   RO         2119    .ARM.Collect$$_printf_percent$$00000009  c_w.l(_printf_d.o)
    0x08000262   0x08000262   0x00000006   Code   RO         2120    .ARM.Collect$$_printf_percent$$0000000A  c_w.l(_printf_u.o)
    0x08000268   0x08000268   0x00000006   Code   RO         2117    .ARM.Collect$$_printf_percent$$0000000B  c_w.l(_printf_o.o)
    0x0800026e   0x0800026e   0x00000006   Code   RO         2115    .ARM.Collect$$_printf_percent$$0000000C  c_w.l(_printf_x.o)
    0x08000274   0x08000274   0x00000006   Code   RO         2126    .ARM.Collect$$_printf_percent$$0000000D  c_w.l(_printf_lli.o)
    0x0800027a   0x0800027a   0x00000006   Code   RO         2127    .ARM.Collect$$_printf_percent$$0000000E  c_w.l(_printf_lld.o)
    0x08000280   0x08000280   0x00000006   Code   RO         2128    .ARM.Collect$$_printf_percent$$0000000F  c_w.l(_printf_llu.o)
    0x08000286   0x08000286   0x00000006   Code   RO         2133    .ARM.Collect$$_printf_percent$$00000010  c_w.l(_printf_llo.o)
    0x0800028c   0x0800028c   0x00000006   Code   RO         2134    .ARM.Collect$$_printf_percent$$00000011  c_w.l(_printf_llx.o)
    0x08000292   0x08000292   0x0000000a   Code   RO         2130    .ARM.Collect$$_printf_percent$$00000012  c_w.l(_printf_l.o)
    0x0800029c   0x0800029c   0x00000006   Code   RO         2112    .ARM.Collect$$_printf_percent$$00000013  c_w.l(_printf_c.o)
    0x080002a2   0x080002a2   0x00000006   Code   RO         2113    .ARM.Collect$$_printf_percent$$00000014  c_w.l(_printf_s.o)
    0x080002a8   0x080002a8   0x00000006   Code   RO         2131    .ARM.Collect$$_printf_percent$$00000015  c_w.l(_printf_lc.o)
    0x080002ae   0x080002ae   0x00000006   Code   RO         2132    .ARM.Collect$$_printf_percent$$00000016  c_w.l(_printf_ls.o)
    0x080002b4   0x080002b4   0x00000004   Code   RO         2289    .ARM.Collect$$_printf_percent$$00000017  c_w.l(_printf_percent_end.o)
    0x080002b8   0x080002b8   0x00000002   Code   RO         2409    .ARM.Collect$$libinit$$00000000  c_w.l(libinit.o)
    0x080002ba   0x080002ba   0x00000004   Code   RO         2137    .ARM.Collect$$libinit$$00000001  c_w.l(libinit2.o)
    0x080002be   0x080002be   0x00000000   Code   RO         2140    .ARM.Collect$$libinit$$00000004  c_w.l(libinit2.o)
    0x080002be   0x080002be   0x00000000   Code   RO         2142    .ARM.Collect$$libinit$$00000006  c_w.l(libinit2.o)
    0x080002be   0x080002be   0x00000000   Code   RO         2145    .ARM.Collect$$libinit$$0000000C  c_w.l(libinit2.o)
    0x080002be   0x080002be   0x00000000   Code   RO         2147    .ARM.Collect$$libinit$$0000000E  c_w.l(libinit2.o)
    0x080002be   0x080002be   0x00000000   Code   RO         2149    .ARM.Collect$$libinit$$00000010  c_w.l(libinit2.o)
    0x080002be   0x080002be   0x00000006   Code   RO         2150    .ARM.Collect$$libinit$$00000011  c_w.l(libinit2.o)
    0x080002c4   0x080002c4   0x00000000   Code   RO         2152    .ARM.Collect$$libinit$$00000013  c_w.l(libinit2.o)
    0x080002c4   0x080002c4   0x0000000c   Code   RO         2153    .ARM.Collect$$libinit$$00000014  c_w.l(libinit2.o)
    0x080002d0   0x080002d0   0x00000000   Code   RO         2154    .ARM.Collect$$libinit$$00000015  c_w.l(libinit2.o)
    0x080002d0   0x080002d0   0x00000000   Code   RO         2156    .ARM.Collect$$libinit$$00000017  c_w.l(libinit2.o)
    0x080002d0   0x080002d0   0x0000000a   Code   RO         2157    .ARM.Collect$$libinit$$00000018  c_w.l(libinit2.o)
    0x080002da   0x080002da   0x00000000   Code   RO         2158    .ARM.Collect$$libinit$$00000019  c_w.l(libinit2.o)
    0x080002da   0x080002da   0x00000000   Code   RO         2160    .ARM.Collect$$libinit$$0000001B  c_w.l(libinit2.o)
    0x080002da   0x080002da   0x00000000   Code   RO         2162    .ARM.Collect$$libinit$$0000001D  c_w.l(libinit2.o)
    0x080002da   0x080002da   0x00000000   Code   RO         2164    .ARM.Collect$$libinit$$0000001F  c_w.l(libinit2.o)
    0x080002da   0x080002da   0x00000000   Code   RO         2166    .ARM.Collect$$libinit$$00000021  c_w.l(libinit2.o)
    0x080002da   0x080002da   0x00000000   Code   RO         2168    .ARM.Collect$$libinit$$00000023  c_w.l(libinit2.o)
    0x080002da   0x080002da   0x00000000   Code   RO         2170    .ARM.Collect$$libinit$$00000025  c_w.l(libinit2.o)
    0x080002da   0x080002da   0x00000000   Code   RO         2172    .ARM.Collect$$libinit$$00000027  c_w.l(libinit2.o)
    0x080002da   0x080002da   0x00000000   Code   RO         2176    .ARM.Collect$$libinit$$0000002E  c_w.l(libinit2.o)
    0x080002da   0x080002da   0x00000000   Code   RO         2178    .ARM.Collect$$libinit$$00000030  c_w.l(libinit2.o)
    0x080002da   0x080002da   0x00000000   Code   RO         2180    .ARM.Collect$$libinit$$00000032  c_w.l(libinit2.o)
    0x080002da   0x080002da   0x00000004   Code   RO         2181    .ARM.Collect$$libinit$$00000033  c_w.l(libinit2.o)
    0x080002de   0x080002de   0x00000000   Code   RO         2182    .ARM.Collect$$libinit$$00000034  c_w.l(libinit2.o)
    0x080002de   0x080002de   0x00000002   Code   RO         2183    .ARM.Collect$$libinit$$00000035  c_w.l(libinit2.o)
    0x080002e0   0x080002e0   0x00000002   Code   RO         2525    .ARM.Collect$$libshutdown$$00000000  c_w.l(libshutdown.o)
    0x080002e2   0x080002e2   0x00000000   Code   RO         2490    .ARM.Collect$$libshutdown$$00000002  c_w.l(libshutdown2.o)
    0x080002e2   0x080002e2   0x00000000   Code   RO         2492    .ARM.Collect$$libshutdown$$00000004  c_w.l(libshutdown2.o)
    0x080002e2   0x080002e2   0x00000000   Code   RO         2495    .ARM.Collect$$libshutdown$$00000007  c_w.l(libshutdown2.o)
    0x080002e2   0x080002e2   0x00000000   Code   RO         2498    .ARM.Collect$$libshutdown$$0000000A  c_w.l(libshutdown2.o)
    0x080002e2   0x080002e2   0x00000000   Code   RO         2500    .ARM.Collect$$libshutdown$$0000000C  c_w.l(libshutdown2.o)
    0x080002e2   0x080002e2   0x00000000   Code   RO         2503    .ARM.Collect$$libshutdown$$0000000F  c_w.l(libshutdown2.o)
    0x080002e2   0x080002e2   0x00000002   Code   RO         2504    .ARM.Collect$$libshutdown$$00000010  c_w.l(libshutdown2.o)
    0x080002e4   0x080002e4   0x00000000   Code   RO         1973    .ARM.Collect$$rtentry$$00000000  c_w.l(__rtentry.o)
    0x080002e4   0x080002e4   0x00000000   Code   RO         2233    .ARM.Collect$$rtentry$$00000002  c_w.l(__rtentry2.o)
    0x080002e4   0x080002e4   0x00000006   Code   RO         2245    .ARM.Collect$$rtentry$$00000004  c_w.l(__rtentry4.o)
    0x080002ea   0x080002ea   0x00000000   Code   RO         2235    .ARM.Collect$$rtentry$$00000009  c_w.l(__rtentry2.o)
    0x080002ea   0x080002ea   0x00000004   Code   RO         2236    .ARM.Collect$$rtentry$$0000000A  c_w.l(__rtentry2.o)
    0x080002ee   0x080002ee   0x00000000   Code   RO         2238    .ARM.Collect$$rtentry$$0000000C  c_w.l(__rtentry2.o)
    0x080002ee   0x080002ee   0x00000008   Code   RO         2239    .ARM.Collect$$rtentry$$0000000D  c_w.l(__rtentry2.o)
    0x080002f6   0x080002f6   0x00000002   Code   RO         2417    .ARM.Collect$$rtexit$$00000000  c_w.l(rtexit.o)
    0x080002f8   0x080002f8   0x00000000   Code   RO         2448    .ARM.Collect$$rtexit$$00000002  c_w.l(rtexit2.o)
    0x080002f8   0x080002f8   0x00000004   Code   RO         2449    .ARM.Collect$$rtexit$$00000003  c_w.l(rtexit2.o)
    0x080002fc   0x080002fc   0x00000006   Code   RO         2450    .ARM.Collect$$rtexit$$00000004  c_w.l(rtexit2.o)
    0x08000302   0x08000302   0x00000002   PAD
    0x08000304   0x08000304   0x00000040   Code   RO            4    .text               startup_stm32f407xx.o
    0x08000344   0x08000344   0x000000f0   Code   RO         1889    .text               c_w.l(lludivv7m.o)
    0x08000434   0x08000434   0x0000003c   Code   RO         1891    .text               c_w.l(vsnprintf.o)
    0x08000470   0x08000470   0x0000003e   Code   RO         1893    .text               c_w.l(strlen.o)
    0x080004ae   0x080004ae   0x0000008a   Code   RO         1895    .text               c_w.l(rt_memcpy_v6.o)
    0x08000538   0x08000538   0x00000010   Code   RO         1899    .text               c_w.l(aeabi_memset4.o)
    0x08000548   0x08000548   0x0000004e   Code   RO         1903    .text               c_w.l(rt_memclr_w.o)
    0x08000596   0x08000596   0x00000006   Code   RO         1905    .text               c_w.l(heapauxi.o)
    0x0800059c   0x0800059c   0x0000002c   Code   RO         1912    .text               c_w.l(init_aeabi.o)
    0x080005c8   0x080005c8   0x0000004e   Code   RO         1984    .text               c_w.l(h1_free.o)
    0x08000616   0x08000616   0x0000004e   Code   RO         2046    .text               c_w.l(_printf_pad.o)
    0x08000664   0x08000664   0x00000024   Code   RO         2048    .text               c_w.l(_printf_truncate.o)
    0x08000688   0x08000688   0x00000052   Code   RO         2050    .text               c_w.l(_printf_str.o)
    0x080006da   0x080006da   0x00000002   PAD
    0x080006dc   0x080006dc   0x00000078   Code   RO         2052    .text               c_w.l(_printf_dec.o)
    0x08000754   0x08000754   0x00000028   Code   RO         2054    .text               c_w.l(_printf_charcount.o)
    0x0800077c   0x0800077c   0x00000030   Code   RO         2056    .text               c_w.l(_printf_char_common.o)
    0x080007ac   0x080007ac   0x00000010   Code   RO         2058    .text               c_w.l(_snputc.o)
    0x080007bc   0x080007bc   0x000000bc   Code   RO         2060    .text               c_w.l(_printf_wctomb.o)
    0x08000878   0x08000878   0x0000007c   Code   RO         2063    .text               c_w.l(_printf_longlong_dec.o)
    0x080008f4   0x080008f4   0x00000070   Code   RO         2069    .text               c_w.l(_printf_oct_int_ll.o)
    0x08000964   0x08000964   0x00000094   Code   RO         2089    .text               c_w.l(_printf_hex_int_ll_ptr.o)
    0x080009f8   0x080009f8   0x00000188   Code   RO         2109    .text               c_w.l(__printf_flags_ss_wp.o)
    0x08000b80   0x08000b80   0x00000064   Code   RO         2135    .text               c_w.l(rt_memcpy_w.o)
    0x08000be4   0x08000be4   0x00000008   Code   RO         2252    .text               c_w.l(rt_heap_descriptor_intlibspace.o)
    0x08000bec   0x08000bec   0x0000008a   Code   RO         2272    .text               c_w.l(lludiv10.o)
    0x08000c76   0x08000c76   0x000000b2   Code   RO         2274    .text               c_w.l(_printf_intcommon.o)
    0x08000d28   0x08000d28   0x0000041c   Code   RO         2276    .text               c_w.l(_printf_fp_dec.o)
    0x08001144   0x08001144   0x000002fc   Code   RO         2280    .text               c_w.l(_printf_fp_hex.o)
    0x08001440   0x08001440   0x0000002c   Code   RO         2285    .text               c_w.l(_printf_char.o)
    0x0800146c   0x0800146c   0x0000002c   Code   RO         2287    .text               c_w.l(_printf_wchar.o)
    0x08001498   0x08001498   0x00000048   Code   RO         2290    .text               c_w.l(_c16rtomb.o)
    0x080014e0   0x080014e0   0x00000016   Code   RO         2292    .text               c_w.l(abort.o)
    0x080014f6   0x080014f6   0x00000002   PAD
    0x080014f8   0x080014f8   0x0000000c   Code   RO         2317    .text               c_w.l(sys_exit.o)
    0x08001504   0x08001504   0x00000008   Code   RO         2323    .text               c_w.l(libspace.o)
    0x0800150c   0x0800150c   0x0000004a   Code   RO         2326    .text               c_w.l(sys_stackheap_outer.o)
    0x08001556   0x08001556   0x00000002   PAD
    0x08001558   0x08001558   0x00000010   Code   RO         2328    .text               c_w.l(rt_ctype_table.o)
    0x08001568   0x08001568   0x00000008   Code   RO         2333    .text               c_w.l(rt_locale_intlibspace.o)
    0x08001570   0x08001570   0x00000080   Code   RO         2345    .text               c_w.l(_printf_fp_infnan.o)
    0x080015f0   0x080015f0   0x000000e4   Code   RO         2347    .text               c_w.l(bigflt0.o)
    0x080016d4   0x080016d4   0x00000012   Code   RO         2383    .text               c_w.l(exit.o)
    0x080016e6   0x080016e6   0x0000000e   Code   RO         2385    .text               c_w.l(defsig_abrt_outer.o)
    0x080016f4   0x080016f4   0x00000002   Code   RO         2414    .text               c_w.l(use_no_semi.o)
    0x080016f6   0x080016f6   0x00000000   Code   RO         2416    .text               c_w.l(indicate_semi.o)
    0x080016f6   0x080016f6   0x0000000a   Code   RO         2434    .text               c_w.l(defsig_exit.o)
    0x08001700   0x08001700   0x00000030   Code   RO         2436    .text               c_w.l(defsig_abrt_inner.o)
    0x08001730   0x08001730   0x0000007c   Code   RO         2442    .text               c_w.l(strcmpv7em.o)
    0x080017ac   0x080017ac   0x00000032   Code   RO         2483    .text               c_w.l(defsig_general.o)
    0x080017de   0x080017de   0x0000000e   Code   RO         2507    .text               c_w.l(sys_wrch.o)
    0x080017ec   0x080017ec   0x00000046   Code   RO         1863    .text.All_Init      rc_init.o
    0x08001832   0x08001832   0x00000002   PAD
    0x08001834   0x08001834   0x0000008a   Code   RO         1724    .text.All_Tim_It_Process  rc_tim.o
    0x080018be   0x080018be   0x00000002   PAD
    0x080018c0   0x080018c0   0x00000002   Code   RO          119    .text.BusFault_Handler  stm32f4xx_it.o
    0x080018c2   0x080018c2   0x00000002   PAD
    0x080018c4   0x080018c4   0x0000000c   Code   RO          125    .text.CAN1_RX0_IRQHandler  stm32f4xx_it.o
    0x080018d0   0x080018d0   0x0000000c   Code   RO          127    .text.CAN1_RX1_IRQHandler  stm32f4xx_it.o
    0x080018dc   0x080018dc   0x0000000c   Code   RO          139    .text.CAN2_RX0_IRQHandler  stm32f4xx_it.o
    0x080018e8   0x080018e8   0x0000000c   Code   RO          141    .text.CAN2_RX1_IRQHandler  stm32f4xx_it.o
    0x080018f4   0x080018f4   0x0000000c   Code   RO          137    .text.DMA2_Stream2_IRQHandler  stm32f4xx_it.o
    0x08001900   0x08001900   0x0000000c   Code   RO          143    .text.DMA2_Stream7_IRQHandler  stm32f4xx_it.o
    0x0800190c   0x0800190c   0x00000002   Code   RO          123    .text.DebugMon_Handler  stm32f4xx_it.o
    0x0800190e   0x0800190e   0x00000002   PAD
    0x08001910   0x08001910   0x00000006   Code   RO           15    .text.Error_Handler  main.o
    0x08001916   0x08001916   0x00000002   PAD
    0x08001918   0x08001918   0x0000002e   Code   RO          529    .text.HAL_CAN_ActivateNotification  stm32f4xx_hal_can.o
    0x08001946   0x08001946   0x00000002   PAD
    0x08001948   0x08001948   0x000000a4   Code   RO          515    .text.HAL_CAN_AddTxMessage  stm32f4xx_hal_can.o
    0x080019ec   0x080019ec   0x000000de   Code   RO          505    .text.HAL_CAN_ConfigFilter  stm32f4xx_hal_can.o
    0x08001aca   0x08001aca   0x00000002   PAD
    0x08001acc   0x08001acc   0x00000002   Code   RO          559    .text.HAL_CAN_ErrorCallback  stm32f4xx_hal_can.o
    0x08001ace   0x08001ace   0x00000002   PAD
    0x08001ad0   0x08001ad0   0x0000012e   Code   RO          525    .text.HAL_CAN_GetRxMessage  stm32f4xx_hal_can.o
    0x08001bfe   0x08001bfe   0x00000002   PAD
    0x08001c00   0x08001c00   0x00000028   Code   RO          519    .text.HAL_CAN_GetTxMailboxesFreeLevel  stm32f4xx_hal_can.o
    0x08001c28   0x08001c28   0x0000025e   Code   RO          533    .text.HAL_CAN_IRQHandler  stm32f4xx_hal_can.o
    0x08001e86   0x08001e86   0x00000002   PAD
    0x08001e88   0x08001e88   0x000000f4   Code   RO          495    .text.HAL_CAN_Init  stm32f4xx_hal_can.o
    0x08001f7c   0x08001f7c   0x00000134   Code   RO           54    .text.HAL_CAN_MspInit  can.o
    0x080020b0   0x080020b0   0x00000002   Code   RO          547    .text.HAL_CAN_RxFifo0FullCallback  stm32f4xx_hal_can.o
    0x080020b2   0x080020b2   0x00000002   PAD
    0x080020b4   0x080020b4   0x0000015c   Code   RO         1688    .text.HAL_CAN_RxFifo0MsgPendingCallback  rc_can.o
    0x08002210   0x08002210   0x00000002   Code   RO          551    .text.HAL_CAN_RxFifo1FullCallback  stm32f4xx_hal_can.o
    0x08002212   0x08002212   0x00000002   PAD
    0x08002214   0x08002214   0x0000015c   Code   RO         1692    .text.HAL_CAN_RxFifo1MsgPendingCallback  rc_can.o
    0x08002370   0x08002370   0x00000002   Code   RO          555    .text.HAL_CAN_SleepCallback  stm32f4xx_hal_can.o
    0x08002372   0x08002372   0x00000002   PAD
    0x08002374   0x08002374   0x0000005a   Code   RO          507    .text.HAL_CAN_Start  stm32f4xx_hal_can.o
    0x080023ce   0x080023ce   0x00000002   PAD
    0x080023d0   0x080023d0   0x00000002   Code   RO          537    .text.HAL_CAN_TxMailbox0AbortCallback  stm32f4xx_hal_can.o
    0x080023d2   0x080023d2   0x00000002   PAD
    0x080023d4   0x080023d4   0x00000002   Code   RO          535    .text.HAL_CAN_TxMailbox0CompleteCallback  stm32f4xx_hal_can.o
    0x080023d6   0x080023d6   0x00000002   PAD
    0x080023d8   0x080023d8   0x00000002   Code   RO          541    .text.HAL_CAN_TxMailbox1AbortCallback  stm32f4xx_hal_can.o
    0x080023da   0x080023da   0x00000002   PAD
    0x080023dc   0x080023dc   0x00000002   Code   RO          539    .text.HAL_CAN_TxMailbox1CompleteCallback  stm32f4xx_hal_can.o
    0x080023de   0x080023de   0x00000002   PAD
    0x080023e0   0x080023e0   0x00000002   Code   RO          545    .text.HAL_CAN_TxMailbox2AbortCallback  stm32f4xx_hal_can.o
    0x080023e2   0x080023e2   0x00000002   PAD
    0x080023e4   0x080023e4   0x00000002   Code   RO          543    .text.HAL_CAN_TxMailbox2CompleteCallback  stm32f4xx_hal_can.o
    0x080023e6   0x080023e6   0x00000002   PAD
    0x080023e8   0x080023e8   0x00000002   Code   RO          557    .text.HAL_CAN_WakeUpFromRxMsgCallback  stm32f4xx_hal_can.o
    0x080023ea   0x080023ea   0x00000002   PAD
    0x080023ec   0x080023ec   0x0000008e   Code   RO          731    .text.HAL_DMA_Abort  stm32f4xx_hal_dma.o
    0x0800247a   0x0800247a   0x00000002   PAD
    0x0800247c   0x0800247c   0x00000024   Code   RO          733    .text.HAL_DMA_Abort_IT  stm32f4xx_hal_dma.o
    0x080024a0   0x080024a0   0x000001c4   Code   RO          737    .text.HAL_DMA_IRQHandler  stm32f4xx_hal_dma.o
    0x08002664   0x08002664   0x00000162   Code   RO          723    .text.HAL_DMA_Init  stm32f4xx_hal_dma.o
    0x080027c6   0x080027c6   0x00000002   PAD
    0x080027c8   0x080027c8   0x0000019e   Code   RO          685    .text.HAL_GPIO_Init  stm32f4xx_hal_gpio.o
    0x08002966   0x08002966   0x00000002   PAD
    0x08002968   0x08002968   0x0000000c   Code   RO          882    .text.HAL_GetTick   stm32f4xx_hal.o
    0x08002974   0x08002974   0x0000001a   Code   RO          880    .text.HAL_IncTick   stm32f4xx_hal.o
    0x0800298e   0x0800298e   0x00000002   PAD
    0x08002990   0x08002990   0x00000036   Code   RO          870    .text.HAL_Init      stm32f4xx_hal.o
    0x080029c6   0x080029c6   0x00000002   PAD
    0x080029c8   0x080029c8   0x000000b2   Code   RO          161    .text.HAL_InitTick  stm32f4xx_hal_timebase_tim.o
    0x08002a7a   0x08002a7a   0x00000002   PAD
    0x08002a7c   0x08002a7c   0x00000042   Code   RO          152    .text.HAL_MspInit   stm32f4xx_hal_msp.o
    0x08002abe   0x08002abe   0x00000002   PAD
    0x08002ac0   0x08002ac0   0x00000022   Code   RO          822    .text.HAL_NVIC_EnableIRQ  stm32f4xx_hal_cortex.o
    0x08002ae2   0x08002ae2   0x00000002   PAD
    0x08002ae4   0x08002ae4   0x00000056   Code   RO          820    .text.HAL_NVIC_SetPriority  stm32f4xx_hal_cortex.o
    0x08002b3a   0x08002b3a   0x00000002   PAD
    0x08002b3c   0x08002b3c   0x00000020   Code   RO          818    .text.HAL_NVIC_SetPriorityGrouping  stm32f4xx_hal_cortex.o
    0x08002b5c   0x08002b5c   0x00000164   Code   RO          579    .text.HAL_RCC_ClockConfig  stm32f4xx_hal_rcc.o
    0x08002cc0   0x08002cc0   0x0000003e   Code   RO          597    .text.HAL_RCC_GetClockConfig  stm32f4xx_hal_rcc.o
    0x08002cfe   0x08002cfe   0x00000002   PAD
    0x08002d00   0x08002d00   0x00000026   Code   RO          591    .text.HAL_RCC_GetPCLK1Freq  stm32f4xx_hal_rcc.o
    0x08002d26   0x08002d26   0x00000002   PAD
    0x08002d28   0x08002d28   0x00000026   Code   RO          593    .text.HAL_RCC_GetPCLK2Freq  stm32f4xx_hal_rcc.o
    0x08002d4e   0x08002d4e   0x00000002   PAD
    0x08002d50   0x08002d50   0x0000006a   Code   RO          581    .text.HAL_RCC_GetSysClockFreq  stm32f4xx_hal_rcc.o
    0x08002dba   0x08002dba   0x00000002   PAD
    0x08002dbc   0x08002dbc   0x000003ac   Code   RO          577    .text.HAL_RCC_OscConfig  stm32f4xx_hal_rcc.o
    0x08003168   0x08003168   0x00000002   Code   RO          481    .text.HAL_TIMEx_BreakCallback  stm32f4xx_hal_tim_ex.o
    0x0800316a   0x0800316a   0x00000002   PAD
    0x0800316c   0x0800316c   0x00000002   Code   RO          477    .text.HAL_TIMEx_CommutCallback  stm32f4xx_hal_tim_ex.o
    0x0800316e   0x0800316e   0x00000002   PAD
    0x08003170   0x08003170   0x000000ba   Code   RO          471    .text.HAL_TIMEx_MasterConfigSynchronization  stm32f4xx_hal_tim_ex.o
    0x0800322a   0x0800322a   0x00000002   PAD
    0x0800322c   0x0800322c   0x0000005a   Code   RO          176    .text.HAL_TIM_Base_Init  stm32f4xx_hal_tim.o
    0x08003286   0x08003286   0x00000002   PAD
    0x08003288   0x08003288   0x0000007c   Code   RO           82    .text.HAL_TIM_Base_MspInit  tim.o
    0x08003304   0x08003304   0x000000aa   Code   RO          190    .text.HAL_TIM_Base_Start_IT  stm32f4xx_hal_tim.o
    0x080033ae   0x080033ae   0x00000002   PAD
    0x080033b0   0x080033b0   0x000001a0   Code   RO          356    .text.HAL_TIM_ConfigClockSource  stm32f4xx_hal_tim.o
    0x08003550   0x08003550   0x00000002   Code   RO          312    .text.HAL_TIM_IC_CaptureCallback  stm32f4xx_hal_tim.o
    0x08003552   0x08003552   0x00000002   PAD
    0x08003554   0x08003554   0x0000014e   Code   RO          310    .text.HAL_TIM_IRQHandler  stm32f4xx_hal_tim.o
    0x080036a2   0x080036a2   0x00000002   PAD
    0x080036a4   0x080036a4   0x00000002   Code   RO          314    .text.HAL_TIM_OC_DelayElapsedCallback  stm32f4xx_hal_tim.o
    0x080036a6   0x080036a6   0x00000002   PAD
    0x080036a8   0x080036a8   0x00000002   Code   RO          316    .text.HAL_TIM_PWM_PulseFinishedCallback  stm32f4xx_hal_tim.o
    0x080036aa   0x080036aa   0x00000002   PAD
    0x080036ac   0x080036ac   0x00000020   Code   RO           17    .text.HAL_TIM_PeriodElapsedCallback  main.o
    0x080036cc   0x080036cc   0x00000002   Code   RO          320    .text.HAL_TIM_TriggerCallback  stm32f4xx_hal_tim.o
    0x080036ce   0x080036ce   0x00000002   PAD
    0x080036d0   0x080036d0   0x00000002   Code   RO         1046    .text.HAL_UARTEx_RxEventCallback  stm32f4xx_hal_uart.o
    0x080036d2   0x080036d2   0x00000002   PAD
    0x080036d4   0x080036d4   0x00000002   Code   RO         1044    .text.HAL_UART_ErrorCallback  stm32f4xx_hal_uart.o
    0x080036d6   0x080036d6   0x00000002   PAD
    0x080036d8   0x080036d8   0x00000594   Code   RO         1038    .text.HAL_UART_IRQHandler  stm32f4xx_hal_uart.o
    0x08003c6c   0x08003c6c   0x00000060   Code   RO          960    .text.HAL_UART_Init  stm32f4xx_hal_uart.o
    0x08003ccc   0x08003ccc   0x00000102   Code   RO           98    .text.HAL_UART_MspInit  usart.o
    0x08003dce   0x08003dce   0x00000002   PAD
    0x08003dd0   0x08003dd0   0x00000002   Code   RO         1052    .text.HAL_UART_RxCpltCallback  stm32f4xx_hal_uart.o
    0x08003dd2   0x08003dd2   0x00000002   PAD
    0x08003dd4   0x08003dd4   0x00000192   Code   RO          976    .text.HAL_UART_Transmit  stm32f4xx_hal_uart.o
    0x08003f66   0x08003f66   0x00000002   PAD
    0x08003f68   0x08003f68   0x00000002   Code   RO         1048    .text.HAL_UART_TxCpltCallback  stm32f4xx_hal_uart.o
    0x08003f6a   0x08003f6a   0x00000002   PAD
    0x08003f6c   0x08003f6c   0x00000002   Code   RO          115    .text.HardFault_Handler  stm32f4xx_it.o
    0x08003f6e   0x08003f6e   0x00000002   PAD
    0x08003f70   0x08003f70   0x00000040   Code   RO           50    .text.MX_CAN1_Init  can.o
    0x08003fb0   0x08003fb0   0x00000040   Code   RO           52    .text.MX_CAN2_Init  can.o
    0x08003ff0   0x08003ff0   0x00000048   Code   RO           69    .text.MX_DMA_Init   dma.o
    0x08004038   0x08004038   0x00000024   Code   RO           36    .text.MX_FREERTOS_Init  freertos.o
    0x0800405c   0x0800405c   0x0000004c   Code   RO           28    .text.MX_GPIO_Init  gpio.o
    0x080040a8   0x080040a8   0x00000074   Code   RO           78    .text.MX_TIM4_Init  tim.o
    0x0800411c   0x0800411c   0x00000050   Code   RO           80    .text.MX_TIM7_Init  tim.o
    0x0800416c   0x0800416c   0x0000003c   Code   RO           96    .text.MX_USART1_UART_Init  usart.o
    0x080041a8   0x080041a8   0x00000002   Code   RO          117    .text.MemManage_Handler  stm32f4xx_it.o
    0x080041aa   0x080041aa   0x00000002   PAD
    0x080041ac   0x080041ac   0x00000002   Code   RO          113    .text.NMI_Handler   stm32f4xx_it.o
    0x080041ae   0x080041ae   0x00000002   PAD
    0x080041b0   0x080041b0   0x00000064   Code   RO         1649    .text.PendSV_Handler  port.o
    0x08004214   0x08004214   0x0000000c   PAD
    0x08004220   0x08004220   0x00000024   Code   RO         1633    .text.SVC_Handler   port.o
    0x08004244   0x08004244   0x00000008   Code   RO           38    .text.StartDefaultTask  freertos.o
    0x0800424c   0x0800424c   0x0000001e   Code   RO         1444    .text.SysTick_Handler  cmsis_os2.o
    0x0800426a   0x0800426a   0x00000002   PAD
    0x0800426c   0x0800426c   0x000000a8   Code   RO           13    .text.SystemClock_Config  main.o
    0x08004314   0x08004314   0x00000012   Code   RO         1082    .text.SystemInit    system_stm32f4xx.o
    0x08004326   0x08004326   0x00000002   PAD
    0x08004328   0x08004328   0x0000000c   Code   RO          129    .text.TIM4_IRQHandler  stm32f4xx_it.o
    0x08004334   0x08004334   0x0000000c   Code   RO          133    .text.TIM6_DAC_IRQHandler  stm32f4xx_it.o
    0x08004340   0x08004340   0x0000000c   Code   RO          135    .text.TIM7_IRQHandler  stm32f4xx_it.o
    0x0800434c   0x0800434c   0x0000013a   Code   RO          180    .text.TIM_Base_SetConfig  stm32f4xx_hal_tim.o
    0x08004486   0x08004486   0x00000002   PAD
    0x08004488   0x08004488   0x0000000a   Code   RO         1042    .text.UART_DMAAbortOnError  stm32f4xx_hal_uart.o
    0x08004492   0x08004492   0x00000002   PAD
    0x08004494   0x08004494   0x000000fe   Code   RO         1040    .text.UART_Receive_IT  stm32f4xx_hal_uart.o
    0x08004592   0x08004592   0x00000002   PAD
    0x08004594   0x08004594   0x000000e6   Code   RO          964    .text.UART_SetConfig  stm32f4xx_hal_uart.o
    0x0800467a   0x0800467a   0x00000002   PAD
    0x0800467c   0x0800467c   0x0000000c   Code   RO          131    .text.USART1_IRQHandler  stm32f4xx_it.o
    0x08004688   0x08004688   0x00000002   Code   RO          121    .text.UsageFault_Handler  stm32f4xx_it.o
    0x0800468a   0x0800468a   0x00000002   PAD
    0x0800468c   0x0800468c   0x00000128   Code   RO         1865    .text._GLOBAL__sub_I_RC_init.cpp  rc_init.o
    0x080047b4   0x080047b4   0x000000fc   Code   RO         1861    .text._Z4testPv     rc_init.o
    0x080048b0   0x080048b0   0x00000034   Code   RO         1846    .text._ZN10SquareWave10Get_SignalEv  rc_wava_generator.o
    0x080048e4   0x080048e4   0x00000010   Code   RO         1844    .text._ZN10SquareWave4InitEv  rc_wava_generator.o
    0x080048f4   0x080048f4   0x00000018   Code   RO         1842    .text._ZN10SquareWaveC2Efj  rc_wava_generator.o
    0x0800490c   0x0800490c   0x00000006   Code   RO         1857    .text._ZN10SquareWaveD0Ev  rc_wava_generator.o
    0x08004912   0x08004912   0x00000002   PAD
    0x08004914   0x08004914   0x00000002   Code   RO         1855    .text._ZN10SquareWaveD2Ev  rc_wava_generator.o
    0x08004916   0x08004916   0x00000002   PAD
    0x08004918   0x08004918   0x00000024   Code   RO         1704    .text._ZN3can10CanHandlerC2ERNS_3CanE  rc_can.o
    0x0800493c   0x0800493c   0x00000002   Code   RO         1719    .text._ZN3can10CanHandlerD0Ev  rc_can.o
    0x0800493e   0x0800493e   0x00000002   PAD
    0x08004940   0x08004940   0x00000002   Code   RO         1717    .text._ZN3can10CanHandlerD2Ev  rc_can.o
    0x08004942   0x08004942   0x00000002   PAD
    0x08004944   0x08004944   0x000000da   Code   RO         1700    .text._ZN3can3Can12Task_ProcessEv  rc_can.o
    0x08004a1e   0x08004a1e   0x00000002   PAD
    0x08004a20   0x08004a20   0x0000003a   Code   RO         1696    .text._ZN3can3Can15Can_Filter_InitEjjjjjj  rc_can.o
    0x08004a5a   0x08004a5a   0x00000002   PAD
    0x08004a5c   0x08004a5c   0x0000003e   Code   RO         1698    .text._ZN3can3Can9Can_StartEv  rc_can.o
    0x08004a9a   0x08004a9a   0x00000002   PAD
    0x08004a9c   0x08004a9c   0x00000080   Code   RO         1694    .text._ZN3can3CanC2ER17CAN_HandleTypeDef  rc_can.o
    0x08004b1c   0x08004b1c   0x00000008   Code   RO         1715    .text._ZN3can3CanD0Ev  rc_can.o
    0x08004b24   0x08004b24   0x00000004   PAD
    0x08004b28   0x08004b28   0x0000033c   Code   RO         1759    .text._ZN3pid3Pid13Pid_CalculateEbf  rc_pid.o
    0x08004e64   0x08004e64   0x0000002c   Code   RO         1755    .text._ZN3pid3Pid13Pid_Mode_InitEbbf  rc_pid.o
    0x08004e90   0x08004e90   0x0000004a   Code   RO         1757    .text._ZN3pid3Pid14Pid_Param_InitEfffffffffff  rc_pid.o
    0x08004eda   0x08004eda   0x00000002   PAD
    0x08004edc   0x08004edc   0x00000006   Code   RO         1826    .text._ZN3pid3PidD0Ev  rc_m3508.o
    0x08004ee2   0x08004ee2   0x00000002   PAD
    0x08004ee4   0x08004ee4   0x00000002   Code   RO         1824    .text._ZN3pid3PidD2Ev  rc_m3508.o
    0x08004ee6   0x08004ee6   0x00000002   PAD
    0x08004ee8   0x08004ee8   0x00000030   Code   RO         1734    .text._ZN3tim10TimHandlerC2ERNS_3TimE  rc_tim.o
    0x08004f18   0x08004f18   0x00000002   Code   RO         1750    .text._ZN3tim10TimHandlerD0Ev  rc_tim.o
    0x08004f1a   0x08004f1a   0x00000002   PAD
    0x08004f1c   0x08004f1c   0x00000002   Code   RO         1748    .text._ZN3tim10TimHandlerD2Ev  rc_tim.o
    0x08004f1e   0x08004f1e   0x00000002   PAD
    0x08004f20   0x08004f20   0x00000016   Code   RO         1732    .text._ZN3tim3Tim12Tim_It_StartEv  rc_tim.o
    0x08004f36   0x08004f36   0x00000002   PAD
    0x08004f38   0x08004f38   0x0000004e   Code   RO         1728    .text._ZN3tim3TimC2ER17TIM_HandleTypeDef  rc_tim.o
    0x08004f86   0x08004f86   0x00000002   PAD
    0x08004f88   0x08004f88   0x00000006   Code   RO         1746    .text._ZN3tim3TimD0Ev  rc_tim.o
    0x08004f8e   0x08004f8e   0x00000002   PAD
    0x08004f90   0x08004f90   0x00000002   Code   RO         1744    .text._ZN3tim3TimD2Ev  rc_tim.o
    0x08004f92   0x08004f92   0x00000002   PAD
    0x08004f94   0x08004f94   0x0000004c   Code   RO         1669    .text._ZN4task11ManagedTask16All_Task_ProcessEPv  rc_task.o
    0x08004fe0   0x08004fe0   0x000000a0   Code   RO         1667    .text._ZN4task11ManagedTaskC2EPKchtNS_8TaskTypeEh  rc_task.o
    0x08005080   0x08005080   0x00000002   Code   RO         1683    .text._ZN4task11ManagedTaskD0Ev  rc_task.o
    0x08005082   0x08005082   0x00000002   PAD
    0x08005084   0x08005084   0x00000052   Code   RO         1665    .text._ZN4task11TaskCreatorC2EPKchtPFvPvES3_  rc_task.o
    0x080050d6   0x080050d6   0x00000002   PAD
    0x080050d8   0x080050d8   0x00000006   Code   RO         1679    .text._ZN4task11TaskCreatorD0Ev  rc_task.o
    0x080050de   0x080050de   0x00000002   PAD
    0x080050e0   0x080050e0   0x00000002   Code   RO         1681    .text._ZN4task11TaskCreatorD2Ev  rc_task.o
    0x080050e2   0x080050e2   0x00000002   PAD
    0x080050e4   0x080050e4   0x00000094   Code   RO         1796    .text._ZN5m35085M350814Can_Tx_ProcessEv  rc_m3508.o
    0x08005178   0x08005178   0x00000078   Code   RO         1792    .text._ZN5m35085M350814Tim_It_ProcessEv  rc_m3508.o
    0x080051f0   0x080051f0   0x00000104   Code   RO         1800    .text._ZN5m35085M350817Can_Rx_It_ProcessEPh  rc_m3508.o
    0x080052f4   0x080052f4   0x00000144   Code   RO         1788    .text._ZN5m35085M350819CanHandler_RegisterEv  rc_m3508.o
    0x08005438   0x08005438   0x00000178   Code   RO         1786    .text._ZN5m35085M3508C2EhRN3can3CanERN3tim3TimE  rc_m3508.o
    0x080055b0   0x080055b0   0x00000008   Code   RO         1814    .text._ZN5m35085M3508D0Ev  rc_m3508.o
    0x080055b8   0x080055b8   0x00000002   Code   RO         1812    .text._ZN5m35085M3508D2Ev  rc_m3508.o
    0x080055ba   0x080055ba   0x00000002   PAD
    0x080055bc   0x080055bc   0x0000002c   Code   RO         1771    .text._ZN5motor5MotorC2Ev  rc_motor.o
    0x080055e8   0x080055e8   0x00000006   Code   RO         1782    .text._ZN5motor5MotorD0Ev  rc_motor.o
    0x080055ee   0x080055ee   0x00000002   PAD
    0x080055f0   0x080055f0   0x00000002   Code   RO         1780    .text._ZN5motor5MotorD2Ev  rc_motor.o
    0x080055f2   0x080055f2   0x00000002   PAD
    0x080055f4   0x080055f4   0x00000090   Code   RO         1798    .text._ZThn56_N5m35085M350814Can_Tx_ProcessEv  rc_m3508.o
    0x08005684   0x08005684   0x00000108   Code   RO         1802    .text._ZThn56_N5m35085M350817Can_Rx_It_ProcessEPh  rc_m3508.o
    0x0800578c   0x0800578c   0x00000006   Code   RO         1790    .text._ZThn56_N5m35085M350819CanHandler_RegisterEv  rc_m3508.o
    0x08005792   0x08005792   0x00000002   PAD
    0x08005794   0x08005794   0x0000000a   Code   RO         1818    .text._ZThn56_N5m35085M3508D0Ev  rc_m3508.o
    0x0800579e   0x0800579e   0x00000002   PAD
    0x080057a0   0x080057a0   0x00000002   Code   RO         1816    .text._ZThn56_N5m35085M3508D1Ev  rc_m3508.o
    0x080057a2   0x080057a2   0x00000002   PAD
    0x080057a4   0x080057a4   0x0000007c   Code   RO         1794    .text._ZThn76_N5m35085M350814Tim_It_ProcessEv  rc_m3508.o
    0x08005820   0x08005820   0x0000000a   Code   RO         1822    .text._ZThn76_N5m35085M3508D0Ev  rc_m3508.o
    0x0800582a   0x0800582a   0x00000002   PAD
    0x0800582c   0x0800582c   0x00000002   Code   RO         1820    .text._ZThn76_N5m35085M3508D1Ev  rc_m3508.o
    0x0800582e   0x0800582e   0x00000004   Code   RO         1936    .text._ZdlPv        libcpp_w.l(new.cpp.o)
    0x08005832   0x08005832   0x00000004   Code   RO         1940    .text._ZdlPvj       libcpp_w.l(new.cpp.o)
    0x08005836   0x08005836   0x00000002   PAD
    0x08005838   0x08005838   0x00000028   Code   RO         1968    .text.__cxa_pure_virtual  libcppabi_w.l(cxa_virtual.cpp.o)
    0x08005860   0x08005860   0x00000004   Code   RO         2211    .text.abort_message  libcppabi_w.l(abort_message.cpp.o)
    0x08005864   0x08005864   0x00000036   Code   RO           11    .text.main          main.o
    0x0800589a   0x0800589a   0x00000002   PAD
    0x0800589c   0x0800589c   0x00000020   Code   RO         1504    .text.osDelay       cmsis_os2.o
    0x080058bc   0x080058bc   0x00000028   Code   RO         1446    .text.osKernelInitialize  cmsis_os2.o
    0x080058e4   0x080058e4   0x0000003c   Code   RO         1452    .text.osKernelStart  cmsis_os2.o
    0x08005920   0x08005920   0x00000094   Code   RO         1468    .text.osThreadNew   cmsis_os2.o
    0x080059b4   0x080059b4   0x0000028a   Code   RO         1279    .text.prvAddNewTaskToReadyList  tasks.o
    0x08005c3e   0x08005c3e   0x00000002   PAD
    0x08005c40   0x08005c40   0x00000086   Code   RO         1311    .text.prvIdleTask   tasks.o
    0x08005cc6   0x08005cc6   0x00000002   PAD
    0x08005cc8   0x08005cc8   0x00000104   Code   RO         1277    .text.prvInitialiseNewTask  tasks.o
    0x08005dcc   0x08005dcc   0x00000028   Code   RO         1641    .text.prvPortStartFirstTask  port.o
    0x08005df4   0x08005df4   0x0000003e   Code   RO         1631    .text.prvTaskExitError  port.o
    0x08005e32   0x08005e32   0x00000002   PAD
    0x08005e34   0x08005e34   0x0000037a   Code   RO         1396    .text.prvTimerTask  timers.o
    0x080061ae   0x080061ae   0x00000002   PAD
    0x080061b0   0x080061b0   0x00000074   Code   RO         1178    .text.prvUnlockQueue  queue.o
    0x08006224   0x08006224   0x000001f0   Code   RO         1607    .text.pvPortMalloc  heap_4.o
    0x08006414   0x08006414   0x00000024   Code   RO         1629    .text.pxPortInitialiseStack  port.o
    0x08006438   0x08006438   0x00000054   Code   RO         1832    .text.uart_printf   rc_serial.o
    0x0800648c   0x0800648c   0x00000022   Code   RO         1142    .text.uxListRemove  list.o
    0x080064ae   0x080064ae   0x00000002   PAD
    0x080064b0   0x080064b0   0x0000001a   Code   RO         1590    .text.vApplicationGetIdleTaskMemory  cmsis_os2.o
    0x080064ca   0x080064ca   0x00000002   PAD
    0x080064cc   0x080064cc   0x0000001c   Code   RO         1592    .text.vApplicationGetTimerTaskMemory  cmsis_os2.o
    0x080064e8   0x080064e8   0x00000016   Code   RO         1134    .text.vListInitialise  list.o
    0x080064fe   0x080064fe   0x00000002   PAD
    0x08006500   0x08006500   0x00000006   Code   RO         1136    .text.vListInitialiseItem  list.o
    0x08006506   0x08006506   0x00000002   PAD
    0x08006508   0x08006508   0x00000062   Code   RO         1140    .text.vListInsert   list.o
    0x0800656a   0x0800656a   0x00000002   PAD
    0x0800656c   0x0800656c   0x0000001a   Code   RO         1138    .text.vListInsertEnd  list.o
    0x08006586   0x08006586   0x00000002   PAD
    0x08006588   0x08006588   0x00000014   Code   RO         1639    .text.vPortEnableVFP  port.o
    0x0800659c   0x0800659c   0x00000046   Code   RO         1645    .text.vPortEnterCritical  port.o
    0x080065e2   0x080065e2   0x00000002   PAD
    0x080065e4   0x080065e4   0x0000002e   Code   RO         1647    .text.vPortExitCritical  port.o
    0x08006612   0x08006612   0x00000002   PAD
    0x08006614   0x08006614   0x000000d4   Code   RO         1609    .text.vPortFree     heap_4.o
    0x080066e8   0x080066e8   0x00000034   Code   RO         1637    .text.vPortSetupTimerInterrupt  port.o
    0x0800671c   0x0800671c   0x00000058   Code   RO         1212    .text.vQueueAddToRegistry  queue.o
    0x08006774   0x08006774   0x00000052   Code   RO         1216    .text.vQueueWaitForMessageRestricted  queue.o
    0x080067c6   0x080067c6   0x00000002   PAD
    0x080067c8   0x080067c8   0x00000080   Code   RO         1291    .text.vTaskDelay    tasks.o
    0x08006848   0x08006848   0x000000cc   Code   RO         1285    .text.vTaskDelayUntil  tasks.o
    0x08006914   0x08006914   0x00000012   Code   RO         1341    .text.vTaskInternalSetTimeOutState  tasks.o
    0x08006926   0x08006926   0x00000002   PAD
    0x08006928   0x08006928   0x0000000e   Code   RO         1345    .text.vTaskMissedYield  tasks.o
    0x08006936   0x08006936   0x00000002   PAD
    0x08006938   0x08006938   0x00000074   Code   RO         1329    .text.vTaskPlaceOnEventList  tasks.o
    0x080069ac   0x080069ac   0x0000007a   Code   RO         1333    .text.vTaskPlaceOnEventListRestricted  tasks.o
    0x08006a26   0x08006a26   0x00000002   PAD
    0x08006a28   0x08006a28   0x000000f0   Code   RO         1309    .text.vTaskStartScheduler  tasks.o
    0x08006b18   0x08006b18   0x00000010   Code   RO         1287    .text.vTaskSuspendAll  tasks.o
    0x08006b28   0x08006b28   0x000000cc   Code   RO         1303    .text.vTaskSwitchContext  tasks.o
    0x08006bf4   0x08006bf4   0x00000188   Code   RO         1635    .text.xPortStartScheduler  port.o
    0x08006d7c   0x08006d7c   0x0000002e   Code   RO         1651    .text.xPortSysTickHandler  port.o
    0x08006daa   0x08006daa   0x00000002   PAD
    0x08006dac   0x08006dac   0x000000da   Code   RO         1154    .text.xQueueGenericCreateStatic  queue.o
    0x08006e86   0x08006e86   0x00000002   PAD
    0x08006e88   0x08006e88   0x000002c0   Code   RO         1168    .text.xQueueGenericSend  queue.o
    0x08007148   0x08007148   0x0000023e   Code   RO         1184    .text.xQueueReceive  queue.o
    0x08007386   0x08007386   0x00000002   PAD
    0x08007388   0x08007388   0x0000009a   Code   RO         1343    .text.xTaskCheckForTimeOut  tasks.o
    0x08007422   0x08007422   0x00000002   PAD
    0x08007424   0x08007424   0x00000060   Code   RO         1281    .text.xTaskCreate   tasks.o
    0x08007484   0x08007484   0x00000076   Code   RO         1275    .text.xTaskCreateStatic  tasks.o
    0x080074fa   0x080074fa   0x00000002   PAD
    0x080074fc   0x080074fc   0x0000001e   Code   RO         1357    .text.xTaskGetSchedulerState  tasks.o
    0x0800751a   0x0800751a   0x00000002   PAD
    0x0800751c   0x0800751c   0x0000000c   Code   RO         1317    .text.xTaskGetTickCount  tasks.o
    0x08007528   0x08007528   0x00000104   Code   RO         1315    .text.xTaskIncrementTick  tasks.o
    0x0800762c   0x0800762c   0x0000008e   Code   RO         1361    .text.xTaskPriorityDisinherit  tasks.o
    0x080076ba   0x080076ba   0x00000002   PAD
    0x080076bc   0x080076bc   0x00000072   Code   RO         1335    .text.xTaskRemoveFromEventList  tasks.o
    0x0800772e   0x0800772e   0x00000002   PAD
    0x08007730   0x08007730   0x000000ee   Code   RO         1289    .text.xTaskResumeAll  tasks.o
    0x0800781e   0x0800781e   0x00000002   PAD
    0x08007820   0x08007820   0x000000b4   Code   RO         1394    .text.xTimerCreateTimerTask  timers.o
    0x080078d4   0x080078d4   0x0000003e   Code   RO         2350    CL$$btod_d2e        c_w.l(btod.o)
    0x08007912   0x08007912   0x00000046   Code   RO         2352    CL$$btod_d2e_denorm_low  c_w.l(btod.o)
    0x08007958   0x08007958   0x00000060   Code   RO         2351    CL$$btod_d2e_norm_op1  c_w.l(btod.o)
    0x080079b8   0x080079b8   0x00000338   Code   RO         2360    CL$$btod_div_common  c_w.l(btod.o)
    0x08007cf0   0x08007cf0   0x000000dc   Code   RO         2357    CL$$btod_e2e        c_w.l(btod.o)
    0x08007dcc   0x08007dcc   0x0000002a   Code   RO         2354    CL$$btod_ediv       c_w.l(btod.o)
    0x08007df6   0x08007df6   0x0000002a   Code   RO         2353    CL$$btod_emul       c_w.l(btod.o)
    0x08007e20   0x08007e20   0x00000244   Code   RO         2359    CL$$btod_mult_common  c_w.l(btod.o)
    0x08008064   0x08008064   0x00000030   Code   RO         2412    i.__ARM_fpclassify  m_wm.l(fpclassify.o)
    0x08008094   0x08008094   0x0000000e   Code   RO         2102    i._is_digit         c_w.l(__printf_wp.o)
    0x080080a2   0x080080a2   0x00000002   PAD
    0x080080a4   0x080080a4   0x0000002c   Code   RO         2381    locale$$code        c_w.l(lc_numeric_c.o)
    0x080080d0   0x080080d0   0x0000002c   Code   RO         2432    locale$$code        c_w.l(lc_ctype_c.o)
    0x080080fc   0x080080fc   0x00000062   Code   RO         1915    x$fpl$d2f           fz_wm.l(d2f.o)
    0x0800815e   0x0800815e   0x00000002   PAD
    0x08008160   0x08008160   0x00000150   Code   RO         1917    x$fpl$dadd          fz_wm.l(daddsub_clz.o)
    0x080082b0   0x080082b0   0x00000154   Code   RO         1923    x$fpl$dmul          fz_wm.l(dmul.o)
    0x08008404   0x08008404   0x0000009c   Code   RO         2188    x$fpl$dnaninf       fz_wm.l(dnaninf.o)
    0x080084a0   0x080084a0   0x0000000c   Code   RO         2190    x$fpl$dretinf       fz_wm.l(dretinf.o)
    0x080084ac   0x080084ac   0x000001dc   Code   RO         1919    x$fpl$dsub          fz_wm.l(daddsub_clz.o)
    0x08008688   0x08008688   0x00000056   Code   RO         1925    x$fpl$f2d           fz_wm.l(f2d.o)
    0x080086de   0x080086de   0x0000008c   Code   RO         2192    x$fpl$fnaninf       fz_wm.l(fnaninf.o)
    0x0800876a   0x0800876a   0x0000001a   Code   RO         2298    x$fpl$fpinit        fz_wm.l(fpinit.o)
    0x08008784   0x08008784   0x0000000a   Code   RO         2194    x$fpl$fretinf       fz_wm.l(fretinf.o)
    0x0800878e   0x0800878e   0x00000004   Code   RO         2196    x$fpl$printf1       fz_wm.l(printf1.o)
    0x08008792   0x08008792   0x00000004   Code   RO         2198    x$fpl$printf2       fz_wm.l(printf2.o)
    0x08008796   0x08008796   0x00000000   Code   RO         2204    x$fpl$usenofp       fz_wm.l(usenofp.o)
    0x08008796   0x08008796   0x00000002   PAD
    0x08008798   0x08008798   0x00000008   Data   RO         2061    .constdata          c_w.l(_printf_wctomb.o)
    0x080087a0   0x080087a0   0x00000028   Data   RO         2090    .constdata          c_w.l(_printf_hex_int_ll_ptr.o)
    0x080087c8   0x080087c8   0x00000011   Data   RO         2110    .constdata          c_w.l(__printf_flags_ss_wp.o)
    0x080087d9   0x080087d9   0x00000026   Data   RO         2281    .constdata          c_w.l(_printf_fp_hex.o)
    0x080087ff   0x080087ff   0x00000001   PAD
    0x08008800   0x08008800   0x00000094   Data   RO         2348    .constdata          c_w.l(bigflt0.o)
    0x08008894   0x08008894   0x00000010   Data   RO         1087    .rodata.AHBPrescTable  system_stm32f4xx.o
    0x080088a4   0x080088a4   0x00000008   Data   RO         1088    .rodata.APBPrescTable  system_stm32f4xx.o
    0x080088ac   0x080088ac   0x00000010   Data   RO         1859    .rodata._ZTV10SquareWave  rc_wava_generator.o
    0x080088bc   0x080088bc   0x0000001c   Data   RO         1721    .rodata._ZTVN3can10CanHandlerE  rc_can.o
    0x080088d8   0x080088d8   0x00000014   Data   RO         1706    .rodata._ZTVN3can3CanE  rc_can.o
    0x080088ec   0x080088ec   0x00000010   Data   RO         1828    .rodata._ZTVN3pid3PidE  rc_m3508.o
    0x080088fc   0x080088fc   0x00000014   Data   RO         1753    .rodata._ZTVN3tim10TimHandlerE  rc_tim.o
    0x08008910   0x08008910   0x00000010   Data   RO         1752    .rodata._ZTVN3tim3TimE  rc_tim.o
    0x08008920   0x08008920   0x00000014   Data   RO         1686    .rodata._ZTVN4task11ManagedTaskE  rc_task.o
    0x08008934   0x08008934   0x00000010   Data   RO         1685    .rodata._ZTVN4task11TaskCreatorE  rc_task.o
    0x08008944   0x08008944   0x00000050   Data   RO         1804    .rodata._ZTVN5m35085M3508E  rc_m3508.o
    0x08008994   0x08008994   0x00000010   Data   RO         1784    .rodata._ZTVN5motor5MotorE  rc_motor.o
    0x080089a4   0x080089a4   0x00000008   Data   RO          747    .rodata.cst8        stm32f4xx_hal_dma.o
    0x080089ac   0x080089ac   0x00000024   Data   RO           41    .rodata.defaultTask_attributes  freertos.o
    0x080089d0   0x080089d0   0x0000000c   Data   RO           40    .rodata.str1.1      freertos.o
    0x080089dc   0x080089dc   0x00000005   Data   RO         1434    .rodata.str1.1      timers.o
    0x080089e1   0x080089e1   0x00000003   PAD
    0x080089e4   0x080089e4   0x00000020   Data   RO         2561    Region$$Table       anon$$obj.o
    0x08008a04   0x08008a04   0x0000001c   Data   RO         2380    locale$$data        c_w.l(lc_numeric_c.o)
    0x08008a20   0x08008a20   0x00000110   Data   RO         2431    locale$$data        c_w.l(lc_ctype_c.o)
    0x08008b30   0x08008b30   0x00000004   Data   RO         1879    .init_array         rc_init.o
    0x08008b34   0x08008b30   0x00000000   Data   RO         1910    .init_array         c_w.l(init_aeabi.o)


    Execution Region RW_IRAM1 (Exec base: 0x20000000, Load base: 0x08008b38, Size: 0x00005f48, Max: 0x0001c000, ABSOLUTE)

    Exec Addr    Load Addr    Size         Type   Attr      Idx    E Section Name        Object

    0x20000000   0x08008b38   0x00000008   Data   RW          925    .data..L_MergedGlobals  stm32f4xx_hal.o
    0x20000008   0x08008b40   0x00000004   Data   RW         1086    .data.SystemCoreClock  system_stm32f4xx.o
    0x2000000c   0x08008b44   0x00000004   Data   RW         1878    .data.a             rc_init.o
    0x20000010   0x08008b48   0x00000004   Data   RW         1655    .data.uxCriticalNesting  port.o
    0x20000014   0x08008b4c   0x00000004   PAD
    0x20000018        -       0x00000060   Zero   RW         2324    .bss                c_w.l(libspace.o)
    0x20000078        -       0x00000078   Zero   RW         1384    .bss..L_MergedGlobals  tasks.o
    0x200000f0        -       0x0000003c   Zero   RW         1435    .bss..L_MergedGlobals  timers.o
    0x2000012c        -       0x00000020   Zero   RW         1620    .bss..L_MergedGlobals  heap_4.o
    0x2000014c        -       0x00000008   Zero   RW         1656    .bss..L_MergedGlobals  port.o
    0x20000154        -       0x00000034   Zero   RW         1671    .bss..L_MergedGlobals  rc_task.o
    0x20000188        -       0x00000010   Zero   RW         1707    .bss..L_MergedGlobals  rc_can.o
    0x20000198        -       0x00000038   Zero   RW         1736    .bss..L_MergedGlobals  rc_tim.o
    0x200001d0        -       0x0000006c   Zero   RW         1880    .bss..L_MergedGlobals  rc_init.o
    0x2000023c        -       0x00000028   Zero   RW         1385    .bss..L_MergedGlobals.2  tasks.o
    0x20000264        -       0x00000004   Zero   RW           60    .bss.HAL_RCC_CAN1_CLK_ENABLED  can.o
    0x20000268        -       0x00000004   Zero   RW         1594    .bss.KernelState    cmsis_os2.o
    0x2000026c        -       0x00000118   Zero   RW         1868    .bss.can1           rc_init.o
    0x20000384        -       0x00000118   Zero   RW         1869    .bss.can2           rc_init.o
    0x2000049c        -       0x00000004   Zero   RW           42    .bss.defaultTaskHandle  freertos.o
    0x200004a0        -       0x00000028   Zero   RW           58    .bss.hcan1          can.o
    0x200004c8        -       0x00000028   Zero   RW           59    .bss.hcan2          can.o
    0x200004f0        -       0x00000060   Zero   RW          103    .bss.hdma_usart1_rx  usart.o
    0x20000550        -       0x00000060   Zero   RW          104    .bss.hdma_usart1_tx  usart.o
    0x200005b0        -       0x00000048   Zero   RW           86    .bss.htim4          tim.o
    0x200005f8        -       0x00000048   Zero   RW          167    .bss.htim6          stm32f4xx_hal_timebase_tim.o
    0x20000640        -       0x00000048   Zero   RW           87    .bss.htim7          tim.o
    0x20000688        -       0x00000048   Zero   RW          102    .bss.huart1         usart.o
    0x200006d0        -       0x0000013c   Zero   RW         1871    .bss.m3508_1        rc_init.o
    0x2000080c        -       0x0000013c   Zero   RW         1873    .bss.m3508_2        rc_init.o
    0x20000948        -       0x0000013c   Zero   RW         1874    .bss.m3508_3        rc_init.o
    0x20000a84        -       0x0000013c   Zero   RW         1872    .bss.m3508_4        rc_init.o
    0x20000bc0        -       0x0000013c   Zero   RW         1870    .bss.m3508_5        rc_init.o
    0x20000cfc        -       0x0000013c   Zero   RW         1875    .bss.m3508_6        rc_init.o
    0x20000e38        -       0x0000013c   Zero   RW         1876    .bss.m3508_7        rc_init.o
    0x20000f74        -       0x0000013c   Zero   RW         1877    .bss.m3508_8        rc_init.o
    0x200010b0        -       0x000000a0   Zero   RW         1433    .bss.prvCheckForValidListAndQueue.ucStaticTimerQueueStorage  timers.o
    0x20001150        -       0x00000050   Zero   RW         1432    .bss.prvCheckForValidListAndQueue.xStaticTimerQueue  timers.o
    0x200011a0        -       0x00000460   Zero   RW         1383    .bss.pxReadyTasksLists  tasks.o
    0x20001600        -       0x0000004c   Zero   RW         1867    .bss.tim4           rc_init.o
    0x2000164c        -       0x00003c00   Zero   RW         1619    .bss.ucHeap         heap_4.o
    0x2000524c        -       0x00000004   Zero   RW          924    .bss.uwTick         stm32f4xx_hal.o
    0x20005250        -       0x00000200   Zero   RW         1596    .bss.vApplicationGetIdleTaskMemory.Idle_Stack  cmsis_os2.o
    0x20005450        -       0x0000005c   Zero   RW         1595    .bss.vApplicationGetIdleTaskMemory.Idle_TCB  cmsis_os2.o
    0x200054ac        -       0x00000400   Zero   RW         1598    .bss.vApplicationGetTimerTaskMemory.Timer_Stack  cmsis_os2.o
    0x200058ac        -       0x0000005c   Zero   RW         1597    .bss.vApplicationGetTimerTaskMemory.Timer_TCB  cmsis_os2.o
    0x20005908        -       0x00000040   Zero   RW         1218    .bss.xQueueRegistry  queue.o
    0x20005948        -       0x00000200   Zero   RW            2    HEAP                startup_stm32f407xx.o
    0x20005b48        -       0x00000400   Zero   RW            1    STACK               startup_stm32f407xx.o


    Execution Region RW_IRAM2 (Exec base: 0x2001c000, Load base: 0x08008b50, Size: 0x00000000, Max: 0x00004000, ABSOLUTE)

    **** No section assigned to this execution region ****


==============================================================================

Image component sizes


      Code (inc. data)   RO Data    RW Data    ZI Data      Debug   Object Name

       436          0          0          0         84       6862   can.o
       364          0          0          0       1724      43082   cmsis_os2.o
        72          0          0          0          0       3460   dma.o
        44          0         48          0          4       2800   freertos.o
        76          0          0          0          0       1449   gpio.o
       708          0          0          0      15392       5748   heap_4.o
       186          0          0          0          0       2304   list.o
       260          0          0          0          0       6178   main.o
       900         16          0          4          8       4340   port.o
      1782          0          0          0         64      30045   queue.o
      1210          4         48          0         16      12129   rc_can.o
       618         24          4          4       3272      20174   rc_init.o
      1808        100         96          0          0      22400   rc_m3508.o
        52          0         16          0          0      15621   rc_motor.o
       946         16          0          0          0      16658   rc_pid.o
        84          0          0          0          0       7983   rc_serial.o
       328          0         36          0         52       7095   rc_task.o
       298          0         36          0         56       5965   rc_tim.o
       100          4         16          0          0       3232   rc_wava_generator.o
        64         26        392          0       1536        840   startup_stm32f407xx.o
        92          0          0          8          4       7293   stm32f4xx_hal.o
      1736          6          0          0          0      13821   stm32f4xx_hal_can.o
       152          0          0          0          0      10710   stm32f4xx_hal_cortex.o
       984          6          8          0          0      10522   stm32f4xx_hal_dma.o
       414          0          0          0          0       5340   stm32f4xx_hal_gpio.o
        66          0          0          0          0       3524   stm32f4xx_hal_msp.o
      1540          0          0          0          0       7400   stm32f4xx_hal_rcc.o
      1332          0          0          0          0      57418   stm32f4xx_hal_tim.o
       190          0          0          0          0      21475   stm32f4xx_hal_tim_ex.o
       178          0          0          0         72       7241   stm32f4xx_hal_timebase_tim.o
      2428          0          0          0          0      32233   stm32f4xx_hal_uart.o
       132          0          0          0          0       7847   stm32f4xx_it.o
        18          0         24          4          0       2577   system_stm32f4xx.o
      3270          8          0          0       1280      43790   tasks.o
       320          0          0          0        144       7571   tim.o
      1070         18          5          0        300      16380   timers.o
       318          0          0          0        264       7122   usart.o

    ----------------------------------------------------------------------
     24818        240        764         20      24276     480629   Object Totals
         0          0         32          0          0          0   (incl. Generated)
       242         12          3          0          4          0   (incl. Padding)

    ----------------------------------------------------------------------

      Code (inc. data)   RO Data    RW Data    ZI Data      Debug   Library Member Name

         8          0          0          0          0         68   __main.o
       392          4         17          0          0         92   __printf_flags_ss_wp.o
        14          0          0          0          0         68   __printf_wp.o
         0          0          0          0          0          0   __rtentry.o
        12          0          0          0          0          0   __rtentry2.o
         6          0          0          0          0          0   __rtentry4.o
        94          8          0          0          0          0   __scatter.o
        26          0          0          0          0          0   __scatter_copy.o
        28          0          0          0          0          0   __scatter_zi.o
        72          0          0          0          0         96   _c16rtomb.o
         6          0          0          0          0          0   _printf_a.o
         6          0          0          0          0          0   _printf_c.o
        44          0          0          0          0        108   _printf_char.o
        48          6          0          0          0         96   _printf_char_common.o
        40          0          0          0          0         68   _printf_charcount.o
         6          0          0          0          0          0   _printf_d.o
       120         16          0          0          0         92   _printf_dec.o
         6          0          0          0          0          0   _printf_e.o
         6          0          0          0          0          0   _printf_f.o
      1052          0          0          0          0        148   _printf_fp_dec.o
       764          8         38          0          0        100   _printf_fp_hex.o
       128         16          0          0          0         84   _printf_fp_infnan.o
         6          0          0          0          0          0   _printf_g.o
       148          4         40          0          0        160   _printf_hex_int_ll_ptr.o
         6          0          0          0          0          0   _printf_i.o
       178          0          0          0          0         88   _printf_intcommon.o
        10          0          0          0          0          0   _printf_l.o
         6          0          0          0          0          0   _printf_lc.o
        10          0          0          0          0          0   _printf_ll.o
         6          0          0          0          0          0   _printf_lld.o
         6          0          0          0          0          0   _printf_lli.o
         6          0          0          0          0          0   _printf_llo.o
         6          0          0          0          0          0   _printf_llu.o
         6          0          0          0          0          0   _printf_llx.o
       124         16          0          0          0         92   _printf_longlong_dec.o
         6          0          0          0          0          0   _printf_ls.o
         6          0          0          0          0          0   _printf_n.o
         6          0          0          0          0          0   _printf_o.o
       112          8          0          0          0        124   _printf_oct_int_ll.o
         6          0          0          0          0          0   _printf_p.o
        78          0          0          0          0        108   _printf_pad.o
         0          0          0          0          0          0   _printf_percent.o
         4          0          0          0          0          0   _printf_percent_end.o
         6          0          0          0          0          0   _printf_s.o
        82          0          0          0          0         80   _printf_str.o
        36          0          0          0          0         84   _printf_truncate.o
         6          0          0          0          0          0   _printf_u.o
        44          0          0          0          0        108   _printf_wchar.o
       188          6          8          0          0         92   _printf_wctomb.o
         6          0          0          0          0          0   _printf_x.o
        16          0          0          0          0         68   _snputc.o
        22          0          0          0          0         80   abort.o
        16          0          0          0          0         68   aeabi_memset4.o
       228          4        148          0          0         96   bigflt0.o
      1936        128          0          0          0        668   btod.o
        48         34          0          0          0         76   defsig_abrt_inner.o
        14          0          0          0          0         80   defsig_abrt_outer.o
        10          0          0          0          0         68   defsig_exit.o
        50          0          0          0          0         88   defsig_general.o
        18          0          0          0          0         80   exit.o
        78          0          0          0          0         80   h1_free.o
         6          0          0          0          0        152   heapauxi.o
         0          0          0          0          0          0   indicate_semi.o
        44          8          0          0          0         80   init_aeabi.o
        44         10        272          0          0         76   lc_ctype_c.o
        44         10         28          0          0         76   lc_numeric_c.o
         2          0          0          0          0          0   libinit.o
        38          0          0          0          0          0   libinit2.o
         2          0          0          0          0          0   libshutdown.o
         2          0          0          0          0          0   libshutdown2.o
         8          4          0          0         96         68   libspace.o
       138          0          0          0          0         80   lludiv10.o
       240          0          0          0          0        100   lludivv7m.o
        16          4          0          0          0         76   rt_ctype_table.o
         8          4          0          0          0         68   rt_heap_descriptor_intlibspace.o
         8          4          0          0          0         68   rt_locale_intlibspace.o
        78          0          0          0          0         80   rt_memclr_w.o
       138          0          0          0          0         68   rt_memcpy_v6.o
       100          0          0          0          0         80   rt_memcpy_w.o
         2          0          0          0          0          0   rtexit.o
        10          0          0          0          0          0   rtexit2.o
       124          0          0          0          0         88   strcmpv7em.o
        62          0          0          0          0         76   strlen.o
        12          4          0          0          0         68   sys_exit.o
        74          0          0          0          0         80   sys_stackheap_outer.o
        14          0          0          0          0         76   sys_wrch.o
         2          0          0          0          0         68   use_no_semi.o
        60          4          0          0          0         80   vsnprintf.o
        98          4          0          0          0        140   d2f.o
       812         16          0          0          0        392   daddsub_clz.o
       340         12          0          0          0        152   dmul.o
       156          4          0          0          0        140   dnaninf.o
        12          0          0          0          0        116   dretinf.o
        86          4          0          0          0        132   f2d.o
       140          4          0          0          0        132   fnaninf.o
        26          0          0          0          0        116   fpinit.o
        10          0          0          0          0        116   fretinf.o
         4          0          0          0          0        116   printf1.o
         4          0          0          0          0        116   printf2.o
         0          0          0          0          0          0   usenofp.o
         8          0          0          0          0        412   new.cpp.o
         4          0          0          0          0         36   abort_message.cpp.o
        40         32          0          0          0         52   cxa_virtual.cpp.o
        48          0          0          0          0        124   fpclassify.o

    ----------------------------------------------------------------------
      9502        386        552          0         96       7308   Library Totals
        20          0          1          0          0          0   (incl. Padding)

    ----------------------------------------------------------------------

      Code (inc. data)   RO Data    RW Data    ZI Data      Debug   Library Name

      7694        310        551          0         96       5016   c_w.l
      1688         44          0          0          0       1668   fz_wm.l
         8          0          0          0          0        412   libcpp_w.l
        44         32          0          0          0         88   libcppabi_w.l
        48          0          0          0          0        124   m_wm.l

    ----------------------------------------------------------------------
      9502        386        552          0         96       7308   Library Totals

    ----------------------------------------------------------------------

==============================================================================


      Code (inc. data)   RO Data    RW Data    ZI Data      Debug   

     34320        626       1316         20      24372     483337   Grand Totals
     34320        626       1316         20      24372     483337   ELF Image Totals
     34320        626       1316         20          0          0   ROM Totals

==============================================================================

    Total RO  Size (Code + RO Data)                35636 (  34.80kB)
    Total RW  Size (RW Data + ZI Data)             24392 (  23.82kB)
    Total ROM Size (Code + RO Data + RW Data)      35656 (  34.82kB)

==============================================================================

