Component: Arm Compiler for Embedded 6.22 Tool: armlink [5ee90200]

==============================================================================

Section Cross References

    startup_stm32f407xx.o(STACK) refers (Special) to heapauxi.o(.text) for __use_two_region_memory
    startup_stm32f407xx.o(HEAP) refers (Special) to heapauxi.o(.text) for __use_two_region_memory
    startup_stm32f407xx.o(RESET) refers (Special) to heapauxi.o(.text) for __use_two_region_memory
    startup_stm32f407xx.o(RESET) refers to startup_stm32f407xx.o(STACK) for __initial_sp
    startup_stm32f407xx.o(RESET) refers to startup_stm32f407xx.o(.text) for Reset_Handler
    startup_stm32f407xx.o(RESET) refers to stm32f4xx_it.o(.text.NMI_Handler) for NMI_Handler
    startup_stm32f407xx.o(RESET) refers to stm32f4xx_it.o(.text.HardFault_Handler) for HardFault_Handler
    startup_stm32f407xx.o(RESET) refers to stm32f4xx_it.o(.text.MemManage_Handler) for MemManage_Handler
    startup_stm32f407xx.o(RESET) refers to stm32f4xx_it.o(.text.BusFault_Handler) for BusFault_Handler
    startup_stm32f407xx.o(RESET) refers to stm32f4xx_it.o(.text.UsageFault_Handler) for UsageFault_Handler
    startup_stm32f407xx.o(RESET) refers to port.o(.text.SVC_Handler) for SVC_Handler
    startup_stm32f407xx.o(RESET) refers to stm32f4xx_it.o(.text.DebugMon_Handler) for DebugMon_Handler
    startup_stm32f407xx.o(RESET) refers to port.o(.text.PendSV_Handler) for PendSV_Handler
    startup_stm32f407xx.o(RESET) refers to cmsis_os2.o(.text.SysTick_Handler) for SysTick_Handler
    startup_stm32f407xx.o(RESET) refers to stm32f4xx_it.o(.text.CAN1_RX0_IRQHandler) for CAN1_RX0_IRQHandler
    startup_stm32f407xx.o(RESET) refers to stm32f4xx_it.o(.text.CAN1_RX1_IRQHandler) for CAN1_RX1_IRQHandler
    startup_stm32f407xx.o(RESET) refers to stm32f4xx_it.o(.text.EXTI9_5_IRQHandler) for EXTI9_5_IRQHandler
    startup_stm32f407xx.o(RESET) refers to stm32f4xx_it.o(.text.TIM4_IRQHandler) for TIM4_IRQHandler
    startup_stm32f407xx.o(RESET) refers to stm32f4xx_it.o(.text.USART1_IRQHandler) for USART1_IRQHandler
    startup_stm32f407xx.o(RESET) refers to stm32f4xx_it.o(.text.TIM6_DAC_IRQHandler) for TIM6_DAC_IRQHandler
    startup_stm32f407xx.o(RESET) refers to stm32f4xx_it.o(.text.TIM7_IRQHandler) for TIM7_IRQHandler
    startup_stm32f407xx.o(RESET) refers to stm32f4xx_it.o(.text.DMA2_Stream2_IRQHandler) for DMA2_Stream2_IRQHandler
    startup_stm32f407xx.o(RESET) refers to stm32f4xx_it.o(.text.CAN2_RX0_IRQHandler) for CAN2_RX0_IRQHandler
    startup_stm32f407xx.o(RESET) refers to stm32f4xx_it.o(.text.CAN2_RX1_IRQHandler) for CAN2_RX1_IRQHandler
    startup_stm32f407xx.o(RESET) refers to stm32f4xx_it.o(.text.OTG_FS_IRQHandler) for OTG_FS_IRQHandler
    startup_stm32f407xx.o(RESET) refers to stm32f4xx_it.o(.text.DMA2_Stream7_IRQHandler) for DMA2_Stream7_IRQHandler
    startup_stm32f407xx.o(.text) refers (Special) to heapauxi.o(.text) for __use_two_region_memory
    startup_stm32f407xx.o(.text) refers to system_stm32f4xx.o(.text.SystemInit) for SystemInit
    startup_stm32f407xx.o(.text) refers to __main.o(!!!main) for __main
    startup_stm32f407xx.o(.text) refers to startup_stm32f407xx.o(HEAP) for Heap_Mem
    startup_stm32f407xx.o(.text) refers to startup_stm32f407xx.o(STACK) for Stack_Mem
    stm32f4xx_hal_tim.o(.text.HAL_TIM_Base_Init) refers to tim.o(.text.HAL_TIM_Base_MspInit) for HAL_TIM_Base_MspInit
    stm32f4xx_hal_tim.o(.text.HAL_TIM_Base_Init) refers to stm32f4xx_hal_tim.o(.text.TIM_Base_SetConfig) for TIM_Base_SetConfig
    stm32f4xx_hal_tim.o(.ARM.exidx.text.HAL_TIM_Base_Init) refers to stm32f4xx_hal_tim.o(.text.HAL_TIM_Base_Init) for [Anonymous Symbol]
    stm32f4xx_hal_tim.o(.ARM.exidx.text.HAL_TIM_Base_MspInit) refers to stm32f4xx_hal_tim.o(.text.HAL_TIM_Base_MspInit) for [Anonymous Symbol]
    stm32f4xx_hal_tim.o(.ARM.exidx.text.TIM_Base_SetConfig) refers to stm32f4xx_hal_tim.o(.text.TIM_Base_SetConfig) for [Anonymous Symbol]
    stm32f4xx_hal_tim.o(.text.HAL_TIM_Base_DeInit) refers to tim.o(.text.HAL_TIM_Base_MspDeInit) for HAL_TIM_Base_MspDeInit
    stm32f4xx_hal_tim.o(.ARM.exidx.text.HAL_TIM_Base_DeInit) refers to stm32f4xx_hal_tim.o(.text.HAL_TIM_Base_DeInit) for [Anonymous Symbol]
    stm32f4xx_hal_tim.o(.ARM.exidx.text.HAL_TIM_Base_MspDeInit) refers to stm32f4xx_hal_tim.o(.text.HAL_TIM_Base_MspDeInit) for [Anonymous Symbol]
    stm32f4xx_hal_tim.o(.ARM.exidx.text.HAL_TIM_Base_Start) refers to stm32f4xx_hal_tim.o(.text.HAL_TIM_Base_Start) for [Anonymous Symbol]
    stm32f4xx_hal_tim.o(.ARM.exidx.text.HAL_TIM_Base_Stop) refers to stm32f4xx_hal_tim.o(.text.HAL_TIM_Base_Stop) for [Anonymous Symbol]
    stm32f4xx_hal_tim.o(.ARM.exidx.text.HAL_TIM_Base_Start_IT) refers to stm32f4xx_hal_tim.o(.text.HAL_TIM_Base_Start_IT) for [Anonymous Symbol]
    stm32f4xx_hal_tim.o(.ARM.exidx.text.HAL_TIM_Base_Stop_IT) refers to stm32f4xx_hal_tim.o(.text.HAL_TIM_Base_Stop_IT) for [Anonymous Symbol]
[...]
    0x08001a74   0x08001a74   0x00000010   Code   RO         2281    .text.CAN1_RX0_IRQHandler  stm32f4xx_it.o
    0x08001a84   0x08001a84   0x00000010   Code   RO         2283    .text.CAN1_RX1_IRQHandler  stm32f4xx_it.o
    0x08001a94   0x08001a94   0x00000010   Code   RO         2297    .text.CAN2_RX0_IRQHandler  stm32f4xx_it.o
    0x08001aa4   0x08001aa4   0x00000010   Code   RO         2299    .text.CAN2_RX1_IRQHandler  stm32f4xx_it.o
    0x08001ab4   0x08001ab4   0x0000005c   Code   RO         1926    .text.CDC_Control_FS  usbd_cdc_if.o
    0x08001b10   0x08001b10   0x00000004   Code   RO         1924    .text.CDC_DeInit_FS  usbd_cdc_if.o
    0x08001b14   0x08001b14   0x00000032   Code   RO         1922    .text.CDC_Init_FS   usbd_cdc_if.o
    0x08001b46   0x08001b46   0x00000002   PAD
    0x08001b48   0x08001b48   0x00000024   Code   RO         1928    .text.CDC_Receive_FS  usbd_cdc_if.o
    0x08001b6c   0x08001b6c   0x00000018   Code   RO         1930    .text.CDC_TransmitCplt_FS  usbd_cdc_if.o
    0x08001b84   0x08001b84   0x00000010   Code   RO         2295    .text.DMA2_Stream2_IRQHandler  stm32f4xx_it.o
    0x08001b94   0x08001b94   0x00000010   Code   RO         2303    .text.DMA2_Stream7_IRQHandler  stm32f4xx_it.o
    0x08001ba4   0x08001ba4   0x00000056   Code   RO          728    .text.DMA_CalcBaseAndBitshift  stm32f4xx_hal_dma.o
    0x08001bfa   0x08001bfa   0x00000002   PAD
    0x08001bfc   0x08001bfc   0x000000f0   Code   RO          726    .text.DMA_CheckFifoParam  stm32f4xx_hal_dma.o
    0x08001cec   0x08001cec   0x00000002   Code   RO         2279    .text.DebugMon_Handler  stm32f4xx_it.o
    0x08001cee   0x08001cee   0x00000002   PAD
    0x08001cf0   0x08001cf0   0x0000000a   Code   RO         2285    .text.EXTI9_5_IRQHandler  stm32f4xx_it.o
    0x08001cfa   0x08001cfa   0x00000002   PAD
    0x08001cfc   0x08001cfc   0x00000006   Code   RO         2176    .text.Error_Handler  main.o
    0x08001d02   0x08001d02   0x00000002   PAD
    0x08001d04   0x08001d04   0x0000005c   Code   RO         1905    .text.Get_SerialNum  usbd_desc.o
    0x08001d60   0x08001d60   0x00000156   Code   RO         1008    .text.HAL_CAN_AddTxMessage  stm32f4xx_hal_can.o
    0x08001eb6   0x08001eb6   0x00000002   PAD
    0x08001eb8   0x08001eb8   0x0000019e   Code   RO          998    .text.HAL_CAN_ConfigFilter  stm32f4xx_hal_can.o
    0x08002056   0x08002056   0x00000002   PAD
    0x08002058   0x08002058   0x00000008   Code   RO         1052    .text.HAL_CAN_ErrorCallback  stm32f4xx_hal_can.o
    0x08002060   0x08002060   0x00000212   Code   RO         1018    .text.HAL_CAN_GetRxMessage  stm32f4xx_hal_can.o
    0x08002272   0x08002272   0x00000002   PAD
    0x08002274   0x08002274   0x00000070   Code   RO         1012    .text.HAL_CAN_GetTxMailboxesFreeLevel  stm32f4xx_hal_can.o
    0x080022e4   0x080022e4   0x000003f2   Code   RO         1026    .text.HAL_CAN_IRQHandler  stm32f4xx_hal_can.o
    0x080026d6   0x080026d6   0x00000002   PAD
    0x080026d8   0x080026d8   0x000001de   Code   RO          988    .text.HAL_CAN_Init  stm32f4xx_hal_can.o
    0x080028b6   0x080028b6   0x00000002   PAD
    0x080028b8   0x080028b8   0x000001ae   Code   RO         2214    .text.HAL_CAN_MspInit  can.o
    0x08002a66   0x08002a66   0x00000002   PAD
    0x08002a68   0x08002a68   0x00000008   Code   RO         1040    .text.HAL_CAN_RxFifo0FullCallback  stm32f4xx_hal_can.o
    0x08002a70   0x08002a70   0x00000012   Code   RO         2359    .text.HAL_CAN_RxFifo0MsgPendingCallback  rc_can.o
    0x08002a82   0x08002a82   0x00000002   PAD
    0x08002a84   0x08002a84   0x00000008   Code   RO         1044    .text.HAL_CAN_RxFifo1FullCallback  stm32f4xx_hal_can.o
    0x08002a8c   0x08002a8c   0x00000012   Code   RO         2363    .text.HAL_CAN_RxFifo1MsgPendingCallback  rc_can.o
    0x08002a9e   0x08002a9e   0x00000002   PAD
    0x08002aa0   0x08002aa0   0x00000008   Code   RO         1048    .text.HAL_CAN_SleepCallback  stm32f4xx_hal_can.o
    0x08002aa8   0x08002aa8   0x00000008   Code   RO         1030    .text.HAL_CAN_TxMailbox0AbortCallback  stm32f4xx_hal_can.o
    0x08002ab0   0x08002ab0   0x00000008   Code   RO         1028    .text.HAL_CAN_TxMailbox0CompleteCallback  stm32f4xx_hal_can.o
    0x08002ab8   0x08002ab8   0x00000008   Code   RO         1034    .text.HAL_CAN_TxMailbox1AbortCallback  stm32f4xx_hal_can.o
    0x08002ac0   0x08002ac0   0x00000008   Code   RO         1032    .text.HAL_CAN_TxMailbox1CompleteCallback  stm32f4xx_hal_can.o
    0x08002ac8   0x08002ac8   0x00000008   Code   RO         1038    .text.HAL_CAN_TxMailbox2AbortCallback  stm32f4xx_hal_can.o
    0x08002ad0   0x08002ad0   0x00000008   Code   RO         1036    .text.HAL_CAN_TxMailbox2CompleteCallback  stm32f4xx_hal_can.o
    0x08002ad8   0x08002ad8   0x00000008   Code   RO         1050    .text.HAL_CAN_WakeUpFromRxMsgCallback  stm32f4xx_hal_can.o
    0x08002ae0   0x08002ae0   0x000000ec   Code   RO          738    .text.HAL_DMA_Abort  stm32f4xx_hal_dma.o
    0x08002bcc   0x08002bcc   0x00000044   Code   RO          740    .text.HAL_DMA_Abort_IT  stm32f4xx_hal_dma.o
    0x08002c10   0x08002c10   0x0000031e   Code   RO          744    .text.HAL_DMA_IRQHandler  stm32f4xx_hal_dma.o
    0x08002f2e   0x08002f2e   0x00000002   PAD
    0x08002f30   0x08002f30   0x0000016e   Code   RO          724    .text.HAL_DMA_Init  stm32f4xx_hal_dma.o
    0x0800309e   0x0800309e   0x00000002   PAD
    0x080030a0   0x080030a0   0x00000042   Code   RO          919    .text.HAL_Delay     stm32f4xx_hal.o
    0x080030e2   0x080030e2   0x00000002   PAD
    0x080030e4   0x080030e4   0x00000014   Code   RO         2563    .text.HAL_GPIO_EXTI_Callback  rc_flysky.o
    0x080030f8   0x080030f8   0x00000038   Code   RO          698    .text.HAL_GPIO_EXTI_IRQHandler  stm32f4xx_hal_gpio.o
    0x08003130   0x08003130   0x000003b6   Code   RO          686    .text.HAL_GPIO_Init  stm32f4xx_hal_gpio.o
    0x080034e6   0x080034e6   0x00000002   PAD
    0x080034e8   0x080034e8   0x0000000c   Code   RO          911    .text.HAL_GetTick   stm32f4xx_hal.o
    0x080034f4   0x080034f4   0x0000001a   Code   RO          909    .text.HAL_IncTick   stm32f4xx_hal.o
    0x0800350e   0x0800350e   0x00000002   PAD
    0x08003510   0x08003510   0x00000036   Code   RO          899    .text.HAL_Init      stm32f4xx_hal.o
    0x08003546   0x08003546   0x00000002   PAD
    0x08003548   0x08003548   0x000000f0   Code   RO         2320    .text.HAL_InitTick  stm32f4xx_hal_timebase_tim.o
    0x08003638   0x08003638   0x00000058   Code   RO         2312    .text.HAL_MspInit   stm32f4xx_hal_msp.o
    0x08003690   0x08003690   0x00000014   Code   RO          834    .text.HAL_NVIC_EnableIRQ  stm32f4xx_hal_cortex.o
    0x080036a4   0x080036a4   0x00000032   Code   RO          826    .text.HAL_NVIC_SetPriority  stm32f4xx_hal_cortex.o
    0x080036d6   0x080036d6   0x00000002   PAD
    0x080036d8   0x080036d8   0x00000010   Code   RO          822    .text.HAL_NVIC_SetPriorityGrouping  stm32f4xx_hal_cortex.o
    0x080036e8   0x080036e8   0x0000000c   Code   RO          434    .text.HAL_PCDEx_LPM_Callback  stm32f4xx_hal_pcd_ex.o
    0x080036f4   0x080036f4   0x00000018   Code   RO          432    .text.HAL_PCDEx_SetRxFiFo  stm32f4xx_hal_pcd_ex.o
    0x0800370c   0x0800370c   0x0000009c   Code   RO          430    .text.HAL_PCDEx_SetTxFiFo  stm32f4xx_hal_pcd_ex.o
    0x080037a8   0x080037a8   0x00000014   Code   RO         1966    .text.HAL_PCD_ConnectCallback  usbd_conf.o
    0x080037bc   0x080037bc   0x00000026   Code   RO         1952    .text.HAL_PCD_DataInStageCallback  usbd_conf.o
    0x080037e2   0x080037e2   0x00000002   PAD
    0x080037e4   0x080037e4   0x00000028   Code   RO         1950    .text.HAL_PCD_DataOutStageCallback  usbd_conf.o
    0x0800380c   0x0800380c   0x00000014   Code   RO         1968    .text.HAL_PCD_DisconnectCallback  usbd_conf.o
    0x08003820   0x08003820   0x0000005e   Code   RO          381    .text.HAL_PCD_EP_Abort  stm32f4xx_hal_pcd.o
    0x0800387e   0x0800387e   0x00000002   PAD
    0x08003880   0x08003880   0x000000a8   Code   RO          401    .text.HAL_PCD_EP_Close  stm32f4xx_hal_pcd.o
    0x08003928   0x08003928   0x000000c8   Code   RO          411    .text.HAL_PCD_EP_ClrStall  stm32f4xx_hal_pcd.o
    0x080039f0   0x080039f0   0x00000022   Code   RO          405    .text.HAL_PCD_EP_GetRxCount  stm32f4xx_hal_pcd.o
    0x08003a12   0x08003a12   0x00000002   PAD
    0x08003a14   0x08003a14   0x000000ee   Code   RO          399    .text.HAL_PCD_EP_Open  stm32f4xx_hal_pcd.o
    0x08003b02   0x08003b02   0x00000002   PAD
    0x08003b04   0x08003b04   0x0000006c   Code   RO          403    .text.HAL_PCD_EP_Receive  stm32f4xx_hal_pcd.o
    0x08003b70   0x08003b70   0x000000de   Code   RO          409    .text.HAL_PCD_EP_SetStall  stm32f4xx_hal_pcd.o
    0x08003c4e   0x08003c4e   0x00000002   PAD
    0x08003c50   0x08003c50   0x0000006c   Code   RO          407    .text.HAL_PCD_EP_Transmit  stm32f4xx_hal_pcd.o
    0x08003cbc   0x08003cbc   0x0000083a   Code   RO          359    .text.HAL_PCD_IRQHandler  stm32f4xx_hal_pcd.o
    0x080044f6   0x080044f6   0x00000002   PAD
    0x080044f8   0x080044f8   0x0000001c   Code   RO         1964    .text.HAL_PCD_ISOINIncompleteCallback  usbd_conf.o
    0x08004514   0x08004514   0x0000001c   Code   RO         1962    .text.HAL_PCD_ISOOUTIncompleteCallback  usbd_conf.o
    0x08004530   0x08004530   0x00000242   Code   RO          347    .text.HAL_PCD_Init  stm32f4xx_hal_pcd.o
    0x08004772   0x08004772   0x00000002   PAD
    0x08004774   0x08004774   0x000000b0   Code   RO         1944    .text.HAL_PCD_MspInit  usbd_conf.o
    0x08004824   0x08004824   0x00000052   Code   RO         1956    .text.HAL_PCD_ResetCallback  usbd_conf.o
    0x08004876   0x08004876   0x00000002   PAD
    0x08004878   0x08004878   0x00000014   Code   RO         1960    .text.HAL_PCD_ResumeCallback  usbd_conf.o
    0x0800488c   0x0800488c   0x00000014   Code   RO         1954    .text.HAL_PCD_SOFCallback  usbd_conf.o
    0x080048a0   0x080048a0   0x0000005c   Code   RO          397    .text.HAL_PCD_SetAddress  stm32f4xx_hal_pcd.o
    0x080048fc   0x080048fc   0x00000018   Code   RO         1948    .text.HAL_PCD_SetupStageCallback  usbd_conf.o
    0x08004914   0x08004914   0x0000007c   Code   RO          355    .text.HAL_PCD_Start  stm32f4xx_hal_pcd.o
    0x08004990   0x08004990   0x0000003e   Code   RO         1958    .text.HAL_PCD_SuspendCallback  usbd_conf.o
    0x080049ce   0x080049ce   0x00000002   PAD
    0x080049d0   0x080049d0   0x00000262   Code   RO          554    .text.HAL_RCC_ClockConfig  stm32f4xx_hal_rcc.o
    0x08004c32   0x08004c32   0x00000002   PAD
    0x08004c34   0x08004c34   0x00000054   Code   RO          572    .text.HAL_RCC_GetClockConfig  stm32f4xx_hal_rcc.o
    0x08004c88   0x08004c88   0x0000000c   Code   RO          564    .text.HAL_RCC_GetHCLKFreq  stm32f4xx_hal_rcc.o
    0x08004c94   0x08004c94   0x00000022   Code   RO          566    .text.HAL_RCC_GetPCLK1Freq  stm32f4xx_hal_rcc.o
    0x08004cb6   0x08004cb6   0x00000002   PAD
    0x08004cb8   0x08004cb8   0x00000022   Code   RO          568    .text.HAL_RCC_GetPCLK2Freq  stm32f4xx_hal_rcc.o
    0x08004cda   0x08004cda   0x00000002   PAD
    0x08004cdc   0x08004cdc   0x000000e6   Code   RO          556    .text.HAL_RCC_GetSysClockFreq  stm32f4xx_hal_rcc.o
    0x08004dc2   0x08004dc2   0x00000002   PAD
    0x08004dc4   0x08004dc4   0x000006be   Code   RO          552    .text.HAL_RCC_OscConfig  stm32f4xx_hal_rcc.o
    0x08005482   0x08005482   0x00000002   PAD
    0x08005484   0x08005484   0x00000008   Code   RO          334    .text.HAL_TIMEx_BreakCallback  stm32f4xx_hal_tim_ex.o
    0x0800548c   0x0800548c   0x00000008   Code   RO          330    .text.HAL_TIMEx_CommutCallback  stm32f4xx_hal_tim_ex.o
    0x08005494   0x08005494   0x00000122   Code   RO          324    .text.HAL_TIMEx_MasterConfigSynchronization  stm32f4xx_hal_tim_ex.o
    0x080055b6   0x080055b6   0x00000002   PAD
    0x080055b8   0x080055b8   0x0000009c   Code   RO           11    .text.HAL_TIM_Base_Init  stm32f4xx_hal_tim.o
    0x08005654   0x08005654   0x0000009c   Code   RO         2240    .text.HAL_TIM_Base_MspInit  tim.o
    0x080056f0   0x080056f0   0x000000f6   Code   RO           25    .text.HAL_TIM_Base_Start_IT  stm32f4xx_hal_tim.o
    0x080057e6   0x080057e6   0x00000002   PAD
    0x080057e8   0x080057e8   0x00000184   Code   RO          203    .text.HAL_TIM_ConfigClockSource  stm32f4xx_hal_tim.o
    0x0800596c   0x0800596c   0x00000008   Code   RO          147    .text.HAL_TIM_IC_CaptureCallback  stm32f4xx_hal_tim.o
    0x08005974   0x08005974   0x0000021a   Code   RO          145    .text.HAL_TIM_IRQHandler  stm32f4xx_hal_tim.o
    0x08005b8e   0x08005b8e   0x00000002   PAD
    0x08005b90   0x08005b90   0x00000008   Code   RO          149    .text.HAL_TIM_OC_DelayElapsedCallback  stm32f4xx_hal_tim.o
    0x08005b98   0x08005b98   0x00000008   Code   RO          151    .text.HAL_TIM_PWM_PulseFinishedCallback  stm32f4xx_hal_tim.o
    0x08005ba0   0x08005ba0   0x00000028   Code   RO         2178    .text.HAL_TIM_PeriodElapsedCallback  main.o
    0x08005bc8   0x08005bc8   0x00000008   Code   RO          155    .text.HAL_TIM_TriggerCallback  stm32f4xx_hal_tim.o
    0x08005bd0   0x08005bd0   0x0000000c   Code   RO         1159    .text.HAL_UARTEx_RxEventCallback  stm32f4xx_hal_uart.o
    0x08005bdc   0x08005bdc   0x00000008   Code   RO         1157    .text.HAL_UART_ErrorCallback  stm32f4xx_hal_uart.o
    0x08005be4   0x08005be4   0x0000045c   Code   RO         1151    .text.HAL_UART_IRQHandler  stm32f4xx_hal_uart.o
    0x08006040   0x08006040   0x0000009e   Code   RO         1067    .text.HAL_UART_Init  stm32f4xx_hal_uart.o
    0x080060de   0x080060de   0x00000002   PAD
    0x080060e0   0x080060e0   0x0000014c   Code   RO         2255    .text.HAL_UART_MspInit  usart.o
    0x0800622c   0x0800622c   0x00000008   Code   RO         1169    .text.HAL_UART_RxCpltCallback  stm32f4xx_hal_uart.o
    0x08006234   0x08006234   0x00000130   Code   RO         1083    .text.HAL_UART_Transmit  stm32f4xx_hal_uart.o
    0x08006364   0x08006364   0x00000008   Code   RO         1165    .text.HAL_UART_TxCpltCallback  stm32f4xx_hal_uart.o
    0x0800636c   0x0800636c   0x00000004   Code   RO         2271    .text.HardFault_Handler  stm32f4xx_it.o
    0x08006370   0x08006370   0x0000007a   Code   RO         1907    .text.IntToUnicode  usbd_desc.o
    0x080063ea   0x080063ea   0x00000002   PAD
    0x080063ec   0x080063ec   0x0000004e   Code   RO         2210    .text.MX_CAN1_Init  can.o
    0x0800643a   0x0800643a   0x00000002   PAD
    0x0800643c   0x0800643c   0x0000004e   Code   RO         2212    .text.MX_CAN2_Init  can.o
    0x0800648a   0x0800648a   0x00000002   PAD
    0x0800648c   0x0800648c   0x00000052   Code   RO         2228    .text.MX_DMA_Init   dma.o
    0x080064de   0x080064de   0x00000002   PAD
    0x080064e0   0x080064e0   0x00000024   Code   RO         2196    .text.MX_FREERTOS_Init  freertos.o
    0x08006504   0x08006504   0x000000ee   Code   RO         2188    .text.MX_GPIO_Init  gpio.o
    0x080065f2   0x080065f2   0x00000002   PAD
    0x080065f4   0x080065f4   0x00000084   Code   RO         2236    .text.MX_TIM4_Init  tim.o
    0x08006678   0x08006678   0x0000005a   Code   RO         2238    .text.MX_TIM7_Init  tim.o
    0x080066d2   0x080066d2   0x00000002   PAD
    0x080066d4   0x080066d4   0x00000040   Code   RO         2253    .text.MX_USART1_UART_Init  usart.o
    0x08006714   0x08006714   0x00000076   Code   RO         1882    .text.MX_USB_DEVICE_Init  usb_device.o
    0x0800678a   0x0800678a   0x00000002   PAD
    0x0800678c   0x0800678c   0x00000004   Code   RO         2273    .text.MemManage_Handler  stm32f4xx_it.o
    0x08006790   0x08006790   0x00000004   Code   RO         2269    .text.NMI_Handler   stm32f4xx_it.o
    0x08006794   0x08006794   0x0000006c   Code   RO          832    .text.NVIC_EncodePriority  stm32f4xx_hal_cortex.o
    0x08006800   0x08006800   0x00000010   Code   RO         2301    .text.OTG_FS_IRQHandler  stm32f4xx_it.o
    0x08006810   0x08006810   0x0000008a   Code   RO          363    .text.PCD_EP_OutSetupPacket_int  stm32f4xx_hal_pcd.o
    0x0800689a   0x0800689a   0x00000002   PAD
    0x0800689c   0x0800689c   0x000001c8   Code   RO          361    .text.PCD_EP_OutXfrComplete_int  stm32f4xx_hal_pcd.o
    0x08006a64   0x08006a64   0x00000132   Code   RO          371    .text.PCD_WriteEmptyTxFifo  stm32f4xx_hal_pcd.o
    0x08006b96   0x08006b96   0x0000000a   PAD
    0x08006ba0   0x08006ba0   0x00000064   Code   RO         1866    .text.PendSV_Handler  port.o
    0x08006c04   0x08006c04   0x0000000c   PAD
    0x08006c10   0x08006c10   0x00000024   Code   RO         1850    .text.SVC_Handler   port.o
    0x08006c34   0x08006c34   0x0000000e   Code   RO         1646    .text.SVC_Setup     cmsis_os2.o
    0x08006c42   0x08006c42   0x00000002   PAD
    0x08006c44   0x08006c44   0x00000036   Code   RO         2094    .text.SWAPBYTE      usbd_ctlreq.o
    0x08006c7a   0x08006c7a   0x00000002   PAD
    0x08006c7c   0x08006c7c   0x00000014   Code   RO         2198    .text.StartDefaultTask  freertos.o
    0x08006c90   0x08006c90   0x0000001e   Code   RO         1636    .text.SysTick_Handler  cmsis_os2.o
    0x08006cae   0x08006cae   0x00000002   PAD
    0x08006cb0   0x08006cb0   0x000000bc   Code   RO         2174    .text.SystemClock_Config  main.o
    0x08006d6c   0x08006d6c   0x00000012   Code   RO         1198    .text.SystemInit    system_stm32f4xx.o
    0x08006d7e   0x08006d7e   0x00000002   PAD
    0x08006d80   0x08006d80   0x00000010   Code   RO         2287    .text.TIM4_IRQHandler  stm32f4xx_it.o
    0x08006d90   0x08006d90   0x00000010   Code   RO         2291    .text.TIM6_DAC_IRQHandler  stm32f4xx_it.o
    0x08006da0   0x08006da0   0x00000010   Code   RO         2293    .text.TIM7_IRQHandler  stm32f4xx_it.o
    0x08006db0   0x08006db0   0x000001a4   Code   RO           15    .text.TIM_Base_SetConfig  stm32f4xx_hal_tim.o
    0x08006f54   0x08006f54   0x00000034   Code   RO          201    .text.TIM_ETR_SetConfig  stm32f4xx_hal_tim.o
    0x08006f88   0x08006f88   0x0000002a   Code   RO          207    .text.TIM_ITRx_SetConfig  stm32f4xx_hal_tim.o
    0x08006fb2   0x08006fb2   0x00000002   PAD
    0x08006fb4   0x08006fb4   0x00000050   Code   RO          205    .text.TIM_TI1_ConfigInputStage  stm32f4xx_hal_tim.o
    0x08007004   0x08007004   0x00000052   Code   RO          209    .text.TIM_TI2_ConfigInputStage  stm32f4xx_hal_tim.o
    0x08007056   0x08007056   0x00000002   PAD
    0x08007058   0x08007058   0x0000001c   Code   RO         1155    .text.UART_DMAAbortOnError  stm32f4xx_hal_uart.o
    0x08007074   0x08007074   0x00000094   Code   RO         1115    .text.UART_EndRxTransfer  stm32f4xx_hal_uart.o
    0x08007108   0x08007108   0x00000026   Code   RO         1163    .text.UART_EndTransmit_IT  stm32f4xx_hal_uart.o
    0x0800712e   0x0800712e   0x00000002   PAD
    0x08007130   0x08007130   0x00000168   Code   RO         1153    .text.UART_Receive_IT  stm32f4xx_hal_uart.o
    0x08007298   0x08007298   0x0000013a   Code   RO         1071    .text.UART_SetConfig  stm32f4xx_hal_uart.o
    0x080073d2   0x080073d2   0x00000002   PAD
    0x080073d4   0x080073d4   0x00000094   Code   RO         1161    .text.UART_Transmit_IT  stm32f4xx_hal_uart.o
    0x08007468   0x08007468   0x000000da   Code   RO         1085    .text.UART_WaitOnFlagUntilTimeout  stm32f4xx_hal_uart.o
    0x08007542   0x08007542   0x00000002   PAD
    0x08007544   0x08007544   0x00000010   Code   RO         2289    .text.USART1_IRQHandler  stm32f4xx_it.o
    0x08007554   0x08007554   0x000000f4   Code   RO         2137    .text.USBD_CDC_DataIn  usbd_cdc.o
    0x08007648   0x08007648   0x00000070   Code   RO         2139    .text.USBD_CDC_DataOut  usbd_cdc.o
    0x080076b8   0x080076b8   0x000000f0   Code   RO         2131    .text.USBD_CDC_DeInit  usbd_cdc.o
    0x080077a8   0x080077a8   0x00000078   Code   RO         2135    .text.USBD_CDC_EP0_RxReady  usbd_cdc.o
    0x08007820   0x08007820   0x00000016   Code   RO         2147    .text.USBD_CDC_GetDeviceQualifierDescriptor  usbd_cdc.o
    0x08007836   0x08007836   0x00000002   PAD
    0x08007838   0x08007838   0x0000006c   Code   RO         2143    .text.USBD_CDC_GetFSCfgDesc  usbd_cdc.o
    0x080078a4   0x080078a4   0x00000070   Code   RO         2141    .text.USBD_CDC_GetHSCfgDesc  usbd_cdc.o
    0x08007914   0x08007914   0x0000006c   Code   RO         2145    .text.USBD_CDC_GetOtherSpeedCfgDesc  usbd_cdc.o
    0x08007980   0x08007980   0x00000222   Code   RO         2129    .text.USBD_CDC_Init  usbd_cdc.o
    0x08007ba2   0x08007ba2   0x00000002   PAD
    0x08007ba4   0x08007ba4   0x0000007e   Code   RO         2157    .text.USBD_CDC_ReceivePacket  usbd_cdc.o
    0x08007c22   0x08007c22   0x00000002   PAD
    0x08007c24   0x08007c24   0x00000034   Code   RO         2149    .text.USBD_CDC_RegisterInterface  usbd_cdc.o
    0x08007c58   0x08007c58   0x0000003c   Code   RO         2153    .text.USBD_CDC_SetRxBuffer  usbd_cdc.o
    0x08007c94   0x08007c94   0x00000046   Code   RO         2151    .text.USBD_CDC_SetTxBuffer  usbd_cdc.o
    0x08007cda   0x08007cda   0x00000002   PAD
    0x08007cdc   0x08007cdc   0x000001cc   Code   RO         2133    .text.USBD_CDC_Setup  usbd_cdc.o
    0x08007ea8   0x08007ea8   0x00000032   Code   RO         2029    .text.USBD_ClrClassConfig  usbd_core.o
    0x08007eda   0x08007eda   0x00000002   PAD
    0x08007edc   0x08007edc   0x00000040   Code   RO         2084    .text.USBD_ClrFeature  usbd_ctlreq.o
    0x08007f1c   0x08007f1c   0x0000000e   Code   RO         2037    .text.USBD_CoreFindEP  usbd_core.o
    0x08007f2a   0x08007f2a   0x00000002   PAD
    0x08007f2c   0x08007f2c   0x0000000e   Code   RO         2035    .text.USBD_CoreFindIF  usbd_core.o
    0x08007f3a   0x08007f3a   0x00000002   PAD
    0x08007f3c   0x08007f3c   0x0000001e   Code   RO         2114    .text.USBD_CtlContinueRx  usbd_ioreq.o
    0x08007f5a   0x08007f5a   0x00000002   PAD
    0x08007f5c   0x08007f5c   0x0000001e   Code   RO         2110    .text.USBD_CtlContinueSendData  usbd_ioreq.o
    0x08007f7a   0x08007f7a   0x00000002   PAD
    0x08007f7c   0x08007f7c   0x0000001c   Code   RO         2086    .text.USBD_CtlError  usbd_ctlreq.o
    0x08007f98   0x08007f98   0x0000003e   Code   RO         2112    .text.USBD_CtlPrepareRx  usbd_ioreq.o
    0x08007fd6   0x08007fd6   0x00000002   PAD
    0x08007fd8   0x08007fd8   0x00000022   Code   RO         2118    .text.USBD_CtlReceiveStatus  usbd_ioreq.o
    0x08007ffa   0x08007ffa   0x00000002   PAD
    0x08007ffc   0x08007ffc   0x00000038   Code   RO         2108    .text.USBD_CtlSendData  usbd_ioreq.o
    0x08008034   0x08008034   0x00000022   Code   RO         2116    .text.USBD_CtlSendStatus  usbd_ioreq.o
    0x08008056   0x08008056   0x00000002   PAD
    0x08008058   0x08008058   0x0000004e   Code   RO         1901    .text.USBD_FS_ConfigStrDescriptor  usbd_desc.o
    0x080080a6   0x080080a6   0x00000002   PAD
    0x080080a8   0x080080a8   0x0000001a   Code   RO         1891    .text.USBD_FS_DeviceDescriptor  usbd_desc.o
    0x080080c2   0x080080c2   0x00000002   PAD
    0x080080c4   0x080080c4   0x0000004e   Code   RO         1903    .text.USBD_FS_InterfaceStrDescriptor  usbd_desc.o
    0x08008112   0x08008112   0x00000002   PAD
    0x08008114   0x08008114   0x0000001a   Code   RO         1893    .text.USBD_FS_LangIDStrDescriptor  usbd_desc.o
    0x0800812e   0x0800812e   0x00000002   PAD
    0x08008130   0x08008130   0x00000028   Code   RO         1895    .text.USBD_FS_ManufacturerStrDescriptor  usbd_desc.o
    0x08008158   0x08008158   0x0000004e   Code   RO         1897    .text.USBD_FS_ProductStrDescriptor  usbd_desc.o
    0x080081a6   0x080081a6   0x00000002   PAD
    0x080081a8   0x080081a8   0x00000020   Code   RO         1899    .text.USBD_FS_SerialStrDescriptor  usbd_desc.o
    0x080081c8   0x080081c8   0x00000064   Code   RO         2078    .text.USBD_GetConfig  usbd_ctlreq.o
    0x0800822c   0x0800822c   0x000002d8   Code   RO         2072    .text.USBD_GetDescriptor  usbd_ctlreq.o
    0x08008504   0x08008504   0x00000076   Code   RO         2059    .text.USBD_GetEpDesc  usbd_core.o
    0x0800857a   0x0800857a   0x00000002   PAD
    0x0800857c   0x0800857c   0x00000032   Code   RO         2098    .text.USBD_GetLen   usbd_ctlreq.o
    0x080085ae   0x080085ae   0x00000002   PAD
    0x080085b0   0x080085b0   0x00000026   Code   RO         2061    .text.USBD_GetNextDesc  usbd_core.o
    0x080085d6   0x080085d6   0x00000002   PAD
    0x080085d8   0x080085d8   0x00000062   Code   RO         2080    .text.USBD_GetStatus  usbd_ctlreq.o
    0x0800863a   0x0800863a   0x00000002   PAD
    0x0800863c   0x0800863c   0x000000bc   Code   RO         2096    .text.USBD_GetString  usbd_ctlreq.o
    0x080086f8   0x080086f8   0x00000052   Code   RO         1974    .text.USBD_Get_USB_Status  usbd_conf.o
    0x0800874a   0x0800874a   0x00000002   PAD
    0x0800874c   0x0800874c   0x0000006a   Code   RO         2015    .text.USBD_Init     usbd_core.o
    0x080087b6   0x080087b6   0x00000002   PAD
    0x080087b8   0x080087b8   0x0000003a   Code   RO         1988    .text.USBD_LL_ClearStallEP  usbd_conf.o
    0x080087f2   0x080087f2   0x00000002   PAD
    0x080087f4   0x080087f4   0x0000003a   Code   RO         1982    .text.USBD_LL_CloseEP  usbd_conf.o
    0x0800882e   0x0800882e   0x00000002   PAD
    0x08008830   0x08008830   0x0000019a   Code   RO         2039    .text.USBD_LL_DataInStage  usbd_core.o
    0x080089ca   0x080089ca   0x00000002   PAD
    0x080089cc   0x080089cc   0x000001bc   Code   RO         2033    .text.USBD_LL_DataOutStage  usbd_core.o
    0x08008b88   0x08008b88   0x0000000a   Code   RO         2055    .text.USBD_LL_DevConnected  usbd_core.o
    0x08008b92   0x08008b92   0x00000002   PAD
    0x08008b94   0x08008b94   0x00000040   Code   RO         2057    .text.USBD_LL_DevDisconnected  usbd_core.o
    0x08008bd4   0x08008bd4   0x0000001c   Code   RO         1998    .text.USBD_LL_GetRxDataSize  usbd_conf.o
    0x08008bf0   0x08008bf0   0x0000007e   Code   RO         1970    .text.USBD_LL_Init  usbd_conf.o
    0x08008c6e   0x08008c6e   0x00000002   PAD
    0x08008c70   0x08008c70   0x0000005a   Code   RO         1990    .text.USBD_LL_IsStallEP  usbd_conf.o
    0x08008cca   0x08008cca   0x00000002   PAD
    0x08008ccc   0x08008ccc   0x0000006e   Code   RO         2051    .text.USBD_LL_IsoINIncomplete  usbd_core.o
    0x08008d3a   0x08008d3a   0x00000002   PAD
    0x08008d3c   0x08008d3c   0x0000006e   Code   RO         2053    .text.USBD_LL_IsoOUTIncomplete  usbd_core.o
    0x08008daa   0x08008daa   0x00000002   PAD
    0x08008dac   0x08008dac   0x0000004a   Code   RO         1980    .text.USBD_LL_OpenEP  usbd_conf.o
    0x08008df6   0x08008df6   0x00000002   PAD
    0x08008df8   0x08008df8   0x00000042   Code   RO         1996    .text.USBD_LL_PrepareReceive  usbd_conf.o
    0x08008e3a   0x08008e3a   0x00000002   PAD
    0x08008e3c   0x08008e3c   0x0000009e   Code   RO         2041    .text.USBD_LL_Reset  usbd_core.o
    0x08008eda   0x08008eda   0x00000002   PAD
    0x08008edc   0x08008edc   0x00000024   Code   RO         2047    .text.USBD_LL_Resume  usbd_core.o
    0x08008f00   0x08008f00   0x0000003e   Code   RO         2049    .text.USBD_LL_SOF   usbd_core.o
    0x08008f3e   0x08008f3e   0x00000002   PAD
    0x08008f40   0x08008f40   0x00000016   Code   RO         2043    .text.USBD_LL_SetSpeed  usbd_core.o
    0x08008f56   0x08008f56   0x00000002   PAD
    0x08008f58   0x08008f58   0x0000003a   Code   RO         1992    .text.USBD_LL_SetUSBAddress  usbd_conf.o
    0x08008f92   0x08008f92   0x00000002   PAD
    0x08008f94   0x08008f94   0x00000094   Code   RO         2031    .text.USBD_LL_SetupStage  usbd_core.o
    0x08009028   0x08009028   0x0000003a   Code   RO         1986    .text.USBD_LL_StallEP  usbd_conf.o
    0x08009062   0x08009062   0x00000002   PAD
    0x08009064   0x08009064   0x00000032   Code   RO         1976    .text.USBD_LL_Start  usbd_conf.o
    0x08009096   0x08009096   0x00000002   PAD
    0x08009098   0x08009098   0x0000002c   Code   RO         2045    .text.USBD_LL_Suspend  usbd_core.o
    0x080090c4   0x080090c4   0x00000042   Code   RO         1994    .text.USBD_LL_Transmit  usbd_conf.o
    0x08009106   0x08009106   0x00000002   PAD
    0x08009108   0x08009108   0x00000062   Code   RO         2092    .text.USBD_ParseSetupRequest  usbd_ctlreq.o
    0x0800916a   0x0800916a   0x00000002   PAD
    0x0800916c   0x0800916c   0x00000072   Code   RO         2019    .text.USBD_RegisterClass  usbd_core.o
    0x080091de   0x080091de   0x00000002   PAD
    0x080091e0   0x080091e0   0x0000000a   Code   RO         2025    .text.USBD_RunTestMode  usbd_core.o
    0x080091ea   0x080091ea   0x00000002   PAD
    0x080091ec   0x080091ec   0x0000008c   Code   RO         2074    .text.USBD_SetAddress  usbd_ctlreq.o
    0x08009278   0x08009278   0x00000036   Code   RO         2027    .text.USBD_SetClassConfig  usbd_core.o
    0x080092ae   0x080092ae   0x00000002   PAD
    0x080092b0   0x080092b0   0x0000017e   Code   RO         2076    .text.USBD_SetConfig  usbd_ctlreq.o
    0x0800942e   0x0800942e   0x00000002   PAD
    0x08009430   0x08009430   0x0000004e   Code   RO         2082    .text.USBD_SetFeature  usbd_ctlreq.o
    0x0800947e   0x0800947e   0x00000002   PAD
    0x08009480   0x08009480   0x00000010   Code   RO         2021    .text.USBD_Start    usbd_core.o
    0x08009490   0x08009490   0x000000cc   Code   RO         2070    .text.USBD_StdDevReq  usbd_ctlreq.o
    0x0800955c   0x0800955c   0x000003b2   Code   RO         2090    .text.USBD_StdEPReq  usbd_ctlreq.o
    0x0800990e   0x0800990e   0x00000002   PAD
    0x08009910   0x08009910   0x000000f4   Code   RO         2088    .text.USBD_StdItfReq  usbd_ctlreq.o
    0x08009a04   0x08009a04   0x00000008   Code   RO         2002    .text.USBD_static_free  usbd_conf.o
    0x08009a0c   0x08009a0c   0x00000010   Code   RO         2000    .text.USBD_static_malloc  usbd_conf.o
    0x08009a1c   0x08009a1c   0x000000de   Code   RO          469    .text.USB_ActivateEndpoint  stm32f4xx_ll_usb.o
    0x08009afa   0x08009afa   0x00000002   PAD
    0x08009afc   0x08009afc   0x0000002c   Code   RO          511    .text.USB_ActivateSetup  stm32f4xx_ll_usb.o
    0x08009b28   0x08009b28   0x000000d6   Code   RO          445    .text.USB_CoreInit  stm32f4xx_ll_usb.o
    0x08009bfe   0x08009bfe   0x00000002   PAD
    0x08009c00   0x08009c00   0x00000088   Code   RO          447    .text.USB_CoreReset  stm32f4xx_ll_usb.o
    0x08009c88   0x08009c88   0x00000138   Code   RO          473    .text.USB_DeactivateEndpoint  stm32f4xx_ll_usb.o
    0x08009dc0   0x08009dc0   0x0000002a   Code   RO          493    .text.USB_DevConnect  stm32f4xx_ll_usb.o
    0x08009dea   0x08009dea   0x00000002   PAD
    0x08009dec   0x08009dec   0x0000002a   Code   RO          495    .text.USB_DevDisconnect  stm32f4xx_ll_usb.o
    0x08009e16   0x08009e16   0x00000002   PAD
    0x08009e18   0x08009e18   0x0000029a   Code   RO          459    .text.USB_DevInit   stm32f4xx_ll_usb.o
    0x0800a0b2   0x0800a0b2   0x00000002   PAD
    0x0800a0b4   0x0800a0b4   0x00000014   Code   RO          453    .text.USB_DisableGlobalInt  stm32f4xx_ll_usb.o
    0x0800a0c8   0x0800a0c8   0x0000009e   Code   RO          513    .text.USB_EP0_OutStart  stm32f4xx_ll_usb.o
    0x0800a166   0x0800a166   0x00000002   PAD
    0x0800a168   0x0800a168   0x000000a0   Code   RO          487    .text.USB_EPClearStall  stm32f4xx_ll_usb.o
    0x0800a208   0x0800a208   0x000000a8   Code   RO          485    .text.USB_EPSetStall  stm32f4xx_ll_usb.o
    0x0800a2b0   0x0800a2b0   0x000003f8   Code   RO          477    .text.USB_EPStartXfer  stm32f4xx_ll_usb.o
    0x0800a6a8   0x0800a6a8   0x0000011c   Code   RO          481    .text.USB_EPStopXfer  stm32f4xx_ll_usb.o
    0x0800a7c4   0x0800a7c4   0x00000014   Code   RO          451    .text.USB_EnableGlobalInt  stm32f4xx_ll_usb.o
    0x0800a7d8   0x0800a7d8   0x00000074   Code   RO          465    .text.USB_FlushRxFifo  stm32f4xx_ll_usb.o
    0x0800a84c   0x0800a84c   0x0000007a   Code   RO          463    .text.USB_FlushTxFifo  stm32f4xx_ll_usb.o
    0x0800a8c6   0x0800a8c6   0x00000002   PAD
    0x0800a8c8   0x0800a8c8   0x0000004c   Code   RO          467    .text.USB_GetDevSpeed  stm32f4xx_ll_usb.o
    0x0800a914   0x0800a914   0x00000010   Code   RO          457    .text.USB_GetMode   stm32f4xx_ll_usb.o
    0x0800a924   0x0800a924   0x00000024   Code   RO          503    .text.USB_ReadDevAllInEpInterrupt  stm32f4xx_ll_usb.o
    0x0800a948   0x0800a948   0x00000024   Code   RO          501    .text.USB_ReadDevAllOutEpInterrupt  stm32f4xx_ll_usb.o
    0x0800a96c   0x0800a96c   0x0000004e   Code   RO          507    .text.USB_ReadDevInEPInterrupt  stm32f4xx_ll_usb.o
    0x0800a9ba   0x0800a9ba   0x00000002   PAD
    0x0800a9bc   0x0800a9bc   0x0000002e   Code   RO          505    .text.USB_ReadDevOutEPInterrupt  stm32f4xx_ll_usb.o
    0x0800a9ea   0x0800a9ea   0x00000002   PAD
    0x0800a9ec   0x0800a9ec   0x0000001a   Code   RO          497    .text.USB_ReadInterrupts  stm32f4xx_ll_usb.o
    0x0800aa06   0x0800aa06   0x00000002   PAD
    0x0800aa08   0x0800aa08   0x000000b4   Code   RO          483    .text.USB_ReadPacket  stm32f4xx_ll_usb.o
    0x0800aabc   0x0800aabc   0x000000de   Code   RO          455    .text.USB_SetCurrentMode  stm32f4xx_ll_usb.o
    0x0800ab9a   0x0800ab9a   0x00000002   PAD
    0x0800ab9c   0x0800ab9c   0x00000036   Code   RO          491    .text.USB_SetDevAddress  stm32f4xx_ll_usb.o
    0x0800abd2   0x0800abd2   0x00000002   PAD
    0x0800abd4   0x0800abd4   0x00000022   Code   RO          461    .text.USB_SetDevSpeed  stm32f4xx_ll_usb.o
    0x0800abf6   0x0800abf6   0x00000002   PAD
    0x0800abf8   0x0800abf8   0x000001ba   Code   RO          449    .text.USB_SetTurnaroundTime  stm32f4xx_ll_usb.o
    0x0800adb2   0x0800adb2   0x00000002   PAD
    0x0800adb4   0x0800adb4   0x00000082   Code   RO          479    .text.USB_WritePacket  stm32f4xx_ll_usb.o
    0x0800ae36   0x0800ae36   0x00000002   PAD
    0x0800ae38   0x0800ae38   0x00000004   Code   RO         2277    .text.UsageFault_Handler  stm32f4xx_it.o
    0x0800ae3c   0x0800ae3c   0x00000044   Code   RO         2634    .text._GLOBAL__sub_I_RC_init.cpp  rc_init.o
    0x0800ae80   0x0800ae80   0x0000012c   Code   RO         2628    .text._Z4testPv     rc_init.o
    0x0800afac   0x0800afac   0x00000026   Code   RO         2512    .text._Z9uart_putsPKc  rc_serial.o
    0x0800afd2   0x0800afd2   0x00000002   PAD
    0x0800afd4   0x0800afd4   0x0000005c   Code   RO         2527    .text._ZN10SquareWave10Get_SignalEv  rc_wava_generator.o
    0x0800b030   0x0800b030   0x00000012   Code   RO         2662    .text._ZN10SquareWave13Set_AmplitudeEf  rc_init.o
    0x0800b042   0x0800b042   0x00000002   PAD
    0x0800b044   0x0800b044   0x0000001a   Code   RO         2525    .text._ZN10SquareWave4InitEv  rc_wava_generator.o
    0x0800b05e   0x0800b05e   0x00000002   PAD
    0x0800b060   0x0800b060   0x00000028   Code   RO         2523    .text._ZN10SquareWaveC2Efj  rc_wava_generator.o
    0x0800b088   0x0800b088   0x0000001a   Code   RO         2537    .text._ZN10SquareWaveD0Ev  rc_wava_generator.o
    0x0800b0a2   0x0800b0a2   0x00000002   PAD
    0x0800b0a4   0x0800b0a4   0x0000000a   Code   RO         2535    .text._ZN10SquareWaveD2Ev  rc_wava_generator.o
    0x0800b0ae   0x0800b0ae   0x00000002   PAD
    0x0800b0b0   0x0800b0b0   0x0000002c   Code   RO         2375    .text._ZN3can10CanHandlerC2ERNS_3CanE  rc_can.o
    0x0800b0dc   0x0800b0dc   0x00000006   Code   RO         2394    .text._ZN3can10CanHandlerD0Ev  rc_can.o
    0x0800b0e2   0x0800b0e2   0x00000002   PAD
    0x0800b0e4   0x0800b0e4   0x0000000a   Code   RO         2392    .text._ZN3can10CanHandlerD2Ev  rc_can.o
    0x0800b0ee   0x0800b0ee   0x00000002   PAD
    0x0800b0f0   0x0800b0f0   0x000001a6   Code   RO         2371    .text._ZN3can3Can12Task_ProcessEv  rc_can.o
    0x0800b296   0x0800b296   0x00000002   PAD
    0x0800b298   0x0800b298   0x00000032   Code   RO         2373    .text._ZN3can3Can14Add_CanHandlerEPNS_10CanHandlerE  rc_can.o
    0x0800b2ca   0x0800b2ca   0x00000002   PAD
    0x0800b2cc   0x0800b2cc   0x00000066   Code   RO         2367    .text._ZN3can3Can15Can_Filter_InitEjjjjjj  rc_can.o
    0x0800b332   0x0800b332   0x00000002   PAD
    0x0800b334   0x0800b334   0x0000015a   Code   RO         2361    .text._ZN3can3Can21All_Can_Rx_It_ProcessEP17CAN_HandleTypeDefj  rc_can.o
    0x0800b48e   0x0800b48e   0x00000002   PAD
    0x0800b490   0x0800b490   0x000000c8   Code   RO         2365    .text._ZN3can3CanC2ER17CAN_HandleTypeDef  rc_can.o
    0x0800b558   0x0800b558   0x0000001c   Code   RO         2390    .text._ZN3can3CanD0Ev  rc_can.o
    0x0800b574   0x0800b574   0x00000014   Code   RO         2388    .text._ZN3can3CanD2Ev  rc_can.o
    0x0800b588   0x0800b588   0x00000012   Code   RO         2490    .text._ZN3pid3Pid11Update_RealEf  rc_m3508.o
    0x0800b59a   0x0800b59a   0x00000006   PAD
    0x0800b5a0   0x0800b5a0   0x00000678   Code   RO         2434    .text._ZN3pid3Pid13Pid_CalculateEbf  rc_pid.o
    0x0800bc18   0x0800bc18   0x00000060   Code   RO         2430    .text._ZN3pid3Pid13Pid_Mode_InitEbbf  rc_pid.o
    0x0800bc78   0x0800bc78   0x00000012   Code   RO         2492    .text._ZN3pid3Pid13Update_TargetEf  rc_m3508.o
    0x0800bc8a   0x0800bc8a   0x00000002   PAD
    0x0800bc8c   0x0800bc8c   0x000000c0   Code   RO         2432    .text._ZN3pid3Pid14Pid_Param_InitEfffffffffff  rc_pid.o
    0x0800bd4c   0x0800bd4c   0x00000060   Code   RO         2488    .text._ZN3pid3PidC2Ev  rc_m3508.o
    0x0800bdac   0x0800bdac   0x0000001a   Code   RO         2508    .text._ZN3pid3PidD0Ev  rc_m3508.o
    0x0800bdc6   0x0800bdc6   0x00000002   PAD
    0x0800bdc8   0x0800bdc8   0x0000000a   Code   RO         2506    .text._ZN3pid3PidD2Ev  rc_m3508.o
    0x0800bdd2   0x0800bdd2   0x00000002   PAD
    0x0800bdd4   0x0800bdd4   0x00000028   Code   RO         2409    .text._ZN3tim10TimHandlerC2ERNS_3TimE  rc_tim.o
    0x0800bdfc   0x0800bdfc   0x00000006   Code   RO         2425    .text._ZN3tim10TimHandlerD0Ev  rc_tim.o
    0x0800be02   0x0800be02   0x00000002   PAD
    0x0800be04   0x0800be04   0x0000000a   Code   RO         2423    .text._ZN3tim10TimHandlerD2Ev  rc_tim.o
    0x0800be0e   0x0800be0e   0x00000002   PAD
    0x0800be10   0x0800be10   0x0000001c   Code   RO         2407    .text._ZN3tim3Tim12Tim_It_StartEv  rc_tim.o
    0x0800be2c   0x0800be2c   0x00000038   Code   RO         2405    .text._ZN3tim3Tim13Add_TimHandleEPNS_10TimHandlerE  rc_tim.o
    0x0800be64   0x0800be64   0x000000a2   Code   RO         2401    .text._ZN3tim3Tim18All_Tim_It_ProcessEP17TIM_HandleTypeDef  rc_tim.o
    0x0800bf06   0x0800bf06   0x00000002   PAD
    0x0800bf08   0x0800bf08   0x00000090   Code   RO         2403    .text._ZN3tim3TimC2ER17TIM_HandleTypeDef  rc_tim.o
    0x0800bf98   0x0800bf98   0x0000001a   Code   RO         2421    .text._ZN3tim3TimD0Ev  rc_tim.o
    0x0800bfb2   0x0800bfb2   0x00000002   PAD
    0x0800bfb4   0x0800bfb4   0x0000000a   Code   RO         2419    .text._ZN3tim3TimD2Ev  rc_tim.o
    0x0800bfbe   0x0800bfbe   0x00000002   PAD
    0x0800bfc0   0x0800bfc0   0x0000009c   Code   RO         2338    .text._ZN4task11ManagedTask16All_Task_ProcessEPv  rc_task.o
    0x0800c05c   0x0800c05c   0x000000c8   Code   RO         2336    .text._ZN4task11ManagedTaskC2EPKchtNS_8TaskTypeEh  rc_task.o
    0x0800c124   0x0800c124   0x00000006   Code   RO         2354    .text._ZN4task11ManagedTaskD0Ev  rc_task.o
    0x0800c12a   0x0800c12a   0x00000002   PAD
    0x0800c12c   0x0800c12c   0x00000014   Code   RO         2352    .text._ZN4task11ManagedTaskD2Ev  rc_task.o
    0x0800c140   0x0800c140   0x00000092   Code   RO         2334    .text._ZN4task11TaskCreatorC2EPKchtPFvPvES3_  rc_task.o
    0x0800c1d2   0x0800c1d2   0x00000002   PAD
    0x0800c1d4   0x0800c1d4   0x0000001a   Code   RO         2350    .text._ZN4task11TaskCreatorD0Ev  rc_task.o
    0x0800c1ee   0x0800c1ee   0x00000002   PAD
    0x0800c1f0   0x0800c1f0   0x0000000a   Code   RO         2348    .text._ZN4task11TaskCreatorD2Ev  rc_task.o
    0x0800c1fa   0x0800c1fa   0x00000002   PAD
    0x0800c1fc   0x0800c1fc   0x000000ce   Code   RO         2473    .text._ZN5m35085M350814Can_Tx_ProcessEv  rc_m3508.o
    0x0800c2ca   0x0800c2ca   0x00000002   PAD
    0x0800c2cc   0x0800c2cc   0x000000f4   Code   RO         2469    .text._ZN5m35085M350814Tim_It_ProcessEv  rc_m3508.o
    0x0800c3c0   0x0800c3c0   0x00000184   Code   RO         2477    .text._ZN5m35085M350817Can_Rx_It_ProcessEPh  rc_m3508.o
    0x0800c544   0x0800c544   0x00000218   Code   RO         2465    .text._ZN5m35085M350819CanHandler_RegisterEv  rc_m3508.o
    0x0800c75c   0x0800c75c   0x00000148   Code   RO         2463    .text._ZN5m35085M3508C2EhRN3can3CanERN3tim3TimE  rc_m3508.o
    0x0800c8a4   0x0800c8a4   0x0000001c   Code   RO         2496    .text._ZN5m35085M3508D0Ev  rc_m3508.o
    0x0800c8c0   0x0800c8c0   0x00000034   Code   RO         2494    .text._ZN5m35085M3508D2Ev  rc_m3508.o
    0x0800c8f4   0x0800c8f4   0x00000088   Code   RO         2666    .text._ZN5motor5Motor7Set_PosEfNS_8MoveModeE  rc_init.o
    0x0800c97c   0x0800c97c   0x00000018   Code   RO         2664    .text._ZN5motor5Motor7Set_RpmEf  rc_init.o
    0x0800c994   0x0800c994   0x00000042   Code   RO         2449    .text._ZN5motor5MotorC2Ev  rc_motor.o
    0x0800c9d6   0x0800c9d6   0x00000002   PAD
    0x0800c9d8   0x0800c9d8   0x0000001a   Code   RO         2459    .text._ZN5motor5MotorD0Ev  rc_motor.o
    0x0800c9f2   0x0800c9f2   0x00000002   PAD
    0x0800c9f4   0x0800c9f4   0x0000000a   Code   RO         2457    .text._ZN5motor5MotorD2Ev  rc_motor.o
    0x0800c9fe   0x0800c9fe   0x00000002   PAD
    0x0800ca00   0x0800ca00   0x00000012   Code   RO         2547    .text._ZN5timer5Timer13Get_DeltaTimeEj  rc_timer.o
    0x0800ca12   0x0800ca12   0x00000002   PAD
    0x0800ca14   0x0800ca14   0x0000002e   Code   RO         2545    .text._ZN5timer5Timer13Get_TimeStampEv  rc_timer.o
    0x0800ca42   0x0800ca42   0x00000002   PAD
    0x0800ca44   0x0800ca44   0x0000002e   Code   RO         2543    .text._ZN5timer5Timer14Tim_It_ProcessEv  rc_timer.o
    0x0800ca72   0x0800ca72   0x00000002   PAD
    0x0800ca74   0x0800ca74   0x00000030   Code   RO         2541    .text._ZN5timer5TimerC2ERN3tim3TimE  rc_timer.o
    0x0800caa4   0x0800caa4   0x0000001a   Code   RO         2560    .text._ZN5timer5TimerD0Ev  rc_timer.o
    0x0800cabe   0x0800cabe   0x00000002   PAD
    0x0800cac0   0x0800cac0   0x00000014   Code   RO         2558    .text._ZN5timer5TimerD2Ev  rc_timer.o
    0x0800cad4   0x0800cad4   0x0000013e   Code   RO         2565    .text._ZN6flysky6FlySky12EXTI_ProsessEt  rc_flysky.o
    0x0800cc12   0x0800cc12   0x00000002   PAD
    0x0800cc14   0x0800cc14   0x000002b8   Code   RO         2569    .text._ZN6flysky6FlySky12Task_ProcessEv  rc_flysky.o
    0x0800cecc   0x0800cecc   0x00000056   Code   RO         2567    .text._ZN6flysky6FlySkyC2Et  rc_flysky.o
    0x0800cf22   0x0800cf22   0x00000002   PAD
    0x0800cf24   0x0800cf24   0x0000001a   Code   RO         2595    .text._ZN6flysky6FlySkyD0Ev  rc_flysky.o
    0x0800cf3e   0x0800cf3e   0x00000002   PAD
    0x0800cf40   0x0800cf40   0x00000014   Code   RO         2593    .text._ZN6flysky6FlySkyD2Ev  rc_flysky.o
    0x0800cf54   0x0800cf54   0x0000000e   Code   RO         2475    .text._ZThn56_N5m35085M350814Can_Tx_ProcessEv  rc_m3508.o
    0x0800cf62   0x0800cf62   0x00000002   PAD
    0x0800cf64   0x0800cf64   0x00000012   Code   RO         2479    .text._ZThn56_N5m35085M350817Can_Rx_It_ProcessEPh  rc_m3508.o
    0x0800cf76   0x0800cf76   0x00000002   PAD
    0x0800cf78   0x0800cf78   0x0000000e   Code   RO         2467    .text._ZThn56_N5m35085M350819CanHandler_RegisterEv  rc_m3508.o
    0x0800cf86   0x0800cf86   0x00000002   PAD
    0x0800cf88   0x0800cf88   0x0000000e   Code   RO         2500    .text._ZThn56_N5m35085M3508D0Ev  rc_m3508.o
    0x0800cf96   0x0800cf96   0x00000002   PAD
    0x0800cf98   0x0800cf98   0x00000010   Code   RO         2498    .text._ZThn56_N5m35085M3508D1Ev  rc_m3508.o
    0x0800cfa8   0x0800cfa8   0x0000000e   Code   RO         2471    .text._ZThn76_N5m35085M350814Tim_It_ProcessEv  rc_m3508.o
    0x0800cfb6   0x0800cfb6   0x00000002   PAD
    0x0800cfb8   0x0800cfb8   0x0000000e   Code   RO         2504    .text._ZThn76_N5m35085M3508D0Ev  rc_m3508.o
    0x0800cfc6   0x0800cfc6   0x00000002   PAD
    0x0800cfc8   0x0800cfc8   0x00000010   Code   RO         2502    .text._ZThn76_N5m35085M3508D1Ev  rc_m3508.o
    0x0800cfd8   0x0800cfd8   0x00000004   Code   RO         2725    .text._ZdlPv        libcpp_w.l(new.cpp.o)
    0x0800cfdc   0x0800cfdc   0x00000004   Code   RO         2729    .text._ZdlPvj       libcpp_w.l(new.cpp.o)
    0x0800cfe0   0x0800cfe0   0x00000030   Code   RO          836    .text.__NVIC_EnableIRQ  stm32f4xx_hal_cortex.o
    0x0800d010   0x0800d010   0x00000010   Code   RO          828    .text.__NVIC_GetPriorityGrouping  stm32f4xx_hal_cortex.o
    0x0800d020   0x0800d020   0x00000042   Code   RO          830    .text.__NVIC_SetPriority  stm32f4xx_hal_cortex.o
    0x0800d062   0x0800d062   0x00000002   PAD
    0x0800d064   0x0800d064   0x00000042   Code   RO         1800    .text.__NVIC_SetPriority  cmsis_os2.o
    0x0800d0a6   0x0800d0a6   0x00000002   PAD
    0x0800d0a8   0x0800d0a8   0x0000003c   Code   RO          824    .text.__NVIC_SetPriorityGrouping  stm32f4xx_hal_cortex.o
    0x0800d0e4   0x0800d0e4   0x00000028   Code   RO         2757    .text.__cxa_pure_virtual  libcppabi_w.l(cxa_virtual.cpp.o)
    0x0800d10c   0x0800d10c   0x00000034   Code   RO         2598    .text.__cxx_global_var_init  rc_init.o
    0x0800d140   0x0800d140   0x00000034   Code   RO         2600    .text.__cxx_global_var_init.1  rc_init.o
    0x0800d174   0x0800d174   0x0000003e   Code   RO         2618    .text.__cxx_global_var_init.10  rc_init.o
    0x0800d1b2   0x0800d1b2   0x00000002   PAD
    0x0800d1b4   0x0800d1b4   0x0000003e   Code   RO         2620    .text.__cxx_global_var_init.11  rc_init.o
    0x0800d1f2   0x0800d1f2   0x00000002   PAD
    0x0800d1f4   0x0800d1f4   0x00000034   Code   RO         2622    .text.__cxx_global_var_init.12  rc_init.o
    0x0800d228   0x0800d228   0x0000002e   Code   RO         2624    .text.__cxx_global_var_init.13  rc_init.o
    0x0800d256   0x0800d256   0x00000002   PAD
    0x0800d258   0x0800d258   0x00000038   Code   RO         2626    .text.__cxx_global_var_init.14  rc_init.o
    0x0800d290   0x0800d290   0x0000004a   Code   RO         2630    .text.__cxx_global_var_init.15  rc_init.o
    0x0800d2da   0x0800d2da   0x00000002   PAD
    0x0800d2dc   0x0800d2dc   0x00000034   Code   RO         2602    .text.__cxx_global_var_init.2  rc_init.o
    0x0800d310   0x0800d310   0x00000034   Code   RO         2604    .text.__cxx_global_var_init.3  rc_init.o
    0x0800d344   0x0800d344   0x0000003e   Code   RO         2606    .text.__cxx_global_var_init.4  rc_init.o
    0x0800d382   0x0800d382   0x00000002   PAD
    0x0800d384   0x0800d384   0x0000003e   Code   RO         2608    .text.__cxx_global_var_init.5  rc_init.o
    0x0800d3c2   0x0800d3c2   0x00000002   PAD
    0x0800d3c4   0x0800d3c4   0x0000003e   Code   RO         2610    .text.__cxx_global_var_init.6  rc_init.o
    0x0800d402   0x0800d402   0x00000002   PAD
    0x0800d404   0x0800d404   0x0000003e   Code   RO         2612    .text.__cxx_global_var_init.7  rc_init.o
    0x0800d442   0x0800d442   0x00000002   PAD
    0x0800d444   0x0800d444   0x0000003e   Code   RO         2614    .text.__cxx_global_var_init.8  rc_init.o
    0x0800d482   0x0800d482   0x00000002   PAD
    0x0800d484   0x0800d484   0x0000003e   Code   RO         2616    .text.__cxx_global_var_init.9  rc_init.o
    0x0800d4c2   0x0800d4c2   0x00000004   Code   RO         3004    .text.abort_message  libcppabi_w.l(abort_message.cpp.o)
    0x0800d4c6   0x0800d4c6   0x00000002   PAD
    0x0800d4c8   0x0800d4c8   0x00000040   Code   RO         2172    .text.main          main.o
    0x0800d508   0x0800d508   0x00000034   Code   RO         1704    .text.osDelay       cmsis_os2.o
    0x0800d53c   0x0800d53c   0x00000046   Code   RO         1638    .text.osKernelInitialize  cmsis_os2.o
    0x0800d582   0x0800d582   0x00000002   PAD
    0x0800d584   0x0800d584   0x00000052   Code   RO         1644    .text.osKernelStart  cmsis_os2.o
    0x0800d5d6   0x0800d5d6   0x00000002   PAD
    0x0800d5d8   0x0800d5d8   0x0000015a   Code   RO         1668    .text.osThreadNew   cmsis_os2.o
    0x0800d732   0x0800d732   0x00000002   PAD
    0x0800d734   0x0800d734   0x000000d4   Code   RO         1430    .text.prvAddCurrentTaskToDelayedList  tasks.o
    0x0800d808   0x0800d808   0x00000122   Code   RO         1416    .text.prvAddNewTaskToReadyList  tasks.o
    0x0800d92a   0x0800d92a   0x00000002   PAD
    0x0800d92c   0x0800d92c   0x000000a2   Code   RO         1567    .text.prvCheckForValidListAndQueue  timers.o
    0x0800d9ce   0x0800d9ce   0x00000002   PAD
    0x0800d9d0   0x0800d9d0   0x0000005a   Code   RO         1534    .text.prvCheckTasksWaitingTermination  tasks.o
    0x0800da2a   0x0800da2a   0x00000002   PAD
    0x0800da2c   0x0800da2c   0x00000042   Code   RO         1309    .text.prvCopyDataFromQueue  queue.o
    0x0800da6e   0x0800da6e   0x00000002   PAD
    0x0800da70   0x0800da70   0x000000cc   Code   RO         1297    .text.prvCopyDataToQueue  queue.o
    0x0800db3c   0x0800db3c   0x0000005e   Code   RO         1422    .text.prvDeleteTCB  tasks.o
    0x0800db9a   0x0800db9a   0x00000002   PAD
    0x0800db9c   0x0800db9c   0x00000040   Code   RO         1605    .text.prvGetNextExpireTime  timers.o
    0x0800dbdc   0x0800dbdc   0x000000bc   Code   RO         1817    .text.prvHeapInit   heap_4.o
    0x0800dc98   0x0800dc98   0x00000038   Code   RO         1456    .text.prvIdleTask   tasks.o
    0x0800dcd0   0x0800dcd0   0x00000048   Code   RO         1271    .text.prvInitialiseNewQueue  queue.o
    0x0800dd18   0x0800dd18   0x00000122   Code   RO         1414    .text.prvInitialiseNewTask  tasks.o
    0x0800de3a   0x0800de3a   0x00000002   PAD
    0x0800de3c   0x0800de3c   0x0000008e   Code   RO         1532    .text.prvInitialiseTaskLists  tasks.o
    0x0800deca   0x0800deca   0x00000002   PAD
    0x0800decc   0x0800decc   0x000000c6   Code   RO         1819    .text.prvInsertBlockIntoFreeList  heap_4.o
    0x0800df92   0x0800df92   0x00000002   PAD
    0x0800df94   0x0800df94   0x00000086   Code   RO         1617    .text.prvInsertTimerInActiveList  timers.o
    0x0800e01a   0x0800e01a   0x00000002   PAD
    0x0800e01c   0x0800e01c   0x00000028   Code   RO         1311    .text.prvIsQueueEmpty  queue.o
    0x0800e044   0x0800e044   0x0000002e   Code   RO         1299    .text.prvIsQueueFull  queue.o
    0x0800e072   0x0800e072   0x00000002   PAD
    0x0800e074   0x0800e074   0x00000028   Code   RO         1858    .text.prvPortStartFirstTask  port.o
    0x0800e09c   0x0800e09c   0x0000008e   Code   RO         1613    .text.prvProcessExpiredTimer  timers.o
    0x0800e12a   0x0800e12a   0x00000002   PAD
    0x0800e12c   0x0800e12c   0x00000192   Code   RO         1609    .text.prvProcessReceivedCommands  timers.o
    0x0800e2be   0x0800e2be   0x00000002   PAD
    0x0800e2c0   0x0800e2c0   0x0000009a   Code   RO         1607    .text.prvProcessTimerOrBlockTask  timers.o
    0x0800e35a   0x0800e35a   0x00000002   PAD
    0x0800e35c   0x0800e35c   0x00000046   Code   RO         1424    .text.prvResetNextTaskUnblockTime  tasks.o
    0x0800e3a2   0x0800e3a2   0x00000002   PAD
    0x0800e3a4   0x0800e3a4   0x00000044   Code   RO         1611    .text.prvSampleTimeNow  timers.o
    0x0800e3e8   0x0800e3e8   0x000000d4   Code   RO         1615    .text.prvSwitchTimerLists  timers.o
    0x0800e4bc   0x0800e4bc   0x0000004c   Code   RO         1848    .text.prvTaskExitError  port.o
    0x0800e508   0x0800e508   0x0000001e   Code   RO         1569    .text.prvTimerTask  timers.o
    0x0800e526   0x0800e526   0x00000002   PAD
    0x0800e528   0x0800e528   0x000000ae   Code   RO         1301    .text.prvUnlockQueue  queue.o
    0x0800e5d6   0x0800e5d6   0x00000002   PAD
    0x0800e5d8   0x0800e5d8   0x000001ec   Code   RO         1815    .text.pvPortMalloc  heap_4.o
    0x0800e7c4   0x0800e7c4   0x0000005e   Code   RO         1846    .text.pxPortInitialiseStack  port.o
    0x0800e822   0x0800e822   0x00000002   PAD
    0x0800e824   0x0800e824   0x00000052   Code   RO         2514    .text.uart_printf   rc_serial.o
    0x0800e876   0x0800e876   0x00000002   PAD
    0x0800e878   0x0800e878   0x00000048   Code   RO         1258    .text.uxListRemove  list.o
    0x0800e8c0   0x0800e8c0   0x0000002a   Code   RO         1796    .text.vApplicationGetIdleTaskMemory  cmsis_os2.o
    0x0800e8ea   0x0800e8ea   0x00000002   PAD
    0x0800e8ec   0x0800e8ec   0x0000002c   Code   RO         1798    .text.vApplicationGetTimerTaskMemory  cmsis_os2.o
    0x0800e918   0x0800e918   0x0000002e   Code   RO         1250    .text.vListInitialise  list.o
    0x0800e946   0x0800e946   0x00000002   PAD
    0x0800e948   0x0800e948   0x0000000e   Code   RO         1252    .text.vListInitialiseItem  list.o
    0x0800e956   0x0800e956   0x00000002   PAD
    0x0800e958   0x0800e958   0x0000006a   Code   RO         1256    .text.vListInsert   list.o
    0x0800e9c2   0x0800e9c2   0x00000002   PAD
    0x0800e9c4   0x0800e9c4   0x0000003a   Code   RO         1254    .text.vListInsertEnd  list.o
    0x0800e9fe   0x0800e9fe   0x00000002   PAD
    0x0800ea00   0x0800ea00   0x00000014   Code   RO         1856    .text.vPortEnableVFP  port.o
    0x0800ea14   0x0800ea14   0x00000056   Code   RO         1862    .text.vPortEnterCritical  port.o
    0x0800ea6a   0x0800ea6a   0x00000002   PAD
    0x0800ea6c   0x0800ea6c   0x0000004a   Code   RO         1864    .text.vPortExitCritical  port.o
    0x0800eab6   0x0800eab6   0x00000002   PAD
    0x0800eab8   0x0800eab8   0x000000ce   Code   RO         1821    .text.vPortFree     heap_4.o
    0x0800eb86   0x0800eb86   0x00000002   PAD
    0x0800eb88   0x0800eb88   0x00000044   Code   RO         1854    .text.vPortSetupTimerInterrupt  port.o
    0x0800ebcc   0x0800ebcc   0x00000084   Code   RO         1870    .text.vPortValidateInterruptPriority  port.o
    0x0800ec50   0x0800ec50   0x00000052   Code   RO         1341    .text.vQueueAddToRegistry  queue.o
    0x0800eca2   0x0800eca2   0x00000002   PAD
    0x0800eca4   0x0800eca4   0x00000064   Code   RO         1345    .text.vQueueWaitForMessageRestricted  queue.o
    0x0800ed08   0x0800ed08   0x0000006e   Code   RO         1434    .text.vTaskDelay    tasks.o
    0x0800ed76   0x0800ed76   0x00000002   PAD
    0x0800ed78   0x0800ed78   0x00000114   Code   RO         1426    .text.vTaskDelayUntil  tasks.o
    0x0800ee8c   0x0800ee8c   0x00000024   Code   RO         1488    .text.vTaskInternalSetTimeOutState  tasks.o
    0x0800eeb0   0x0800eeb0   0x0000000e   Code   RO         1492    .text.vTaskMissedYield  tasks.o
    0x0800eebe   0x0800eebe   0x00000002   PAD
    0x0800eec0   0x0800eec0   0x00000042   Code   RO         1476    .text.vTaskPlaceOnEventList  tasks.o
    0x0800ef02   0x0800ef02   0x00000002   PAD
    0x0800ef04   0x0800ef04   0x00000052   Code   RO         1480    .text.vTaskPlaceOnEventListRestricted  tasks.o
    0x0800ef56   0x0800ef56   0x00000002   PAD
    0x0800ef58   0x0800ef58   0x000000e0   Code   RO         1454    .text.vTaskStartScheduler  tasks.o
    0x0800f038   0x0800f038   0x00000010   Code   RO         1428    .text.vTaskSuspendAll  tasks.o
    0x0800f048   0x0800f048   0x000000c6   Code   RO         1446    .text.vTaskSwitchContext  tasks.o
    0x0800f10e   0x0800f10e   0x00000002   PAD
    0x0800f110   0x0800f110   0x00000156   Code   RO         1852    .text.xPortStartScheduler  port.o
    0x0800f266   0x0800f266   0x00000002   PAD
    0x0800f268   0x0800f268   0x0000003c   Code   RO         1868    .text.xPortSysTickHandler  port.o
    0x0800f2a4   0x0800f2a4   0x0000010e   Code   RO         1269    .text.xQueueGenericCreateStatic  queue.o
    0x0800f3b2   0x0800f3b2   0x00000002   PAD
    0x0800f3b4   0x0800f3b4   0x000000ba   Code   RO         1267    .text.xQueueGenericReset  queue.o
    0x0800f46e   0x0800f46e   0x00000002   PAD
    0x0800f470   0x0800f470   0x0000022c   Code   RO         1287    .text.xQueueGenericSend  queue.o
    0x0800f69c   0x0800f69c   0x0000014c   Code   RO         1303    .text.xQueueGenericSendFromISR  queue.o
    0x0800f7e8   0x0800f7e8   0x000001dc   Code   RO         1307    .text.xQueueReceive  queue.o
    0x0800f9c4   0x0800f9c4   0x000000cc   Code   RO         1490    .text.xTaskCheckForTimeOut  tasks.o
    0x0800fa90   0x0800fa90   0x0000009e   Code   RO         1418    .text.xTaskCreate   tasks.o
    0x0800fb2e   0x0800fb2e   0x00000002   PAD
    0x0800fb30   0x0800fb30   0x000000ce   Code   RO         1412    .text.xTaskCreateStatic  tasks.o
    0x0800fbfe   0x0800fbfe   0x00000002   PAD
    0x0800fc00   0x0800fc00   0x00000038   Code   RO         1506    .text.xTaskGetSchedulerState  tasks.o
    0x0800fc38   0x0800fc38   0x00000014   Code   RO         1462    .text.xTaskGetTickCount  tasks.o
    0x0800fc4c   0x0800fc4c   0x000001c4   Code   RO         1460    .text.xTaskIncrementTick  tasks.o
    0x0800fe10   0x0800fe10   0x000000ec   Code   RO         1510    .text.xTaskPriorityDisinherit  tasks.o
    0x0800fefc   0x0800fefc   0x000000ce   Code   RO         1482    .text.xTaskRemoveFromEventList  tasks.o
    0x0800ffca   0x0800ffca   0x00000002   PAD
    0x0800ffcc   0x0800ffcc   0x00000186   Code   RO         1432    .text.xTaskResumeAll  tasks.o
    0x08010152   0x08010152   0x00000002   PAD
    0x08010154   0x08010154   0x00000094   Code   RO         1565    .text.xTimerCreateTimerTask  timers.o
    0x080101e8   0x080101e8   0x000000b0   Code   RO         1577    .text.xTimerGenericCommand  timers.o
    0x08010298   0x08010298   0x0000003e   Code   RO         3151    CL$$btod_d2e        c_w.l(btod.o)
    0x080102d6   0x080102d6   0x00000046   Code   RO         3153    CL$$btod_d2e_denorm_low  c_w.l(btod.o)
    0x0801031c   0x0801031c   0x00000060   Code   RO         3152    CL$$btod_d2e_norm_op1  c_w.l(btod.o)
    0x0801037c   0x0801037c   0x00000338   Code   RO         3161    CL$$btod_div_common  c_w.l(btod.o)
    0x080106b4   0x080106b4   0x000000dc   Code   RO         3158    CL$$btod_e2e        c_w.l(btod.o)
    0x08010790   0x08010790   0x0000002a   Code   RO         3155    CL$$btod_ediv       c_w.l(btod.o)
    0x080107ba   0x080107ba   0x0000002a   Code   RO         3154    CL$$btod_emul       c_w.l(btod.o)
    0x080107e4   0x080107e4   0x00000244   Code   RO         3160    CL$$btod_mult_common  c_w.l(btod.o)
    0x08010a28   0x08010a28   0x00000030   Code   RO         3229    i.__ARM_fpclassify  m_wm.l(fpclassify.o)
    0x08010a58   0x08010a58   0x0000000e   Code   RO         2891    i._is_digit         c_w.l(__printf_wp.o)
    0x08010a66   0x08010a66   0x00000002   PAD
    0x08010a68   0x08010a68   0x0000002c   Code   RO         3182    locale$$code        c_w.l(lc_numeric_c.o)
    0x08010a94   0x08010a94   0x0000002c   Code   RO         3249    locale$$code        c_w.l(lc_ctype_c.o)
    0x08010ac0   0x08010ac0   0x00000062   Code   RO         2704    x$fpl$d2f           fz_wm.l(d2f.o)
    0x08010b22   0x08010b22   0x00000002   PAD
    0x08010b24   0x08010b24   0x00000150   Code   RO         2706    x$fpl$dadd          fz_wm.l(daddsub_clz.o)
    0x08010c74   0x08010c74   0x00000154   Code   RO         2712    x$fpl$dmul          fz_wm.l(dmul.o)
    0x08010dc8   0x08010dc8   0x0000009c   Code   RO         2981    x$fpl$dnaninf       fz_wm.l(dnaninf.o)
    0x08010e64   0x08010e64   0x0000000c   Code   RO         2983    x$fpl$dretinf       fz_wm.l(dretinf.o)
    0x08010e70   0x08010e70   0x000001dc   Code   RO         2708    x$fpl$dsub          fz_wm.l(daddsub_clz.o)
    0x0801104c   0x0801104c   0x00000056   Code   RO         2714    x$fpl$f2d           fz_wm.l(f2d.o)
    0x080110a2   0x080110a2   0x0000008c   Code   RO         2985    x$fpl$fnaninf       fz_wm.l(fnaninf.o)
    0x0801112e   0x0801112e   0x0000001a   Code   RO         3099    x$fpl$fpinit        fz_wm.l(fpinit.o)
    0x08011148   0x08011148   0x0000000a   Code   RO         2987    x$fpl$fretinf       fz_wm.l(fretinf.o)
    0x08011152   0x08011152   0x00000004   Code   RO         2989    x$fpl$printf1       fz_wm.l(printf1.o)
    0x08011156   0x08011156   0x00000004   Code   RO         2991    x$fpl$printf2       fz_wm.l(printf2.o)
    0x0801115a   0x0801115a   0x00000000   Code   RO         2997    x$fpl$usenofp       fz_wm.l(usenofp.o)
    0x0801115a   0x0801115a   0x00000002   PAD
    0x0801115c   0x0801115c   0x00000008   Data   RO         2850    .constdata          c_w.l(_printf_wctomb.o)
    0x08011164   0x08011164   0x00000028   Data   RO         2879    .constdata          c_w.l(_printf_hex_int_ll_ptr.o)
    0x0801118c   0x0801118c   0x00000011   Data   RO         2899    .constdata          c_w.l(__printf_flags_ss_wp.o)
    0x0801119d   0x0801119d   0x00000026   Data   RO         3079    .constdata          c_w.l(_printf_fp_hex.o)
    0x080111c3   0x080111c3   0x00000001   PAD
    0x080111c4   0x080111c4   0x00000094   Data   RO         3149    .constdata          c_w.l(bigflt0.o)
    0x08011258   0x08011258   0x000000e0   Data   RO         2381    .rodata..Lconstinit  rc_can.o
    0x08011338   0x08011338   0x00000010   Data   RO         1203    .rodata.AHBPrescTable  system_stm32f4xx.o
    0x08011348   0x08011348   0x00000008   Data   RO         1204    .rodata.APBPrescTable  system_stm32f4xx.o
    0x08011350   0x08011350   0x00000008   Data   RO          754    .rodata.DMA_CalcBaseAndBitshift.flagBitshiftOffset  stm32f4xx_hal_dma.o
    0x08011358   0x08011358   0x00000010   Data   RO         2539    .rodata._ZTV10SquareWave  rc_wava_generator.o
    0x08011368   0x08011368   0x0000001c   Data   RO         2396    .rodata._ZTVN3can10CanHandlerE  rc_can.o
    0x08011384   0x08011384   0x00000014   Data   RO         2380    .rodata._ZTVN3can3CanE  rc_can.o
    0x08011398   0x08011398   0x00000010   Data   RO         2510    .rodata._ZTVN3pid3PidE  rc_m3508.o
    0x080113a8   0x080113a8   0x00000014   Data   RO         2428    .rodata._ZTVN3tim10TimHandlerE  rc_tim.o
    0x080113bc   0x080113bc   0x00000010   Data   RO         2427    .rodata._ZTVN3tim3TimE  rc_tim.o
    0x080113cc   0x080113cc   0x00000014   Data   RO         2357    .rodata._ZTVN4task11ManagedTaskE  rc_task.o
    0x080113e0   0x080113e0   0x00000010   Data   RO         2356    .rodata._ZTVN4task11TaskCreatorE  rc_task.o
    0x080113f0   0x080113f0   0x00000050   Data   RO         2481    .rodata._ZTVN5m35085M3508E  rc_m3508.o
    0x08011440   0x08011440   0x00000010   Data   RO         2461    .rodata._ZTVN5motor5MotorE  rc_motor.o
    0x08011450   0x08011450   0x00000014   Data   RO         2551    .rodata._ZTVN5timer5TimerE  rc_timer.o
    0x08011464   0x08011464   0x00000014   Data   RO         2585    .rodata._ZTVN6flysky6FlySkyE  rc_flysky.o
    0x08011478   0x08011478   0x00000024   Data   RO         2201    .rodata.defaultTask_attributes  freertos.o
    0x0801149c   0x0801149c   0x00000005   Data   RO         1550    .rodata.str1.1      tasks.o
    0x080114a1   0x080114a1   0x0000000d   Data   RO         1620    .rodata.str1.1      timers.o
    0x080114ae   0x080114ae   0x00000042   Data   RO         1913    .rodata.str1.1      usbd_desc.o
    0x080114f0   0x080114f0   0x0000000c   Data   RO         2200    .rodata.str1.1      freertos.o
    0x080114fc   0x080114fc   0x00000004   Data   RO         2379    .rodata.str1.1      rc_can.o
    0x08011500   0x08011500   0x00000007   Data   RO         2584    .rodata.str1.1      rc_flysky.o
    0x08011507   0x08011507   0x00000016   Data   RO         2653    .rodata.str1.1      rc_init.o
    0x0801151d   0x0801151d   0x00000003   PAD
    0x08011520   0x08011520   0x00000020   Data   RO         3362    Region$$Table       anon$$obj.o
    0x08011540   0x08011540   0x0000001c   Data   RO         3181    locale$$data        c_w.l(lc_numeric_c.o)
    0x0801155c   0x0801155c   0x00000110   Data   RO         3248    locale$$data        c_w.l(lc_ctype_c.o)
    0x0801166c   0x0801166c   0x00000004   Data   RO         2655    .init_array         rc_init.o
    0x08011670   0x0801166c   0x00000000   Data   RO         2699    .init_array         c_w.l(init_aeabi.o)


    Execution Region RW_IRAM1 (Exec base: 0x20000000, Load base: 0x08011670, Size: 0x00007c90, Max: 0x0001c000, ABSOLUTE)

    Exec Addr    Load Addr    Size         Type   Attr      Idx    E Section Name        Object

    0x20000000   0x08011670   0x00000001   Data   RW         2163    .data.CDCCmdEpAdd   usbd_cdc.o
    0x20000001   0x08011671   0x00000001   Data   RW         2161    .data.CDCInEpAdd    usbd_cdc.o
    0x20000002   0x08011672   0x00000001   Data   RW         2162    .data.CDCOutEpAdd   usbd_cdc.o
    0x20000003   0x08011673   0x00000001   PAD
    0x20000004   0x08011674   0x0000001c   Data   RW         1909    .data.FS_Desc       usbd_desc.o
    0x20000020   0x08011690   0x00000004   Data   RW         1202    .data.SystemCoreClock  system_stm32f4xx.o
    0x20000024   0x08011694   0x00000038   Data   RW         2159    .data.USBD_CDC      usbd_cdc.o
    0x2000005c   0x080116cc   0x00000043   Data   RW         2164    .data.USBD_CDC_CfgDesc  usbd_cdc.o
    0x2000009f   0x0801170f   0x00000001   PAD
    0x200000a0   0x08011710   0x0000000a   Data   RW         2160    .data.USBD_CDC_DeviceQualifierDesc  usbd_cdc.o
    0x200000aa   0x0801171a   0x00000002   PAD
    0x200000ac   0x0801171c   0x00000012   Data   RW         1910    .data.USBD_FS_DeviceDesc  usbd_desc.o
    0x200000be   0x0801172e   0x00000002   PAD
    0x200000c0   0x08011730   0x00000014   Data   RW         1934    .data.USBD_Interface_fops_FS  usbd_cdc_if.o
    0x200000d4   0x08011744   0x00000004   Data   RW         1911    .data.USBD_LangIDDesc  usbd_desc.o
    0x200000d8   0x08011748   0x0000001a   Data   RW         1912    .data.USBD_StringSerial  usbd_desc.o
    0x200000f2   0x08011762   0x00000002   PAD
    0x200000f4   0x08011764   0x00000004   Data   RW         2652    .data.a             rc_init.o
    0x200000f8   0x08011768   0x00000001   Data   RW          954    .data.uwTickFreq    stm32f4xx_hal.o
    0x200000f9   0x08011769   0x00000003   PAD
    0x200000fc   0x0801176c   0x00000004   Data   RW          953    .data.uwTickPrio    stm32f4xx_hal.o
    0x20000100   0x08011770   0x00000004   Data   RW         1874    .data.uxCriticalNesting  port.o
    0x20000104   0x08011774   0x00000004   PAD
    0x20000108        -       0x00000060   Zero   RW         3125    .bss                c_w.l(libspace.o)
    0x20000168        -       0x00000004   Zero   RW         2220    .bss.HAL_RCC_CAN1_CLK_ENABLED  can.o
    0x2000016c        -       0x00000004   Zero   RW         1802    .bss.KernelState    cmsis_os2.o
    0x20000170        -       0x00000001   Zero   RW         2100    .bss.USBD_SetConfig.cfgidx  usbd_ctlreq.o
    0x20000171   0x08011774   0x00000003   PAD
    0x20000174        -       0x00000200   Zero   RW         1914    .bss.USBD_StrDesc   usbd_desc.o
    0x20000374        -       0x00000220   Zero   RW         2007    .bss.USBD_static_malloc.mem  usbd_conf.o
    0x20000594        -       0x00000800   Zero   RW         1935    .bss.UserRxBufferFS  usbd_cdc_if.o
    0x20000d94        -       0x00000800   Zero   RW         1936    .bss.UserTxBufferFS  usbd_cdc_if.o
    0x20001594        -       0x00000001   Zero   RW         2378    .bss._ZN3can3Can7can_numE  rc_can.o
    0x20001595   0x08011774   0x00000003   PAD
    0x20001598        -       0x0000000c   Zero   RW         2377    .bss._ZN3can3Can8can_listE  rc_can.o
    0x200015a4        -       0x00000001   Zero   RW         2411    .bss._ZN3tim3Tim7tim_numE  rc_tim.o
    0x200015a5   0x08011774   0x00000003   PAD
    0x200015a8        -       0x00000034   Zero   RW         2412    .bss._ZN3tim3Tim8tim_listE  rc_tim.o
    0x200015dc        -       0x00000001   Zero   RW         2341    .bss._ZN4task11ManagedTask8task_numE  rc_task.o
    0x200015dd   0x08011774   0x00000003   PAD
    0x200015e0        -       0x00000030   Zero   RW         2340    .bss._ZN4task11ManagedTask9task_listE  rc_task.o
    0x20001610        -       0x00000004   Zero   RW         2549    .bss._ZN5timer5Timer5cycleE  rc_timer.o
    0x20001614        -       0x00000004   Zero   RW         2550    .bss._ZN5timer5Timer9timer_timE  rc_timer.o
    0x20001618        -       0x00000010   Zero   RW         2572    .bss._ZN6flysky6FlySky12channel_listE  rc_flysky.o
    0x20001628        -       0x00000001   Zero   RW         2576    .bss._ZN6flysky6FlySky3swaE  rc_flysky.o
    0x20001629        -       0x00000001   Zero   RW         2577    .bss._ZN6flysky6FlySky3swbE  rc_flysky.o
    0x2000162a        -       0x00000001   Zero   RW         2578    .bss._ZN6flysky6FlySky3swcE  rc_flysky.o
    0x2000162b        -       0x00000001   Zero   RW         2579    .bss._ZN6flysky6FlySky3swdE  rc_flysky.o
    0x2000162c        -       0x00000002   Zero   RW         2580    .bss._ZN6flysky6FlySky6left_xE  rc_flysky.o
    0x2000162e        -       0x00000002   Zero   RW         2581    .bss._ZN6flysky6FlySky6left_yE  rc_flysky.o
    0x20001630        -       0x00000001   Zero   RW         2571    .bss._ZN6flysky6FlySky7is_initE  rc_flysky.o
    0x20001631   0x08011774   0x00000001   PAD
    0x20001632        -       0x00000002   Zero   RW         2582    .bss._ZN6flysky6FlySky7right_xE  rc_flysky.o
    0x20001634        -       0x00000002   Zero   RW         2583    .bss._ZN6flysky6FlySky7right_yE  rc_flysky.o
    0x20001636        -       0x00000002   Zero   RW         2574    .bss._ZN6flysky6FlySky8GPIO_PinE  rc_flysky.o
    0x20001638        -       0x00000010   Zero   RW         2573    .bss._ZN6flysky6FlySky8data_bufE  rc_flysky.o
    0x20001648        -       0x00000004   Zero   RW         2575    .bss._ZN6flysky6FlySky9last_timeE  rc_flysky.o
    0x2000164c        -       0x00000001   Zero   RW         2586    .bss._ZZN6flysky6FlySky12EXTI_ProsessEtE4flag  rc_flysky.o
    0x2000164d   0x08011774   0x00000003   PAD
    0x20001650        -       0x00000118   Zero   RW         2638    .bss.can1           rc_init.o
    0x20001768        -       0x00000118   Zero   RW         2639    .bss.can2           rc_init.o
    0x20001880        -       0x00000004   Zero   RW         2202    .bss.defaultTaskHandle  freertos.o
    0x20001884        -       0x000002dc   Zero   RW         1884    .bss.hUsbDeviceFS   usb_device.o
    0x20001b60        -       0x00000028   Zero   RW         2218    .bss.hcan1          can.o
    0x20001b88        -       0x00000028   Zero   RW         2219    .bss.hcan2          can.o
    0x20001bb0        -       0x00000060   Zero   RW         2260    .bss.hdma_usart1_rx  usart.o
    0x20001c10        -       0x00000060   Zero   RW         2261    .bss.hdma_usart1_tx  usart.o
    0x20001c70        -       0x000004e4   Zero   RW         2006    .bss.hpcd_USB_OTG_FS  usbd_conf.o
    0x20002154        -       0x00000048   Zero   RW         2244    .bss.htim4          tim.o
    0x2000219c        -       0x00000048   Zero   RW         2326    .bss.htim6          stm32f4xx_hal_timebase_tim.o
    0x200021e4        -       0x00000048   Zero   RW         2245    .bss.htim7          tim.o
    0x2000222c        -       0x00000048   Zero   RW         2259    .bss.huart1         usart.o
    0x20002274        -       0x00000140   Zero   RW         2641    .bss.m3508_1        rc_init.o
    0x200023b4        -       0x00000140   Zero   RW         2643    .bss.m3508_2        rc_init.o
    0x200024f4        -       0x00000140   Zero   RW         2644    .bss.m3508_3        rc_init.o
    0x20002634        -       0x00000140   Zero   RW         2642    .bss.m3508_4        rc_init.o
    0x20002774        -       0x00000140   Zero   RW         2640    .bss.m3508_5        rc_init.o
    0x200028b4        -       0x00000140   Zero   RW         2645    .bss.m3508_6        rc_init.o
    0x200029f4        -       0x00000140   Zero   RW         2646    .bss.m3508_7        rc_init.o
    0x20002b34        -       0x00000140   Zero   RW         2647    .bss.m3508_8        rc_init.o
    0x20002c74        -       0x000000a0   Zero   RW         1628    .bss.prvCheckForValidListAndQueue.ucStaticTimerQueueStorage  timers.o
    0x20002d14        -       0x00000050   Zero   RW         1627    .bss.prvCheckForValidListAndQueue.xStaticTimerQueue  timers.o
    0x20002d64        -       0x00000004   Zero   RW         1624    .bss.prvSampleTimeNow.xLastTime  timers.o
    0x20002d68        -       0x00000004   Zero   RW         1536    .bss.pxCurrentTCB   tasks.o
    0x20002d6c        -       0x00000004   Zero   RW         1622    .bss.pxCurrentTimerList  timers.o
    0x20002d70        -       0x00000004   Zero   RW         1544    .bss.pxDelayedTaskList  tasks.o
    0x20002d74        -       0x00000004   Zero   RW         1831    .bss.pxEnd          heap_4.o
    0x20002d78        -       0x00000004   Zero   RW         1545    .bss.pxOverflowDelayedTaskList  tasks.o
    0x20002d7c        -       0x00000004   Zero   RW         1623    .bss.pxOverflowTimerList  timers.o
    0x20002d80        -       0x00000460   Zero   RW         1547    .bss.pxReadyTasksLists  tasks.o
    0x200031e0        -       0x0000000c   Zero   RW         2649    .bss.remote_ctrl    rc_init.o
    0x200031ec        -       0x00000004   Zero   RW         2651    .bss.target         rc_init.o
    0x200031f0        -       0x00000008   Zero   RW         2654    .bss.test_task      rc_init.o
    0x200031f8        -       0x0000004c   Zero   RW         2637    .bss.tim4_timer     rc_init.o
    0x20003244        -       0x0000004c   Zero   RW         2636    .bss.tim7_1khz      rc_init.o
    0x20003290        -       0x00000008   Zero   RW         2648    .bss.timer_us       rc_init.o
    0x20003298        -       0x00003c00   Zero   RW         1838    .bss.ucHeap         heap_4.o
    0x20006e98        -       0x00000001   Zero   RW         1872    .bss.ucMaxSysCallPriority  port.o
    0x20006e99   0x08011774   0x00000003   PAD
    0x20006e9c        -       0x00000004   Zero   RW         1873    .bss.ulMaxPRIGROUPValue  port.o
    0x20006ea0        -       0x00000004   Zero   RW          955    .bss.uwTick         stm32f4xx_hal.o
    0x20006ea4        -       0x00000004   Zero   RW         1540    .bss.uxCurrentNumberOfTasks  tasks.o
    0x20006ea8        -       0x00000004   Zero   RW         1539    .bss.uxDeletedTasksWaitingCleanUp  tasks.o
    0x20006eac        -       0x00000004   Zero   RW         1542    .bss.uxSchedulerSuspended  tasks.o
    0x20006eb0        -       0x00000004   Zero   RW         1537    .bss.uxTaskNumber   tasks.o
    0x20006eb4        -       0x00000004   Zero   RW         1548    .bss.uxTopReadyPriority  tasks.o
    0x20006eb8        -       0x00000200   Zero   RW         1805    .bss.vApplicationGetIdleTaskMemory.Idle_Stack  cmsis_os2.o
    0x200070b8        -       0x0000005c   Zero   RW         1804    .bss.vApplicationGetIdleTaskMemory.Idle_TCB  cmsis_os2.o
    0x20007114        -       0x00000400   Zero   RW         1807    .bss.vApplicationGetTimerTaskMemory.Timer_Stack  cmsis_os2.o
    0x20007514        -       0x0000005c   Zero   RW         1806    .bss.vApplicationGetTimerTaskMemory.Timer_TCB  cmsis_os2.o
    0x20007570        -       0x00000014   Zero   RW         2650    .bss.wave           rc_init.o
    0x20007584        -       0x00000014   Zero   RW         1625    .bss.xActiveTimerList1  timers.o
    0x20007598        -       0x00000014   Zero   RW         1626    .bss.xActiveTimerList2  timers.o
    0x200075ac        -       0x00000004   Zero   RW         1832    .bss.xBlockAllocatedBit  heap_4.o
    0x200075b0        -       0x00000014   Zero   RW         1556    .bss.xDelayedTaskList1  tasks.o
    0x200075c4        -       0x00000014   Zero   RW         1557    .bss.xDelayedTaskList2  tasks.o
    0x200075d8        -       0x00000004   Zero   RW         1833    .bss.xFreeBytesRemaining  heap_4.o
    0x200075dc        -       0x00000004   Zero   RW         1551    .bss.xIdleTaskHandle  tasks.o
    0x200075e0        -       0x00000004   Zero   RW         1835    .bss.xMinimumEverFreeBytesRemaining  heap_4.o
    0x200075e4        -       0x00000004   Zero   RW         1552    .bss.xNextTaskUnblockTime  tasks.o
    0x200075e8        -       0x00000004   Zero   RW         1555    .bss.xNumOfOverflows  tasks.o
    0x200075ec        -       0x00000004   Zero   RW         1836    .bss.xNumberOfSuccessfulAllocations  heap_4.o
    0x200075f0        -       0x00000004   Zero   RW         1837    .bss.xNumberOfSuccessfulFrees  heap_4.o
    0x200075f4        -       0x00000004   Zero   RW         1554    .bss.xPendedTicks   tasks.o
    0x200075f8        -       0x00000014   Zero   RW         1549    .bss.xPendingReadyList  tasks.o
    0x2000760c        -       0x00000040   Zero   RW         1347    .bss.xQueueRegistry  queue.o
    0x2000764c        -       0x00000004   Zero   RW         1541    .bss.xSchedulerRunning  tasks.o
    0x20007650        -       0x00000008   Zero   RW         1834    .bss.xStart         heap_4.o
    0x20007658        -       0x00000014   Zero   RW         1546    .bss.xSuspendedTaskList  tasks.o
    0x2000766c        -       0x00000014   Zero   RW         1538    .bss.xTasksWaitingTermination  tasks.o
    0x20007680        -       0x00000004   Zero   RW         1543    .bss.xTickCount     tasks.o
    0x20007684        -       0x00000004   Zero   RW         1619    .bss.xTimerQueue    timers.o
    0x20007688        -       0x00000004   Zero   RW         1621    .bss.xTimerTaskHandle  timers.o
    0x2000768c        -       0x00000004   Zero   RW         1553    .bss.xYieldPending  tasks.o
    0x20007690        -       0x00000200   Zero   RW            2    HEAP                startup_stm32f407xx.o
    0x20007890        -       0x00000400   Zero   RW            1    STACK               startup_stm32f407xx.o


    Execution Region RW_IRAM2 (Exec base: 0x2001c000, Load base: 0x08011778, Size: 0x00000000, Max: 0x00004000, ABSOLUTE)

    **** No section assigned to this execution region ****


==============================================================================

Image component sizes


      Code (inc. data)   RO Data    RW Data    ZI Data      Debug   Object Name

       586          0          0          0         84       6428   can.o
       746          0          0          0       1724      34874   cmsis_os2.o
        82          0          0          0          0       3279   dma.o
        56          0         48          0          4       2659   freertos.o
       238          0          0          0          0       3924   gpio.o
      1084          0          0          0      15392       4404   heap_4.o
       296          0          0          0          0       2207   list.o
       298          0          0          0          0       5704   main.o
      1128         16          0          4          5       3818   port.o
      2604          0          0          0         64      17264   queue.o
      1264          0        276          0         13       7993   rc_can.o
      1166          0         27          0         52      10289   rc_flysky.o
      1562          4         26          4       3324      23434   rc_init.o
      2070         64         96          0          0      21113   rc_m3508.o
       102          0         16          0          0      15593   rc_motor.o
      1944         16          0          0          0      16984   rc_pid.o
       120          0          0          0          0       7392   rc_serial.o
       564          0         36          0         49       6034   rc_task.o
       498          0         36          0         53       4383   rc_tim.o
       204          0         20          0          8       3294   rc_timer.o
       194          0         16          0          0       3133   rc_wava_generator.o
        64         26        392          0       1536        840   startup_stm32f407xx.o
       158          0          0          5          4       7099   stm32f4xx_hal.o
      2974          0          0          0          0      11539   stm32f4xx_hal_can.o
       384          0          0          0          0       9710   stm32f4xx_hal_cortex.o
      1794          8          8          0          0       8488   stm32f4xx_hal_dma.o
      1006          0          0          0          0       5084   stm32f4xx_hal_gpio.o
        88          0          0          0          0       3344   stm32f4xx_hal_msp.o
      4972          0          0          0          0      14399   stm32f4xx_hal_pcd.o
       192          0          0          0          0       4214   stm32f4xx_hal_pcd_ex.o
      2730          0          0          0          0       7588   stm32f4xx_hal_rcc.o
      2036          0          0          0          0      35993   stm32f4xx_hal_tim.o
       306          0          0          0          0      15324   stm32f4xx_hal_tim_ex.o
       240          0          0          0         72       7086   stm32f4xx_hal_timebase_tim.o
      2868          0          0          0          0      20419   stm32f4xx_hal_uart.o
       208          0          0          0          0       2061   stm32f4xx_it.o
      5118          0          0          0          0      19783   stm32f4xx_ll_usb.o
        18          0         24          4          0       2495   system_stm32f4xx.o
      4194          0          5          0       1280      24117   tasks.o
       378          0          0          0        144       7255   tim.o
      1692         10         13          0        300      11570   timers.o
       396          0          0          0        264       6898   usart.o
       118          0          0          0        732       3121   usb_device.o
      2380         12          0        136          0      10834   usbd_cdc.o
       206         36          0         20       4096       2589   usbd_cdc_if.o
      1396          4          0          0       1796      14448   usbd_conf.o
      2152          0          0          0          0       8982   usbd_core.o
      3402         30          0          0          1       8552   usbd_ctlreq.o
       572          0         66         76        512       3222   usbd_desc.o
       246          0          0          0          0       4210   usbd_ioreq.o

    ----------------------------------------------------------------------
     59542        238       1140        260      31532     485467   Object Totals
         0          0         32          0          0          0   (incl. Generated)
       448         12          3         11         23          0   (incl. Padding)

    ----------------------------------------------------------------------

      Code (inc. data)   RO Data    RW Data    ZI Data      Debug   Library Member Name

         8          0          0          0          0         68   __main.o
       392          4         17          0          0         92   __printf_flags_ss_wp.o
        14          0          0          0          0         68   __printf_wp.o
         0          0          0          0          0          0   __rtentry.o
        12          0          0          0          0          0   __rtentry2.o
         6          0          0          0          0          0   __rtentry4.o
        94          8          0          0          0          0   __scatter.o
        26          0          0          0          0          0   __scatter_copy.o
        28          0          0          0          0          0   __scatter_zi.o
        72          0          0          0          0         96   _c16rtomb.o
         6          0          0          0          0          0   _printf_a.o
         6          0          0          0          0          0   _printf_c.o
        44          0          0          0          0        108   _printf_char.o
        48          6          0          0          0         96   _printf_char_common.o
        40          0          0          0          0         68   _printf_charcount.o
         6          0          0          0          0          0   _printf_d.o
       120         16          0          0          0         92   _printf_dec.o
         6          0          0          0          0          0   _printf_e.o
         6          0          0          0          0          0   _printf_f.o
      1052          0          0          0          0        148   _printf_fp_dec.o
       764          8         38          0          0        100   _printf_fp_hex.o
       128         16          0          0          0         84   _printf_fp_infnan.o
         6          0          0          0          0          0   _printf_g.o
       148          4         40          0          0        160   _printf_hex_int_ll_ptr.o
         6          0          0          0          0          0   _printf_i.o
       178          0          0          0          0         88   _printf_intcommon.o
        10          0          0          0          0          0   _printf_l.o
         6          0          0          0          0          0   _printf_lc.o
        10          0          0          0          0          0   _printf_ll.o
         6          0          0          0          0          0   _printf_lld.o
         6          0          0          0          0          0   _printf_lli.o
         6          0          0          0          0          0   _printf_llo.o
         6          0          0          0          0          0   _printf_llu.o
         6          0          0          0          0          0   _printf_llx.o
       124         16          0          0          0         92   _printf_longlong_dec.o
         6          0          0          0          0          0   _printf_ls.o
         6          0          0          0          0          0   _printf_n.o
         6          0          0          0          0          0   _printf_o.o
       112          8          0          0          0        124   _printf_oct_int_ll.o
         6          0          0          0          0          0   _printf_p.o
        78          0          0          0          0        108   _printf_pad.o
         0          0          0          0          0          0   _printf_percent.o
         4          0          0          0          0          0   _printf_percent_end.o
         6          0          0          0          0          0   _printf_s.o
        82          0          0          0          0         80   _printf_str.o
        36          0          0          0          0         84   _printf_truncate.o
         6          0          0          0          0          0   _printf_u.o
        44          0          0          0          0        108   _printf_wchar.o
       188          6          8          0          0         92   _printf_wctomb.o
         6          0          0          0          0          0   _printf_x.o
        16          0          0          0          0         68   _snputc.o
        22          0          0          0          0         80   abort.o
        46          0          0          0          0         84   aeabi_atexit.o
        16          0          0          0          0         68   aeabi_memset4.o
       228          4        148          0          0         96   bigflt0.o
      1936        128          0          0          0        668   btod.o
        10          0          0          0          0         68   cxa_atexit.o
        66          0          0          0          0         84   cxa_finalize.o
        48         34          0          0          0         76   defsig_abrt_inner.o
        14          0          0          0          0         80   defsig_abrt_outer.o
        10          0          0          0          0         68   defsig_exit.o
        50          0          0          0          0         88   defsig_general.o
        80         58          0          0          0         76   defsig_rtmem_inner.o
        14          0          0          0          0         80   defsig_rtmem_outer.o
        18          0          0          0          0         80   exit.o
        94          0          0          0          0         80   h1_alloc.o
        52          0          0          0          0         68   h1_extend.o
        78          0          0          0          0         80   h1_free.o
        12          0          0          0          0         84   h1_init.o
         6          0          0          0          0        152   heapauxi.o
         4          0          0          0          0        136   hguard.o
         0          0          0          0          0          0   indicate_semi.o
        44          8          0          0          0         80   init_aeabi.o
       138          0          0          0          0        168   init_alloc.o
        44         10        272          0          0         76   lc_ctype_c.o
        44         10         28          0          0         76   lc_numeric_c.o
         2          0          0          0          0          0   libinit.o
        46          0          0          0          0          0   libinit2.o
         2          0          0          0          0          0   libshutdown.o
         8          0          0          0          0          0   libshutdown2.o
         8          4          0          0         96         68   libspace.o
       138          0          0          0          0         80   lludiv10.o
       240          0          0          0          0        100   lludivv7m.o
         0          0          0          0          0          0   maybetermalloc1.o
        16          4          0          0          0         76   rt_ctype_table.o
         8          4          0          0          0         68   rt_ddtor_pointer_addr_intlibspace.o
         8          4          0          0          0         68   rt_heap_descriptor_intlibspace.o
         8          4          0          0          0         68   rt_locale_intlibspace.o
        78          0          0          0          0         80   rt_memclr_w.o
       138          0          0          0          0         68   rt_memcpy_v6.o
       100          0          0          0          0         80   rt_memcpy_w.o
         2          0          0          0          0          0   rtexit.o
        10          0          0          0          0          0   rtexit2.o
       124          0          0          0          0         88   strcmpv7em.o
        62          0          0          0          0         76   strlen.o
        12          4          0          0          0         68   sys_exit.o
        74          0          0          0          0         80   sys_stackheap_outer.o
        14          0          0          0          0         76   sys_wrch.o
         2          0          0          0          0         68   use_no_semi.o
        60          4          0          0          0         80   vsnprintf.o
        98          4          0          0          0        140   d2f.o
       812         16          0          0          0        392   daddsub_clz.o
       340         12          0          0          0        152   dmul.o
       156          4          0          0          0        140   dnaninf.o
        12          0          0          0          0        116   dretinf.o
        86          4          0          0          0        132   f2d.o
       140          4          0          0          0        132   fnaninf.o
        26          0          0          0          0        116   fpinit.o
        10          0          0          0          0        116   fretinf.o
         4          0          0          0          0        116   printf1.o
         4          0          0          0          0        116   printf2.o
         0          0          0          0          0          0   usenofp.o
         8          0          0          0          0        412   new.cpp.o
         4          0          0          0          0         36   abort_message.cpp.o
        40         32          0          0          0         52   cxa_virtual.cpp.o
        48          0          0          0          0        124   fpclassify.o

    ----------------------------------------------------------------------
     10046        452        552          0         96       8304   Library Totals
        26          4          1          0          0          0   (incl. Padding)

    ----------------------------------------------------------------------

      Code (inc. data)   RO Data    RW Data    ZI Data      Debug   Library Name

      8232        372        551          0         96       6012   c_w.l
      1688         44          0          0          0       1668   fz_wm.l
         8          0          0          0          0        412   libcpp_w.l
        44         32          0          0          0         88   libcppabi_w.l
        48          0          0          0          0        124   m_wm.l

    ----------------------------------------------------------------------
     10046        452        552          0         96       8304   Library Totals

    ----------------------------------------------------------------------

==============================================================================


      Code (inc. data)   RO Data    RW Data    ZI Data      Debug   

     69588        690       1692        260      31628     488287   Grand Totals
     69588        690       1692        260      31628     488287   ELF Image Totals
     69588        690       1692        260          0          0   ROM Totals

==============================================================================

    Total RO  Size (Code + RO Data)                71280 (  69.61kB)
    Total RW  Size (RW Data + ZI Data)             31888 (  31.14kB)
    Total ROM Size (Code + RO Data + RW Data)      71540 (  69.86kB)

==============================================================================

