<html>
<body>
<pre>
<h1>µVision Build Log</h1>
<h2>Tool Versions:</h2>
IDE-Version: ¦ÌVision V5.25.0.0
Copyright (C) 2017 ARM Ltd and ARM Germany GmbH. All rights reserved.
License Information: 1 602758231@qq.com, 1, LIC=TIVNB-2TNLW-PCYJ8-3CDDV-PS14J-GNY6J
 
Tool Versions:
Toolchain:       MDK-ARM Plus  Version: 5.25.0.0
Toolchain Path:  C:\Keil_v5\ARM\ARMCLANG\Bin
C Compiler:      ArmClang.exe V6.9
Assembler:       Armasm.exe V6.9
Linker/Locator:  ArmLink.exe V6.9
Library Manager: ArmAr.exe V6.9
Hex Converter:   FromElf.exe V6.9
CPU DLL:         SARMCM3.DLL V5.25.0.0
Dialog DLL:      DCM.DLL V1.17.0.0
Target DLL:      CMSIS_AGDI.dll V1.28.8.0
Dialog DLL:      TCM.DLL V1.34.0.0
 
<h2>Project:</h2>
D:\code\my_github\Xu-Zheng-Rong\MDK-ARM\RC2026.uvprojx
Project File Date:  09/18/2025

<h2>Output:</h2>
*** Using Compiler 'V6.9', folder: 'C:\Keil_v5\ARM\ARMCLANG\Bin'
Build target 'RC2026'
compiling RC_tim.cpp...
../RC26_User/Src/RC_init.cpp(1): warning: In file included from...
../RC26_User/Inc\RC_init.h(11): warning: In file included from...
../RC26_Lib/Inc\RC_chassis.h(46): warning: typedef requires a name [-Wmissing-declarations]
    typedef struct chassis_info {//<U+5E95><U+76D8><U+5404><U+4E2A><U+53C2><U+6570>
    ^~~~~~~
1 warning generated.
compiling RC_init.cpp...
linking...
RC2026\RC2026.axf: Warning: L6776W: The debug frame in .debug_frame(rc_can.o) does not describe an executable section.
Program Size: Code=127156 RO-data=4688 RW-data=268 ZI-data=32164  
Finished: 0 information, 1 warning and 0 error messages.
FromELF: creating hex file...
"RC2026\RC2026.axf" - 0 Error(s), 2 Warning(s).

<h2>Software Packages used:</h2>

Package Vendor: ARM
                http://www.keil.com/pack/ARM.CMSIS.5.2.0.pack
                ARM.CMSIS.5.2.0
                CMSIS (Cortex Microcontroller Software Interface Standard)
   * Component: CORE Version: 5.0.2

Package Vendor: Keil
                http://www.keil.com/pack/Keil.STM32F4xx_DFP.2.15.0.pack
                Keil.STM32F4xx_DFP.2.15.0
                STMicroelectronics STM32F4 Series Device Support, Drivers and Examples

<h2>Collection of Component include folders:</h2>
  .\RTE\_RC2026
  C:\Keil_v5\ARM\PACK\ARM\CMSIS\5.2.0\CMSIS\Include
  C:\Keil_v5\ARM\PACK\Keil\STM32F4xx_DFP\2.15.0\Drivers\CMSIS\Device\ST\STM32F4xx\Include

<h2>Collection of Component Files used:</h2>

   * Component: ARM::CMSIS:CORE:5.0.2
Build Time Elapsed:  00:00:02
</pre>
</body>
</html>
