<!doctype html public "-//w3c//dtd html 4.0 transitional//en">
<html><head>
<title>Static Call Graph - [RC2026\RC2026.axf]</title></head>
<body><HR>
<H1>Static Call Graph for image RC2026\RC2026.axf</H1><HR>
<BR><P>#&#060CALLGRAPH&#062# ARM Linker, 6220000: Last Updated: Sat Dec 20 19:31:25 2025
<BR><P>
<H3>Maximum Stack Usage =        568 bytes + Unknown(Functions without stacksize, Cycles, Untraceable Function Pointers)</H3><H3>
Call chain for Maximum Stack Depth:</H3>
__rt_entry_main &rArr; main &rArr; MX_FDCAN3_Init &rArr; HAL_FDCAN_Init &rArr; HAL_FDCAN_MspInit &rArr; HAL_RCCEx_PeriphCLKConfig &rArr; RCCEx_PLL3_Config
<P>
<H3>
Functions with no stack information
</H3><UL>
 <LI><a href="#[18d]">__user_initial_stackheap</a>
</UL>
</UL>
<P>
<H3>
Mutually Recursive functions
</H3> <LI><a href="#[73]">ADC3_IRQHandler</a>&nbsp;&nbsp;&nbsp;&rArr;&nbsp;&nbsp;&nbsp;<a href="#[73]">ADC3_IRQHandler</a><BR>
</UL>
<P>
<H3>
Function Pointers
</H3><UL>
 <LI><a href="#[73]">ADC3_IRQHandler</a> from startup_stm32h723xx.o(.text) referenced from startup_stm32h723xx.o(RESET)
 <LI><a href="#[1c]">ADC_IRQHandler</a> from startup_stm32h723xx.o(.text) referenced from startup_stm32h723xx.o(RESET)
 <LI><a href="#[75]">BDMA_Channel0_IRQHandler</a> from startup_stm32h723xx.o(.text) referenced from startup_stm32h723xx.o(RESET)
 <LI><a href="#[76]">BDMA_Channel1_IRQHandler</a> from startup_stm32h723xx.o(.text) referenced from startup_stm32h723xx.o(RESET)
 <LI><a href="#[77]">BDMA_Channel2_IRQHandler</a> from startup_stm32h723xx.o(.text) referenced from startup_stm32h723xx.o(RESET)
 <LI><a href="#[78]">BDMA_Channel3_IRQHandler</a> from startup_stm32h723xx.o(.text) referenced from startup_stm32h723xx.o(RESET)
 <LI><a href="#[79]">BDMA_Channel4_IRQHandler</a> from startup_stm32h723xx.o(.text) referenced from startup_stm32h723xx.o(RESET)
 <LI><a href="#[7a]">BDMA_Channel5_IRQHandler</a> from startup_stm32h723xx.o(.text) referenced from startup_stm32h723xx.o(RESET)
 <LI><a href="#[7b]">BDMA_Channel6_IRQHandler</a> from startup_stm32h723xx.o(.text) referenced from startup_stm32h723xx.o(RESET)
 <LI><a href="#[7c]">BDMA_Channel7_IRQHandler</a> from startup_stm32h723xx.o(.text) referenced from startup_stm32h723xx.o(RESET)
 <LI><a href="#[4]">BusFault_Handler</a> from stm32h7xx_it.o(.text.BusFault_Handler) referenced from startup_stm32h723xx.o(RESET)
 <LI><a href="#[15e]">CDC_Control_HS</a> from usbd_cdc_if.o(.text.CDC_Control_HS) referenced from usbd_cdc_if.o(.data.USBD_Interface_fops_HS)
 <LI><a href="#[15d]">CDC_DeInit_HS</a> from usbd_cdc_if.o(.text.CDC_DeInit_HS) referenced from usbd_cdc_if.o(.data.USBD_Interface_fops_HS)
 <LI><a href="#[15c]">CDC_Init_HS</a> from usbd_cdc_if.o(.text.CDC_Init_HS) referenced from usbd_cdc_if.o(.data.USBD_Interface_fops_HS)
 <LI><a href="#[15f]">CDC_Receive_HS</a> from usbd_cdc_if.o(.text.CDC_Receive_HS) referenced from usbd_cdc_if.o(.data.USBD_Interface_fops_HS)
 <LI><a href="#[160]">CDC_TransmitCplt_HS</a> from usbd_cdc_if.o(.text.CDC_TransmitCplt_HS) referenced from usbd_cdc_if.o(.data.USBD_Interface_fops_HS)
 <LI><a href="#[61]">CEC_IRQHandler</a> from startup_stm32h723xx.o(.text) referenced from startup_stm32h723xx.o(RESET)
 <LI><a href="#[7d]">COMP1_IRQHandler</a> from startup_stm32h723xx.o(.text) referenced from startup_stm32h723xx.o(RESET)
 <LI><a href="#[8a]">CORDIC_IRQHandler</a> from startup_stm32h723xx.o(.text) referenced from startup_stm32h723xx.o(RESET)
 <LI><a href="#[83]">CRS_IRQHandler</a> from startup_stm32h723xx.o(.text) referenced from startup_stm32h723xx.o(RESET)
 <LI><a href="#[53]">DCMI_PSSI_IRQHandler</a> from startup_stm32h723xx.o(.text) referenced from startup_stm32h723xx.o(RESET)
 <LI><a href="#[66]">DFSDM1_FLT0_IRQHandler</a> from startup_stm32h723xx.o(.text) referenced from startup_stm32h723xx.o(RESET)
 <LI><a href="#[67]">DFSDM1_FLT1_IRQHandler</a> from startup_stm32h723xx.o(.text) referenced from startup_stm32h723xx.o(RESET)
 <LI><a href="#[68]">DFSDM1_FLT2_IRQHandler</a> from startup_stm32h723xx.o(.text) referenced from startup_stm32h723xx.o(RESET)
 <LI><a href="#[69]">DFSDM1_FLT3_IRQHandler</a> from startup_stm32h723xx.o(.text) referenced from startup_stm32h723xx.o(RESET)
 <LI><a href="#[15]">DMA1_Stream0_IRQHandler</a> from stm32h7xx_it.o(.text.DMA1_Stream0_IRQHandler) referenced from startup_stm32h723xx.o(RESET)
 <LI><a href="#[16]">DMA1_Stream1_IRQHandler</a> from stm32h7xx_it.o(.text.DMA1_Stream1_IRQHandler) referenced from startup_stm32h723xx.o(RESET)
 <LI><a href="#[17]">DMA1_Stream2_IRQHandler</a> from startup_stm32h723xx.o(.text) referenced from startup_stm32h723xx.o(RESET)
 <LI><a href="#[18]">DMA1_Stream3_IRQHandler</a> from startup_stm32h723xx.o(.text) referenced from startup_stm32h723xx.o(RESET)
 <LI><a href="#[19]">DMA1_Stream4_IRQHandler</a> from startup_stm32h723xx.o(.text) referenced from startup_stm32h723xx.o(RESET)
 <LI><a href="#[1a]">DMA1_Stream5_IRQHandler</a> from startup_stm32h723xx.o(.text) referenced from startup_stm32h723xx.o(RESET)
 <LI><a href="#[1b]">DMA1_Stream6_IRQHandler</a> from startup_stm32h723xx.o(.text) referenced from startup_stm32h723xx.o(RESET)
 <LI><a href="#[38]">DMA1_Stream7_IRQHandler</a> from startup_stm32h723xx.o(.text) referenced from startup_stm32h723xx.o(RESET)
 <LI><a href="#[5e]">DMA2D_IRQHandler</a> from startup_stm32h723xx.o(.text) referenced from startup_stm32h723xx.o(RESET)
 <LI><a href="#[41]">DMA2_Stream0_IRQHandler</a> from startup_stm32h723xx.o(.text) referenced from startup_stm32h723xx.o(RESET)
 <LI><a href="#[42]">DMA2_Stream1_IRQHandler</a> from startup_stm32h723xx.o(.text) referenced from startup_stm32h723xx.o(RESET)
 <LI><a href="#[43]">DMA2_Stream2_IRQHandler</a> from startup_stm32h723xx.o(.text) referenced from startup_stm32h723xx.o(RESET)
 <LI><a href="#[44]">DMA2_Stream3_IRQHandler</a> from startup_stm32h723xx.o(.text) referenced from startup_stm32h723xx.o(RESET)
 <LI><a href="#[45]">DMA2_Stream4_IRQHandler</a> from startup_stm32h723xx.o(.text) referenced from startup_stm32h723xx.o(RESET)
 <LI><a href="#[49]">DMA2_Stream5_IRQHandler</a> from startup_stm32h723xx.o(.text) referenced from startup_stm32h723xx.o(RESET)
 <LI><a href="#[4a]">DMA2_Stream6_IRQHandler</a> from startup_stm32h723xx.o(.text) referenced from startup_stm32h723xx.o(RESET)
 <LI><a href="#[4b]">DMA2_Stream7_IRQHandler</a> from startup_stm32h723xx.o(.text) referenced from startup_stm32h723xx.o(RESET)
 <LI><a href="#[65]">DMAMUX1_OVR_IRQHandler</a> from startup_stm32h723xx.o(.text) referenced from startup_stm32h723xx.o(RESET)
 <LI><a href="#[74]">DMAMUX2_OVR_IRQHandler</a> from startup_stm32h723xx.o(.text) referenced from startup_stm32h723xx.o(RESET)
 <LI><a href="#[86]">DTS_IRQHandler</a> from startup_stm32h723xx.o(.text) referenced from startup_stm32h723xx.o(RESET)
 <LI><a href="#[7]">DebugMon_Handler</a> from stm32h7xx_it.o(.text.DebugMon_Handler) referenced from startup_stm32h723xx.o(RESET)
 <LI><a href="#[84]">ECC_IRQHandler</a> from startup_stm32h723xx.o(.text) referenced from startup_stm32h723xx.o(RESET)
 <LI><a href="#[46]">ETH_IRQHandler</a> from startup_stm32h723xx.o(.text) referenced from startup_stm32h723xx.o(RESET)
 <LI><a href="#[47]">ETH_WKUP_IRQHandler</a> from startup_stm32h723xx.o(.text) referenced from startup_stm32h723xx.o(RESET)
 <LI><a href="#[10]">EXTI0_IRQHandler</a> from startup_stm32h723xx.o(.text) referenced from startup_stm32h723xx.o(RESET)
 <LI><a href="#[32]">EXTI15_10_IRQHandler</a> from stm32h7xx_it.o(.text.EXTI15_10_IRQHandler) referenced from startup_stm32h723xx.o(RESET)
 <LI><a href="#[11]">EXTI1_IRQHandler</a> from startup_stm32h723xx.o(.text) referenced from startup_stm32h723xx.o(RESET)
 <LI><a href="#[12]">EXTI2_IRQHandler</a> from stm32h7xx_it.o(.text.EXTI2_IRQHandler) referenced from startup_stm32h723xx.o(RESET)
 <LI><a href="#[13]">EXTI3_IRQHandler</a> from startup_stm32h723xx.o(.text) referenced from startup_stm32h723xx.o(RESET)
 <LI><a href="#[14]">EXTI4_IRQHandler</a> from startup_stm32h723xx.o(.text) referenced from startup_stm32h723xx.o(RESET)
 <LI><a href="#[21]">EXTI9_5_IRQHandler</a> from stm32h7xx_it.o(.text.EXTI9_5_IRQHandler) referenced from startup_stm32h723xx.o(RESET)
 <LI><a href="#[93]">ExitRun0Mode</a> from system_stm32h7xx.o(.text.ExitRun0Mode) referenced from startup_stm32h723xx.o(.text)
 <LI><a href="#[1d]">FDCAN1_IT0_IRQHandler</a> from stm32h7xx_it.o(.text.FDCAN1_IT0_IRQHandler) referenced from startup_stm32h723xx.o(RESET)
 <LI><a href="#[1f]">FDCAN1_IT1_IRQHandler</a> from stm32h7xx_it.o(.text.FDCAN1_IT1_IRQHandler) referenced from startup_stm32h723xx.o(RESET)
 <LI><a href="#[1e]">FDCAN2_IT0_IRQHandler</a> from stm32h7xx_it.o(.text.FDCAN2_IT0_IRQHandler) referenced from startup_stm32h723xx.o(RESET)
 <LI><a href="#[20]">FDCAN2_IT1_IRQHandler</a> from stm32h7xx_it.o(.text.FDCAN2_IT1_IRQHandler) referenced from startup_stm32h723xx.o(RESET)
 <LI><a href="#[8f]">FDCAN3_IT0_IRQHandler</a> from stm32h7xx_it.o(.text.FDCAN3_IT0_IRQHandler) referenced from startup_stm32h723xx.o(RESET)
 <LI><a href="#[90]">FDCAN3_IT1_IRQHandler</a> from stm32h7xx_it.o(.text.FDCAN3_IT1_IRQHandler) referenced from startup_stm32h723xx.o(RESET)
 <LI><a href="#[48]">FDCAN_CAL_IRQHandler</a> from startup_stm32h723xx.o(.text) referenced from startup_stm32h723xx.o(RESET)
 <LI><a href="#[e]">FLASH_IRQHandler</a> from startup_stm32h723xx.o(.text) referenced from startup_stm32h723xx.o(RESET)
 <LI><a href="#[89]">FMAC_IRQHandler</a> from startup_stm32h723xx.o(.text) referenced from startup_stm32h723xx.o(RESET)
 <LI><a href="#[39]">FMC_IRQHandler</a> from startup_stm32h723xx.o(.text) referenced from startup_stm32h723xx.o(RESET)
 <LI><a href="#[55]">FPU_IRQHandler</a> from startup_stm32h723xx.o(.text) referenced from startup_stm32h723xx.o(RESET)
 <LI><a href="#[72]">HSEM1_IRQHandler</a> from startup_stm32h723xx.o(.text) referenced from startup_stm32h723xx.o(RESET)
 <LI><a href="#[2]">HardFault_Handler</a> from stm32h7xx_it.o(.text.HardFault_Handler) referenced from startup_stm32h723xx.o(RESET)
 <LI><a href="#[2a]">I2C1_ER_IRQHandler</a> from startup_stm32h723xx.o(.text) referenced from startup_stm32h723xx.o(RESET)
 <LI><a href="#[29]">I2C1_EV_IRQHandler</a> from startup_stm32h723xx.o(.text) referenced from startup_stm32h723xx.o(RESET)
 <LI><a href="#[2c]">I2C2_ER_IRQHandler</a> from startup_stm32h723xx.o(.text) referenced from startup_stm32h723xx.o(RESET)
 <LI><a href="#[2b]">I2C2_EV_IRQHandler</a> from startup_stm32h723xx.o(.text) referenced from startup_stm32h723xx.o(RESET)
 <LI><a href="#[4e]">I2C3_ER_IRQHandler</a> from startup_stm32h723xx.o(.text) referenced from startup_stm32h723xx.o(RESET)
 <LI><a href="#[4d]">I2C3_EV_IRQHandler</a> from startup_stm32h723xx.o(.text) referenced from startup_stm32h723xx.o(RESET)
 <LI><a href="#[63]">I2C4_ER_IRQHandler</a> from startup_stm32h723xx.o(.text) referenced from startup_stm32h723xx.o(RESET)
 <LI><a href="#[62]">I2C4_EV_IRQHandler</a> from startup_stm32h723xx.o(.text) referenced from startup_stm32h723xx.o(RESET)
 <LI><a href="#[8e]">I2C5_ER_IRQHandler</a> from startup_stm32h723xx.o(.text) referenced from startup_stm32h723xx.o(RESET)
 <LI><a href="#[8d]">I2C5_EV_IRQHandler</a> from startup_stm32h723xx.o(.text) referenced from startup_stm32h723xx.o(RESET)
 <LI><a href="#[60]">LPTIM1_IRQHandler</a> from startup_stm32h723xx.o(.text) referenced from startup_stm32h723xx.o(RESET)
 <LI><a href="#[7e]">LPTIM2_IRQHandler</a> from startup_stm32h723xx.o(.text) referenced from startup_stm32h723xx.o(RESET)
 <LI><a href="#[7f]">LPTIM3_IRQHandler</a> from startup_stm32h723xx.o(.text) referenced from startup_stm32h723xx.o(RESET)
 <LI><a href="#[80]">LPTIM4_IRQHandler</a> from startup_stm32h723xx.o(.text) referenced from startup_stm32h723xx.o(RESET)
 <LI><a href="#[81]">LPTIM5_IRQHandler</a> from startup_stm32h723xx.o(.text) referenced from startup_stm32h723xx.o(RESET)
 <LI><a href="#[82]">LPUART1_IRQHandler</a> from startup_stm32h723xx.o(.text) referenced from startup_stm32h723xx.o(RESET)
 <LI><a href="#[5d]">LTDC_ER_IRQHandler</a> from startup_stm32h723xx.o(.text) referenced from startup_stm32h723xx.o(RESET)
 <LI><a href="#[5c]">LTDC_IRQHandler</a> from startup_stm32h723xx.o(.text) referenced from startup_stm32h723xx.o(RESET)
 <LI><a href="#[6f]">MDIOS_IRQHandler</a> from startup_stm32h723xx.o(.text) referenced from startup_stm32h723xx.o(RESET)
 <LI><a href="#[6e]">MDIOS_WKUP_IRQHandler</a> from startup_stm32h723xx.o(.text) referenced from startup_stm32h723xx.o(RESET)
 <LI><a href="#[70]">MDMA_IRQHandler</a> from startup_stm32h723xx.o(.text) referenced from startup_stm32h723xx.o(RESET)
 <LI><a href="#[3]">MemManage_Handler</a> from stm32h7xx_it.o(.text.MemManage_Handler) referenced from startup_stm32h723xx.o(RESET)
 <LI><a href="#[1]">NMI_Handler</a> from stm32h7xx_it.o(.text.NMI_Handler) referenced from startup_stm32h723xx.o(RESET)
 <LI><a href="#[5f]">OCTOSPI1_IRQHandler</a> from startup_stm32h723xx.o(.text) referenced from startup_stm32h723xx.o(RESET)
 <LI><a href="#[88]">OCTOSPI2_IRQHandler</a> from startup_stm32h723xx.o(.text) referenced from startup_stm32h723xx.o(RESET)
 <LI><a href="#[50]">OTG_HS_EP1_IN_IRQHandler</a> from startup_stm32h723xx.o(.text) referenced from startup_stm32h723xx.o(RESET)
 <LI><a href="#[4f]">OTG_HS_EP1_OUT_IRQHandler</a> from startup_stm32h723xx.o(.text) referenced from startup_stm32h723xx.o(RESET)
 <LI><a href="#[52]">OTG_HS_IRQHandler</a> from stm32h7xx_it.o(.text.OTG_HS_IRQHandler) referenced from startup_stm32h723xx.o(RESET)
 <LI><a href="#[51]">OTG_HS_WKUP_IRQHandler</a> from startup_stm32h723xx.o(.text) referenced from startup_stm32h723xx.o(RESET)
 <LI><a href="#[b]">PVD_AVD_IRQHandler</a> from startup_stm32h723xx.o(.text) referenced from startup_stm32h723xx.o(RESET)
 <LI><a href="#[8]">PendSV_Handler</a> from port.o(.text.PendSV_Handler) referenced from startup_stm32h723xx.o(RESET)
 <LI><a href="#[f]">RCC_IRQHandler</a> from startup_stm32h723xx.o(.text) referenced from startup_stm32h723xx.o(RESET)
 <LI><a href="#[54]">RNG_IRQHandler</a> from startup_stm32h723xx.o(.text) referenced from startup_stm32h723xx.o(RESET)
 <LI><a href="#[33]">RTC_Alarm_IRQHandler</a> from startup_stm32h723xx.o(.text) referenced from startup_stm32h723xx.o(RESET)
 <LI><a href="#[d]">RTC_WKUP_IRQHandler</a> from startup_stm32h723xx.o(.text) referenced from startup_stm32h723xx.o(RESET)
 <LI><a href="#[0]">Reset_Handler</a> from startup_stm32h723xx.o(.text) referenced from startup_stm32h723xx.o(RESET)
 <LI><a href="#[5b]">SAI1_IRQHandler</a> from startup_stm32h723xx.o(.text) referenced from startup_stm32h723xx.o(RESET)
 <LI><a href="#[85]">SAI4_IRQHandler</a> from startup_stm32h723xx.o(.text) referenced from startup_stm32h723xx.o(RESET)
 <LI><a href="#[3a]">SDMMC1_IRQHandler</a> from startup_stm32h723xx.o(.text) referenced from startup_stm32h723xx.o(RESET)
 <LI><a href="#[71]">SDMMC2_IRQHandler</a> from startup_stm32h723xx.o(.text) referenced from startup_stm32h723xx.o(RESET)
 <LI><a href="#[64]">SPDIF_RX_IRQHandler</a> from startup_stm32h723xx.o(.text) referenced from startup_stm32h723xx.o(RESET)
 <LI><a href="#[2d]">SPI1_IRQHandler</a> from startup_stm32h723xx.o(.text) referenced from startup_stm32h723xx.o(RESET)
 <LI><a href="#[2e]">SPI2_IRQHandler</a> from startup_stm32h723xx.o(.text) referenced from startup_stm32h723xx.o(RESET)
 <LI><a href="#[3c]">SPI3_IRQHandler</a> from startup_stm32h723xx.o(.text) referenced from startup_stm32h723xx.o(RESET)
 <LI><a href="#[58]">SPI4_IRQHandler</a> from startup_stm32h723xx.o(.text) referenced from startup_stm32h723xx.o(RESET)
 <LI><a href="#[59]">SPI5_IRQHandler</a> from startup_stm32h723xx.o(.text) referenced from startup_stm32h723xx.o(RESET)
 <LI><a href="#[5a]">SPI6_IRQHandler</a> from startup_stm32h723xx.o(.text) referenced from startup_stm32h723xx.o(RESET)
 <LI><a href="#[6]">SVC_Handler</a> from port.o(.text.SVC_Handler) referenced from startup_stm32h723xx.o(RESET)
 <LI><a href="#[6a]">SWPMI1_IRQHandler</a> from startup_stm32h723xx.o(.text) referenced from startup_stm32h723xx.o(RESET)
 <LI><a href="#[97]">StartDefaultTask</a> from freertos.o(.text.StartDefaultTask) referenced 2 times from freertos.o(.text.MX_FREERTOS_Init)
 <LI><a href="#[9]">SysTick_Handler</a> from cmsis_os2.o(.text.SysTick_Handler) referenced from startup_stm32h723xx.o(RESET)
 <LI><a href="#[94]">SystemInit</a> from system_stm32h7xx.o(.text.SystemInit) referenced from startup_stm32h723xx.o(.text)
 <LI><a href="#[c]">TAMP_STAMP_IRQHandler</a> from startup_stm32h723xx.o(.text) referenced from startup_stm32h723xx.o(RESET)
 <LI><a href="#[6b]">TIM15_IRQHandler</a> from startup_stm32h723xx.o(.text) referenced from startup_stm32h723xx.o(RESET)
 <LI><a href="#[6c]">TIM16_IRQHandler</a> from startup_stm32h723xx.o(.text) referenced from startup_stm32h723xx.o(RESET)
 <LI><a href="#[6d]">TIM17_IRQHandler</a> from startup_stm32h723xx.o(.text) referenced from startup_stm32h723xx.o(RESET)
 <LI><a href="#[22]">TIM1_BRK_IRQHandler</a> from startup_stm32h723xx.o(.text) referenced from startup_stm32h723xx.o(RESET)
 <LI><a href="#[25]">TIM1_CC_IRQHandler</a> from startup_stm32h723xx.o(.text) referenced from startup_stm32h723xx.o(RESET)
 <LI><a href="#[24]">TIM1_TRG_COM_IRQHandler</a> from startup_stm32h723xx.o(.text) referenced from startup_stm32h723xx.o(RESET)
 <LI><a href="#[23]">TIM1_UP_IRQHandler</a> from startup_stm32h723xx.o(.text) referenced from startup_stm32h723xx.o(RESET)
 <LI><a href="#[91]">TIM23_IRQHandler</a> from startup_stm32h723xx.o(.text) referenced from startup_stm32h723xx.o(RESET)
 <LI><a href="#[92]">TIM24_IRQHandler</a> from startup_stm32h723xx.o(.text) referenced from startup_stm32h723xx.o(RESET)
 <LI><a href="#[26]">TIM2_IRQHandler</a> from startup_stm32h723xx.o(.text) referenced from startup_stm32h723xx.o(RESET)
 <LI><a href="#[27]">TIM3_IRQHandler</a> from startup_stm32h723xx.o(.text) referenced from startup_stm32h723xx.o(RESET)
 <LI><a href="#[28]">TIM4_IRQHandler</a> from stm32h7xx_it.o(.text.TIM4_IRQHandler) referenced from startup_stm32h723xx.o(RESET)
 <LI><a href="#[3b]">TIM5_IRQHandler</a> from startup_stm32h723xx.o(.text) referenced from startup_stm32h723xx.o(RESET)
 <LI><a href="#[3f]">TIM6_DAC_IRQHandler</a> from stm32h7xx_it.o(.text.TIM6_DAC_IRQHandler) referenced from startup_stm32h723xx.o(RESET)
 <LI><a href="#[40]">TIM7_IRQHandler</a> from stm32h7xx_it.o(.text.TIM7_IRQHandler) referenced from startup_stm32h723xx.o(RESET)
 <LI><a href="#[34]">TIM8_BRK_TIM12_IRQHandler</a> from startup_stm32h723xx.o(.text) referenced from startup_stm32h723xx.o(RESET)
 <LI><a href="#[37]">TIM8_CC_IRQHandler</a> from startup_stm32h723xx.o(.text) referenced from startup_stm32h723xx.o(RESET)
 <LI><a href="#[36]">TIM8_TRG_COM_TIM14_IRQHandler</a> from startup_stm32h723xx.o(.text) referenced from startup_stm32h723xx.o(RESET)
 <LI><a href="#[35]">TIM8_UP_TIM13_IRQHandler</a> from startup_stm32h723xx.o(.text) referenced from startup_stm32h723xx.o(RESET)
 <LI><a href="#[3d]">UART4_IRQHandler</a> from startup_stm32h723xx.o(.text) referenced from startup_stm32h723xx.o(RESET)
 <LI><a href="#[3e]">UART5_IRQHandler</a> from startup_stm32h723xx.o(.text) referenced from startup_stm32h723xx.o(RESET)
 <LI><a href="#[56]">UART7_IRQHandler</a> from startup_stm32h723xx.o(.text) referenced from startup_stm32h723xx.o(RESET)
 <LI><a href="#[57]">UART8_IRQHandler</a> from startup_stm32h723xx.o(.text) referenced from startup_stm32h723xx.o(RESET)
 <LI><a href="#[8b]">UART9_IRQHandler</a> from startup_stm32h723xx.o(.text) referenced from startup_stm32h723xx.o(RESET)
 <LI><a href="#[96]">UART_DMAAbortOnError</a> from stm32h7xx_hal_uart.o(.text.UART_DMAAbortOnError) referenced 2 times from stm32h7xx_hal_uart.o(.text.HAL_UART_IRQHandler)
 <LI><a href="#[9c]">UART_DMAError</a> from stm32h7xx_hal_uart.o(.text.UART_DMAError) referenced 2 times from stm32h7xx_hal_uart.o(.text.UART_Start_Receive_DMA)
 <LI><a href="#[9a]">UART_DMAReceiveCplt</a> from stm32h7xx_hal_uart.o(.text.UART_DMAReceiveCplt) referenced 2 times from stm32h7xx_hal_uart.o(.text.UART_Start_Receive_DMA)
 <LI><a href="#[9b]">UART_DMARxHalfCplt</a> from stm32h7xx_hal_uart.o(.text.UART_DMARxHalfCplt) referenced 2 times from stm32h7xx_hal_uart.o(.text.UART_Start_Receive_DMA)
 <LI><a href="#[98]">UART_RxISR_16BIT</a> from stm32h7xx_hal_uart.o(.text.UART_RxISR_16BIT) referenced 2 times from stm32h7xx_hal_uart.o(.text.UART_RxISR_16BIT_FIFOEN)
 <LI><a href="#[98]">UART_RxISR_16BIT</a> from stm32h7xx_hal_uart.o(.text.UART_RxISR_16BIT) referenced 2 times from stm32h7xx_hal_uart.o(.text.UART_Start_Receive_IT)
 <LI><a href="#[9d]">UART_RxISR_16BIT_FIFOEN</a> from stm32h7xx_hal_uart.o(.text.UART_RxISR_16BIT_FIFOEN) referenced 2 times from stm32h7xx_hal_uart.o(.text.UART_Start_Receive_IT)
 <LI><a href="#[99]">UART_RxISR_8BIT</a> from stm32h7xx_hal_uart.o(.text.UART_RxISR_8BIT) referenced 2 times from stm32h7xx_hal_uart.o(.text.UART_RxISR_8BIT_FIFOEN)
 <LI><a href="#[99]">UART_RxISR_8BIT</a> from stm32h7xx_hal_uart.o(.text.UART_RxISR_8BIT) referenced 2 times from stm32h7xx_hal_uart.o(.text.UART_Start_Receive_IT)
 <LI><a href="#[9e]">UART_RxISR_8BIT_FIFOEN</a> from stm32h7xx_hal_uart.o(.text.UART_RxISR_8BIT_FIFOEN) referenced 2 times from stm32h7xx_hal_uart.o(.text.UART_Start_Receive_IT)
 <LI><a href="#[8c]">USART10_IRQHandler</a> from startup_stm32h723xx.o(.text) referenced from startup_stm32h723xx.o(RESET)
 <LI><a href="#[2f]">USART1_IRQHandler</a> from stm32h7xx_it.o(.text.USART1_IRQHandler) referenced from startup_stm32h723xx.o(RESET)
 <LI><a href="#[30]">USART2_IRQHandler</a> from startup_stm32h723xx.o(.text) referenced from startup_stm32h723xx.o(RESET)
 <LI><a href="#[31]">USART3_IRQHandler</a> from startup_stm32h723xx.o(.text) referenced from startup_stm32h723xx.o(RESET)
 <LI><a href="#[4c]">USART6_IRQHandler</a> from startup_stm32h723xx.o(.text) referenced from startup_stm32h723xx.o(RESET)
 <LI><a href="#[156]">USBD_CDC_DataIn</a> from usbd_cdc.o(.text.USBD_CDC_DataIn) referenced from usbd_cdc.o(.data.USBD_CDC)
 <LI><a href="#[157]">USBD_CDC_DataOut</a> from usbd_cdc.o(.text.USBD_CDC_DataOut) referenced from usbd_cdc.o(.data.USBD_CDC)
 <LI><a href="#[153]">USBD_CDC_DeInit</a> from usbd_cdc.o(.text.USBD_CDC_DeInit) referenced from usbd_cdc.o(.data.USBD_CDC)
 <LI><a href="#[155]">USBD_CDC_EP0_RxReady</a> from usbd_cdc.o(.text.USBD_CDC_EP0_RxReady) referenced from usbd_cdc.o(.data.USBD_CDC)
 <LI><a href="#[15b]">USBD_CDC_GetDeviceQualifierDescriptor</a> from usbd_cdc.o(.text.USBD_CDC_GetDeviceQualifierDescriptor) referenced from usbd_cdc.o(.data.USBD_CDC)
 <LI><a href="#[159]">USBD_CDC_GetFSCfgDesc</a> from usbd_cdc.o(.text.USBD_CDC_GetFSCfgDesc) referenced from usbd_cdc.o(.data.USBD_CDC)
 <LI><a href="#[158]">USBD_CDC_GetHSCfgDesc</a> from usbd_cdc.o(.text.USBD_CDC_GetHSCfgDesc) referenced from usbd_cdc.o(.data.USBD_CDC)
 <LI><a href="#[15a]">USBD_CDC_GetOtherSpeedCfgDesc</a> from usbd_cdc.o(.text.USBD_CDC_GetOtherSpeedCfgDesc) referenced from usbd_cdc.o(.data.USBD_CDC)
 <LI><a href="#[152]">USBD_CDC_Init</a> from usbd_cdc.o(.text.USBD_CDC_Init) referenced from usbd_cdc.o(.data.USBD_CDC)
 <LI><a href="#[154]">USBD_CDC_Setup</a> from usbd_cdc.o(.text.USBD_CDC_Setup) referenced from usbd_cdc.o(.data.USBD_CDC)
 <LI><a href="#[150]">USBD_HS_ConfigStrDescriptor</a> from usbd_desc.o(.text.USBD_HS_ConfigStrDescriptor) referenced from usbd_desc.o(.data.HS_Desc)
 <LI><a href="#[14b]">USBD_HS_DeviceDescriptor</a> from usbd_desc.o(.text.USBD_HS_DeviceDescriptor) referenced from usbd_desc.o(.data.HS_Desc)
 <LI><a href="#[151]">USBD_HS_InterfaceStrDescriptor</a> from usbd_desc.o(.text.USBD_HS_InterfaceStrDescriptor) referenced from usbd_desc.o(.data.HS_Desc)
 <LI><a href="#[14c]">USBD_HS_LangIDStrDescriptor</a> from usbd_desc.o(.text.USBD_HS_LangIDStrDescriptor) referenced from usbd_desc.o(.data.HS_Desc)
 <LI><a href="#[14d]">USBD_HS_ManufacturerStrDescriptor</a> from usbd_desc.o(.text.USBD_HS_ManufacturerStrDescriptor) referenced from usbd_desc.o(.data.HS_Desc)
 <LI><a href="#[14e]">USBD_HS_ProductStrDescriptor</a> from usbd_desc.o(.text.USBD_HS_ProductStrDescriptor) referenced from usbd_desc.o(.data.HS_Desc)
 <LI><a href="#[14f]">USBD_HS_SerialStrDescriptor</a> from usbd_desc.o(.text.USBD_HS_SerialStrDescriptor) referenced from usbd_desc.o(.data.HS_Desc)
 <LI><a href="#[5]">UsageFault_Handler</a> from stm32h7xx_it.o(.text.UsageFault_Handler) referenced from startup_stm32h723xx.o(RESET)
 <LI><a href="#[87]">WAKEUP_PIN_IRQHandler</a> from startup_stm32h723xx.o(.text) referenced from startup_stm32h723xx.o(RESET)
 <LI><a href="#[a]">WWDG_IRQHandler</a> from startup_stm32h723xx.o(.text) referenced from startup_stm32h723xx.o(RESET)
 <LI><a href="#[147]">_GLOBAL__sub_I_RC_arm.cpp</a> from rc_arm.o(.text._GLOBAL__sub_I_RC_arm.cpp) referenced from rc_arm.o(.init_array)
 <LI><a href="#[149]">_GLOBAL__sub_I_RC_init.cpp</a> from rc_init.o(.text._GLOBAL__sub_I_RC_init.cpp) referenced from rc_init.o(.init_array)
 <LI><a href="#[148]">_GLOBAL__sub_I_RC_omni_chassis.cpp</a> from rc_omni_chassis.o(.text._GLOBAL__sub_I_RC_omni_chassis.cpp) referenced from rc_omni_chassis.o(.init_array)
 <LI><a href="#[14a]">_GLOBAL__sub_I_RC_path_task.cpp</a> from rc_path_task.o(.text._GLOBAL__sub_I_RC_path_task.cpp) referenced from rc_path_task.o(.init_array)
 <LI><a href="#[b2]">test(void*)</a> from rc_init.o(.text._Z4testPv) referenced 2 times from rc_init.o(.text.__cxx_global_var_init.35)
 <LI><a href="#[b9]">SquareWave::~SquareWave__deallocating()</a> from rc_wava_generator.o(.text._ZN10SquareWaveD0Ev) referenced from rc_wava_generator.o(.rodata._ZTV10SquareWave)
 <LI><a href="#[b1]">SquareWave::~SquareWave__sub_object()</a> from rc_wava_generator.o(.text._ZN10SquareWaveD2Ev) referenced from rc_wava_generator.o(.rodata._ZTV10SquareWave)
 <LI><a href="#[b1]">SquareWave::~SquareWave__sub_object()</a> from rc_wava_generator.o(.text._ZN10SquareWaveD2Ev) referenced 2 times from rc_init.o(.text.__cxx_global_var_init.34)
 <LI><a href="#[ba]">chassis_jack::Chassis_jack::~Chassis_jack__deallocating()</a> from rc_chassis_jack.o(.text._ZN12chassis_jack12Chassis_jackD0Ev) referenced from rc_chassis_jack.o(.rodata._ZTVN12chassis_jack12Chassis_jackE)
 <LI><a href="#[ae]">chassis_jack::Chassis_jack::~Chassis_jack__sub_object()</a> from rc_chassis_jack.o(.text._ZN12chassis_jack12Chassis_jackD2Ev) referenced from rc_chassis_jack.o(.rodata._ZTVN12chassis_jack12Chassis_jackE)
 <LI><a href="#[ae]">chassis_jack::Chassis_jack::~Chassis_jack__sub_object()</a> from rc_chassis_jack.o(.text._ZN12chassis_jack12Chassis_jackD2Ev) referenced 2 times from rc_init.o(.text.__cxx_global_var_init.31)
 <LI><a href="#[bb]">arm::ArmDynamics::~ArmDynamics__deallocating()</a> from rc_arm.o(.text._ZN3arm11ArmDynamicsD0Ev) referenced from rc_arm.o(.rodata._ZTVN3arm11ArmDynamicsE)
 <LI><a href="#[a9]">arm::ArmDynamics::~ArmDynamics__sub_object()</a> from rc_arm.o(.text._ZN3arm11ArmDynamicsD2Ev) referenced from rc_arm.o(.rodata._ZTVN3arm11ArmDynamicsE)
 <LI><a href="#[a9]">arm::ArmDynamics::~ArmDynamics__sub_object()</a> from rc_arm.o(.text._ZN3arm11ArmDynamicsD2Ev) referenced 2 times from rc_init.o(.text.__cxx_global_var_init.26)
 <LI><a href="#[bd]">can::CanHandler::~CanHandler__deallocating()</a> from rc_can_1.o(.text._ZN3can10CanHandlerD0Ev) referenced from rc_can_1.o(.rodata._ZTVN3can10CanHandlerE)
 <LI><a href="#[bc]">can::CanHandler::~CanHandler__sub_object()</a> from rc_can_1.o(.text._ZN3can10CanHandlerD2Ev) referenced from rc_can_1.o(.rodata._ZTVN3can10CanHandlerE)
 <LI><a href="#[c0]">can::Can::Task_Process()</a> from rc_can_1.o(.text._ZN3can3Can12Task_ProcessEv) referenced from rc_can_1.o(.rodata._ZTVN3can3CanE)
 <LI><a href="#[bf]">can::Can::~Can__deallocating()</a> from rc_can_1.o(.text._ZN3can3CanD0Ev) referenced from rc_can_1.o(.rodata._ZTVN3can3CanE)
 <LI><a href="#[b4]">can::Can::~Can__sub_object()</a> from rc_can_1.o(.text._ZN3can3CanD2Ev) referenced from rc_can_1.o(.rodata._ZTVN3can3CanE)
 <LI><a href="#[b4]">can::Can::~Can__sub_object()</a> from rc_can_1.o(.text._ZN3can3CanD2Ev) referenced 2 times from rc_init.o(.text.__cxx_global_var_init.4)
 <LI><a href="#[b4]">can::Can::~Can__sub_object()</a> from rc_can_1.o(.text._ZN3can3CanD2Ev) referenced 2 times from rc_init.o(.text.__cxx_global_var_init.5)
 <LI><a href="#[b4]">can::Can::~Can__sub_object()</a> from rc_can_1.o(.text._ZN3can3CanD2Ev) referenced 2 times from rc_init.o(.text.__cxx_global_var_init.6)
 <LI><a href="#[c2]">cdc::CDCHandler::~CDCHandler__deallocating()</a> from rc_cdc_1.o(.text._ZN3cdc10CDCHandlerD0Ev) referenced from rc_cdc_1.o(.rodata._ZTVN3cdc10CDCHandlerE)
 <LI><a href="#[c1]">cdc::CDCHandler::~CDCHandler__sub_object()</a> from rc_cdc_1.o(.text._ZN3cdc10CDCHandlerD2Ev) referenced from rc_cdc_1.o(.rodata._ZTVN3cdc10CDCHandlerE)
 <LI><a href="#[c4]">cdc::CDC::Task_Process()</a> from rc_cdc_1.o(.text._ZN3cdc3CDC12Task_ProcessEv) referenced from rc_cdc_1.o(.rodata._ZTVN3cdc3CDCE)
 <LI><a href="#[9f]">cdc::CDC::CDC_All_Task_Receive_Process(void*)</a> from rc_cdc_1.o(.text._ZN3cdc3CDC28CDC_All_Task_Receive_ProcessEPv) referenced 2 times from rc_cdc_1.o(.text._ZN3cdc3CDCC2ENS_7CDCTypeE)
 <LI><a href="#[c3]">cdc::CDC::~CDC__deallocating()</a> from rc_cdc_1.o(.text._ZN3cdc3CDCD0Ev) referenced from rc_cdc_1.o(.rodata._ZTVN3cdc3CDCE)
 <LI><a href="#[b5]">cdc::CDC::~CDC__sub_object()</a> from rc_cdc_1.o(.text._ZN3cdc3CDCD2Ev) referenced from rc_cdc_1.o(.rodata._ZTVN3cdc3CDCE)
 <LI><a href="#[b5]">cdc::CDC::~CDC__sub_object()</a> from rc_cdc_1.o(.text._ZN3cdc3CDCD2Ev) referenced 2 times from rc_init.o(.text.__cxx_global_var_init.7)
 <LI><a href="#[c6]">imu::JY901S::Uart_Rx_It_Process(unsigned char*, unsigned short)</a> from rc_jy901s.o(.text._ZN3imu6JY901S18Uart_Rx_It_ProcessEPht) referenced from rc_jy901s.o(.rodata._ZTVN3imu6JY901SE)
 <LI><a href="#[c5]">imu::JY901S::~JY901S__deallocating()</a> from rc_jy901s.o(.text._ZN3imu6JY901SD0Ev) referenced from rc_jy901s.o(.rodata._ZTVN3imu6JY901SE)
 <LI><a href="#[b0]">imu::JY901S::~JY901S__sub_object()</a> from rc_jy901s.o(.text._ZN3imu6JY901SD2Ev) referenced from rc_jy901s.o(.rodata._ZTVN3imu6JY901SE)
 <LI><a href="#[b0]">imu::JY901S::~JY901S__sub_object()</a> from rc_jy901s.o(.text._ZN3imu6JY901SD2Ev) referenced 2 times from rc_init.o(.text.__cxx_global_var_init.33)
 <LI><a href="#[c8]">pid::Pid::~Pid__deallocating()</a> from rc_path.o(.text._ZN3pid3PidD0Ev) referenced from rc_path.o(.rodata._ZTVN3pid3PidE)
 <LI><a href="#[c7]">pid::Pid::~Pid__sub_object()</a> from rc_path.o(.text._ZN3pid3PidD2Ev) referenced from rc_path.o(.rodata._ZTVN3pid3PidE)
 <LI><a href="#[ca]">ros::Map::CDC_Receive_Process(unsigned char*, unsigned short)</a> from rc_map.o(.text._ZN3ros3Map19CDC_Receive_ProcessEPht) referenced from rc_map.o(.rodata._ZTVN3ros3MapE)
 <LI><a href="#[c9]">ros::Map::~Map__deallocating()</a> from rc_map.o(.text._ZN3ros3MapD0Ev) referenced from rc_map.o(.rodata._ZTVN3ros3MapE)
 <LI><a href="#[ab]">ros::Map::~Map__sub_object()</a> from rc_map.o(.text._ZN3ros3MapD2Ev) referenced from rc_map.o(.rodata._ZTVN3ros3MapE)
 <LI><a href="#[ab]">ros::Map::~Map__sub_object()</a> from rc_map.o(.text._ZN3ros3MapD2Ev) referenced 2 times from rc_init.o(.text.__cxx_global_var_init.28)
 <LI><a href="#[cc]">ros::Radar::CDC_Receive_Process(unsigned char*, unsigned short)</a> from rc_radar.o(.text._ZN3ros5Radar19CDC_Receive_ProcessEPht) referenced from rc_radar.o(.rodata._ZTVN3ros5RadarE)
 <LI><a href="#[cb]">ros::Radar::~Radar__deallocating()</a> from rc_radar.o(.text._ZN3ros5RadarD0Ev) referenced from rc_radar.o(.rodata._ZTVN3ros5RadarE)
 <LI><a href="#[aa]">ros::Radar::~Radar__sub_object()</a> from rc_radar.o(.text._ZN3ros5RadarD2Ev) referenced from rc_radar.o(.rodata._ZTVN3ros5RadarE)
 <LI><a href="#[aa]">ros::Radar::~Radar__sub_object()</a> from rc_radar.o(.text._ZN3ros5RadarD2Ev) referenced 2 times from rc_init.o(.text.__cxx_global_var_init.27)
 <LI><a href="#[ce]">ros::BestPath::CDC_Receive_Process(unsigned char*, unsigned short)</a> from rc_best_path.o(.text._ZN3ros8BestPath19CDC_Receive_ProcessEPht) referenced from rc_best_path.o(.rodata._ZTVN3ros8BestPathE)
 <LI><a href="#[cd]">ros::BestPath::~BestPath__deallocating()</a> from rc_best_path.o(.text._ZN3ros8BestPathD0Ev) referenced from rc_best_path.o(.rodata._ZTVN3ros8BestPathE)
 <LI><a href="#[ac]">ros::BestPath::~BestPath__sub_object()</a> from rc_best_path.o(.text._ZN3ros8BestPathD2Ev) referenced from rc_best_path.o(.rodata._ZTVN3ros8BestPathE)
 <LI><a href="#[ac]">ros::BestPath::~BestPath__sub_object()</a> from rc_best_path.o(.text._ZN3ros8BestPathD2Ev) referenced 2 times from rc_init.o(.text.__cxx_global_var_init.29)
 <LI><a href="#[d0]">tim::TimHandler::~TimHandler__deallocating()</a> from rc_tim_1.o(.text._ZN3tim10TimHandlerD0Ev) referenced from rc_tim_1.o(.rodata._ZTVN3tim10TimHandlerE)
 <LI><a href="#[cf]">tim::TimHandler::~TimHandler__sub_object()</a> from rc_tim_1.o(.text._ZN3tim10TimHandlerD2Ev) referenced from rc_tim_1.o(.rodata._ZTVN3tim10TimHandlerE)
 <LI><a href="#[d1]">tim::Tim::~Tim__deallocating()</a> from rc_tim_1.o(.text._ZN3tim3TimD0Ev) referenced from rc_tim_1.o(.rodata._ZTVN3tim3TimE)
 <LI><a href="#[a6]">tim::Tim::~Tim__sub_object()</a> from rc_tim_1.o(.text._ZN3tim3TimD2Ev) referenced from rc_tim_1.o(.rodata._ZTVN3tim3TimE)
 <LI><a href="#[a6]">tim::Tim::~Tim__sub_object()</a> from rc_tim_1.o(.text._ZN3tim3TimD2Ev) referenced 2 times from rc_init.o(.text.__cxx_global_var_init.2)
 <LI><a href="#[a6]">tim::Tim::~Tim__sub_object()</a> from rc_tim_1.o(.text._ZN3tim3TimD2Ev) referenced 2 times from rc_init.o(.text.__cxx_global_var_init.3)
 <LI><a href="#[d3]">gpio::GpioExti::~GpioExti__deallocating()</a> from rc_gpio_exti_1.o(.text._ZN4gpio8GpioExtiD0Ev) referenced from rc_gpio_exti_1.o(.rodata._ZTVN4gpio8GpioExtiE)
 <LI><a href="#[d2]">gpio::GpioExti::~GpioExti__sub_object()</a> from rc_gpio_exti_1.o(.text._ZN4gpio8GpioExtiD2Ev) referenced from rc_gpio_exti_1.o(.rodata._ZTVN4gpio8GpioExtiE)
 <LI><a href="#[d5]">path::Path::~Path__deallocating()</a> from rc_path.o(.text._ZN4path4PathD0Ev) referenced from rc_path.o(.rodata._ZTVN4path4PathE)
 <LI><a href="#[d4]">path::Path::~Path__sub_object()</a> from rc_path.o(.text._ZN4path4PathD2Ev) referenced from rc_path.o(.rodata._ZTVN4path4PathE)
 <LI><a href="#[d6]">path::PathPlan::~PathPlan__deallocating()</a> from rc_path.o(.text._ZN4path8PathPlanD0Ev) referenced from rc_path.o(.rodata._ZTVN4path8PathPlanE)
 <LI><a href="#[a8]">path::PathPlan::~PathPlan__sub_object()</a> from rc_path.o(.text._ZN4path8PathPlanD2Ev) referenced from rc_path.o(.rodata._ZTVN4path8PathPlanE)
 <LI><a href="#[a8]">path::PathPlan::~PathPlan__sub_object()</a> from rc_path.o(.text._ZN4path8PathPlanD2Ev) referenced 2 times from rc_init.o(.text.__cxx_global_var_init.25)
 <LI><a href="#[a0]">task::ManagedTask::All_Task_Process(void*)</a> from rc_task_1.o(.text._ZN4task11ManagedTask16All_Task_ProcessEPv) referenced 2 times from rc_task_1.o(.text._ZN4task11ManagedTaskC2EPKchtNS_8TaskTypeEh)
 <LI><a href="#[d8]">task::ManagedTask::~ManagedTask__deallocating()</a> from rc_task_1.o(.text._ZN4task11ManagedTaskD0Ev) referenced from rc_task_1.o(.rodata._ZTVN4task11ManagedTaskE)
 <LI><a href="#[d7]">task::ManagedTask::~ManagedTask__sub_object()</a> from rc_can_1.o(.text._ZN4task11ManagedTaskD2Ev) referenced from rc_task_1.o(.rodata._ZTVN4task11ManagedTaskE)
 <LI><a href="#[d9]">task::TaskCreator::~TaskCreator__deallocating()</a> from rc_task_1.o(.text._ZN4task11TaskCreatorD0Ev) referenced from rc_task_1.o(.rodata._ZTVN4task11TaskCreatorE)
 <LI><a href="#[b3]">task::TaskCreator::~TaskCreator__sub_object()</a> from rc_can_1.o(.text._ZN4task11TaskCreatorD2Ev) referenced from rc_task_1.o(.rodata._ZTVN4task11TaskCreatorE)
 <LI><a href="#[b3]">task::TaskCreator::~TaskCreator__sub_object()</a> from rc_can_1.o(.text._ZN4task11TaskCreatorD2Ev) referenced 2 times from rc_init.o(.text.__cxx_global_var_init.35)
 <LI><a href="#[db]">curve::BezierCurve::~BezierCurve__deallocating()</a> from rc_bezier_curve.o(.text._ZN5curve11BezierCurveD0Ev) referenced from rc_bezier_curve.o(.rodata._ZTVN5curve11BezierCurveE)
 <LI><a href="#[da]">curve::BezierCurve::~BezierCurve__sub_object()</a> from rc_bezier_curve.o(.text._ZN5curve11BezierCurveD2Ev) referenced from rc_bezier_curve.o(.rodata._ZTVN5curve11BezierCurveE)
 <LI><a href="#[de]">motor::Go::Set_Current(float)</a> from rc_go.o(.text._ZN5motor2Go11Set_CurrentEf) referenced from rc_go.o(.rodata._ZTVN5motor2GoE)
 <LI><a href="#[e4]">motor::Go::Can_Tx_Process()</a> from rc_go.o(.text._ZN5motor2Go14Can_Tx_ProcessEv) referenced from rc_go.o(.rodata._ZTVN5motor2GoE)
 <LI><a href="#[e7]">motor::Go::Tim_It_Process()</a> from rc_go.o(.text._ZN5motor2Go14Tim_It_ProcessEv) referenced from rc_go.o(.rodata._ZTVN5motor2GoE)
 <LI><a href="#[e5]">motor::Go::Can_Rx_It_Process(unsigned int, unsigned char*)</a> from rc_go.o(.text._ZN5motor2Go17Can_Rx_It_ProcessEjPh) referenced from rc_go.o(.rodata._ZTVN5motor2GoE)
 <LI><a href="#[e6]">motor::Go::CanHandler_Register()</a> from rc_go.o(.text._ZN5motor2Go19CanHandler_RegisterEv) referenced from rc_go.o(.rodata._ZTVN5motor2GoE)
 <LI><a href="#[dd]">motor::Go::Set_Angle(float)</a> from rc_go.o(.text._ZN5motor2Go9Set_AngleEf) referenced from rc_go.o(.rodata._ZTVN5motor2GoE)
 <LI><a href="#[e1]">motor::Go::Set_K_Pos(float)</a> from rc_go.o(.text._ZN5motor2Go9Set_K_PosEf) referenced from rc_go.o(.rodata._ZTVN5motor2GoE)
 <LI><a href="#[e2]">motor::Go::Set_K_Spd(float)</a> from rc_go.o(.text._ZN5motor2Go9Set_K_SpdEf) referenced from rc_go.o(.rodata._ZTVN5motor2GoE)
 <LI><a href="#[dc]">motor::Go::~Go__deallocating()</a> from rc_go.o(.text._ZN5motor2GoD0Ev) referenced from rc_go.o(.rodata._ZTVN5motor2GoE)
 <LI><a href="#[a5]">motor::Go::~Go__sub_object()</a> from rc_go.o(.text._ZN5motor2GoD2Ev) referenced from rc_go.o(.rodata._ZTVN5motor2GoE)
 <LI><a href="#[a5]">motor::Go::~Go__sub_object()</a> from rc_go.o(.text._ZN5motor2GoD2Ev) referenced 2 times from rc_init.o(.text.__cxx_global_var_init.19)
 <LI><a href="#[f2]">motor::J60::Set_Current(float)</a> from rc_j60.o(.text._ZN5motor3J6011Set_CurrentEf) referenced from rc_j60.o(.rodata._ZTVN5motor3J60E)
 <LI><a href="#[f8]">motor::J60::Can_Tx_Process()</a> from rc_j60.o(.text._ZN5motor3J6014Can_Tx_ProcessEv) referenced from rc_j60.o(.rodata._ZTVN5motor3J60E)
 <LI><a href="#[f6]">motor::J60::Tim_It_Process()</a> from rc_j60.o(.text._ZN5motor3J6014Tim_It_ProcessEv) referenced from rc_j60.o(.rodata._ZTVN5motor3J60E)
 <LI><a href="#[f7]">motor::J60::Can_Rx_It_Process(unsigned int, unsigned char*)</a> from rc_j60.o(.text._ZN5motor3J6017Can_Rx_It_ProcessEjPh) referenced from rc_j60.o(.rodata._ZTVN5motor3J60E)
 <LI><a href="#[f5]">motor::J60::CanHandler_Register()</a> from rc_j60.o(.text._ZN5motor3J6019CanHandler_RegisterEv) referenced from rc_j60.o(.rodata._ZTVN5motor3J60E)
 <LI><a href="#[f1]">motor::J60::Set_Angle(float)</a> from rc_j60.o(.text._ZN5motor3J609Set_AngleEf) referenced from rc_j60.o(.rodata._ZTVN5motor3J60E)
 <LI><a href="#[f3]">motor::J60::Set_K_Pos(float)</a> from rc_j60.o(.text._ZN5motor3J609Set_K_PosEf) referenced from rc_j60.o(.rodata._ZTVN5motor3J60E)
 <LI><a href="#[f4]">motor::J60::Set_K_Spd(float)</a> from rc_j60.o(.text._ZN5motor3J609Set_K_SpdEf) referenced from rc_j60.o(.rodata._ZTVN5motor3J60E)
 <LI><a href="#[f0]">motor::J60::~J60__deallocating()</a> from rc_j60.o(.text._ZN5motor3J60D0Ev) referenced from rc_j60.o(.rodata._ZTVN5motor3J60E)
 <LI><a href="#[a4]">motor::J60::~J60__sub_object()</a> from rc_j60.o(.text._ZN5motor3J60D2Ev) referenced from rc_j60.o(.rodata._ZTVN5motor3J60E)
 <LI><a href="#[a4]">motor::J60::~J60__sub_object()</a> from rc_j60.o(.text._ZN5motor3J60D2Ev) referenced 2 times from rc_init.o(.text.__cxx_global_var_init.18)
 <LI><a href="#[108]">motor::Vesc::Can_Tx_Process()</a> from rc_vesc.o(.text._ZN5motor4Vesc14Can_Tx_ProcessEv) referenced from rc_vesc.o(.rodata._ZTVN5motor4VescE)
 <LI><a href="#[107]">motor::Vesc::Tim_It_Process()</a> from rc_vesc.o(.text._ZN5motor4Vesc14Tim_It_ProcessEv) referenced from rc_vesc.o(.rodata._ZTVN5motor4VescE)
 <LI><a href="#[109]">motor::Vesc::Can_Rx_It_Process(unsigned int, unsigned char*)</a> from rc_vesc.o(.text._ZN5motor4Vesc17Can_Rx_It_ProcessEjPh) referenced from rc_vesc.o(.rodata._ZTVN5motor4VescE)
 <LI><a href="#[106]">motor::Vesc::CanHandler_Register()</a> from rc_vesc.o(.text._ZN5motor4Vesc19CanHandler_RegisterEv) referenced from rc_vesc.o(.rodata._ZTVN5motor4VescE)
 <LI><a href="#[101]">motor::Vesc::~Vesc__deallocating()</a> from rc_vesc.o(.text._ZN5motor4VescD0Ev) referenced from rc_vesc.o(.rodata._ZTVN5motor4VescE)
 <LI><a href="#[a2]">motor::Vesc::~Vesc__sub_object()</a> from rc_vesc.o(.text._ZN5motor4VescD2Ev) referenced from rc_vesc.o(.rodata._ZTVN5motor4VescE)
 <LI><a href="#[a2]">motor::Vesc::~Vesc__sub_object()</a> from rc_vesc.o(.text._ZN5motor4VescD2Ev) referenced 2 times from rc_init.o(.text.__cxx_global_var_init.12)
 <LI><a href="#[a2]">motor::Vesc::~Vesc__sub_object()</a> from rc_vesc.o(.text._ZN5motor4VescD2Ev) referenced 2 times from rc_init.o(.text.__cxx_global_var_init.13)
 <LI><a href="#[a2]">motor::Vesc::~Vesc__sub_object()</a> from rc_vesc.o(.text._ZN5motor4VescD2Ev) referenced 2 times from rc_init.o(.text.__cxx_global_var_init.14)
 <LI><a href="#[a2]">motor::Vesc::~Vesc__sub_object()</a> from rc_vesc.o(.text._ZN5motor4VescD2Ev) referenced 2 times from rc_init.o(.text.__cxx_global_var_init.15)
 <LI><a href="#[115]">motor::M2006::Dji_Id_Init(unsigned char)</a> from rc_m2006.o(.text._ZN5motor5M200611Dji_Id_InitEh) referenced from rc_m2006.o(.rodata._ZTVN5motor5M2006E)
 <LI><a href="#[112]">motor::M2006::~M2006__deallocating()</a> from rc_m2006.o(.text._ZN5motor5M2006D0Ev) referenced from rc_m2006.o(.rodata._ZTVN5motor5M2006E)
 <LI><a href="#[a1]">motor::M2006::~M2006__sub_object()</a> from rc_m2006.o(.text._ZN5motor5M2006D2Ev) referenced from rc_m2006.o(.rodata._ZTVN5motor5M2006E)
 <LI><a href="#[a1]">motor::M2006::~M2006__sub_object()</a> from rc_m2006.o(.text._ZN5motor5M2006D2Ev) referenced 2 times from rc_init.o(.text.__cxx_global_var_init.10)
 <LI><a href="#[a1]">motor::M2006::~M2006__sub_object()</a> from rc_m2006.o(.text._ZN5motor5M2006D2Ev) referenced 2 times from rc_init.o(.text.__cxx_global_var_init.11)
 <LI><a href="#[a1]">motor::M2006::~M2006__sub_object()</a> from rc_m2006.o(.text._ZN5motor5M2006D2Ev) referenced 2 times from rc_init.o(.text.__cxx_global_var_init.16)
 <LI><a href="#[a1]">motor::M2006::~M2006__sub_object()</a> from rc_m2006.o(.text._ZN5motor5M2006D2Ev) referenced 2 times from rc_init.o(.text.__cxx_global_var_init.8)
 <LI><a href="#[a1]">motor::M2006::~M2006__sub_object()</a> from rc_m2006.o(.text._ZN5motor5M2006D2Ev) referenced 2 times from rc_init.o(.text.__cxx_global_var_init.9)
 <LI><a href="#[123]">motor::M3508::Set_Torque(float)</a> from rc_m3508.o(.text._ZN5motor5M350810Set_TorqueEf) referenced from rc_m3508.o(.rodata._ZTVN5motor5M3508E)
 <LI><a href="#[124]">motor::M3508::Dji_Id_Init(unsigned char)</a> from rc_m3508.o(.text._ZN5motor5M350811Dji_Id_InitEh) referenced from rc_m3508.o(.rodata._ZTVN5motor5M3508E)
 <LI><a href="#[122]">motor::M3508::~M3508__deallocating()</a> from rc_m3508.o(.text._ZN5motor5M3508D0Ev) referenced from rc_m3508.o(.rodata._ZTVN5motor5M3508E)
 <LI><a href="#[a3]">motor::M3508::~M3508__sub_object()</a> from rc_m3508.o(.text._ZN5motor5M3508D2Ev) referenced from rc_m3508.o(.rodata._ZTVN5motor5M3508E)
 <LI><a href="#[a3]">motor::M3508::~M3508__sub_object()</a> from rc_m3508.o(.text._ZN5motor5M3508D2Ev) referenced 2 times from rc_init.o(.text.__cxx_global_var_init.17)
 <LI><a href="#[a3]">motor::M3508::~M3508__sub_object()</a> from rc_m3508.o(.text._ZN5motor5M3508D2Ev) referenced 2 times from rc_init.o(.text.__cxx_global_var_init.20)
 <LI><a href="#[a3]">motor::M3508::~M3508__sub_object()</a> from rc_m3508.o(.text._ZN5motor5M3508D2Ev) referenced 2 times from rc_init.o(.text.__cxx_global_var_init.21)
 <LI><a href="#[a3]">motor::M3508::~M3508__sub_object()</a> from rc_m3508.o(.text._ZN5motor5M3508D2Ev) referenced 2 times from rc_init.o(.text.__cxx_global_var_init.22)
 <LI><a href="#[a3]">motor::M3508::~M3508__sub_object()</a> from rc_m3508.o(.text._ZN5motor5M3508D2Ev) referenced 2 times from rc_init.o(.text.__cxx_global_var_init.23)
 <LI><a href="#[df]">motor::Motor::Set_Torque(float)</a> from rc_motor.o(.text._ZN5motor5Motor10Set_TorqueEf) referenced from rc_go.o(.rodata._ZTVN5motor2GoE)
 <LI><a href="#[df]">motor::Motor::Set_Torque(float)</a> from rc_motor.o(.text._ZN5motor5Motor10Set_TorqueEf) referenced from rc_j60.o(.rodata._ZTVN5motor3J60E)
 <LI><a href="#[df]">motor::Motor::Set_Torque(float)</a> from rc_motor.o(.text._ZN5motor5Motor10Set_TorqueEf) referenced from rc_vesc.o(.rodata._ZTVN5motor4VescE)
 <LI><a href="#[df]">motor::Motor::Set_Torque(float)</a> from rc_motor.o(.text._ZN5motor5Motor10Set_TorqueEf) referenced from rc_motor.o(.rodata._ZTVN5motor5MotorE)
 <LI><a href="#[103]">motor::Motor::Set_Current(float)</a> from rc_motor.o(.text._ZN5motor5Motor11Set_CurrentEf) referenced from rc_vesc.o(.rodata._ZTVN5motor4VescE)
 <LI><a href="#[103]">motor::Motor::Set_Current(float)</a> from rc_motor.o(.text._ZN5motor5Motor11Set_CurrentEf) referenced from rc_m2006.o(.rodata._ZTVN5motor5M2006E)
 <LI><a href="#[103]">motor::Motor::Set_Current(float)</a> from rc_motor.o(.text._ZN5motor5Motor11Set_CurrentEf) referenced from rc_m3508.o(.rodata._ZTVN5motor5M3508E)
 <LI><a href="#[103]">motor::Motor::Set_Current(float)</a> from rc_motor.o(.text._ZN5motor5Motor11Set_CurrentEf) referenced from rc_motor.o(.rodata._ZTVN5motor5MotorE)
 <LI><a href="#[103]">motor::Motor::Set_Current(float)</a> from rc_motor.o(.text._ZN5motor5Motor11Set_CurrentEf) referenced from rc_dji_motor.o(.rodata._ZTVN5motor8DjiMotorE)
 <LI><a href="#[e0]">motor::Motor::Set_Out_Angle(float)</a> from rc_motor.o(.text._ZN5motor5Motor13Set_Out_AngleEf) referenced from rc_go.o(.rodata._ZTVN5motor2GoE)
 <LI><a href="#[e0]">motor::Motor::Set_Out_Angle(float)</a> from rc_motor.o(.text._ZN5motor5Motor13Set_Out_AngleEf) referenced from rc_j60.o(.rodata._ZTVN5motor3J60E)
 <LI><a href="#[e0]">motor::Motor::Set_Out_Angle(float)</a> from rc_motor.o(.text._ZN5motor5Motor13Set_Out_AngleEf) referenced from rc_vesc.o(.rodata._ZTVN5motor4VescE)
 <LI><a href="#[e0]">motor::Motor::Set_Out_Angle(float)</a> from rc_motor.o(.text._ZN5motor5Motor13Set_Out_AngleEf) referenced from rc_m2006.o(.rodata._ZTVN5motor5M2006E)
 <LI><a href="#[e0]">motor::Motor::Set_Out_Angle(float)</a> from rc_motor.o(.text._ZN5motor5Motor13Set_Out_AngleEf) referenced from rc_m3508.o(.rodata._ZTVN5motor5M3508E)
 <LI><a href="#[e0]">motor::Motor::Set_Out_Angle(float)</a> from rc_motor.o(.text._ZN5motor5Motor13Set_Out_AngleEf) referenced from rc_motor.o(.rodata._ZTVN5motor5MotorE)
 <LI><a href="#[e0]">motor::Motor::Set_Out_Angle(float)</a> from rc_motor.o(.text._ZN5motor5Motor13Set_Out_AngleEf) referenced from rc_dji_motor.o(.rodata._ZTVN5motor8DjiMotorE)
 <LI><a href="#[e3]">motor::Motor::Reset_Out_Angle(float)</a> from rc_motor.o(.text._ZN5motor5Motor15Reset_Out_AngleEf) referenced from rc_go.o(.rodata._ZTVN5motor2GoE)
 <LI><a href="#[e3]">motor::Motor::Reset_Out_Angle(float)</a> from rc_motor.o(.text._ZN5motor5Motor15Reset_Out_AngleEf) referenced from rc_j60.o(.rodata._ZTVN5motor3J60E)
 <LI><a href="#[e3]">motor::Motor::Reset_Out_Angle(float)</a> from rc_motor.o(.text._ZN5motor5Motor15Reset_Out_AngleEf) referenced from rc_vesc.o(.rodata._ZTVN5motor4VescE)
 <LI><a href="#[e3]">motor::Motor::Reset_Out_Angle(float)</a> from rc_motor.o(.text._ZN5motor5Motor15Reset_Out_AngleEf) referenced from rc_motor.o(.rodata._ZTVN5motor5MotorE)
 <LI><a href="#[102]">motor::Motor::Set_Angle(float)</a> from rc_motor.o(.text._ZN5motor5Motor9Set_AngleEf) referenced from rc_vesc.o(.rodata._ZTVN5motor4VescE)
 <LI><a href="#[102]">motor::Motor::Set_Angle(float)</a> from rc_motor.o(.text._ZN5motor5Motor9Set_AngleEf) referenced from rc_m2006.o(.rodata._ZTVN5motor5M2006E)
 <LI><a href="#[102]">motor::Motor::Set_Angle(float)</a> from rc_motor.o(.text._ZN5motor5Motor9Set_AngleEf) referenced from rc_m3508.o(.rodata._ZTVN5motor5M3508E)
 <LI><a href="#[102]">motor::Motor::Set_Angle(float)</a> from rc_motor.o(.text._ZN5motor5Motor9Set_AngleEf) referenced from rc_motor.o(.rodata._ZTVN5motor5MotorE)
 <LI><a href="#[102]">motor::Motor::Set_Angle(float)</a> from rc_motor.o(.text._ZN5motor5Motor9Set_AngleEf) referenced from rc_dji_motor.o(.rodata._ZTVN5motor8DjiMotorE)
 <LI><a href="#[104]">motor::Motor::Set_K_Pos(float)</a> from rc_motor.o(.text._ZN5motor5Motor9Set_K_PosEf) referenced from rc_vesc.o(.rodata._ZTVN5motor4VescE)
 <LI><a href="#[104]">motor::Motor::Set_K_Pos(float)</a> from rc_motor.o(.text._ZN5motor5Motor9Set_K_PosEf) referenced from rc_m2006.o(.rodata._ZTVN5motor5M2006E)
 <LI><a href="#[104]">motor::Motor::Set_K_Pos(float)</a> from rc_motor.o(.text._ZN5motor5Motor9Set_K_PosEf) referenced from rc_m3508.o(.rodata._ZTVN5motor5M3508E)
 <LI><a href="#[104]">motor::Motor::Set_K_Pos(float)</a> from rc_motor.o(.text._ZN5motor5Motor9Set_K_PosEf) referenced from rc_motor.o(.rodata._ZTVN5motor5MotorE)
 <LI><a href="#[104]">motor::Motor::Set_K_Pos(float)</a> from rc_motor.o(.text._ZN5motor5Motor9Set_K_PosEf) referenced from rc_dji_motor.o(.rodata._ZTVN5motor8DjiMotorE)
 <LI><a href="#[105]">motor::Motor::Set_K_Spd(float)</a> from rc_motor.o(.text._ZN5motor5Motor9Set_K_SpdEf) referenced from rc_vesc.o(.rodata._ZTVN5motor4VescE)
 <LI><a href="#[105]">motor::Motor::Set_K_Spd(float)</a> from rc_motor.o(.text._ZN5motor5Motor9Set_K_SpdEf) referenced from rc_m2006.o(.rodata._ZTVN5motor5M2006E)
 <LI><a href="#[105]">motor::Motor::Set_K_Spd(float)</a> from rc_motor.o(.text._ZN5motor5Motor9Set_K_SpdEf) referenced from rc_m3508.o(.rodata._ZTVN5motor5M3508E)
 <LI><a href="#[105]">motor::Motor::Set_K_Spd(float)</a> from rc_motor.o(.text._ZN5motor5Motor9Set_K_SpdEf) referenced from rc_motor.o(.rodata._ZTVN5motor5MotorE)
 <LI><a href="#[105]">motor::Motor::Set_K_Spd(float)</a> from rc_motor.o(.text._ZN5motor5Motor9Set_K_SpdEf) referenced from rc_dji_motor.o(.rodata._ZTVN5motor8DjiMotorE)
 <LI><a href="#[12a]">motor::Motor::~Motor__deallocating()</a> from rc_motor.o(.text._ZN5motor5MotorD0Ev) referenced from rc_motor.o(.rodata._ZTVN5motor5MotorE)
 <LI><a href="#[129]">motor::Motor::~Motor__sub_object()</a> from rc_motor.o(.text._ZN5motor5MotorD2Ev) referenced from rc_motor.o(.rodata._ZTVN5motor5MotorE)
 <LI><a href="#[113]">motor::DjiMotor::Set_Torque(float)</a> from rc_dji_motor.o(.text._ZN5motor8DjiMotor10Set_TorqueEf) referenced from rc_m2006.o(.rodata._ZTVN5motor5M2006E)
 <LI><a href="#[113]">motor::DjiMotor::Set_Torque(float)</a> from rc_dji_motor.o(.text._ZN5motor8DjiMotor10Set_TorqueEf) referenced from rc_dji_motor.o(.rodata._ZTVN5motor8DjiMotorE)
 <LI><a href="#[118]">motor::DjiMotor::Can_Tx_Process()</a> from rc_dji_motor.o(.text._ZN5motor8DjiMotor14Can_Tx_ProcessEv) referenced from rc_m2006.o(.rodata._ZTVN5motor5M2006E)
 <LI><a href="#[118]">motor::DjiMotor::Can_Tx_Process()</a> from rc_dji_motor.o(.text._ZN5motor8DjiMotor14Can_Tx_ProcessEv) referenced from rc_m3508.o(.rodata._ZTVN5motor5M3508E)
 <LI><a href="#[118]">motor::DjiMotor::Can_Tx_Process()</a> from rc_dji_motor.o(.text._ZN5motor8DjiMotor14Can_Tx_ProcessEv) referenced from rc_dji_motor.o(.rodata._ZTVN5motor8DjiMotorE)
 <LI><a href="#[117]">motor::DjiMotor::Tim_It_Process()</a> from rc_dji_motor.o(.text._ZN5motor8DjiMotor14Tim_It_ProcessEv) referenced from rc_m2006.o(.rodata._ZTVN5motor5M2006E)
 <LI><a href="#[117]">motor::DjiMotor::Tim_It_Process()</a> from rc_dji_motor.o(.text._ZN5motor8DjiMotor14Tim_It_ProcessEv) referenced from rc_m3508.o(.rodata._ZTVN5motor5M3508E)
 <LI><a href="#[117]">motor::DjiMotor::Tim_It_Process()</a> from rc_dji_motor.o(.text._ZN5motor8DjiMotor14Tim_It_ProcessEv) referenced from rc_dji_motor.o(.rodata._ZTVN5motor8DjiMotorE)
 <LI><a href="#[114]">motor::DjiMotor::Reset_Out_Angle(float)</a> from rc_dji_motor.o(.text._ZN5motor8DjiMotor15Reset_Out_AngleEf) referenced from rc_m2006.o(.rodata._ZTVN5motor5M2006E)
 <LI><a href="#[114]">motor::DjiMotor::Reset_Out_Angle(float)</a> from rc_dji_motor.o(.text._ZN5motor8DjiMotor15Reset_Out_AngleEf) referenced from rc_m3508.o(.rodata._ZTVN5motor5M3508E)
 <LI><a href="#[114]">motor::DjiMotor::Reset_Out_Angle(float)</a> from rc_dji_motor.o(.text._ZN5motor8DjiMotor15Reset_Out_AngleEf) referenced from rc_dji_motor.o(.rodata._ZTVN5motor8DjiMotorE)
 <LI><a href="#[119]">motor::DjiMotor::Can_Rx_It_Process(unsigned int, unsigned char*)</a> from rc_dji_motor.o(.text._ZN5motor8DjiMotor17Can_Rx_It_ProcessEjPh) referenced from rc_m2006.o(.rodata._ZTVN5motor5M2006E)
 <LI><a href="#[119]">motor::DjiMotor::Can_Rx_It_Process(unsigned int, unsigned char*)</a> from rc_dji_motor.o(.text._ZN5motor8DjiMotor17Can_Rx_It_ProcessEjPh) referenced from rc_m3508.o(.rodata._ZTVN5motor5M3508E)
 <LI><a href="#[119]">motor::DjiMotor::Can_Rx_It_Process(unsigned int, unsigned char*)</a> from rc_dji_motor.o(.text._ZN5motor8DjiMotor17Can_Rx_It_ProcessEjPh) referenced from rc_dji_motor.o(.rodata._ZTVN5motor8DjiMotorE)
 <LI><a href="#[116]">motor::DjiMotor::CanHandler_Register()</a> from rc_dji_motor.o(.text._ZN5motor8DjiMotor19CanHandler_RegisterEv) referenced from rc_m2006.o(.rodata._ZTVN5motor5M2006E)
 <LI><a href="#[116]">motor::DjiMotor::CanHandler_Register()</a> from rc_dji_motor.o(.text._ZN5motor8DjiMotor19CanHandler_RegisterEv) referenced from rc_m3508.o(.rodata._ZTVN5motor5M3508E)
 <LI><a href="#[116]">motor::DjiMotor::CanHandler_Register()</a> from rc_dji_motor.o(.text._ZN5motor8DjiMotor19CanHandler_RegisterEv) referenced from rc_dji_motor.o(.rodata._ZTVN5motor8DjiMotorE)
 <LI><a href="#[12c]">motor::DjiMotor::~DjiMotor__deallocating()</a> from rc_dji_motor.o(.text._ZN5motor8DjiMotorD0Ev) referenced from rc_dji_motor.o(.rodata._ZTVN5motor8DjiMotorE)
 <LI><a href="#[12b]">motor::DjiMotor::~DjiMotor__sub_object()</a> from rc_dji_motor.o(.text._ZN5motor8DjiMotorD2Ev) referenced from rc_dji_motor.o(.rodata._ZTVN5motor8DjiMotorE)
 <LI><a href="#[132]">timer::Timer::Tim_It_Process()</a> from rc_timer.o(.text._ZN5timer5Timer14Tim_It_ProcessEv) referenced from rc_timer.o(.rodata._ZTVN5timer5TimerE)
 <LI><a href="#[131]">timer::Timer::~Timer__deallocating()</a> from rc_timer.o(.text._ZN5timer5TimerD0Ev) referenced from rc_timer.o(.rodata._ZTVN5timer5TimerE)
 <LI><a href="#[a7]">timer::Timer::~Timer__sub_object()</a> from rc_timer.o(.text._ZN5timer5TimerD2Ev) referenced from rc_timer.o(.rodata._ZTVN5timer5TimerE)
 <LI><a href="#[a7]">timer::Timer::~Timer__sub_object()</a> from rc_timer.o(.text._ZN5timer5TimerD2Ev) referenced 2 times from rc_init.o(.text.__cxx_global_var_init.24)
 <LI><a href="#[135]">flysky::FlySky::EXTI_Prosess()</a> from rc_flysky.o(.text._ZN6flysky6FlySky12EXTI_ProsessEv) referenced from rc_flysky.o(.rodata._ZTVN6flysky6FlySkyE)
 <LI><a href="#[134]">flysky::FlySky::Task_Process()</a> from rc_flysky.o(.text._ZN6flysky6FlySky12Task_ProcessEv) referenced from rc_flysky.o(.rodata._ZTVN6flysky6FlySkyE)
 <LI><a href="#[133]">flysky::FlySky::~FlySky__deallocating()</a> from rc_flysky.o(.text._ZN6flysky6FlySkyD0Ev) referenced from rc_flysky.o(.rodata._ZTVN6flysky6FlySkyE)
 <LI><a href="#[af]">flysky::FlySky::~FlySky__sub_object()</a> from rc_flysky.o(.text._ZN6flysky6FlySkyD2Ev) referenced from rc_flysky.o(.rodata._ZTVN6flysky6FlySkyE)
 <LI><a href="#[af]">flysky::FlySky::~FlySky__sub_object()</a> from rc_flysky.o(.text._ZN6flysky6FlySkyD2Ev) referenced 2 times from rc_init.o(.text.__cxx_global_var_init.32)
 <LI><a href="#[13a]">serial::UartRx::~UartRx__deallocating()</a> from rc_serial_1.o(.text._ZN6serial6UartRxD0Ev) referenced from rc_serial_1.o(.rodata._ZTVN6serial6UartRxE)
 <LI><a href="#[139]">serial::UartRx::~UartRx__sub_object()</a> from rc_serial_1.o(.text._ZN6serial6UartRxD2Ev) referenced from rc_serial_1.o(.rodata._ZTVN6serial6UartRxE)
 <LI><a href="#[13e]">chassis::Swerve4Chassis::Chassis_Init()</a> from rc_swerve_chassis.o(.text._ZN7chassis14Swerve4Chassis12Chassis_InitEv) referenced from rc_swerve_chassis.o(.rodata._ZTVN7chassis14Swerve4ChassisE)
 <LI><a href="#[13d]">chassis::Swerve4Chassis::Chassis_Re_Init()</a> from rc_swerve_chassis.o(.text._ZN7chassis14Swerve4Chassis15Chassis_Re_InitEv) referenced from rc_swerve_chassis.o(.rodata._ZTVN7chassis14Swerve4ChassisE)
 <LI><a href="#[13f]">chassis::Swerve4Chassis::Kinematics_calc(vector2d::Vector2D, float)</a> from rc_swerve_chassis.o(.text._ZN7chassis14Swerve4Chassis15Kinematics_calcEN8vector2d8Vector2DEf) referenced from rc_swerve_chassis.o(.rodata._ZTVN7chassis14Swerve4ChassisE)
 <LI><a href="#[13b]">chassis::Swerve4Chassis::~Swerve4Chassis__deallocating()</a> from rc_swerve_chassis.o(.text._ZN7chassis14Swerve4ChassisD0Ev) referenced from rc_swerve_chassis.o(.rodata._ZTVN7chassis14Swerve4ChassisE)
 <LI><a href="#[ad]">chassis::Swerve4Chassis::~Swerve4Chassis__sub_object()</a> from rc_swerve_chassis.o(.text._ZN7chassis14Swerve4ChassisD2Ev) referenced from rc_swerve_chassis.o(.rodata._ZTVN7chassis14Swerve4ChassisE)
 <LI><a href="#[ad]">chassis::Swerve4Chassis::~Swerve4Chassis__sub_object()</a> from rc_swerve_chassis.o(.text._ZN7chassis14Swerve4ChassisD2Ev) referenced 2 times from rc_init.o(.text.__cxx_global_var_init.30)
 <LI><a href="#[13c]">chassis::Chassis::Task_Process()</a> from rc_chassis.o(.text._ZN7chassis7Chassis12Task_ProcessEv) referenced from rc_swerve_chassis.o(.rodata._ZTVN7chassis14Swerve4ChassisE)
 <LI><a href="#[13c]">chassis::Chassis::Task_Process()</a> from rc_chassis.o(.text._ZN7chassis7Chassis12Task_ProcessEv) referenced from rc_chassis.o(.rodata._ZTVN7chassis7ChassisE)
 <LI><a href="#[141]">chassis::Chassis::~Chassis__deallocating()</a> from rc_chassis.o(.text._ZN7chassis7ChassisD0Ev) referenced from rc_chassis.o(.rodata._ZTVN7chassis7ChassisE)
 <LI><a href="#[140]">chassis::Chassis::~Chassis__sub_object()</a> from rc_chassis.o(.text._ZN7chassis7ChassisD2Ev) referenced from rc_chassis.o(.rodata._ZTVN7chassis7ChassisE)
 <LI><a href="#[143]">vector2d::Vector2D::~Vector2D__deallocating()</a> from rc_chassis.o(.text._ZN8vector2d8Vector2DD0Ev) referenced from rc_chassis.o(.rodata._ZTVN8vector2d8Vector2DE)
 <LI><a href="#[142]">vector2d::Vector2D::~Vector2D__sub_object()</a> from rc_chassis.o(.text._ZN8vector2d8Vector2DD2Ev) referenced from rc_chassis.o(.rodata._ZTVN8vector2d8Vector2DE)
 <LI><a href="#[146]">photogate::PhoGateRepos::EXTI_Prosess()</a> from rc_photogate.o(.text._ZN9photogate12PhoGateRepos12EXTI_ProsessEv) referenced from rc_photogate.o(.rodata._ZTVN9photogate12PhoGateReposE)
 <LI><a href="#[145]">photogate::PhoGateRepos::~PhoGateRepos__deallocating()</a> from rc_photogate.o(.text._ZN9photogate12PhoGateReposD0Ev) referenced from rc_photogate.o(.rodata._ZTVN9photogate12PhoGateReposE)
 <LI><a href="#[144]">photogate::PhoGateRepos::~PhoGateRepos__sub_object()</a> from rc_swerve_chassis.o(.text._ZN9photogate12PhoGateReposD2Ev) referenced from rc_photogate.o(.rodata._ZTVN9photogate12PhoGateReposE)
 <LI><a href="#[138]">non-virtual thunk to flysky::FlySky::EXTI_Prosess()</a> from rc_flysky.o(.text._ZThn12_N6flysky6FlySky12EXTI_ProsessEv) referenced from rc_flysky.o(.rodata._ZTVN6flysky6FlySkyE)
 <LI><a href="#[137]">non-virtual thunk to flysky::FlySky::~FlySky__deallocating()</a> from rc_flysky.o(.text._ZThn12_N6flysky6FlySkyD0Ev) referenced from rc_flysky.o(.rodata._ZTVN6flysky6FlySkyE)
 <LI><a href="#[136]">non-virtual thunk to flysky::FlySky::~FlySky()</a> from rc_flysky.o(.text._ZThn12_N6flysky6FlySkyD1Ev) referenced from rc_flysky.o(.rodata._ZTVN6flysky6FlySkyE)
 <LI><a href="#[ea]">non-virtual thunk to motor::Go::Can_Tx_Process()</a> from rc_go.o(.text._ZThn400_N5motor2Go14Can_Tx_ProcessEv) referenced from rc_go.o(.rodata._ZTVN5motor2GoE)
 <LI><a href="#[eb]">non-virtual thunk to motor::Go::Can_Rx_It_Process(unsigned int, unsigned char*)</a> from rc_go.o(.text._ZThn400_N5motor2Go17Can_Rx_It_ProcessEjPh) referenced from rc_go.o(.rodata._ZTVN5motor2GoE)
 <LI><a href="#[ec]">non-virtual thunk to motor::Go::CanHandler_Register()</a> from rc_go.o(.text._ZThn400_N5motor2Go19CanHandler_RegisterEv) referenced from rc_go.o(.rodata._ZTVN5motor2GoE)
 <LI><a href="#[e9]">non-virtual thunk to motor::Go::~Go__deallocating()</a> from rc_go.o(.text._ZThn400_N5motor2GoD0Ev) referenced from rc_go.o(.rodata._ZTVN5motor2GoE)
 <LI><a href="#[e8]">non-virtual thunk to motor::Go::~Go()</a> from rc_go.o(.text._ZThn400_N5motor2GoD1Ev) referenced from rc_go.o(.rodata._ZTVN5motor2GoE)
 <LI><a href="#[fb]">non-virtual thunk to motor::J60::Can_Tx_Process()</a> from rc_j60.o(.text._ZThn400_N5motor3J6014Can_Tx_ProcessEv) referenced from rc_j60.o(.rodata._ZTVN5motor3J60E)
 <LI><a href="#[fc]">non-virtual thunk to motor::J60::Can_Rx_It_Process(unsigned int, unsigned char*)</a> from rc_j60.o(.text._ZThn400_N5motor3J6017Can_Rx_It_ProcessEjPh) referenced from rc_j60.o(.rodata._ZTVN5motor3J60E)
 <LI><a href="#[fd]">non-virtual thunk to motor::J60::CanHandler_Register()</a> from rc_j60.o(.text._ZThn400_N5motor3J6019CanHandler_RegisterEv) referenced from rc_j60.o(.rodata._ZTVN5motor3J60E)
 <LI><a href="#[fa]">non-virtual thunk to motor::J60::~J60__deallocating()</a> from rc_j60.o(.text._ZThn400_N5motor3J60D0Ev) referenced from rc_j60.o(.rodata._ZTVN5motor3J60E)
 <LI><a href="#[f9]">non-virtual thunk to motor::J60::~J60()</a> from rc_j60.o(.text._ZThn400_N5motor3J60D1Ev) referenced from rc_j60.o(.rodata._ZTVN5motor3J60E)
 <LI><a href="#[10c]">non-virtual thunk to motor::Vesc::Can_Tx_Process()</a> from rc_vesc.o(.text._ZThn400_N5motor4Vesc14Can_Tx_ProcessEv) referenced from rc_vesc.o(.rodata._ZTVN5motor4VescE)
 <LI><a href="#[10d]">non-virtual thunk to motor::Vesc::Can_Rx_It_Process(unsigned int, unsigned char*)</a> from rc_vesc.o(.text._ZThn400_N5motor4Vesc17Can_Rx_It_ProcessEjPh) referenced from rc_vesc.o(.rodata._ZTVN5motor4VescE)
 <LI><a href="#[10e]">non-virtual thunk to motor::Vesc::CanHandler_Register()</a> from rc_vesc.o(.text._ZThn400_N5motor4Vesc19CanHandler_RegisterEv) referenced from rc_vesc.o(.rodata._ZTVN5motor4VescE)
 <LI><a href="#[10b]">non-virtual thunk to motor::Vesc::~Vesc__deallocating()</a> from rc_vesc.o(.text._ZThn400_N5motor4VescD0Ev) referenced from rc_vesc.o(.rodata._ZTVN5motor4VescE)
 <LI><a href="#[10a]">non-virtual thunk to motor::Vesc::~Vesc()</a> from rc_vesc.o(.text._ZThn400_N5motor4VescD1Ev) referenced from rc_vesc.o(.rodata._ZTVN5motor4VescE)
 <LI><a href="#[11b]">non-virtual thunk to motor::M2006::~M2006__deallocating()</a> from rc_m2006.o(.text._ZThn400_N5motor5M2006D0Ev) referenced from rc_m2006.o(.rodata._ZTVN5motor5M2006E)
 <LI><a href="#[11a]">non-virtual thunk to motor::M2006::~M2006()</a> from rc_m2006.o(.text._ZThn400_N5motor5M2006D1Ev) referenced from rc_m2006.o(.rodata._ZTVN5motor5M2006E)
 <LI><a href="#[126]">non-virtual thunk to motor::M3508::~M3508__deallocating()</a> from rc_m3508.o(.text._ZThn400_N5motor5M3508D0Ev) referenced from rc_m3508.o(.rodata._ZTVN5motor5M3508E)
 <LI><a href="#[125]">non-virtual thunk to motor::M3508::~M3508()</a> from rc_m3508.o(.text._ZThn400_N5motor5M3508D1Ev) referenced from rc_m3508.o(.rodata._ZTVN5motor5M3508E)
 <LI><a href="#[11c]">non-virtual thunk to motor::DjiMotor::Can_Tx_Process()</a> from rc_dji_motor.o(.text._ZThn400_N5motor8DjiMotor14Can_Tx_ProcessEv) referenced from rc_m2006.o(.rodata._ZTVN5motor5M2006E)
 <LI><a href="#[11c]">non-virtual thunk to motor::DjiMotor::Can_Tx_Process()</a> from rc_dji_motor.o(.text._ZThn400_N5motor8DjiMotor14Can_Tx_ProcessEv) referenced from rc_m3508.o(.rodata._ZTVN5motor5M3508E)
 <LI><a href="#[11c]">non-virtual thunk to motor::DjiMotor::Can_Tx_Process()</a> from rc_dji_motor.o(.text._ZThn400_N5motor8DjiMotor14Can_Tx_ProcessEv) referenced from rc_dji_motor.o(.rodata._ZTVN5motor8DjiMotorE)
 <LI><a href="#[11d]">non-virtual thunk to motor::DjiMotor::Can_Rx_It_Process(unsigned int, unsigned char*)</a> from rc_dji_motor.o(.text._ZThn400_N5motor8DjiMotor17Can_Rx_It_ProcessEjPh) referenced from rc_m2006.o(.rodata._ZTVN5motor5M2006E)
 <LI><a href="#[11d]">non-virtual thunk to motor::DjiMotor::Can_Rx_It_Process(unsigned int, unsigned char*)</a> from rc_dji_motor.o(.text._ZThn400_N5motor8DjiMotor17Can_Rx_It_ProcessEjPh) referenced from rc_m3508.o(.rodata._ZTVN5motor5M3508E)
 <LI><a href="#[11d]">non-virtual thunk to motor::DjiMotor::Can_Rx_It_Process(unsigned int, unsigned char*)</a> from rc_dji_motor.o(.text._ZThn400_N5motor8DjiMotor17Can_Rx_It_ProcessEjPh) referenced from rc_dji_motor.o(.rodata._ZTVN5motor8DjiMotorE)
 <LI><a href="#[11e]">non-virtual thunk to motor::DjiMotor::CanHandler_Register()</a> from rc_dji_motor.o(.text._ZThn400_N5motor8DjiMotor19CanHandler_RegisterEv) referenced from rc_m2006.o(.rodata._ZTVN5motor5M2006E)
 <LI><a href="#[11e]">non-virtual thunk to motor::DjiMotor::CanHandler_Register()</a> from rc_dji_motor.o(.text._ZThn400_N5motor8DjiMotor19CanHandler_RegisterEv) referenced from rc_m3508.o(.rodata._ZTVN5motor5M3508E)
 <LI><a href="#[11e]">non-virtual thunk to motor::DjiMotor::CanHandler_Register()</a> from rc_dji_motor.o(.text._ZThn400_N5motor8DjiMotor19CanHandler_RegisterEv) referenced from rc_dji_motor.o(.rodata._ZTVN5motor8DjiMotorE)
 <LI><a href="#[12e]">non-virtual thunk to motor::DjiMotor::~DjiMotor__deallocating()</a> from rc_dji_motor.o(.text._ZThn400_N5motor8DjiMotorD0Ev) referenced from rc_dji_motor.o(.rodata._ZTVN5motor8DjiMotorE)
 <LI><a href="#[12d]">non-virtual thunk to motor::DjiMotor::~DjiMotor()</a> from rc_dji_motor.o(.text._ZThn400_N5motor8DjiMotorD1Ev) referenced from rc_dji_motor.o(.rodata._ZTVN5motor8DjiMotorE)
 <LI><a href="#[ef]">non-virtual thunk to motor::Go::Tim_It_Process()</a> from rc_go.o(.text._ZThn424_N5motor2Go14Tim_It_ProcessEv) referenced from rc_go.o(.rodata._ZTVN5motor2GoE)
 <LI><a href="#[ee]">non-virtual thunk to motor::Go::~Go__deallocating()</a> from rc_go.o(.text._ZThn424_N5motor2GoD0Ev) referenced from rc_go.o(.rodata._ZTVN5motor2GoE)
 <LI><a href="#[ed]">non-virtual thunk to motor::Go::~Go()</a> from rc_go.o(.text._ZThn424_N5motor2GoD1Ev) referenced from rc_go.o(.rodata._ZTVN5motor2GoE)
 <LI><a href="#[100]">non-virtual thunk to motor::J60::Tim_It_Process()</a> from rc_j60.o(.text._ZThn424_N5motor3J6014Tim_It_ProcessEv) referenced from rc_j60.o(.rodata._ZTVN5motor3J60E)
 <LI><a href="#[ff]">non-virtual thunk to motor::J60::~J60__deallocating()</a> from rc_j60.o(.text._ZThn424_N5motor3J60D0Ev) referenced from rc_j60.o(.rodata._ZTVN5motor3J60E)
 <LI><a href="#[fe]">non-virtual thunk to motor::J60::~J60()</a> from rc_j60.o(.text._ZThn424_N5motor3J60D1Ev) referenced from rc_j60.o(.rodata._ZTVN5motor3J60E)
 <LI><a href="#[111]">non-virtual thunk to motor::Vesc::Tim_It_Process()</a> from rc_vesc.o(.text._ZThn424_N5motor4Vesc14Tim_It_ProcessEv) referenced from rc_vesc.o(.rodata._ZTVN5motor4VescE)
 <LI><a href="#[110]">non-virtual thunk to motor::Vesc::~Vesc__deallocating()</a> from rc_vesc.o(.text._ZThn424_N5motor4VescD0Ev) referenced from rc_vesc.o(.rodata._ZTVN5motor4VescE)
 <LI><a href="#[10f]">non-virtual thunk to motor::Vesc::~Vesc()</a> from rc_vesc.o(.text._ZThn424_N5motor4VescD1Ev) referenced from rc_vesc.o(.rodata._ZTVN5motor4VescE)
 <LI><a href="#[120]">non-virtual thunk to motor::M2006::~M2006__deallocating()</a> from rc_m2006.o(.text._ZThn424_N5motor5M2006D0Ev) referenced from rc_m2006.o(.rodata._ZTVN5motor5M2006E)
 <LI><a href="#[11f]">non-virtual thunk to motor::M2006::~M2006()</a> from rc_m2006.o(.text._ZThn424_N5motor5M2006D1Ev) referenced from rc_m2006.o(.rodata._ZTVN5motor5M2006E)
 <LI><a href="#[128]">non-virtual thunk to motor::M3508::~M3508__deallocating()</a> from rc_m3508.o(.text._ZThn424_N5motor5M3508D0Ev) referenced from rc_m3508.o(.rodata._ZTVN5motor5M3508E)
 <LI><a href="#[127]">non-virtual thunk to motor::M3508::~M3508()</a> from rc_m3508.o(.text._ZThn424_N5motor5M3508D1Ev) referenced from rc_m3508.o(.rodata._ZTVN5motor5M3508E)
 <LI><a href="#[121]">non-virtual thunk to motor::DjiMotor::Tim_It_Process()</a> from rc_dji_motor.o(.text._ZThn424_N5motor8DjiMotor14Tim_It_ProcessEv) referenced from rc_m2006.o(.rodata._ZTVN5motor5M2006E)
 <LI><a href="#[121]">non-virtual thunk to motor::DjiMotor::Tim_It_Process()</a> from rc_dji_motor.o(.text._ZThn424_N5motor8DjiMotor14Tim_It_ProcessEv) referenced from rc_m3508.o(.rodata._ZTVN5motor5M3508E)
 <LI><a href="#[121]">non-virtual thunk to motor::DjiMotor::Tim_It_Process()</a> from rc_dji_motor.o(.text._ZThn424_N5motor8DjiMotor14Tim_It_ProcessEv) referenced from rc_dji_motor.o(.rodata._ZTVN5motor8DjiMotorE)
 <LI><a href="#[130]">non-virtual thunk to motor::DjiMotor::~DjiMotor__deallocating()</a> from rc_dji_motor.o(.text._ZThn424_N5motor8DjiMotorD0Ev) referenced from rc_dji_motor.o(.rodata._ZTVN5motor8DjiMotorE)
 <LI><a href="#[12f]">non-virtual thunk to motor::DjiMotor::~DjiMotor()</a> from rc_dji_motor.o(.text._ZThn424_N5motor8DjiMotorD1Ev) referenced from rc_dji_motor.o(.rodata._ZTVN5motor8DjiMotorE)
 <LI><a href="#[be]">__cxa_pure_virtual</a> from cxa_virtual.cpp.o(.text.__cxa_pure_virtual) referenced 3 times from rc_can_1.o(.rodata._ZTVN3can10CanHandlerE)
 <LI><a href="#[be]">__cxa_pure_virtual</a> from cxa_virtual.cpp.o(.text.__cxa_pure_virtual) referenced from rc_cdc_1.o(.rodata._ZTVN3cdc10CDCHandlerE)
 <LI><a href="#[be]">__cxa_pure_virtual</a> from cxa_virtual.cpp.o(.text.__cxa_pure_virtual) referenced from rc_tim_1.o(.rodata._ZTVN3tim10TimHandlerE)
 <LI><a href="#[be]">__cxa_pure_virtual</a> from cxa_virtual.cpp.o(.text.__cxa_pure_virtual) referenced from rc_gpio_exti_1.o(.rodata._ZTVN4gpio8GpioExtiE)
 <LI><a href="#[be]">__cxa_pure_virtual</a> from cxa_virtual.cpp.o(.text.__cxa_pure_virtual) referenced from rc_task_1.o(.rodata._ZTVN4task11ManagedTaskE)
 <LI><a href="#[be]">__cxa_pure_virtual</a> from cxa_virtual.cpp.o(.text.__cxa_pure_virtual) referenced from rc_dji_motor.o(.rodata._ZTVN5motor8DjiMotorE)
 <LI><a href="#[be]">__cxa_pure_virtual</a> from cxa_virtual.cpp.o(.text.__cxa_pure_virtual) referenced from rc_serial_1.o(.rodata._ZTVN6serial6UartRxE)
 <LI><a href="#[be]">__cxa_pure_virtual</a> from cxa_virtual.cpp.o(.text.__cxa_pure_virtual) referenced 3 times from rc_chassis.o(.rodata._ZTVN7chassis7ChassisE)
 <LI><a href="#[95]">__main</a> from __main.o(!!!main) referenced from startup_stm32h723xx.o(.text)
 <LI><a href="#[b7]">prvIdleTask</a> from tasks.o(.text.prvIdleTask) referenced 2 times from tasks.o(.text.vTaskStartScheduler)
 <LI><a href="#[b6]">prvTaskExitError</a> from port.o(.text.prvTaskExitError) referenced 2 times from port.o(.text.pxPortInitialiseStack)
 <LI><a href="#[b8]">prvTimerTask</a> from timers.o(.text.prvTimerTask) referenced 2 times from timers.o(.text.xTimerCreateTimerTask)
</UL>
<P>
<H3>
Global Symbols
</H3>
<P><STRONG><a name="[95]"></a>__main</STRONG> (Thumb, 8 bytes, Stack size 0 bytes, __main.o(!!!main))
<BR><BR>[Calls]<UL><LI><a href="#[163]">&gt;&gt;</a>&nbsp;&nbsp;&nbsp;__rt_entry
<LI><a href="#[162]">&gt;&gt;</a>&nbsp;&nbsp;&nbsp;__scatterload
</UL>
<BR>[Address Reference Count : 1]<UL><LI> startup_stm32h723xx.o(.text)
</UL>
<P><STRONG><a name="[162]"></a>__scatterload</STRONG> (Thumb, 0 bytes, Stack size unknown bytes, __scatter.o(!!!scatter))
<BR><BR>[Called By]<UL><LI><a href="#[95]">&gt;&gt;</a>&nbsp;&nbsp;&nbsp;__main
</UL>

<P><STRONG><a name="[164]"></a>__scatterload_rt2</STRONG> (Thumb, 84 bytes, Stack size unknown bytes, __scatter.o(!!!scatter), UNUSED)
<BR><BR>[Calls]<UL><LI><a href="#[163]">&gt;&gt;</a>&nbsp;&nbsp;&nbsp;__rt_entry
</UL>

<P><STRONG><a name="[39c]"></a>__scatterload_rt2_thumb_only</STRONG> (Thumb, 0 bytes, Stack size unknown bytes, __scatter.o(!!!scatter), UNUSED)

<P><STRONG><a name="[39d]"></a>__scatterload_loop</STRONG> (Thumb, 0 bytes, Stack size unknown bytes, __scatter.o(!!!scatter), UNUSED)

<P><STRONG><a name="[165]"></a>__scatterload_copy</STRONG> (Thumb, 26 bytes, Stack size unknown bytes, __scatter_copy.o(!!handler_copy), UNUSED)
<BR><BR>[Calls]<UL><LI><a href="#[165]">&gt;&gt;</a>&nbsp;&nbsp;&nbsp;__scatterload_copy
</UL>
<BR>[Called By]<UL><LI><a href="#[165]">&gt;&gt;</a>&nbsp;&nbsp;&nbsp;__scatterload_copy
</UL>

<P><STRONG><a name="[39e]"></a>__scatterload_null</STRONG> (Thumb, 2 bytes, Stack size unknown bytes, __scatter.o(!!handler_null), UNUSED)

<P><STRONG><a name="[39f]"></a>__scatterload_zeroinit</STRONG> (Thumb, 28 bytes, Stack size unknown bytes, __scatter_zi.o(!!handler_zi), UNUSED)

<P><STRONG><a name="[170]"></a>__rt_lib_init</STRONG> (Thumb, 0 bytes, Stack size unknown bytes, libinit.o(.ARM.Collect$$libinit$$00000000))
<BR><BR>[Called By]<UL><LI><a href="#[16f]">&gt;&gt;</a>&nbsp;&nbsp;&nbsp;__rt_entry_li
</UL>

<P><STRONG><a name="[166]"></a>__rt_lib_init_fp_1</STRONG> (Thumb, 0 bytes, Stack size unknown bytes, libinit2.o(.ARM.Collect$$libinit$$00000001))
<BR><BR>[Calls]<UL><LI><a href="#[167]">&gt;&gt;</a>&nbsp;&nbsp;&nbsp;_fp_init
</UL>

<P><STRONG><a name="[168]"></a>__rt_lib_init_heap_2</STRONG> (Thumb, 0 bytes, Stack size unknown bytes, libinit2.o(.ARM.Collect$$libinit$$00000007))
<BR><BR>[Stack]<UL><LI>Max Depth = 64 + Unknown Stack Size
<LI>Call Chain = __rt_lib_init_heap_2 &rArr; _init_alloc &rArr; __rt_SIGRTMEM &rArr; __rt_SIGRTMEM_inner &rArr; __default_signal_display &rArr; _ttywrch
</UL>
<BR>[Calls]<UL><LI><a href="#[169]">&gt;&gt;</a>&nbsp;&nbsp;&nbsp;_init_alloc
</UL>

<P><STRONG><a name="[3a0]"></a>__rt_lib_init_preinit_1</STRONG> (Thumb, 0 bytes, Stack size unknown bytes, libinit2.o(.ARM.Collect$$libinit$$00000006))

<P><STRONG><a name="[3a1]"></a>__rt_lib_init_relocate_pie_1</STRONG> (Thumb, 0 bytes, Stack size unknown bytes, libinit2.o(.ARM.Collect$$libinit$$00000004))

<P><STRONG><a name="[3a2]"></a>__rt_lib_init_alloca_1</STRONG> (Thumb, 0 bytes, Stack size unknown bytes, libinit2.o(.ARM.Collect$$libinit$$00000030))

<P><STRONG><a name="[3a3]"></a>__rt_lib_init_argv_1</STRONG> (Thumb, 0 bytes, Stack size unknown bytes, libinit2.o(.ARM.Collect$$libinit$$0000002E))

<P><STRONG><a name="[3a4]"></a>__rt_lib_init_atexit_1</STRONG> (Thumb, 0 bytes, Stack size unknown bytes, libinit2.o(.ARM.Collect$$libinit$$0000001D))

<P><STRONG><a name="[3a5]"></a>__rt_lib_init_clock_1</STRONG> (Thumb, 0 bytes, Stack size unknown bytes, libinit2.o(.ARM.Collect$$libinit$$00000023))

<P><STRONG><a name="[16a]"></a>__rt_lib_init_cpp_2</STRONG> (Thumb, 0 bytes, Stack size unknown bytes, libinit2.o(.ARM.Collect$$libinit$$00000033))
<BR><BR>[Stack]<UL><LI>Max Depth = 24 + Unknown Stack Size
<LI>Call Chain = __rt_lib_init_cpp_2 &rArr; __cpp_initialize__aeabi_
</UL>
<BR>[Calls]<UL><LI><a href="#[161]">&gt;&gt;</a>&nbsp;&nbsp;&nbsp;__cpp_initialize__aeabi_
</UL>

<P><STRONG><a name="[3a6]"></a>__rt_lib_init_exceptions_1</STRONG> (Thumb, 0 bytes, Stack size unknown bytes, libinit2.o(.ARM.Collect$$libinit$$00000032))

<P><STRONG><a name="[3a7]"></a>__rt_lib_init_fp_trap_1</STRONG> (Thumb, 0 bytes, Stack size unknown bytes, libinit2.o(.ARM.Collect$$libinit$$00000021))

<P><STRONG><a name="[3a8]"></a>__rt_lib_init_getenv_1</STRONG> (Thumb, 0 bytes, Stack size unknown bytes, libinit2.o(.ARM.Collect$$libinit$$00000025))

<P><STRONG><a name="[3a9]"></a>__rt_lib_init_heap_1</STRONG> (Thumb, 0 bytes, Stack size unknown bytes, libinit2.o(.ARM.Collect$$libinit$$0000000C))

<P><STRONG><a name="[3aa]"></a>__rt_lib_init_lc_collate_1</STRONG> (Thumb, 0 bytes, Stack size unknown bytes, libinit2.o(.ARM.Collect$$libinit$$00000013))

<P><STRONG><a name="[3ab]"></a>__rt_lib_init_lc_ctype_1</STRONG> (Thumb, 0 bytes, Stack size unknown bytes, libinit2.o(.ARM.Collect$$libinit$$00000015))

<P><STRONG><a name="[3ac]"></a>__rt_lib_init_lc_monetary_1</STRONG> (Thumb, 0 bytes, Stack size unknown bytes, libinit2.o(.ARM.Collect$$libinit$$00000017))

<P><STRONG><a name="[3ad]"></a>__rt_lib_init_lc_numeric_1</STRONG> (Thumb, 0 bytes, Stack size unknown bytes, libinit2.o(.ARM.Collect$$libinit$$00000019))

<P><STRONG><a name="[3ae]"></a>__rt_lib_init_lc_time_1</STRONG> (Thumb, 0 bytes, Stack size unknown bytes, libinit2.o(.ARM.Collect$$libinit$$0000001B))

<P><STRONG><a name="[3af]"></a>__rt_lib_init_rand_1</STRONG> (Thumb, 0 bytes, Stack size unknown bytes, libinit2.o(.ARM.Collect$$libinit$$00000010))

<P><STRONG><a name="[3b0]"></a>__rt_lib_init_signal_1</STRONG> (Thumb, 0 bytes, Stack size unknown bytes, libinit2.o(.ARM.Collect$$libinit$$0000001F))

<P><STRONG><a name="[3b1]"></a>__rt_lib_init_stdio_1</STRONG> (Thumb, 0 bytes, Stack size unknown bytes, libinit2.o(.ARM.Collect$$libinit$$00000027))

<P><STRONG><a name="[3b2]"></a>__rt_lib_init_user_alloc_1</STRONG> (Thumb, 0 bytes, Stack size unknown bytes, libinit2.o(.ARM.Collect$$libinit$$0000000E))

<P><STRONG><a name="[3b3]"></a>__rt_lib_init_cpp_1</STRONG> (Thumb, 0 bytes, Stack size unknown bytes, libinit2.o(.ARM.Collect$$libinit$$00000034))

<P><STRONG><a name="[3b4]"></a>__rt_lib_init_return</STRONG> (Thumb, 0 bytes, Stack size unknown bytes, libinit2.o(.ARM.Collect$$libinit$$00000035))

<P><STRONG><a name="[175]"></a>__rt_lib_shutdown</STRONG> (Thumb, 0 bytes, Stack size unknown bytes, libshutdown.o(.ARM.Collect$$libshutdown$$00000000))
<BR><BR>[Called By]<UL><LI><a href="#[174]">&gt;&gt;</a>&nbsp;&nbsp;&nbsp;__rt_exit_ls
<LI><a href="#[18a]">&gt;&gt;</a>&nbsp;&nbsp;&nbsp;abort
</UL>

<P><STRONG><a name="[16b]"></a>__rt_lib_shutdown_cpp_2</STRONG> (Thumb, 0 bytes, Stack size unknown bytes, libshutdown2.o(.ARM.Collect$$libshutdown$$00000001))
<BR><BR>[Stack]<UL><LI>Max Depth = 40 + Unknown Stack Size
<LI>Call Chain = __rt_lib_shutdown_cpp_2 &rArr; __cxa_finalize &rArr; free
</UL>
<BR>[Calls]<UL><LI><a href="#[16c]">&gt;&gt;</a>&nbsp;&nbsp;&nbsp;__cxa_finalize
</UL>

<P><STRONG><a name="[3b5]"></a>__rt_lib_shutdown_cpp_1</STRONG> (Thumb, 0 bytes, Stack size unknown bytes, libshutdown2.o(.ARM.Collect$$libshutdown$$00000002))

<P><STRONG><a name="[3b6]"></a>__rt_lib_shutdown_fp_trap_1</STRONG> (Thumb, 0 bytes, Stack size unknown bytes, libshutdown2.o(.ARM.Collect$$libshutdown$$00000007))

<P><STRONG><a name="[3b7]"></a>__rt_lib_shutdown_heap_1</STRONG> (Thumb, 0 bytes, Stack size unknown bytes, libshutdown2.o(.ARM.Collect$$libshutdown$$0000000F))

<P><STRONG><a name="[3b8]"></a>__rt_lib_shutdown_return</STRONG> (Thumb, 0 bytes, Stack size unknown bytes, libshutdown2.o(.ARM.Collect$$libshutdown$$00000010))

<P><STRONG><a name="[3b9]"></a>__rt_lib_shutdown_signal_1</STRONG> (Thumb, 0 bytes, Stack size unknown bytes, libshutdown2.o(.ARM.Collect$$libshutdown$$0000000A))

<P><STRONG><a name="[3ba]"></a>__rt_lib_shutdown_stdio_1</STRONG> (Thumb, 0 bytes, Stack size unknown bytes, libshutdown2.o(.ARM.Collect$$libshutdown$$00000004))

<P><STRONG><a name="[3bb]"></a>__rt_lib_shutdown_user_alloc_1</STRONG> (Thumb, 0 bytes, Stack size unknown bytes, libshutdown2.o(.ARM.Collect$$libshutdown$$0000000C))

<P><STRONG><a name="[163]"></a>__rt_entry</STRONG> (Thumb, 0 bytes, Stack size unknown bytes, __rtentry.o(.ARM.Collect$$rtentry$$00000000))
<BR><BR>[Called By]<UL><LI><a href="#[95]">&gt;&gt;</a>&nbsp;&nbsp;&nbsp;__main
<LI><a href="#[164]">&gt;&gt;</a>&nbsp;&nbsp;&nbsp;__scatterload_rt2
</UL>

<P><STRONG><a name="[3bc]"></a>__rt_entry_presh_1</STRONG> (Thumb, 0 bytes, Stack size unknown bytes, __rtentry2.o(.ARM.Collect$$rtentry$$00000002))

<P><STRONG><a name="[16d]"></a>__rt_entry_sh</STRONG> (Thumb, 0 bytes, Stack size unknown bytes, __rtentry4.o(.ARM.Collect$$rtentry$$00000004))
<BR><BR>[Stack]<UL><LI>Max Depth = 8 + Unknown Stack Size
<LI>Call Chain = __rt_entry_sh &rArr; __user_setup_stackheap
</UL>
<BR>[Calls]<UL><LI><a href="#[16e]">&gt;&gt;</a>&nbsp;&nbsp;&nbsp;__user_setup_stackheap
</UL>

<P><STRONG><a name="[16f]"></a>__rt_entry_li</STRONG> (Thumb, 0 bytes, Stack size unknown bytes, __rtentry2.o(.ARM.Collect$$rtentry$$0000000A))
<BR><BR>[Calls]<UL><LI><a href="#[170]">&gt;&gt;</a>&nbsp;&nbsp;&nbsp;__rt_lib_init
</UL>

<P><STRONG><a name="[3bd]"></a>__rt_entry_postsh_1</STRONG> (Thumb, 0 bytes, Stack size unknown bytes, __rtentry2.o(.ARM.Collect$$rtentry$$00000009))

<P><STRONG><a name="[171]"></a>__rt_entry_main</STRONG> (Thumb, 0 bytes, Stack size unknown bytes, __rtentry2.o(.ARM.Collect$$rtentry$$0000000D))
<BR><BR>[Stack]<UL><LI>Max Depth = 568 + Unknown Stack Size
[...]
</UL>
<BR>[Calls]<UL><LI><a href="#[320]">&gt;&gt;</a>&nbsp;&nbsp;&nbsp;motor::M3508::M3508(unsigned char, can::Can&, tim::Tim&, float)
<LI><a href="#[178]">&gt;&gt;</a>&nbsp;&nbsp;&nbsp;__cxa_atexit
</UL>
<BR>[Called By]<UL><LI><a href="#[149]">&gt;&gt;</a>&nbsp;&nbsp;&nbsp;_GLOBAL__sub_I_RC_init.cpp
</UL>

<P><STRONG><a name="[2c1]"></a>__cxx_global_var_init.18</STRONG> (Thumb, 76 bytes, Stack size 16 bytes, rc_init.o(.text.__cxx_global_var_init.18))
<BR><BR>[Stack]<UL><LI>Max Depth = 184<LI>Call Chain = __cxx_global_var_init.18 &rArr; motor::J60::J60(unsigned char, can::Can&, tim::Tim&, bool, float, float) &rArr; pid::Pid::Pid_Param_Init(float, float, float, float, float, float, float, float, float, float, float, float, float) &rArr; filter::TD::TD_Init(float, float, float)
</UL>
<BR>[Calls]<UL><LI><a href="#[31c]">&gt;&gt;</a>&nbsp;&nbsp;&nbsp;motor::J60::J60(unsigned char, can::Can&, tim::Tim&, bool, float, float)
<LI><a href="#[178]">&gt;&gt;</a>&nbsp;&nbsp;&nbsp;__cxa_atexit
</UL>
<BR>[Called By]<UL><LI><a href="#[149]">&gt;&gt;</a>&nbsp;&nbsp;&nbsp;_GLOBAL__sub_I_RC_init.cpp
</UL>

<P><STRONG><a name="[2c2]"></a>__cxx_global_var_init.19</STRONG> (Thumb, 80 bytes, Stack size 24 bytes, rc_init.o(.text.__cxx_global_var_init.19))
<BR><BR>[Stack]<UL><LI>Max Depth = 176<LI>Call Chain = __cxx_global_var_init.19 &rArr; motor::Go::Go(unsigned char, unsigned char, can::Can&, tim::Tim&, bool, float, float) &rArr; pid::Pid::Pid_Param_Init(float, float, float, float, float, float, float, float, float, float, float, float, float) &rArr; filter::TD::TD_Init(float, float, float)
</UL>
<BR>[Calls]<UL><LI><a href="#[318]">&gt;&gt;</a>&nbsp;&nbsp;&nbsp;motor::Go::Go(unsigned char, unsigned char, can::Can&, tim::Tim&, bool, float, float)
<LI><a href="#[178]">&gt;&gt;</a>&nbsp;&nbsp;&nbsp;__cxa_atexit
</UL>
<BR>[Called By]<UL><LI><a href="#[149]">&gt;&gt;</a>&nbsp;&nbsp;&nbsp;_GLOBAL__sub_I_RC_init.cpp
</UL>

<P><STRONG><a name="[2c3]"></a>__cxx_global_var_init.20</STRONG> (Thumb, 68 bytes, Stack size 16 bytes, rc_init.o(.text.__cxx_global_var_init.20))
<BR><BR>[Stack]<UL><LI>Max Depth = 168<LI>Call Chain = __cxx_global_var_init.20 &rArr; motor::M3508::M3508(unsigned char, can::Can&, tim::Tim&, float) &rArr; pid::Pid::Pid_Param_Init(float, float, float, float, float, float, float, float, float, float, float, float, float) &rArr; filter::TD::TD_Init(float, float, float)
</UL>
<BR>[Calls]<UL><LI><a href="#[320]">&gt;&gt;</a>&nbsp;&nbsp;&nbsp;motor::M3508::M3508(unsigned char, can::Can&, tim::Tim&, float)
<LI><a href="#[178]">&gt;&gt;</a>&nbsp;&nbsp;&nbsp;__cxa_atexit
</UL>
<BR>[Called By]<UL><LI><a href="#[149]">&gt;&gt;</a>&nbsp;&nbsp;&nbsp;_GLOBAL__sub_I_RC_init.cpp
</UL>

<P><STRONG><a name="[2c4]"></a>__cxx_global_var_init.21</STRONG> (Thumb, 68 bytes, Stack size 16 bytes, rc_init.o(.text.__cxx_global_var_init.21))
<BR><BR>[Stack]<UL><LI>Max Depth = 168<LI>Call Chain = __cxx_global_var_init.21 &rArr; motor::M3508::M3508(unsigned char, can::Can&, tim::Tim&, float) &rArr; pid::Pid::Pid_Param_Init(float, float, float, float, float, float, float, float, float, float, float, float, float) &rArr; filter::TD::TD_Init(float, float, float)
</UL>
<BR>[Calls]<UL><LI><a href="#[320]">&gt;&gt;</a>&nbsp;&nbsp;&nbsp;motor::M3508::M3508(unsigned char, can::Can&, tim::Tim&, float)
<LI><a href="#[178]">&gt;&gt;</a>&nbsp;&nbsp;&nbsp;__cxa_atexit
</UL>
<BR>[Called By]<UL><LI><a href="#[149]">&gt;&gt;</a>&nbsp;&nbsp;&nbsp;_GLOBAL__sub_I_RC_init.cpp
</UL>

<P><STRONG><a name="[2c5]"></a>__cxx_global_var_init.22</STRONG> (Thumb, 68 bytes, Stack size 16 bytes, rc_init.o(.text.__cxx_global_var_init.22))
<BR><BR>[Stack]<UL><LI>Max Depth = 168<LI>Call Chain = __cxx_global_var_init.22 &rArr; motor::M3508::M3508(unsigned char, can::Can&, tim::Tim&, float) &rArr; pid::Pid::Pid_Param_Init(float, float, float, float, float, float, float, float, float, float, float, float, float) &rArr; filter::TD::TD_Init(float, float, float)
</UL>
<BR>[Calls]<UL><LI><a href="#[320]">&gt;&gt;</a>&nbsp;&nbsp;&nbsp;motor::M3508::M3508(unsigned char, can::Can&, tim::Tim&, float)
<LI><a href="#[178]">&gt;&gt;</a>&nbsp;&nbsp;&nbsp;__cxa_atexit
</UL>
<BR>[Called By]<UL><LI><a href="#[149]">&gt;&gt;</a>&nbsp;&nbsp;&nbsp;_GLOBAL__sub_I_RC_init.cpp
</UL>

<P><STRONG><a name="[2c6]"></a>__cxx_global_var_init.23</STRONG> (Thumb, 68 bytes, Stack size 16 bytes, rc_init.o(.text.__cxx_global_var_init.23))
<BR><BR>[Stack]<UL><LI>Max Depth = 168<LI>Call Chain = __cxx_global_var_init.23 &rArr; motor::M3508::M3508(unsigned char, can::Can&, tim::Tim&, float) &rArr; pid::Pid::Pid_Param_Init(float, float, float, float, float, float, float, float, float, float, float, float, float) &rArr; filter::TD::TD_Init(float, float, float)
</UL>
<BR>[Calls]<UL><LI><a href="#[320]">&gt;&gt;</a>&nbsp;&nbsp;&nbsp;motor::M3508::M3508(unsigned char, can::Can&, tim::Tim&, float)
<LI><a href="#[178]">&gt;&gt;</a>&nbsp;&nbsp;&nbsp;__cxa_atexit
</UL>
<BR>[Called By]<UL><LI><a href="#[149]">&gt;&gt;</a>&nbsp;&nbsp;&nbsp;_GLOBAL__sub_I_RC_init.cpp
</UL>

<P><STRONG><a name="[2c7]"></a>__cxx_global_var_init.24</STRONG> (Thumb, 52 bytes, Stack size 16 bytes, rc_init.o(.text.__cxx_global_var_init.24))
<BR><BR>[Stack]<UL><LI>Max Depth = 92<LI>Call Chain = __cxx_global_var_init.24 &rArr; timer::Timer::Timer(tim::Tim&) &rArr; tim::TimHandler::TimHandler__sub_object(tim::Tim&) &rArr; tim::Tim::Add_TimHandle(tim::TimHandler*) &rArr; Error_Handler
</UL>
<BR>[Calls]<UL><LI><a href="#[328]">&gt;&gt;</a>&nbsp;&nbsp;&nbsp;timer::Timer::Timer(tim::Tim&)
<LI><a href="#[178]">&gt;&gt;</a>&nbsp;&nbsp;&nbsp;__cxa_atexit
</UL>
<BR>[Called By]<UL><LI><a href="#[149]">&gt;&gt;</a>&nbsp;&nbsp;&nbsp;_GLOBAL__sub_I_RC_init.cpp
</UL>

<P><STRONG><a name="[2c8]"></a>__cxx_global_var_init.25</STRONG> (Thumb, 52 bytes, Stack size 16 bytes, rc_init.o(.text.__cxx_global_var_init.25))
<BR><BR>[Stack]<UL><LI>Max Depth = 192<LI>Call Chain = __cxx_global_var_init.25 &rArr; path::PathPlan::PathPlan(float, float) &rArr; pid::Pid::Pid_Param_Init(float, float, float, float, float, float, float, float, float, float, float, float, float) &rArr; filter::TD::TD_Init(float, float, float)
</UL>
<BR>[Calls]<UL><LI><a href="#[311]">&gt;&gt;</a>&nbsp;&nbsp;&nbsp;path::PathPlan::PathPlan(float, float)
<LI><a href="#[178]">&gt;&gt;</a>&nbsp;&nbsp;&nbsp;__cxa_atexit
</UL>
<BR>[Called By]<UL><LI><a href="#[149]">&gt;&gt;</a>&nbsp;&nbsp;&nbsp;_GLOBAL__sub_I_RC_init.cpp
</UL>

<P><STRONG><a name="[2c9]"></a>__cxx_global_var_init.26</STRONG> (Thumb, 44 bytes, Stack size 16 bytes, rc_init.o(.text.__cxx_global_var_init.26))
<BR><BR>[Stack]<UL><LI>Max Depth = 88<LI>Call Chain = __cxx_global_var_init.26 &rArr; __cxa_atexit &rArr; __aeabi_atexit &rArr; malloc &rArr; __Heap_Full &rArr; __Heap_ProvideMemory &rArr; free
</UL>
<BR>[Calls]<UL><LI><a href="#[34e]">&gt;&gt;</a>&nbsp;&nbsp;&nbsp;arm::ArmDynamics::ArmDynamics()
<LI><a href="#[178]">&gt;&gt;</a>&nbsp;&nbsp;&nbsp;__cxa_atexit
</UL>
<BR>[Called By]<UL><LI><a href="#[149]">&gt;&gt;</a>&nbsp;&nbsp;&nbsp;_GLOBAL__sub_I_RC_init.cpp
</UL>

<P><STRONG><a name="[2ca]"></a>__cxx_global_var_init.27</STRONG> (Thumb, 54 bytes, Stack size 16 bytes, rc_init.o(.text.__cxx_global_var_init.27))
<BR><BR>[Stack]<UL><LI>Max Depth = 88<LI>Call Chain = __cxx_global_var_init.27 &rArr; __cxa_atexit &rArr; __aeabi_atexit &rArr; malloc &rArr; __Heap_Full &rArr; __Heap_ProvideMemory &rArr; free
</UL>
<BR>[Calls]<UL><LI><a href="#[306]">&gt;&gt;</a>&nbsp;&nbsp;&nbsp;ros::Radar::Radar(cdc::CDC&, unsigned char)
<LI><a href="#[178]">&gt;&gt;</a>&nbsp;&nbsp;&nbsp;__cxa_atexit
</UL>
<BR>[Called By]<UL><LI><a href="#[149]">&gt;&gt;</a>&nbsp;&nbsp;&nbsp;_GLOBAL__sub_I_RC_init.cpp
</UL>

<P><STRONG><a name="[2cb]"></a>__cxx_global_var_init.28</STRONG> (Thumb, 54 bytes, Stack size 16 bytes, rc_init.o(.text.__cxx_global_var_init.28))
<BR><BR>[Stack]<UL><LI>Max Depth = 100<LI>Call Chain = __cxx_global_var_init.28 &rArr; ros::Map::Map(cdc::CDC&, unsigned char) &rArr; cdc::CDCHandler::CDCHandler__sub_object(cdc::CDC&, unsigned char) &rArr; cdc::CDC::CDC_Register_Handler(cdc::CDCHandler*)
</UL>
<BR>[Calls]<UL><LI><a href="#[304]">&gt;&gt;</a>&nbsp;&nbsp;&nbsp;ros::Map::Map(cdc::CDC&, unsigned char)
<LI><a href="#[178]">&gt;&gt;</a>&nbsp;&nbsp;&nbsp;__cxa_atexit
</UL>
<BR>[Called By]<UL><LI><a href="#[149]">&gt;&gt;</a>&nbsp;&nbsp;&nbsp;_GLOBAL__sub_I_RC_init.cpp
</UL>

<P><STRONG><a name="[2cc]"></a>__cxx_global_var_init.29</STRONG> (Thumb, 54 bytes, Stack size 16 bytes, rc_init.o(.text.__cxx_global_var_init.29))
<BR><BR>[Stack]<UL><LI>Max Depth = 132<LI>Call Chain = __cxx_global_var_init.29 &rArr; ros::BestPath::BestPath(cdc::CDC&, unsigned char) &rArr; cdc::CDCHandler::CDCHandler__sub_object(cdc::CDC&, unsigned char) &rArr; cdc::CDC::CDC_Register_Handler(cdc::CDCHandler*)
</UL>
<BR>[Calls]<UL><LI><a href="#[307]">&gt;&gt;</a>&nbsp;&nbsp;&nbsp;ros::BestPath::BestPath(cdc::CDC&, unsigned char)
<LI><a href="#[178]">&gt;&gt;</a>&nbsp;&nbsp;&nbsp;__cxa_atexit
</UL>
<BR>[Called By]<UL><LI><a href="#[149]">&gt;&gt;</a>&nbsp;&nbsp;&nbsp;_GLOBAL__sub_I_RC_init.cpp
</UL>

<P><STRONG><a name="[2cd]"></a>__cxx_global_var_init.30</STRONG> (Thumb, 166 bytes, Stack size 48 bytes, rc_init.o(.text.__cxx_global_var_init.30))
<BR><BR>[Stack]<UL><LI>Max Depth = 432<LI>Call Chain = __cxx_global_var_init.30 &rArr; chassis::Swerve4Chassis::Swerve4Chassis(motor::Motor&, motor::Motor&, motor::Motor&, motor::Motor&, motor::Motor&, motor::Motor&, motor::Motor&, motor::Motor&, float, float, float, float, float, float, unsigned short, unsigned short, unsigned short, unsigned short) &rArr; chassis::Chassis::Chassis__sub_object(float, float, float, float, float, float) &rArr; task::ManagedTask::ManagedTask__sub_object(char const*, unsigned char, unsigned short, task::TaskType, unsigned char) &rArr; task::TaskCreator::TaskCreator__sub_object(char const*, unsigned char, unsigned short, void (*)(void*), void*)
</UL>
<BR>[Calls]<UL><LI><a href="#[333]">&gt;&gt;</a>&nbsp;&nbsp;&nbsp;chassis::Swerve4Chassis::Swerve4Chassis(motor::Motor&, motor::Motor&, motor::Motor&, motor::Motor&, motor::Motor&, motor::Motor&, motor::Motor&, motor::Motor&, float, float, float, float, float, float, unsigned short, unsigned short, unsigned short, unsigned short)
<LI><a href="#[178]">&gt;&gt;</a>&nbsp;&nbsp;&nbsp;__cxa_atexit
</UL>
<BR>[Called By]<UL><LI><a href="#[149]">&gt;&gt;</a>&nbsp;&nbsp;&nbsp;_GLOBAL__sub_I_RC_init.cpp
</UL>

<P><STRONG><a name="[2ce]"></a>__cxx_global_var_init.31</STRONG> (Thumb, 80 bytes, Stack size 16 bytes, rc_init.o(.text.__cxx_global_var_init.31))
<BR><BR>[Stack]<UL><LI>Max Depth = 88<LI>Call Chain = __cxx_global_var_init.31 &rArr; __cxa_atexit &rArr; __aeabi_atexit &rArr; malloc &rArr; __Heap_Full &rArr; __Heap_ProvideMemory &rArr; free
</UL>
<BR>[Calls]<UL><LI><a href="#[34f]">&gt;&gt;</a>&nbsp;&nbsp;&nbsp;chassis_jack::Chassis_jack::Chassis_jack(motor::Motor&, motor::Motor&, motor::Motor&, motor::Motor&)
<LI><a href="#[178]">&gt;&gt;</a>&nbsp;&nbsp;&nbsp;__cxa_atexit
</UL>
<BR>[Called By]<UL><LI><a href="#[149]">&gt;&gt;</a>&nbsp;&nbsp;&nbsp;_GLOBAL__sub_I_RC_init.cpp
</UL>

<P><STRONG><a name="[2cf]"></a>__cxx_global_var_init.32</STRONG> (Thumb, 48 bytes, Stack size 16 bytes, rc_init.o(.text.__cxx_global_var_init.32))
<BR><BR>[Stack]<UL><LI>Max Depth = 160<LI>Call Chain = __cxx_global_var_init.32 &rArr; flysky::FlySky::FlySky(unsigned short) &rArr; task::ManagedTask::ManagedTask__sub_object(char const*, unsigned char, unsigned short, task::TaskType, unsigned char) &rArr; task::TaskCreator::TaskCreator__sub_object(char const*, unsigned char, unsigned short, void (*)(void*), void*)
</UL>
<BR>[Calls]<UL><LI><a href="#[329]">&gt;&gt;</a>&nbsp;&nbsp;&nbsp;flysky::FlySky::FlySky(unsigned short)
<LI><a href="#[178]">&gt;&gt;</a>&nbsp;&nbsp;&nbsp;__cxa_atexit
</UL>
<BR>[Called By]<UL><LI><a href="#[149]">&gt;&gt;</a>&nbsp;&nbsp;&nbsp;_GLOBAL__sub_I_RC_init.cpp
</UL>

<P><STRONG><a name="[2d0]"></a>__cxx_global_var_init.33</STRONG> (Thumb, 52 bytes, Stack size 16 bytes, rc_init.o(.text.__cxx_global_var_init.33))
<BR><BR>[Stack]<UL><LI>Max Depth = 128<LI>Call Chain = __cxx_global_var_init.33 &rArr; imu::JY901S::JY901S(__UART_HandleTypeDef&) &rArr; serial::UartRx::UartRx__sub_object(__UART_HandleTypeDef&, unsigned char*, unsigned short, bool, bool)
</UL>
<BR>[Calls]<UL><LI><a href="#[2fd]">&gt;&gt;</a>&nbsp;&nbsp;&nbsp;imu::JY901S::JY901S(__UART_HandleTypeDef&)
<LI><a href="#[178]">&gt;&gt;</a>&nbsp;&nbsp;&nbsp;__cxa_atexit
</UL>
<BR>[Called By]<UL><LI><a href="#[149]">&gt;&gt;</a>&nbsp;&nbsp;&nbsp;_GLOBAL__sub_I_RC_init.cpp
</UL>

<P><STRONG><a name="[2d1]"></a>__cxx_global_var_init.34</STRONG> (Thumb, 52 bytes, Stack size 16 bytes, rc_init.o(.text.__cxx_global_var_init.34))
<BR><BR>[Stack]<UL><LI>Max Depth = 88<LI>Call Chain = __cxx_global_var_init.34 &rArr; __cxa_atexit &rArr; __aeabi_atexit &rArr; malloc &rArr; __Heap_Full &rArr; __Heap_ProvideMemory &rArr; free
</UL>
<BR>[Calls]<UL><LI><a href="#[350]">&gt;&gt;</a>&nbsp;&nbsp;&nbsp;SquareWave::SquareWave(float, unsigned int)
<LI><a href="#[178]">&gt;&gt;</a>&nbsp;&nbsp;&nbsp;__cxa_atexit
</UL>
<BR>[Called By]<UL><LI><a href="#[149]">&gt;&gt;</a>&nbsp;&nbsp;&nbsp;_GLOBAL__sub_I_RC_init.cpp
</UL>

<P><STRONG><a name="[2d2]"></a>__cxx_global_var_init.35</STRONG> (Thumb, 74 bytes, Stack size 24 bytes, rc_init.o(.text.__cxx_global_var_init.35))
<BR><BR>[Stack]<UL><LI>Max Depth = 340<LI>Call Chain = __cxx_global_var_init.35 &rArr; task::TaskCreator::TaskCreator(char const*, unsigned char, unsigned short, void (*)(void*), void*) &rArr; osThreadNew &rArr; xTaskCreate &rArr; pvPortMalloc &rArr; xTaskResumeAll &rArr; xTaskIncrementTick &rArr; vListInsertEnd
</UL>
<BR>[Calls]<UL><LI><a href="#[2fb]">&gt;&gt;</a>&nbsp;&nbsp;&nbsp;task::TaskCreator::TaskCreator(char const*, unsigned char, unsigned short, void (*)(void*), void*)
<LI><a href="#[178]">&gt;&gt;</a>&nbsp;&nbsp;&nbsp;__cxa_atexit
</UL>
<BR>[Called By]<UL><LI><a href="#[149]">&gt;&gt;</a>&nbsp;&nbsp;&nbsp;_GLOBAL__sub_I_RC_init.cpp
</UL>

<P><STRONG><a name="[149]"></a>_GLOBAL__sub_I_RC_init.cpp</STRONG> (Thumb, 148 bytes, Stack size 8 bytes, rc_init.o(.text._GLOBAL__sub_I_RC_init.cpp))
<BR><BR>[Stack]<UL><LI>Max Depth = 440<LI>Call Chain = _GLOBAL__sub_I_RC_init.cpp &rArr; __cxx_global_var_init.30 &rArr; chassis::Swerve4Chassis::Swerve4Chassis(motor::Motor&, motor::Motor&, motor::Motor&, motor::Motor&, motor::Motor&, motor::Motor&, motor::Motor&, motor::Motor&, float, float, float, float, float, float, unsigned short, unsigned short, unsigned short, unsigned short) &rArr; chassis::Chassis::Chassis__sub_object(float, float, float, float, float, float) &rArr; task::ManagedTask::ManagedTask__sub_object(char const*, unsigned char, unsigned short, task::TaskType, unsigned char) &rArr; task::TaskCreator::TaskCreator__sub_object(char const*, unsigned char, unsigned short, void (*)(void*), void*)
</UL>
<BR>[Calls]<UL><LI><a href="#[2d2]">&gt;&gt;</a>&nbsp;&nbsp;&nbsp;__cxx_global_var_init.35
<LI><a href="#[2d1]">&gt;&gt;</a>&nbsp;&nbsp;&nbsp;__cxx_global_var_init.34
<LI><a href="#[2d0]">&gt;&gt;</a>&nbsp;&nbsp;&nbsp;__cxx_global_var_init.33
<LI><a href="#[2cf]">&gt;&gt;</a>&nbsp;&nbsp;&nbsp;__cxx_global_var_init.32
<LI><a href="#[2ce]">&gt;&gt;</a>&nbsp;&nbsp;&nbsp;__cxx_global_var_init.31
<LI><a href="#[2cd]">&gt;&gt;</a>&nbsp;&nbsp;&nbsp;__cxx_global_var_init.30
<LI><a href="#[2cc]">&gt;&gt;</a>&nbsp;&nbsp;&nbsp;__cxx_global_var_init.29
<LI><a href="#[2cb]">&gt;&gt;</a>&nbsp;&nbsp;&nbsp;__cxx_global_var_init.28
<LI><a href="#[2ca]">&gt;&gt;</a>&nbsp;&nbsp;&nbsp;__cxx_global_var_init.27
<LI><a href="#[2c9]">&gt;&gt;</a>&nbsp;&nbsp;&nbsp;__cxx_global_var_init.26
<LI><a href="#[2c8]">&gt;&gt;</a>&nbsp;&nbsp;&nbsp;__cxx_global_var_init.25
<LI><a href="#[2c7]">&gt;&gt;</a>&nbsp;&nbsp;&nbsp;__cxx_global_var_init.24
<LI><a href="#[2c6]">&gt;&gt;</a>&nbsp;&nbsp;&nbsp;__cxx_global_var_init.23
<LI><a href="#[2c5]">&gt;&gt;</a>&nbsp;&nbsp;&nbsp;__cxx_global_var_init.22
<LI><a href="#[2c4]">&gt;&gt;</a>&nbsp;&nbsp;&nbsp;__cxx_global_var_init.21
<LI><a href="#[2c3]">&gt;&gt;</a>&nbsp;&nbsp;&nbsp;__cxx_global_var_init.20
<LI><a href="#[2c2]">&gt;&gt;</a>&nbsp;&nbsp;&nbsp;__cxx_global_var_init.19
<LI><a href="#[2c1]">&gt;&gt;</a>&nbsp;&nbsp;&nbsp;__cxx_global_var_init.18
<LI><a href="#[2c0]">&gt;&gt;</a>&nbsp;&nbsp;&nbsp;__cxx_global_var_init.17
<LI><a href="#[2bf]">&gt;&gt;</a>&nbsp;&nbsp;&nbsp;__cxx_global_var_init.16
<LI><a href="#[2be]">&gt;&gt;</a>&nbsp;&nbsp;&nbsp;__cxx_global_var_init.15
<LI><a href="#[2bd]">&gt;&gt;</a>&nbsp;&nbsp;&nbsp;__cxx_global_var_init.14
<LI><a href="#[2bc]">&gt;&gt;</a>&nbsp;&nbsp;&nbsp;__cxx_global_var_init.13
<LI><a href="#[2bb]">&gt;&gt;</a>&nbsp;&nbsp;&nbsp;__cxx_global_var_init.12
<LI><a href="#[2ba]">&gt;&gt;</a>&nbsp;&nbsp;&nbsp;__cxx_global_var_init.11
<LI><a href="#[2b9]">&gt;&gt;</a>&nbsp;&nbsp;&nbsp;__cxx_global_var_init.10
<LI><a href="#[2b8]">&gt;&gt;</a>&nbsp;&nbsp;&nbsp;__cxx_global_var_init.9
<LI><a href="#[2b7]">&gt;&gt;</a>&nbsp;&nbsp;&nbsp;__cxx_global_var_init.8
<LI><a href="#[2b6]">&gt;&gt;</a>&nbsp;&nbsp;&nbsp;__cxx_global_var_init.7
<LI><a href="#[2b5]">&gt;&gt;</a>&nbsp;&nbsp;&nbsp;__cxx_global_var_init.6
<LI><a href="#[2b4]">&gt;&gt;</a>&nbsp;&nbsp;&nbsp;__cxx_global_var_init.5
<LI><a href="#[2b3]">&gt;&gt;</a>&nbsp;&nbsp;&nbsp;__cxx_global_var_init.4
<LI><a href="#[2b2]">&gt;&gt;</a>&nbsp;&nbsp;&nbsp;__cxx_global_var_init.3
<LI><a href="#[2b1]">&gt;&gt;</a>&nbsp;&nbsp;&nbsp;__cxx_global_var_init.2
<LI><a href="#[2b0]">&gt;&gt;</a>&nbsp;&nbsp;&nbsp;__cxx_global_var_init.1
<LI><a href="#[2af]">&gt;&gt;</a>&nbsp;&nbsp;&nbsp;__cxx_global_var_init
</UL>
<BR>[Address Reference Count : 1]<UL><LI> rc_init.o(.init_array)
</UL>
<P><STRONG><a name="[2d5]"></a>__cxx_global_var_init</STRONG> (Thumb, 32 bytes, Stack size 8 bytes, rc_path_task.o(.text.__cxx_global_var_init))
<BR><BR>[Stack]<UL><LI>Max Depth = 32<LI>Call Chain = __cxx_global_var_init &rArr; __hardfp_sqrtf &rArr; __set_errno
</UL>
<BR>[Calls]<UL><LI><a href="#[30c]">&gt;&gt;</a>&nbsp;&nbsp;&nbsp;__hardfp_sqrtf
</UL>
<BR>[Called By]<UL><LI><a href="#[14a]">&gt;&gt;</a>&nbsp;&nbsp;&nbsp;_GLOBAL__sub_I_RC_path_task.cpp
</UL>

<P><STRONG><a name="[2d6]"></a>__cxx_global_var_init.1</STRONG> (Thumb, 32 bytes, Stack size 8 bytes, rc_path_task.o(.text.__cxx_global_var_init.1))
<BR><BR>[Stack]<UL><LI>Max Depth = 32<LI>Call Chain = __cxx_global_var_init.1 &rArr; __hardfp_sqrtf &rArr; __set_errno
</UL>
<BR>[Calls]<UL><LI><a href="#[30c]">&gt;&gt;</a>&nbsp;&nbsp;&nbsp;__hardfp_sqrtf
</UL>
<BR>[Called By]<UL><LI><a href="#[14a]">&gt;&gt;</a>&nbsp;&nbsp;&nbsp;_GLOBAL__sub_I_RC_path_task.cpp
</UL>

<P><STRONG><a name="[14a]"></a>_GLOBAL__sub_I_RC_path_task.cpp</STRONG> (Thumb, 12 bytes, Stack size 8 bytes, rc_path_task.o(.text._GLOBAL__sub_I_RC_path_task.cpp))
<BR><BR>[Stack]<UL><LI>Max Depth = 40<LI>Call Chain = _GLOBAL__sub_I_RC_path_task.cpp &rArr; __cxx_global_var_init.1 &rArr; __hardfp_sqrtf &rArr; __set_errno
</UL>
<BR>[Calls]<UL><LI><a href="#[2d6]">&gt;&gt;</a>&nbsp;&nbsp;&nbsp;__cxx_global_var_init.1
<LI><a href="#[2d5]">&gt;&gt;</a>&nbsp;&nbsp;&nbsp;__cxx_global_var_init
</UL>
<BR>[Address Reference Count : 1]<UL><LI> rc_path_task.o(.init_array)
</UL>
<P><STRONG><a name="[351]"></a>__ARM_signbitf</STRONG> (Thumb, 16 bytes, Stack size 4 bytes, fastmathfunctions.o(.text.__ARM_signbitf))
<BR><BR>[Stack]<UL><LI>Max Depth = 4<LI>Call Chain = __ARM_signbitf
</UL>
<BR>[Called By]<UL><LI><a href="#[347]">&gt;&gt;</a>&nbsp;&nbsp;&nbsp;arm_atan2_f32
</UL>

<P><STRONG><a name="[352]"></a>__ARM_signbit</STRONG> (Thumb, 18 bytes, Stack size 8 bytes, fastmathfunctions.o(.text.__ARM_signbit))
<BR><BR>[Stack]<UL><LI>Max Depth = 8<LI>Call Chain = __ARM_signbit
</UL>
<BR>[Called By]<UL><LI><a href="#[347]">&gt;&gt;</a>&nbsp;&nbsp;&nbsp;arm_atan2_f32
</UL>
<P>
<H3>
Undefined Global Symbols
</H3><HR></body></html>
