<!doctype html public "-//w3c//dtd html 4.0 transitional//en">
<html><head>
<title>Static Call Graph - [RC2026\RC2026.axf]</title></head>
<body><HR>
<H1>Static Call Graph for image RC2026\RC2026.axf</H1><HR>
<BR><P>#&#060CALLGRAPH&#062# ARM Linker, 6220000: Last Updated: Tue Oct 21 17:22:31 2025
<BR><P>
<H3>Maximum Stack Usage =        360 bytes + Unknown(Functions without stacksize, Cycles, Untraceable Function Pointers)</H3><H3>
Call chain for Maximum Stack Depth:</H3>
__rt_entry_main &rArr; main &rArr; MX_FDCAN3_Init &rArr; HAL_FDCAN_Init &rArr; HAL_FDCAN_MspInit &rArr; HAL_RCCEx_PeriphCLKConfig &rArr; RCCEx_PLL3_Config
<P>
<H3>
Functions with no stack information
</H3><UL>
 <LI><a href="#[15a]">__user_initial_stackheap</a>
</UL>
</UL>
<P>
<H3>
Mutually Recursive functions
</H3> <LI><a href="#[73]">ADC3_IRQHandler</a>&nbsp;&nbsp;&nbsp;&rArr;&nbsp;&nbsp;&nbsp;<a href="#[73]">ADC3_IRQHandler</a><BR>
 <LI><a href="#[4]">BusFault_Handler</a>&nbsp;&nbsp;&nbsp;&rArr;&nbsp;&nbsp;&nbsp;<a href="#[4]">BusFault_Handler</a><BR>
 <LI><a href="#[2]">HardFault_Handler</a>&nbsp;&nbsp;&nbsp;&rArr;&nbsp;&nbsp;&nbsp;<a href="#[2]">HardFault_Handler</a><BR>
 <LI><a href="#[3]">MemManage_Handler</a>&nbsp;&nbsp;&nbsp;&rArr;&nbsp;&nbsp;&nbsp;<a href="#[3]">MemManage_Handler</a><BR>
 <LI><a href="#[1]">NMI_Handler</a>&nbsp;&nbsp;&nbsp;&rArr;&nbsp;&nbsp;&nbsp;<a href="#[1]">NMI_Handler</a><BR>
 <LI><a href="#[5]">UsageFault_Handler</a>&nbsp;&nbsp;&nbsp;&rArr;&nbsp;&nbsp;&nbsp;<a href="#[5]">UsageFault_Handler</a><BR>
</UL>
<P>
<H3>
Function Pointers
</H3><UL>
 <LI><a href="#[73]">ADC3_IRQHandler</a> from startup_stm32h723xx.o(.text) referenced from startup_stm32h723xx.o(RESET)
 <LI><a href="#[1c]">ADC_IRQHandler</a> from startup_stm32h723xx.o(.text) referenced from startup_stm32h723xx.o(RESET)
 <LI><a href="#[75]">BDMA_Channel0_IRQHandler</a> from startup_stm32h723xx.o(.text) referenced from startup_stm32h723xx.o(RESET)
 <LI><a href="#[76]">BDMA_Channel1_IRQHandler</a> from startup_stm32h723xx.o(.text) referenced from startup_stm32h723xx.o(RESET)
 <LI><a href="#[77]">BDMA_Channel2_IRQHandler</a> from startup_stm32h723xx.o(.text) referenced from startup_stm32h723xx.o(RESET)
 <LI><a href="#[78]">BDMA_Channel3_IRQHandler</a> from startup_stm32h723xx.o(.text) referenced from startup_stm32h723xx.o(RESET)
 <LI><a href="#[79]">BDMA_Channel4_IRQHandler</a> from startup_stm32h723xx.o(.text) referenced from startup_stm32h723xx.o(RESET)
 <LI><a href="#[7a]">BDMA_Channel5_IRQHandler</a> from startup_stm32h723xx.o(.text) referenced from startup_stm32h723xx.o(RESET)
 <LI><a href="#[7b]">BDMA_Channel6_IRQHandler</a> from startup_stm32h723xx.o(.text) referenced from startup_stm32h723xx.o(RESET)
 <LI><a href="#[7c]">BDMA_Channel7_IRQHandler</a> from startup_stm32h723xx.o(.text) referenced from startup_stm32h723xx.o(RESET)
 <LI><a href="#[4]">BusFault_Handler</a> from stm32h7xx_it.o(.text.BusFault_Handler) referenced from startup_stm32h723xx.o(RESET)
 <LI><a href="#[137]">CDC_Control_HS</a> from usbd_cdc_if.o(.text.CDC_Control_HS) referenced from usbd_cdc_if.o(.data.USBD_Interface_fops_HS)
 <LI><a href="#[136]">CDC_DeInit_HS</a> from usbd_cdc_if.o(.text.CDC_DeInit_HS) referenced from usbd_cdc_if.o(.data.USBD_Interface_fops_HS)
 <LI><a href="#[135]">CDC_Init_HS</a> from usbd_cdc_if.o(.text.CDC_Init_HS) referenced from usbd_cdc_if.o(.data.USBD_Interface_fops_HS)
 <LI><a href="#[138]">CDC_Receive_HS</a> from usbd_cdc_if.o(.text.CDC_Receive_HS) referenced from usbd_cdc_if.o(.data.USBD_Interface_fops_HS)
 <LI><a href="#[139]">CDC_TransmitCplt_HS</a> from usbd_cdc_if.o(.text.CDC_TransmitCplt_HS) referenced from usbd_cdc_if.o(.data.USBD_Interface_fops_HS)
 <LI><a href="#[61]">CEC_IRQHandler</a> from startup_stm32h723xx.o(.text) referenced from startup_stm32h723xx.o(RESET)
 <LI><a href="#[7d]">COMP1_IRQHandler</a> from startup_stm32h723xx.o(.text) referenced from startup_stm32h723xx.o(RESET)
 <LI><a href="#[8a]">CORDIC_IRQHandler</a> from startup_stm32h723xx.o(.text) referenced from startup_stm32h723xx.o(RESET)
 <LI><a href="#[83]">CRS_IRQHandler</a> from startup_stm32h723xx.o(.text) referenced from startup_stm32h723xx.o(RESET)
 <LI><a href="#[53]">DCMI_PSSI_IRQHandler</a> from startup_stm32h723xx.o(.text) referenced from startup_stm32h723xx.o(RESET)
 <LI><a href="#[66]">DFSDM1_FLT0_IRQHandler</a> from startup_stm32h723xx.o(.text) referenced from startup_stm32h723xx.o(RESET)
 <LI><a href="#[67]">DFSDM1_FLT1_IRQHandler</a> from startup_stm32h723xx.o(.text) referenced from startup_stm32h723xx.o(RESET)
 <LI><a href="#[68]">DFSDM1_FLT2_IRQHandler</a> from startup_stm32h723xx.o(.text) referenced from startup_stm32h723xx.o(RESET)
 <LI><a href="#[69]">DFSDM1_FLT3_IRQHandler</a> from startup_stm32h723xx.o(.text) referenced from startup_stm32h723xx.o(RESET)
 <LI><a href="#[15]">DMA1_Stream0_IRQHandler</a> from startup_stm32h723xx.o(.text) referenced from startup_stm32h723xx.o(RESET)
 <LI><a href="#[16]">DMA1_Stream1_IRQHandler</a> from startup_stm32h723xx.o(.text) referenced from startup_stm32h723xx.o(RESET)
 <LI><a href="#[17]">DMA1_Stream2_IRQHandler</a> from startup_stm32h723xx.o(.text) referenced from startup_stm32h723xx.o(RESET)
 <LI><a href="#[18]">DMA1_Stream3_IRQHandler</a> from startup_stm32h723xx.o(.text) referenced from startup_stm32h723xx.o(RESET)
 <LI><a href="#[19]">DMA1_Stream4_IRQHandler</a> from startup_stm32h723xx.o(.text) referenced from startup_stm32h723xx.o(RESET)
 <LI><a href="#[1a]">DMA1_Stream5_IRQHandler</a> from startup_stm32h723xx.o(.text) referenced from startup_stm32h723xx.o(RESET)
 <LI><a href="#[1b]">DMA1_Stream6_IRQHandler</a> from startup_stm32h723xx.o(.text) referenced from startup_stm32h723xx.o(RESET)
 <LI><a href="#[38]">DMA1_Stream7_IRQHandler</a> from startup_stm32h723xx.o(.text) referenced from startup_stm32h723xx.o(RESET)
 <LI><a href="#[5e]">DMA2D_IRQHandler</a> from startup_stm32h723xx.o(.text) referenced from startup_stm32h723xx.o(RESET)
 <LI><a href="#[41]">DMA2_Stream0_IRQHandler</a> from startup_stm32h723xx.o(.text) referenced from startup_stm32h723xx.o(RESET)
 <LI><a href="#[42]">DMA2_Stream1_IRQHandler</a> from startup_stm32h723xx.o(.text) referenced from startup_stm32h723xx.o(RESET)
 <LI><a href="#[43]">DMA2_Stream2_IRQHandler</a> from startup_stm32h723xx.o(.text) referenced from startup_stm32h723xx.o(RESET)
 <LI><a href="#[44]">DMA2_Stream3_IRQHandler</a> from startup_stm32h723xx.o(.text) referenced from startup_stm32h723xx.o(RESET)
 <LI><a href="#[45]">DMA2_Stream4_IRQHandler</a> from startup_stm32h723xx.o(.text) referenced from startup_stm32h723xx.o(RESET)
 <LI><a href="#[49]">DMA2_Stream5_IRQHandler</a> from startup_stm32h723xx.o(.text) referenced from startup_stm32h723xx.o(RESET)
 <LI><a href="#[4a]">DMA2_Stream6_IRQHandler</a> from startup_stm32h723xx.o(.text) referenced from startup_stm32h723xx.o(RESET)
 <LI><a href="#[4b]">DMA2_Stream7_IRQHandler</a> from startup_stm32h723xx.o(.text) referenced from startup_stm32h723xx.o(RESET)
 <LI><a href="#[65]">DMAMUX1_OVR_IRQHandler</a> from startup_stm32h723xx.o(.text) referenced from startup_stm32h723xx.o(RESET)
 <LI><a href="#[74]">DMAMUX2_OVR_IRQHandler</a> from startup_stm32h723xx.o(.text) referenced from startup_stm32h723xx.o(RESET)
 <LI><a href="#[86]">DTS_IRQHandler</a> from startup_stm32h723xx.o(.text) referenced from startup_stm32h723xx.o(RESET)
 <LI><a href="#[7]">DebugMon_Handler</a> from stm32h7xx_it.o(.text.DebugMon_Handler) referenced from startup_stm32h723xx.o(RESET)
 <LI><a href="#[84]">ECC_IRQHandler</a> from startup_stm32h723xx.o(.text) referenced from startup_stm32h723xx.o(RESET)
 <LI><a href="#[46]">ETH_IRQHandler</a> from startup_stm32h723xx.o(.text) referenced from startup_stm32h723xx.o(RESET)
 <LI><a href="#[47]">ETH_WKUP_IRQHandler</a> from startup_stm32h723xx.o(.text) referenced from startup_stm32h723xx.o(RESET)
 <LI><a href="#[10]">EXTI0_IRQHandler</a> from startup_stm32h723xx.o(.text) referenced from startup_stm32h723xx.o(RESET)
 <LI><a href="#[32]">EXTI15_10_IRQHandler</a> from startup_stm32h723xx.o(.text) referenced from startup_stm32h723xx.o(RESET)
 <LI><a href="#[11]">EXTI1_IRQHandler</a> from startup_stm32h723xx.o(.text) referenced from startup_stm32h723xx.o(RESET)
 <LI><a href="#[12]">EXTI2_IRQHandler</a> from startup_stm32h723xx.o(.text) referenced from startup_stm32h723xx.o(RESET)
 <LI><a href="#[13]">EXTI3_IRQHandler</a> from startup_stm32h723xx.o(.text) referenced from startup_stm32h723xx.o(RESET)
 <LI><a href="#[14]">EXTI4_IRQHandler</a> from startup_stm32h723xx.o(.text) referenced from startup_stm32h723xx.o(RESET)
 <LI><a href="#[21]">EXTI9_5_IRQHandler</a> from stm32h7xx_it.o(.text.EXTI9_5_IRQHandler) referenced from startup_stm32h723xx.o(RESET)
 <LI><a href="#[93]">ExitRun0Mode</a> from system_stm32h7xx.o(.text.ExitRun0Mode) referenced from startup_stm32h723xx.o(.text)
 <LI><a href="#[1d]">FDCAN1_IT0_IRQHandler</a> from stm32h7xx_it.o(.text.FDCAN1_IT0_IRQHandler) referenced from startup_stm32h723xx.o(RESET)
 <LI><a href="#[1f]">FDCAN1_IT1_IRQHandler</a> from stm32h7xx_it.o(.text.FDCAN1_IT1_IRQHandler) referenced from startup_stm32h723xx.o(RESET)
 <LI><a href="#[1e]">FDCAN2_IT0_IRQHandler</a> from stm32h7xx_it.o(.text.FDCAN2_IT0_IRQHandler) referenced from startup_stm32h723xx.o(RESET)
 <LI><a href="#[20]">FDCAN2_IT1_IRQHandler</a> from stm32h7xx_it.o(.text.FDCAN2_IT1_IRQHandler) referenced from startup_stm32h723xx.o(RESET)
 <LI><a href="#[8f]">FDCAN3_IT0_IRQHandler</a> from stm32h7xx_it.o(.text.FDCAN3_IT0_IRQHandler) referenced from startup_stm32h723xx.o(RESET)
 <LI><a href="#[90]">FDCAN3_IT1_IRQHandler</a> from stm32h7xx_it.o(.text.FDCAN3_IT1_IRQHandler) referenced from startup_stm32h723xx.o(RESET)
 <LI><a href="#[48]">FDCAN_CAL_IRQHandler</a> from startup_stm32h723xx.o(.text) referenced from startup_stm32h723xx.o(RESET)
 <LI><a href="#[e]">FLASH_IRQHandler</a> from startup_stm32h723xx.o(.text) referenced from startup_stm32h723xx.o(RESET)
 <LI><a href="#[89]">FMAC_IRQHandler</a> from startup_stm32h723xx.o(.text) referenced from startup_stm32h723xx.o(RESET)
 <LI><a href="#[39]">FMC_IRQHandler</a> from startup_stm32h723xx.o(.text) referenced from startup_stm32h723xx.o(RESET)
 <LI><a href="#[55]">FPU_IRQHandler</a> from startup_stm32h723xx.o(.text) referenced from startup_stm32h723xx.o(RESET)
 <LI><a href="#[72]">HSEM1_IRQHandler</a> from startup_stm32h723xx.o(.text) referenced from startup_stm32h723xx.o(RESET)
 <LI><a href="#[2]">HardFault_Handler</a> from stm32h7xx_it.o(.text.HardFault_Handler) referenced from startup_stm32h723xx.o(RESET)
 <LI><a href="#[2a]">I2C1_ER_IRQHandler</a> from startup_stm32h723xx.o(.text) referenced from startup_stm32h723xx.o(RESET)
 <LI><a href="#[29]">I2C1_EV_IRQHandler</a> from startup_stm32h723xx.o(.text) referenced from startup_stm32h723xx.o(RESET)
 <LI><a href="#[2c]">I2C2_ER_IRQHandler</a> from startup_stm32h723xx.o(.text) referenced from startup_stm32h723xx.o(RESET)
 <LI><a href="#[2b]">I2C2_EV_IRQHandler</a> from startup_stm32h723xx.o(.text) referenced from startup_stm32h723xx.o(RESET)
 <LI><a href="#[4e]">I2C3_ER_IRQHandler</a> from startup_stm32h723xx.o(.text) referenced from startup_stm32h723xx.o(RESET)
 <LI><a href="#[4d]">I2C3_EV_IRQHandler</a> from startup_stm32h723xx.o(.text) referenced from startup_stm32h723xx.o(RESET)
 <LI><a href="#[63]">I2C4_ER_IRQHandler</a> from startup_stm32h723xx.o(.text) referenced from startup_stm32h723xx.o(RESET)
 <LI><a href="#[62]">I2C4_EV_IRQHandler</a> from startup_stm32h723xx.o(.text) referenced from startup_stm32h723xx.o(RESET)
 <LI><a href="#[8e]">I2C5_ER_IRQHandler</a> from startup_stm32h723xx.o(.text) referenced from startup_stm32h723xx.o(RESET)
 <LI><a href="#[8d]">I2C5_EV_IRQHandler</a> from startup_stm32h723xx.o(.text) referenced from startup_stm32h723xx.o(RESET)
 <LI><a href="#[60]">LPTIM1_IRQHandler</a> from startup_stm32h723xx.o(.text) referenced from startup_stm32h723xx.o(RESET)
 <LI><a href="#[7e]">LPTIM2_IRQHandler</a> from startup_stm32h723xx.o(.text) referenced from startup_stm32h723xx.o(RESET)
 <LI><a href="#[7f]">LPTIM3_IRQHandler</a> from startup_stm32h723xx.o(.text) referenced from startup_stm32h723xx.o(RESET)
 <LI><a href="#[80]">LPTIM4_IRQHandler</a> from startup_stm32h723xx.o(.text) referenced from startup_stm32h723xx.o(RESET)
 <LI><a href="#[81]">LPTIM5_IRQHandler</a> from startup_stm32h723xx.o(.text) referenced from startup_stm32h723xx.o(RESET)
 <LI><a href="#[82]">LPUART1_IRQHandler</a> from startup_stm32h723xx.o(.text) referenced from startup_stm32h723xx.o(RESET)
 <LI><a href="#[5d]">LTDC_ER_IRQHandler</a> from startup_stm32h723xx.o(.text) referenced from startup_stm32h723xx.o(RESET)
 <LI><a href="#[5c]">LTDC_IRQHandler</a> from startup_stm32h723xx.o(.text) referenced from startup_stm32h723xx.o(RESET)
 <LI><a href="#[6f]">MDIOS_IRQHandler</a> from startup_stm32h723xx.o(.text) referenced from startup_stm32h723xx.o(RESET)
 <LI><a href="#[6e]">MDIOS_WKUP_IRQHandler</a> from startup_stm32h723xx.o(.text) referenced from startup_stm32h723xx.o(RESET)
 <LI><a href="#[70]">MDMA_IRQHandler</a> from startup_stm32h723xx.o(.text) referenced from startup_stm32h723xx.o(RESET)
 <LI><a href="#[3]">MemManage_Handler</a> from stm32h7xx_it.o(.text.MemManage_Handler) referenced from startup_stm32h723xx.o(RESET)
 <LI><a href="#[1]">NMI_Handler</a> from stm32h7xx_it.o(.text.NMI_Handler) referenced from startup_stm32h723xx.o(RESET)
 <LI><a href="#[5f]">OCTOSPI1_IRQHandler</a> from startup_stm32h723xx.o(.text) referenced from startup_stm32h723xx.o(RESET)
 <LI><a href="#[88]">OCTOSPI2_IRQHandler</a> from startup_stm32h723xx.o(.text) referenced from startup_stm32h723xx.o(RESET)
 <LI><a href="#[50]">OTG_HS_EP1_IN_IRQHandler</a> from startup_stm32h723xx.o(.text) referenced from startup_stm32h723xx.o(RESET)
 <LI><a href="#[4f]">OTG_HS_EP1_OUT_IRQHandler</a> from startup_stm32h723xx.o(.text) referenced from startup_stm32h723xx.o(RESET)
 <LI><a href="#[52]">OTG_HS_IRQHandler</a> from stm32h7xx_it.o(.text.OTG_HS_IRQHandler) referenced from startup_stm32h723xx.o(RESET)
 <LI><a href="#[51]">OTG_HS_WKUP_IRQHandler</a> from startup_stm32h723xx.o(.text) referenced from startup_stm32h723xx.o(RESET)
 <LI><a href="#[b]">PVD_AVD_IRQHandler</a> from startup_stm32h723xx.o(.text) referenced from startup_stm32h723xx.o(RESET)
 <LI><a href="#[8]">PendSV_Handler</a> from port.o(.text.PendSV_Handler) referenced from startup_stm32h723xx.o(RESET)
 <LI><a href="#[f]">RCC_IRQHandler</a> from startup_stm32h723xx.o(.text) referenced from startup_stm32h723xx.o(RESET)
 <LI><a href="#[54]">RNG_IRQHandler</a> from startup_stm32h723xx.o(.text) referenced from startup_stm32h723xx.o(RESET)
 <LI><a href="#[33]">RTC_Alarm_IRQHandler</a> from startup_stm32h723xx.o(.text) referenced from startup_stm32h723xx.o(RESET)
 <LI><a href="#[d]">RTC_WKUP_IRQHandler</a> from startup_stm32h723xx.o(.text) referenced from startup_stm32h723xx.o(RESET)
 <LI><a href="#[0]">Reset_Handler</a> from startup_stm32h723xx.o(.text) referenced from startup_stm32h723xx.o(RESET)
 <LI><a href="#[5b]">SAI1_IRQHandler</a> from startup_stm32h723xx.o(.text) referenced from startup_stm32h723xx.o(RESET)
 <LI><a href="#[85]">SAI4_IRQHandler</a> from startup_stm32h723xx.o(.text) referenced from startup_stm32h723xx.o(RESET)
 <LI><a href="#[3a]">SDMMC1_IRQHandler</a> from startup_stm32h723xx.o(.text) referenced from startup_stm32h723xx.o(RESET)
 <LI><a href="#[71]">SDMMC2_IRQHandler</a> from startup_stm32h723xx.o(.text) referenced from startup_stm32h723xx.o(RESET)
 <LI><a href="#[64]">SPDIF_RX_IRQHandler</a> from startup_stm32h723xx.o(.text) referenced from startup_stm32h723xx.o(RESET)
 <LI><a href="#[2d]">SPI1_IRQHandler</a> from startup_stm32h723xx.o(.text) referenced from startup_stm32h723xx.o(RESET)
 <LI><a href="#[2e]">SPI2_IRQHandler</a> from startup_stm32h723xx.o(.text) referenced from startup_stm32h723xx.o(RESET)
 <LI><a href="#[3c]">SPI3_IRQHandler</a> from startup_stm32h723xx.o(.text) referenced from startup_stm32h723xx.o(RESET)
 <LI><a href="#[58]">SPI4_IRQHandler</a> from startup_stm32h723xx.o(.text) referenced from startup_stm32h723xx.o(RESET)
 <LI><a href="#[59]">SPI5_IRQHandler</a> from startup_stm32h723xx.o(.text) referenced from startup_stm32h723xx.o(RESET)
 <LI><a href="#[5a]">SPI6_IRQHandler</a> from startup_stm32h723xx.o(.text) referenced from startup_stm32h723xx.o(RESET)
 <LI><a href="#[6]">SVC_Handler</a> from port.o(.text.SVC_Handler) referenced from startup_stm32h723xx.o(RESET)
 <LI><a href="#[6a]">SWPMI1_IRQHandler</a> from startup_stm32h723xx.o(.text) referenced from startup_stm32h723xx.o(RESET)
 <LI><a href="#[96]">StartDefaultTask</a> from freertos.o(.text.StartDefaultTask) referenced 2 times from freertos.o(.text.MX_FREERTOS_Init)
 <LI><a href="#[9]">SysTick_Handler</a> from cmsis_os2.o(.text.SysTick_Handler) referenced from startup_stm32h723xx.o(RESET)
 <LI><a href="#[94]">SystemInit</a> from system_stm32h7xx.o(.text.SystemInit) referenced from startup_stm32h723xx.o(.text)
 <LI><a href="#[c]">TAMP_STAMP_IRQHandler</a> from startup_stm32h723xx.o(.text) referenced from startup_stm32h723xx.o(RESET)
 <LI><a href="#[6b]">TIM15_IRQHandler</a> from startup_stm32h723xx.o(.text) referenced from startup_stm32h723xx.o(RESET)
 <LI><a href="#[6c]">TIM16_IRQHandler</a> from startup_stm32h723xx.o(.text) referenced from startup_stm32h723xx.o(RESET)
 <LI><a href="#[6d]">TIM17_IRQHandler</a> from startup_stm32h723xx.o(.text) referenced from startup_stm32h723xx.o(RESET)
 <LI><a href="#[22]">TIM1_BRK_IRQHandler</a> from startup_stm32h723xx.o(.text) referenced from startup_stm32h723xx.o(RESET)
 <LI><a href="#[25]">TIM1_CC_IRQHandler</a> from startup_stm32h723xx.o(.text) referenced from startup_stm32h723xx.o(RESET)
 <LI><a href="#[24]">TIM1_TRG_COM_IRQHandler</a> from startup_stm32h723xx.o(.text) referenced from startup_stm32h723xx.o(RESET)
 <LI><a href="#[23]">TIM1_UP_IRQHandler</a> from startup_stm32h723xx.o(.text) referenced from startup_stm32h723xx.o(RESET)
 <LI><a href="#[91]">TIM23_IRQHandler</a> from startup_stm32h723xx.o(.text) referenced from startup_stm32h723xx.o(RESET)
 <LI><a href="#[92]">TIM24_IRQHandler</a> from startup_stm32h723xx.o(.text) referenced from startup_stm32h723xx.o(RESET)
 <LI><a href="#[26]">TIM2_IRQHandler</a> from startup_stm32h723xx.o(.text) referenced from startup_stm32h723xx.o(RESET)
 <LI><a href="#[27]">TIM3_IRQHandler</a> from startup_stm32h723xx.o(.text) referenced from startup_stm32h723xx.o(RESET)
 <LI><a href="#[28]">TIM4_IRQHandler</a> from stm32h7xx_it.o(.text.TIM4_IRQHandler) referenced from startup_stm32h723xx.o(RESET)
 <LI><a href="#[3b]">TIM5_IRQHandler</a> from startup_stm32h723xx.o(.text) referenced from startup_stm32h723xx.o(RESET)
 <LI><a href="#[3f]">TIM6_DAC_IRQHandler</a> from stm32h7xx_it.o(.text.TIM6_DAC_IRQHandler) referenced from startup_stm32h723xx.o(RESET)
 <LI><a href="#[40]">TIM7_IRQHandler</a> from stm32h7xx_it.o(.text.TIM7_IRQHandler) referenced from startup_stm32h723xx.o(RESET)
 <LI><a href="#[34]">TIM8_BRK_TIM12_IRQHandler</a> from startup_stm32h723xx.o(.text) referenced from startup_stm32h723xx.o(RESET)
 <LI><a href="#[37]">TIM8_CC_IRQHandler</a> from startup_stm32h723xx.o(.text) referenced from startup_stm32h723xx.o(RESET)
 <LI><a href="#[36]">TIM8_TRG_COM_TIM14_IRQHandler</a> from startup_stm32h723xx.o(.text) referenced from startup_stm32h723xx.o(RESET)
 <LI><a href="#[35]">TIM8_UP_TIM13_IRQHandler</a> from startup_stm32h723xx.o(.text) referenced from startup_stm32h723xx.o(RESET)
 <LI><a href="#[3d]">UART4_IRQHandler</a> from startup_stm32h723xx.o(.text) referenced from startup_stm32h723xx.o(RESET)
 <LI><a href="#[3e]">UART5_IRQHandler</a> from startup_stm32h723xx.o(.text) referenced from startup_stm32h723xx.o(RESET)
 <LI><a href="#[56]">UART7_IRQHandler</a> from startup_stm32h723xx.o(.text) referenced from startup_stm32h723xx.o(RESET)
 <LI><a href="#[57]">UART8_IRQHandler</a> from startup_stm32h723xx.o(.text) referenced from startup_stm32h723xx.o(RESET)
 <LI><a href="#[8b]">UART9_IRQHandler</a> from startup_stm32h723xx.o(.text) referenced from startup_stm32h723xx.o(RESET)
 <LI><a href="#[8c]">USART10_IRQHandler</a> from startup_stm32h723xx.o(.text) referenced from startup_stm32h723xx.o(RESET)
 <LI><a href="#[2f]">USART1_IRQHandler</a> from startup_stm32h723xx.o(.text) referenced from startup_stm32h723xx.o(RESET)
 <LI><a href="#[30]">USART2_IRQHandler</a> from startup_stm32h723xx.o(.text) referenced from startup_stm32h723xx.o(RESET)
 <LI><a href="#[31]">USART3_IRQHandler</a> from startup_stm32h723xx.o(.text) referenced from startup_stm32h723xx.o(RESET)
 <LI><a href="#[4c]">USART6_IRQHandler</a> from startup_stm32h723xx.o(.text) referenced from startup_stm32h723xx.o(RESET)
 <LI><a href="#[12f]">USBD_CDC_DataIn</a> from usbd_cdc.o(.text.USBD_CDC_DataIn) referenced from usbd_cdc.o(.data.USBD_CDC)
 <LI><a href="#[130]">USBD_CDC_DataOut</a> from usbd_cdc.o(.text.USBD_CDC_DataOut) referenced from usbd_cdc.o(.data.USBD_CDC)
 <LI><a href="#[12c]">USBD_CDC_DeInit</a> from usbd_cdc.o(.text.USBD_CDC_DeInit) referenced from usbd_cdc.o(.data.USBD_CDC)
 <LI><a href="#[12e]">USBD_CDC_EP0_RxReady</a> from usbd_cdc.o(.text.USBD_CDC_EP0_RxReady) referenced from usbd_cdc.o(.data.USBD_CDC)
 <LI><a href="#[134]">USBD_CDC_GetDeviceQualifierDescriptor</a> from usbd_cdc.o(.text.USBD_CDC_GetDeviceQualifierDescriptor) referenced from usbd_cdc.o(.data.USBD_CDC)
 <LI><a href="#[132]">USBD_CDC_GetFSCfgDesc</a> from usbd_cdc.o(.text.USBD_CDC_GetFSCfgDesc) referenced from usbd_cdc.o(.data.USBD_CDC)
 <LI><a href="#[131]">USBD_CDC_GetHSCfgDesc</a> from usbd_cdc.o(.text.USBD_CDC_GetHSCfgDesc) referenced from usbd_cdc.o(.data.USBD_CDC)
 <LI><a href="#[133]">USBD_CDC_GetOtherSpeedCfgDesc</a> from usbd_cdc.o(.text.USBD_CDC_GetOtherSpeedCfgDesc) referenced from usbd_cdc.o(.data.USBD_CDC)
 <LI><a href="#[12b]">USBD_CDC_Init</a> from usbd_cdc.o(.text.USBD_CDC_Init) referenced from usbd_cdc.o(.data.USBD_CDC)
 <LI><a href="#[12d]">USBD_CDC_Setup</a> from usbd_cdc.o(.text.USBD_CDC_Setup) referenced from usbd_cdc.o(.data.USBD_CDC)
 <LI><a href="#[129]">USBD_HS_ConfigStrDescriptor</a> from usbd_desc.o(.text.USBD_HS_ConfigStrDescriptor) referenced from usbd_desc.o(.data.HS_Desc)
 <LI><a href="#[124]">USBD_HS_DeviceDescriptor</a> from usbd_desc.o(.text.USBD_HS_DeviceDescriptor) referenced from usbd_desc.o(.data.HS_Desc)
 <LI><a href="#[12a]">USBD_HS_InterfaceStrDescriptor</a> from usbd_desc.o(.text.USBD_HS_InterfaceStrDescriptor) referenced from usbd_desc.o(.data.HS_Desc)
 <LI><a href="#[125]">USBD_HS_LangIDStrDescriptor</a> from usbd_desc.o(.text.USBD_HS_LangIDStrDescriptor) referenced from usbd_desc.o(.data.HS_Desc)
 <LI><a href="#[126]">USBD_HS_ManufacturerStrDescriptor</a> from usbd_desc.o(.text.USBD_HS_ManufacturerStrDescriptor) referenced from usbd_desc.o(.data.HS_Desc)
 <LI><a href="#[127]">USBD_HS_ProductStrDescriptor</a> from usbd_desc.o(.text.USBD_HS_ProductStrDescriptor) referenced from usbd_desc.o(.data.HS_Desc)
 <LI><a href="#[128]">USBD_HS_SerialStrDescriptor</a> from usbd_desc.o(.text.USBD_HS_SerialStrDescriptor) referenced from usbd_desc.o(.data.HS_Desc)
 <LI><a href="#[5]">UsageFault_Handler</a> from stm32h7xx_it.o(.text.UsageFault_Handler) referenced from startup_stm32h723xx.o(RESET)
 <LI><a href="#[87]">WAKEUP_PIN_IRQHandler</a> from startup_stm32h723xx.o(.text) referenced from startup_stm32h723xx.o(RESET)
 <LI><a href="#[a]">WWDG_IRQHandler</a> from startup_stm32h723xx.o(.text) referenced from startup_stm32h723xx.o(RESET)
 <LI><a href="#[123]">_GLOBAL__sub_I_RC_init.cpp</a> from rc_init.o(.text._GLOBAL__sub_I_RC_init.cpp) referenced from rc_init.o(.init_array)
 <LI><a href="#[97]">test(void*)</a> from rc_init.o(.text._Z4testPv) referenced 2 times from rc_init.o(.text._GLOBAL__sub_I_RC_init.cpp)
 <LI><a href="#[9e]">SquareWave::~SquareWave__deallocating()</a> from rc_wava_generator.o(.text._ZN10SquareWaveD0Ev) referenced from rc_wava_generator.o(.rodata._ZTV10SquareWave)
 <LI><a href="#[9d]">SquareWave::~SquareWave__sub_object()</a> from rc_wava_generator.o(.text._ZN10SquareWaveD2Ev) referenced from rc_wava_generator.o(.rodata._ZTV10SquareWave)
 <LI><a href="#[a0]">arm::ArmDynamics::~ArmDynamics__deallocating()</a> from rc_arm.o(.text._ZN3arm11ArmDynamicsD0Ev) referenced from rc_arm.o(.rodata._ZTVN3arm11ArmDynamicsE)
 <LI><a href="#[9f]">arm::ArmDynamics::~ArmDynamics__sub_object()</a> from rc_arm.o(.text._ZN3arm11ArmDynamicsD2Ev) referenced from rc_arm.o(.rodata._ZTVN3arm11ArmDynamicsE)
 <LI><a href="#[a2]">can::CanHandler::~CanHandler__deallocating()</a> from rc_can.o(.text._ZN3can10CanHandlerD0Ev) referenced from rc_can.o(.rodata._ZTVN3can10CanHandlerE)
 <LI><a href="#[a1]">can::CanHandler::~CanHandler__sub_object()</a> from rc_can.o(.text._ZN3can10CanHandlerD2Ev) referenced from rc_can.o(.rodata._ZTVN3can10CanHandlerE)
 <LI><a href="#[a6]">can::Can::Task_Process()</a> from rc_can.o(.text._ZN3can3Can12Task_ProcessEv) referenced from rc_can.o(.rodata._ZTVN3can3CanE)
 <LI><a href="#[a5]">can::Can::~Can__deallocating()</a> from rc_can.o(.text._ZN3can3CanD0Ev) referenced from rc_can.o(.rodata._ZTVN3can3CanE)
 <LI><a href="#[a8]">cdc::CDCHandler::~CDCHandler__deallocating()</a> from rc_cdc.o(.text._ZN3cdc10CDCHandlerD0Ev) referenced from rc_cdc.o(.rodata._ZTVN3cdc10CDCHandlerE)
 <LI><a href="#[a7]">cdc::CDCHandler::~CDCHandler__sub_object()</a> from rc_cdc.o(.text._ZN3cdc10CDCHandlerD2Ev) referenced from rc_cdc.o(.rodata._ZTVN3cdc10CDCHandlerE)
 <LI><a href="#[a7]">cdc::CDCHandler::~CDCHandler__sub_object()</a> from rc_cdc.o(.text._ZN3cdc10CDCHandlerD2Ev) referenced from rc_map.o(.rodata._ZTVN3ros3MapE)
 <LI><a href="#[a7]">cdc::CDCHandler::~CDCHandler__sub_object()</a> from rc_cdc.o(.text._ZN3cdc10CDCHandlerD2Ev) referenced from rc_ladar.o(.rodata._ZTVN3ros5RadarE)
 <LI><a href="#[ab]">cdc::CDC::Task_Process()</a> from rc_cdc.o(.text._ZN3cdc3CDC12Task_ProcessEv) referenced from rc_cdc.o(.rodata._ZTVN3cdc3CDCE)
 <LI><a href="#[98]">cdc::CDC::CDC_All_Task_Receive_Process(void*)</a> from rc_cdc.o(.text._ZN3cdc3CDC28CDC_All_Task_Receive_ProcessEPv) referenced 2 times from rc_cdc.o(.text._ZN3cdc3CDCC2ENS_7CDCTypeE)
 <LI><a href="#[aa]">cdc::CDC::~CDC__deallocating()</a> from rc_cdc.o(.text._ZN3cdc3CDCD0Ev) referenced from rc_cdc.o(.rodata._ZTVN3cdc3CDCE)
 <LI><a href="#[a9]">cdc::CDC::~CDC__sub_object()</a> from rc_cdc.o(.text._ZN3cdc3CDCD2Ev) referenced from rc_cdc.o(.rodata._ZTVN3cdc3CDCE)
 <LI><a href="#[ad]">pid::Pid::~Pid__deallocating()</a> from rc_path.o(.text._ZN3pid3PidD0Ev) referenced from rc_path.o(.rodata._ZTVN3pid3PidE)
 <LI><a href="#[ac]">pid::Pid::~Pid__sub_object()</a> from rc_path.o(.text._ZN3pid3PidD2Ev) referenced from rc_path.o(.rodata._ZTVN3pid3PidE)
 <LI><a href="#[af]">ros::Map::CDC_Receive_Process(unsigned char*, unsigned short)</a> from rc_map.o(.text._ZN3ros3Map19CDC_Receive_ProcessEPht) referenced from rc_map.o(.rodata._ZTVN3ros3MapE)
 <LI><a href="#[ae]">ros::Map::~Map__deallocating()</a> from rc_map.o(.text._ZN3ros3MapD0Ev) referenced from rc_map.o(.rodata._ZTVN3ros3MapE)
 <LI><a href="#[b1]">ros::Radar::CDC_Receive_Process(unsigned char*, unsigned short)</a> from rc_ladar.o(.text._ZN3ros5Radar19CDC_Receive_ProcessEPht) referenced from rc_ladar.o(.rodata._ZTVN3ros5RadarE)
 <LI><a href="#[b0]">ros::Radar::~Radar__deallocating()</a> from rc_ladar.o(.text._ZN3ros5RadarD0Ev) referenced from rc_ladar.o(.rodata._ZTVN3ros5RadarE)
 <LI><a href="#[b4]">ros::BestPath::CDC_Receive_Process(unsigned char*, unsigned short)</a> from rc_best_path.o(.text._ZN3ros8BestPath19CDC_Receive_ProcessEPht) referenced from rc_best_path.o(.rodata._ZTVN3ros8BestPathE)
 <LI><a href="#[b3]">ros::BestPath::~BestPath__deallocating()</a> from rc_best_path.o(.text._ZN3ros8BestPathD0Ev) referenced from rc_best_path.o(.rodata._ZTVN3ros8BestPathE)
 <LI><a href="#[b2]">ros::BestPath::~BestPath__sub_object()</a> from rc_best_path.o(.text._ZN3ros8BestPathD2Ev) referenced from rc_best_path.o(.rodata._ZTVN3ros8BestPathE)
 <LI><a href="#[b6]">tim::TimHandler::~TimHandler__deallocating()</a> from rc_tim.o(.text._ZN3tim10TimHandlerD0Ev) referenced from rc_tim.o(.rodata._ZTVN3tim10TimHandlerE)
 <LI><a href="#[b5]">tim::TimHandler::~TimHandler__sub_object()</a> from rc_tim.o(.text._ZN3tim10TimHandlerD2Ev) referenced from rc_tim.o(.rodata._ZTVN3tim10TimHandlerE)
 <LI><a href="#[b5]">tim::TimHandler::~TimHandler__sub_object()</a> from rc_tim.o(.text._ZN3tim10TimHandlerD2Ev) referenced from rc_timer.o(.rodata._ZTVN5timer5TimerE)
 <LI><a href="#[b8]">tim::Tim::~Tim__deallocating()</a> from rc_tim.o(.text._ZN3tim3TimD0Ev) referenced from rc_tim.o(.rodata._ZTVN3tim3TimE)
 <LI><a href="#[b7]">tim::Tim::~Tim__sub_object()</a> from rc_tim.o(.text._ZN3tim3TimD2Ev) referenced from rc_tim.o(.rodata._ZTVN3tim3TimE)
 <LI><a href="#[ba]">path::Path::~Path__deallocating()</a> from rc_path.o(.text._ZN4path4PathD0Ev) referenced from rc_path.o(.rodata._ZTVN4path4PathE)
 <LI><a href="#[b9]">path::Path::~Path__sub_object()</a> from rc_path.o(.text._ZN4path4PathD2Ev) referenced from rc_path.o(.rodata._ZTVN4path4PathE)
 <LI><a href="#[bc]">path::PathPlan::~PathPlan__deallocating()</a> from rc_path.o(.text._ZN4path8PathPlanD0Ev) referenced from rc_path.o(.rodata._ZTVN4path8PathPlanE)
 <LI><a href="#[bb]">path::PathPlan::~PathPlan__sub_object()</a> from rc_path.o(.text._ZN4path8PathPlanD2Ev) referenced from rc_path.o(.rodata._ZTVN4path8PathPlanE)
 <LI><a href="#[99]">task::ManagedTask::All_Task_Process(void*)</a> from rc_task.o(.text._ZN4task11ManagedTask16All_Task_ProcessEPv) referenced 2 times from rc_task.o(.text._ZN4task11ManagedTaskC2EPKchtNS_8TaskTypeEh)
 <LI><a href="#[bd]">task::ManagedTask::~ManagedTask__deallocating()</a> from rc_task.o(.text._ZN4task11ManagedTaskD0Ev) referenced from rc_task.o(.rodata._ZTVN4task11ManagedTaskE)
 <LI><a href="#[be]">task::TaskCreator::~TaskCreator__deallocating()</a> from rc_task.o(.text._ZN4task11TaskCreatorD0Ev) referenced from rc_task.o(.rodata._ZTVN4task11TaskCreatorE)
 <LI><a href="#[a4]">task::TaskCreator::~TaskCreator__sub_object()</a> from rc_task.o(.text._ZN4task11TaskCreatorD2Ev) referenced from rc_can.o(.rodata._ZTVN3can3CanE)
 <LI><a href="#[a4]">task::TaskCreator::~TaskCreator__sub_object()</a> from rc_task.o(.text._ZN4task11TaskCreatorD2Ev) referenced from rc_task.o(.rodata._ZTVN4task11ManagedTaskE)
 <LI><a href="#[a4]">task::TaskCreator::~TaskCreator__sub_object()</a> from rc_task.o(.text._ZN4task11TaskCreatorD2Ev) referenced from rc_task.o(.rodata._ZTVN4task11TaskCreatorE)
 <LI><a href="#[a4]">task::TaskCreator::~TaskCreator__sub_object()</a> from rc_task.o(.text._ZN4task11TaskCreatorD2Ev) referenced from rc_flysky.o(.rodata._ZTVN6flysky6FlySkyE)
 <LI><a href="#[c0]">curve::BezierCurve::~BezierCurve__deallocating()</a> from rc_bezier_curve.o(.text._ZN5curve11BezierCurveD0Ev) referenced from rc_bezier_curve.o(.rodata._ZTVN5curve11BezierCurveE)
 <LI><a href="#[bf]">curve::BezierCurve::~BezierCurve__sub_object()</a> from rc_bezier_curve.o(.text._ZN5curve11BezierCurveD2Ev) referenced from rc_bezier_curve.o(.rodata._ZTVN5curve11BezierCurveE)
 <LI><a href="#[c4]">motor::Go::Set_Current(float)</a> from rc_go.o(.text._ZN5motor2Go11Set_CurrentEf) referenced from rc_go.o(.rodata._ZTVN5motor2GoE)
 <LI><a href="#[c8]">motor::Go::Can_Tx_Process()</a> from rc_go.o(.text._ZN5motor2Go14Can_Tx_ProcessEv) referenced from rc_go.o(.rodata._ZTVN5motor2GoE)
 <LI><a href="#[cb]">motor::Go::Tim_It_Process()</a> from rc_go.o(.text._ZN5motor2Go14Tim_It_ProcessEv) referenced from rc_go.o(.rodata._ZTVN5motor2GoE)
 <LI><a href="#[c9]">motor::Go::Can_Rx_It_Process(unsigned int, unsigned char*)</a> from rc_go.o(.text._ZN5motor2Go17Can_Rx_It_ProcessEjPh) referenced from rc_go.o(.rodata._ZTVN5motor2GoE)
 <LI><a href="#[ca]">motor::Go::CanHandler_Register()</a> from rc_go.o(.text._ZN5motor2Go19CanHandler_RegisterEv) referenced from rc_go.o(.rodata._ZTVN5motor2GoE)
 <LI><a href="#[c3]">motor::Go::Set_Angle(float)</a> from rc_go.o(.text._ZN5motor2Go9Set_AngleEf) referenced from rc_go.o(.rodata._ZTVN5motor2GoE)
 <LI><a href="#[c6]">motor::Go::Set_K_Pos(float)</a> from rc_go.o(.text._ZN5motor2Go9Set_K_PosEf) referenced from rc_go.o(.rodata._ZTVN5motor2GoE)
 <LI><a href="#[c7]">motor::Go::Set_K_Spd(float)</a> from rc_go.o(.text._ZN5motor2Go9Set_K_SpdEf) referenced from rc_go.o(.rodata._ZTVN5motor2GoE)
 <LI><a href="#[c2]">motor::Go::~Go__deallocating()</a> from rc_go.o(.text._ZN5motor2GoD0Ev) referenced from rc_go.o(.rodata._ZTVN5motor2GoE)
 <LI><a href="#[c1]">motor::Go::~Go__sub_object()</a> from rc_go.o(.text._ZN5motor2GoD2Ev) referenced from rc_go.o(.rodata._ZTVN5motor2GoE)
 <LI><a href="#[d7]">motor::J60::Set_Current(float)</a> from rc_j60.o(.text._ZN5motor3J6011Set_CurrentEf) referenced from rc_j60.o(.rodata._ZTVN5motor3J60E)
 <LI><a href="#[dd]">motor::J60::Can_Tx_Process()</a> from rc_j60.o(.text._ZN5motor3J6014Can_Tx_ProcessEv) referenced from rc_j60.o(.rodata._ZTVN5motor3J60E)
 <LI><a href="#[db]">motor::J60::Tim_It_Process()</a> from rc_j60.o(.text._ZN5motor3J6014Tim_It_ProcessEv) referenced from rc_j60.o(.rodata._ZTVN5motor3J60E)
 <LI><a href="#[dc]">motor::J60::Can_Rx_It_Process(unsigned int, unsigned char*)</a> from rc_j60.o(.text._ZN5motor3J6017Can_Rx_It_ProcessEjPh) referenced from rc_j60.o(.rodata._ZTVN5motor3J60E)
 <LI><a href="#[da]">motor::J60::CanHandler_Register()</a> from rc_j60.o(.text._ZN5motor3J6019CanHandler_RegisterEv) referenced from rc_j60.o(.rodata._ZTVN5motor3J60E)
 <LI><a href="#[d6]">motor::J60::Set_Angle(float)</a> from rc_j60.o(.text._ZN5motor3J609Set_AngleEf) referenced from rc_j60.o(.rodata._ZTVN5motor3J60E)
 <LI><a href="#[d8]">motor::J60::Set_K_Pos(float)</a> from rc_j60.o(.text._ZN5motor3J609Set_K_PosEf) referenced from rc_j60.o(.rodata._ZTVN5motor3J60E)
 <LI><a href="#[d9]">motor::J60::Set_K_Spd(float)</a> from rc_j60.o(.text._ZN5motor3J609Set_K_SpdEf) referenced from rc_j60.o(.rodata._ZTVN5motor3J60E)
 <LI><a href="#[d5]">motor::J60::~J60__deallocating()</a> from rc_j60.o(.text._ZN5motor3J60D0Ev) referenced from rc_j60.o(.rodata._ZTVN5motor3J60E)
 <LI><a href="#[d4]">motor::J60::~J60__sub_object()</a> from rc_j60.o(.text._ZN5motor3J60D2Ev) referenced from rc_j60.o(.rodata._ZTVN5motor3J60E)
 <LI><a href="#[ed]">motor::M2006::Dji_Id_Init(unsigned char)</a> from rc_m2006.o(.text._ZN5motor5M200611Dji_Id_InitEh) referenced from rc_m2006.o(.rodata._ZTVN5motor5M2006E)
 <LI><a href="#[e7]">motor::M2006::~M2006__deallocating()</a> from rc_m2006.o(.text._ZN5motor5M2006D0Ev) referenced from rc_m2006.o(.rodata._ZTVN5motor5M2006E)
 <LI><a href="#[fb]">motor::M3508::Set_Torque(float)</a> from rc_m3508.o(.text._ZN5motor5M350810Set_TorqueEf) referenced from rc_m3508.o(.rodata._ZTVN5motor5M3508E)
 <LI><a href="#[fc]">motor::M3508::Dji_Id_Init(unsigned char)</a> from rc_m3508.o(.text._ZN5motor5M350811Dji_Id_InitEh) referenced from rc_m3508.o(.rodata._ZTVN5motor5M3508E)
 <LI><a href="#[fa]">motor::M3508::~M3508__deallocating()</a> from rc_m3508.o(.text._ZN5motor5M3508D0Ev) referenced from rc_m3508.o(.rodata._ZTVN5motor5M3508E)
 <LI><a href="#[c5]">motor::Motor::Set_Torque(float)</a> from rc_motor.o(.text._ZN5motor5Motor10Set_TorqueEf) referenced from rc_go.o(.rodata._ZTVN5motor2GoE)
 <LI><a href="#[c5]">motor::Motor::Set_Torque(float)</a> from rc_motor.o(.text._ZN5motor5Motor10Set_TorqueEf) referenced from rc_j60.o(.rodata._ZTVN5motor3J60E)
 <LI><a href="#[c5]">motor::Motor::Set_Torque(float)</a> from rc_motor.o(.text._ZN5motor5Motor10Set_TorqueEf) referenced from rc_motor.o(.rodata._ZTVN5motor5MotorE)
 <LI><a href="#[c5]">motor::Motor::Set_Torque(float)</a> from rc_motor.o(.text._ZN5motor5Motor10Set_TorqueEf) referenced from rc_dm4310.o(.rodata._ZTVN5motor6DM4310E)
 <LI><a href="#[e9]">motor::Motor::Set_Current(float)</a> from rc_motor.o(.text._ZN5motor5Motor11Set_CurrentEf) referenced from rc_m2006.o(.rodata._ZTVN5motor5M2006E)
 <LI><a href="#[e9]">motor::Motor::Set_Current(float)</a> from rc_motor.o(.text._ZN5motor5Motor11Set_CurrentEf) referenced from rc_m3508.o(.rodata._ZTVN5motor5M3508E)
 <LI><a href="#[e9]">motor::Motor::Set_Current(float)</a> from rc_motor.o(.text._ZN5motor5Motor11Set_CurrentEf) referenced from rc_motor.o(.rodata._ZTVN5motor5MotorE)
 <LI><a href="#[e9]">motor::Motor::Set_Current(float)</a> from rc_motor.o(.text._ZN5motor5Motor11Set_CurrentEf) referenced from rc_dji_motor.o(.rodata._ZTVN5motor8DjiMotorE)
 <LI><a href="#[e8]">motor::Motor::Set_Angle(float)</a> from rc_motor.o(.text._ZN5motor5Motor9Set_AngleEf) referenced from rc_m2006.o(.rodata._ZTVN5motor5M2006E)
 <LI><a href="#[e8]">motor::Motor::Set_Angle(float)</a> from rc_motor.o(.text._ZN5motor5Motor9Set_AngleEf) referenced from rc_m3508.o(.rodata._ZTVN5motor5M3508E)
 <LI><a href="#[e8]">motor::Motor::Set_Angle(float)</a> from rc_motor.o(.text._ZN5motor5Motor9Set_AngleEf) referenced from rc_motor.o(.rodata._ZTVN5motor5MotorE)
 <LI><a href="#[e8]">motor::Motor::Set_Angle(float)</a> from rc_motor.o(.text._ZN5motor5Motor9Set_AngleEf) referenced from rc_dji_motor.o(.rodata._ZTVN5motor8DjiMotorE)
 <LI><a href="#[eb]">motor::Motor::Set_K_Pos(float)</a> from rc_motor.o(.text._ZN5motor5Motor9Set_K_PosEf) referenced from rc_m2006.o(.rodata._ZTVN5motor5M2006E)
 <LI><a href="#[eb]">motor::Motor::Set_K_Pos(float)</a> from rc_motor.o(.text._ZN5motor5Motor9Set_K_PosEf) referenced from rc_m3508.o(.rodata._ZTVN5motor5M3508E)
 <LI><a href="#[eb]">motor::Motor::Set_K_Pos(float)</a> from rc_motor.o(.text._ZN5motor5Motor9Set_K_PosEf) referenced from rc_motor.o(.rodata._ZTVN5motor5MotorE)
 <LI><a href="#[eb]">motor::Motor::Set_K_Pos(float)</a> from rc_motor.o(.text._ZN5motor5Motor9Set_K_PosEf) referenced from rc_dji_motor.o(.rodata._ZTVN5motor8DjiMotorE)
 <LI><a href="#[ec]">motor::Motor::Set_K_Spd(float)</a> from rc_motor.o(.text._ZN5motor5Motor9Set_K_SpdEf) referenced from rc_m2006.o(.rodata._ZTVN5motor5M2006E)
 <LI><a href="#[ec]">motor::Motor::Set_K_Spd(float)</a> from rc_motor.o(.text._ZN5motor5Motor9Set_K_SpdEf) referenced from rc_m3508.o(.rodata._ZTVN5motor5M3508E)
 <LI><a href="#[ec]">motor::Motor::Set_K_Spd(float)</a> from rc_motor.o(.text._ZN5motor5Motor9Set_K_SpdEf) referenced from rc_motor.o(.rodata._ZTVN5motor5MotorE)
 <LI><a href="#[ec]">motor::Motor::Set_K_Spd(float)</a> from rc_motor.o(.text._ZN5motor5Motor9Set_K_SpdEf) referenced from rc_dji_motor.o(.rodata._ZTVN5motor8DjiMotorE)
 <LI><a href="#[102]">motor::Motor::~Motor__deallocating()</a> from rc_motor.o(.text._ZN5motor5MotorD0Ev) referenced from rc_motor.o(.rodata._ZTVN5motor5MotorE)
 <LI><a href="#[101]">motor::Motor::~Motor__sub_object()</a> from rc_motor.o(.text._ZN5motor5MotorD2Ev) referenced from rc_motor.o(.rodata._ZTVN5motor5MotorE)
 <LI><a href="#[106]">motor::DM4310::Set_Current(float)</a> from rc_dm4310.o(.text._ZN5motor6DM431011Set_CurrentEf) referenced from rc_dm4310.o(.rodata._ZTVN5motor6DM4310E)
 <LI><a href="#[10a]">motor::DM4310::Can_Tx_Process()</a> from rc_dm4310.o(.text._ZN5motor6DM431014Can_Tx_ProcessEv) referenced from rc_dm4310.o(.rodata._ZTVN5motor6DM4310E)
 <LI><a href="#[10c]">motor::DM4310::Tim_It_Process()</a> from rc_dm4310.o(.text._ZN5motor6DM431014Tim_It_ProcessEv) referenced from rc_dm4310.o(.rodata._ZTVN5motor6DM4310E)
 <LI><a href="#[10b]">motor::DM4310::Can_Rx_It_Process(unsigned int, unsigned char*)</a> from rc_dm4310.o(.text._ZN5motor6DM431017Can_Rx_It_ProcessEjPh) referenced from rc_dm4310.o(.rodata._ZTVN5motor6DM4310E)
 <LI><a href="#[109]">motor::DM4310::CanHandler_Register()</a> from rc_dm4310.o(.text._ZN5motor6DM431019CanHandler_RegisterEv) referenced from rc_dm4310.o(.rodata._ZTVN5motor6DM4310E)
 <LI><a href="#[105]">motor::DM4310::Set_Angle(float)</a> from rc_dm4310.o(.text._ZN5motor6DM43109Set_AngleEf) referenced from rc_dm4310.o(.rodata._ZTVN5motor6DM4310E)
 <LI><a href="#[107]">motor::DM4310::Set_K_Pos(float)</a> from rc_dm4310.o(.text._ZN5motor6DM43109Set_K_PosEf) referenced from rc_dm4310.o(.rodata._ZTVN5motor6DM4310E)
 <LI><a href="#[108]">motor::DM4310::Set_K_Spd(float)</a> from rc_dm4310.o(.text._ZN5motor6DM43109Set_K_SpdEf) referenced from rc_dm4310.o(.rodata._ZTVN5motor6DM4310E)
 <LI><a href="#[104]">motor::DM4310::~DM4310__deallocating()</a> from rc_dm4310.o(.text._ZN5motor6DM4310D0Ev) referenced from rc_dm4310.o(.rodata._ZTVN5motor6DM4310E)
 <LI><a href="#[103]">motor::DM4310::~DM4310__sub_object()</a> from rc_dm4310.o(.text._ZN5motor6DM4310D2Ev) referenced from rc_dm4310.o(.rodata._ZTVN5motor6DM4310E)
 <LI><a href="#[ea]">motor::DjiMotor::Set_Torque(float)</a> from rc_dji_motor.o(.text._ZN5motor8DjiMotor10Set_TorqueEf) referenced from rc_m2006.o(.rodata._ZTVN5motor5M2006E)
 <LI><a href="#[ea]">motor::DjiMotor::Set_Torque(float)</a> from rc_dji_motor.o(.text._ZN5motor8DjiMotor10Set_TorqueEf) referenced from rc_dji_motor.o(.rodata._ZTVN5motor8DjiMotorE)
 <LI><a href="#[f0]">motor::DjiMotor::Can_Tx_Process()</a> from rc_dji_motor.o(.text._ZN5motor8DjiMotor14Can_Tx_ProcessEv) referenced from rc_m2006.o(.rodata._ZTVN5motor5M2006E)
 <LI><a href="#[f0]">motor::DjiMotor::Can_Tx_Process()</a> from rc_dji_motor.o(.text._ZN5motor8DjiMotor14Can_Tx_ProcessEv) referenced from rc_m3508.o(.rodata._ZTVN5motor5M3508E)
 <LI><a href="#[f0]">motor::DjiMotor::Can_Tx_Process()</a> from rc_dji_motor.o(.text._ZN5motor8DjiMotor14Can_Tx_ProcessEv) referenced from rc_dji_motor.o(.rodata._ZTVN5motor8DjiMotorE)
 <LI><a href="#[ef]">motor::DjiMotor::Tim_It_Process()</a> from rc_dji_motor.o(.text._ZN5motor8DjiMotor14Tim_It_ProcessEv) referenced from rc_m2006.o(.rodata._ZTVN5motor5M2006E)
 <LI><a href="#[ef]">motor::DjiMotor::Tim_It_Process()</a> from rc_dji_motor.o(.text._ZN5motor8DjiMotor14Tim_It_ProcessEv) referenced from rc_m3508.o(.rodata._ZTVN5motor5M3508E)
 <LI><a href="#[ef]">motor::DjiMotor::Tim_It_Process()</a> from rc_dji_motor.o(.text._ZN5motor8DjiMotor14Tim_It_ProcessEv) referenced from rc_dji_motor.o(.rodata._ZTVN5motor8DjiMotorE)
 <LI><a href="#[f1]">motor::DjiMotor::Can_Rx_It_Process(unsigned int, unsigned char*)</a> from rc_dji_motor.o(.text._ZN5motor8DjiMotor17Can_Rx_It_ProcessEjPh) referenced from rc_m2006.o(.rodata._ZTVN5motor5M2006E)
 <LI><a href="#[f1]">motor::DjiMotor::Can_Rx_It_Process(unsigned int, unsigned char*)</a> from rc_dji_motor.o(.text._ZN5motor8DjiMotor17Can_Rx_It_ProcessEjPh) referenced from rc_m3508.o(.rodata._ZTVN5motor5M3508E)
 <LI><a href="#[f1]">motor::DjiMotor::Can_Rx_It_Process(unsigned int, unsigned char*)</a> from rc_dji_motor.o(.text._ZN5motor8DjiMotor17Can_Rx_It_ProcessEjPh) referenced from rc_dji_motor.o(.rodata._ZTVN5motor8DjiMotorE)
 <LI><a href="#[ee]">motor::DjiMotor::CanHandler_Register()</a> from rc_dji_motor.o(.text._ZN5motor8DjiMotor19CanHandler_RegisterEv) referenced from rc_m2006.o(.rodata._ZTVN5motor5M2006E)
 <LI><a href="#[ee]">motor::DjiMotor::CanHandler_Register()</a> from rc_dji_motor.o(.text._ZN5motor8DjiMotor19CanHandler_RegisterEv) referenced from rc_m3508.o(.rodata._ZTVN5motor5M3508E)
 <LI><a href="#[ee]">motor::DjiMotor::CanHandler_Register()</a> from rc_dji_motor.o(.text._ZN5motor8DjiMotor19CanHandler_RegisterEv) referenced from rc_dji_motor.o(.rodata._ZTVN5motor8DjiMotorE)
 <LI><a href="#[115]">motor::DjiMotor::~DjiMotor__deallocating()</a> from rc_dji_motor.o(.text._ZN5motor8DjiMotorD0Ev) referenced from rc_dji_motor.o(.rodata._ZTVN5motor8DjiMotorE)
 <LI><a href="#[e6]">motor::DjiMotor::~DjiMotor__sub_object()</a> from rc_dji_motor.o(.text._ZN5motor8DjiMotorD2Ev) referenced from rc_m2006.o(.rodata._ZTVN5motor5M2006E)
 <LI><a href="#[e6]">motor::DjiMotor::~DjiMotor__sub_object()</a> from rc_dji_motor.o(.text._ZN5motor8DjiMotorD2Ev) referenced from rc_m3508.o(.rodata._ZTVN5motor5M3508E)
 <LI><a href="#[e6]">motor::DjiMotor::~DjiMotor__sub_object()</a> from rc_dji_motor.o(.text._ZN5motor8DjiMotorD2Ev) referenced from rc_dji_motor.o(.rodata._ZTVN5motor8DjiMotorE)
 <LI><a href="#[11b]">timer::Timer::Tim_It_Process()</a> from rc_timer.o(.text._ZN5timer5Timer14Tim_It_ProcessEv) referenced from rc_timer.o(.rodata._ZTVN5timer5TimerE)
 <LI><a href="#[11a]">timer::Timer::~Timer__deallocating()</a> from rc_timer.o(.text._ZN5timer5TimerD0Ev) referenced from rc_timer.o(.rodata._ZTVN5timer5TimerE)
 <LI><a href="#[11d]">flysky::FlySky::Task_Process()</a> from rc_flysky.o(.text._ZN6flysky6FlySky12Task_ProcessEv) referenced from rc_flysky.o(.rodata._ZTVN6flysky6FlySkyE)
 <LI><a href="#[11c]">flysky::FlySky::~FlySky__deallocating()</a> from rc_flysky.o(.text._ZN6flysky6FlySkyD0Ev) referenced from rc_flysky.o(.rodata._ZTVN6flysky6FlySkyE)
 <LI><a href="#[120]">chassis::OmniChassis::Task_Process()</a> from rc_chassis.o(.text._ZN7chassis11OmniChassis12Task_ProcessEv) referenced from rc_chassis.o(.rodata._ZTVN7chassis11OmniChassisE)
 <LI><a href="#[11f]">chassis::OmniChassis::~OmniChassis__deallocating()</a> from rc_chassis.o(.text._ZN7chassis11OmniChassisD0Ev) referenced from rc_chassis.o(.rodata._ZTVN7chassis11OmniChassisE)
 <LI><a href="#[11e]">chassis::OmniChassis::~OmniChassis__sub_object()</a> from rc_chassis.o(.text._ZN7chassis11OmniChassisD2Ev) referenced from rc_chassis.o(.rodata._ZTVN7chassis11OmniChassisE)
 <LI><a href="#[122]">vector2d::Vector2D::~Vector2D__deallocating()</a> from rc_vector2d.o(.text._ZN8vector2d8Vector2DD0Ev) referenced from rc_vector2d.o(.rodata._ZTVN8vector2d8Vector2DE)
 <LI><a href="#[121]">vector2d::Vector2D::~Vector2D__sub_object()</a> from rc_vector2d.o(.text._ZN8vector2d8Vector2DD2Ev) referenced from rc_vector2d.o(.rodata._ZTVN8vector2d8Vector2DE)
 <LI><a href="#[ce]">non-virtual thunk to motor::Go::Can_Tx_Process()</a> from rc_go.o(.text._ZThn100_N5motor2Go14Can_Tx_ProcessEv) referenced from rc_go.o(.rodata._ZTVN5motor2GoE)
 <LI><a href="#[cf]">non-virtual thunk to motor::Go::Can_Rx_It_Process(unsigned int, unsigned char*)</a> from rc_go.o(.text._ZThn100_N5motor2Go17Can_Rx_It_ProcessEjPh) referenced from rc_go.o(.rodata._ZTVN5motor2GoE)
 <LI><a href="#[d0]">non-virtual thunk to motor::Go::CanHandler_Register()</a> from rc_go.o(.text._ZThn100_N5motor2Go19CanHandler_RegisterEv) referenced from rc_go.o(.rodata._ZTVN5motor2GoE)
 <LI><a href="#[cd]">non-virtual thunk to motor::Go::~Go__deallocating()</a> from rc_go.o(.text._ZThn100_N5motor2GoD0Ev) referenced from rc_go.o(.rodata._ZTVN5motor2GoE)
 <LI><a href="#[cc]">non-virtual thunk to motor::Go::~Go()</a> from rc_go.o(.text._ZThn100_N5motor2GoD1Ev) referenced from rc_go.o(.rodata._ZTVN5motor2GoE)
 <LI><a href="#[e0]">non-virtual thunk to motor::J60::Can_Tx_Process()</a> from rc_j60.o(.text._ZThn100_N5motor3J6014Can_Tx_ProcessEv) referenced from rc_j60.o(.rodata._ZTVN5motor3J60E)
 <LI><a href="#[e1]">non-virtual thunk to motor::J60::Can_Rx_It_Process(unsigned int, unsigned char*)</a> from rc_j60.o(.text._ZThn100_N5motor3J6017Can_Rx_It_ProcessEjPh) referenced from rc_j60.o(.rodata._ZTVN5motor3J60E)
 <LI><a href="#[e2]">non-virtual thunk to motor::J60::CanHandler_Register()</a> from rc_j60.o(.text._ZThn100_N5motor3J6019CanHandler_RegisterEv) referenced from rc_j60.o(.rodata._ZTVN5motor3J60E)
 <LI><a href="#[df]">non-virtual thunk to motor::J60::~J60__deallocating()</a> from rc_j60.o(.text._ZThn100_N5motor3J60D0Ev) referenced from rc_j60.o(.rodata._ZTVN5motor3J60E)
 <LI><a href="#[de]">non-virtual thunk to motor::J60::~J60()</a> from rc_j60.o(.text._ZThn100_N5motor3J60D1Ev) referenced from rc_j60.o(.rodata._ZTVN5motor3J60E)
 <LI><a href="#[f3]">non-virtual thunk to motor::M2006::~M2006__deallocating()</a> from rc_m2006.o(.text._ZThn100_N5motor5M2006D0Ev) referenced from rc_m2006.o(.rodata._ZTVN5motor5M2006E)
 <LI><a href="#[f2]">non-virtual thunk to motor::M2006::~M2006()</a> from rc_m2006.o(.text._ZThn100_N5motor5M2006D1Ev) referenced from rc_m2006.o(.rodata._ZTVN5motor5M2006E)
 <LI><a href="#[fe]">non-virtual thunk to motor::M3508::~M3508__deallocating()</a> from rc_m3508.o(.text._ZThn100_N5motor5M3508D0Ev) referenced from rc_m3508.o(.rodata._ZTVN5motor5M3508E)
 <LI><a href="#[fd]">non-virtual thunk to motor::M3508::~M3508()</a> from rc_m3508.o(.text._ZThn100_N5motor5M3508D1Ev) referenced from rc_m3508.o(.rodata._ZTVN5motor5M3508E)
 <LI><a href="#[10f]">non-virtual thunk to motor::DM4310::Can_Tx_Process()</a> from rc_dm4310.o(.text._ZThn100_N5motor6DM431014Can_Tx_ProcessEv) referenced from rc_dm4310.o(.rodata._ZTVN5motor6DM4310E)
 <LI><a href="#[110]">non-virtual thunk to motor::DM4310::Can_Rx_It_Process(unsigned int, unsigned char*)</a> from rc_dm4310.o(.text._ZThn100_N5motor6DM431017Can_Rx_It_ProcessEjPh) referenced from rc_dm4310.o(.rodata._ZTVN5motor6DM4310E)
 <LI><a href="#[111]">non-virtual thunk to motor::DM4310::CanHandler_Register()</a> from rc_dm4310.o(.text._ZThn100_N5motor6DM431019CanHandler_RegisterEv) referenced from rc_dm4310.o(.rodata._ZTVN5motor6DM4310E)
 <LI><a href="#[10e]">non-virtual thunk to motor::DM4310::~DM4310__deallocating()</a> from rc_dm4310.o(.text._ZThn100_N5motor6DM4310D0Ev) referenced from rc_dm4310.o(.rodata._ZTVN5motor6DM4310E)
 <LI><a href="#[10d]">non-virtual thunk to motor::DM4310::~DM4310()</a> from rc_dm4310.o(.text._ZThn100_N5motor6DM4310D1Ev) referenced from rc_dm4310.o(.rodata._ZTVN5motor6DM4310E)
 <LI><a href="#[f4]">non-virtual thunk to motor::DjiMotor::Can_Tx_Process()</a> from rc_dji_motor.o(.text._ZThn100_N5motor8DjiMotor14Can_Tx_ProcessEv) referenced from rc_m2006.o(.rodata._ZTVN5motor5M2006E)
 <LI><a href="#[f4]">non-virtual thunk to motor::DjiMotor::Can_Tx_Process()</a> from rc_dji_motor.o(.text._ZThn100_N5motor8DjiMotor14Can_Tx_ProcessEv) referenced from rc_m3508.o(.rodata._ZTVN5motor5M3508E)
 <LI><a href="#[f4]">non-virtual thunk to motor::DjiMotor::Can_Tx_Process()</a> from rc_dji_motor.o(.text._ZThn100_N5motor8DjiMotor14Can_Tx_ProcessEv) referenced from rc_dji_motor.o(.rodata._ZTVN5motor8DjiMotorE)
 <LI><a href="#[f5]">non-virtual thunk to motor::DjiMotor::Can_Rx_It_Process(unsigned int, unsigned char*)</a> from rc_dji_motor.o(.text._ZThn100_N5motor8DjiMotor17Can_Rx_It_ProcessEjPh) referenced from rc_m2006.o(.rodata._ZTVN5motor5M2006E)
 <LI><a href="#[f5]">non-virtual thunk to motor::DjiMotor::Can_Rx_It_Process(unsigned int, unsigned char*)</a> from rc_dji_motor.o(.text._ZThn100_N5motor8DjiMotor17Can_Rx_It_ProcessEjPh) referenced from rc_m3508.o(.rodata._ZTVN5motor5M3508E)
 <LI><a href="#[f5]">non-virtual thunk to motor::DjiMotor::Can_Rx_It_Process(unsigned int, unsigned char*)</a> from rc_dji_motor.o(.text._ZThn100_N5motor8DjiMotor17Can_Rx_It_ProcessEjPh) referenced from rc_dji_motor.o(.rodata._ZTVN5motor8DjiMotorE)
 <LI><a href="#[f6]">non-virtual thunk to motor::DjiMotor::CanHandler_Register()</a> from rc_dji_motor.o(.text._ZThn100_N5motor8DjiMotor19CanHandler_RegisterEv) referenced from rc_m2006.o(.rodata._ZTVN5motor5M2006E)
 <LI><a href="#[f6]">non-virtual thunk to motor::DjiMotor::CanHandler_Register()</a> from rc_dji_motor.o(.text._ZThn100_N5motor8DjiMotor19CanHandler_RegisterEv) referenced from rc_m3508.o(.rodata._ZTVN5motor5M3508E)
 <LI><a href="#[f6]">non-virtual thunk to motor::DjiMotor::CanHandler_Register()</a> from rc_dji_motor.o(.text._ZThn100_N5motor8DjiMotor19CanHandler_RegisterEv) referenced from rc_dji_motor.o(.rodata._ZTVN5motor8DjiMotorE)
 <LI><a href="#[117]">non-virtual thunk to motor::DjiMotor::~DjiMotor__deallocating()</a> from rc_dji_motor.o(.text._ZThn100_N5motor8DjiMotorD0Ev) referenced from rc_dji_motor.o(.rodata._ZTVN5motor8DjiMotorE)
 <LI><a href="#[116]">non-virtual thunk to motor::DjiMotor::~DjiMotor()</a> from rc_dji_motor.o(.text._ZThn100_N5motor8DjiMotorD1Ev) referenced from rc_dji_motor.o(.rodata._ZTVN5motor8DjiMotorE)
 <LI><a href="#[d3]">non-virtual thunk to motor::Go::Tim_It_Process()</a> from rc_go.o(.text._ZThn124_N5motor2Go14Tim_It_ProcessEv) referenced from rc_go.o(.rodata._ZTVN5motor2GoE)
 <LI><a href="#[d2]">non-virtual thunk to motor::Go::~Go__deallocating()</a> from rc_go.o(.text._ZThn124_N5motor2GoD0Ev) referenced from rc_go.o(.rodata._ZTVN5motor2GoE)
 <LI><a href="#[d1]">non-virtual thunk to motor::Go::~Go()</a> from rc_go.o(.text._ZThn124_N5motor2GoD1Ev) referenced from rc_go.o(.rodata._ZTVN5motor2GoE)
 <LI><a href="#[e5]">non-virtual thunk to motor::J60::Tim_It_Process()</a> from rc_j60.o(.text._ZThn124_N5motor3J6014Tim_It_ProcessEv) referenced from rc_j60.o(.rodata._ZTVN5motor3J60E)
 <LI><a href="#[e4]">non-virtual thunk to motor::J60::~J60__deallocating()</a> from rc_j60.o(.text._ZThn124_N5motor3J60D0Ev) referenced from rc_j60.o(.rodata._ZTVN5motor3J60E)
 <LI><a href="#[e3]">non-virtual thunk to motor::J60::~J60()</a> from rc_j60.o(.text._ZThn124_N5motor3J60D1Ev) referenced from rc_j60.o(.rodata._ZTVN5motor3J60E)
 <LI><a href="#[f8]">non-virtual thunk to motor::M2006::~M2006__deallocating()</a> from rc_m2006.o(.text._ZThn124_N5motor5M2006D0Ev) referenced from rc_m2006.o(.rodata._ZTVN5motor5M2006E)
 <LI><a href="#[f7]">non-virtual thunk to motor::M2006::~M2006()</a> from rc_m2006.o(.text._ZThn124_N5motor5M2006D1Ev) referenced from rc_m2006.o(.rodata._ZTVN5motor5M2006E)
 <LI><a href="#[100]">non-virtual thunk to motor::M3508::~M3508__deallocating()</a> from rc_m3508.o(.text._ZThn124_N5motor5M3508D0Ev) referenced from rc_m3508.o(.rodata._ZTVN5motor5M3508E)
 <LI><a href="#[ff]">non-virtual thunk to motor::M3508::~M3508()</a> from rc_m3508.o(.text._ZThn124_N5motor5M3508D1Ev) referenced from rc_m3508.o(.rodata._ZTVN5motor5M3508E)
 <LI><a href="#[114]">non-virtual thunk to motor::DM4310::Tim_It_Process()</a> from rc_dm4310.o(.text._ZThn124_N5motor6DM431014Tim_It_ProcessEv) referenced from rc_dm4310.o(.rodata._ZTVN5motor6DM4310E)
 <LI><a href="#[113]">non-virtual thunk to motor::DM4310::~DM4310__deallocating()</a> from rc_dm4310.o(.text._ZThn124_N5motor6DM4310D0Ev) referenced from rc_dm4310.o(.rodata._ZTVN5motor6DM4310E)
 <LI><a href="#[112]">non-virtual thunk to motor::DM4310::~DM4310()</a> from rc_dm4310.o(.text._ZThn124_N5motor6DM4310D1Ev) referenced from rc_dm4310.o(.rodata._ZTVN5motor6DM4310E)
 <LI><a href="#[f9]">non-virtual thunk to motor::DjiMotor::Tim_It_Process()</a> from rc_dji_motor.o(.text._ZThn124_N5motor8DjiMotor14Tim_It_ProcessEv) referenced from rc_m2006.o(.rodata._ZTVN5motor5M2006E)
 <LI><a href="#[f9]">non-virtual thunk to motor::DjiMotor::Tim_It_Process()</a> from rc_dji_motor.o(.text._ZThn124_N5motor8DjiMotor14Tim_It_ProcessEv) referenced from rc_m3508.o(.rodata._ZTVN5motor5M3508E)
 <LI><a href="#[f9]">non-virtual thunk to motor::DjiMotor::Tim_It_Process()</a> from rc_dji_motor.o(.text._ZThn124_N5motor8DjiMotor14Tim_It_ProcessEv) referenced from rc_dji_motor.o(.rodata._ZTVN5motor8DjiMotorE)
 <LI><a href="#[119]">non-virtual thunk to motor::DjiMotor::~DjiMotor__deallocating()</a> from rc_dji_motor.o(.text._ZThn124_N5motor8DjiMotorD0Ev) referenced from rc_dji_motor.o(.rodata._ZTVN5motor8DjiMotorE)
 <LI><a href="#[118]">non-virtual thunk to motor::DjiMotor::~DjiMotor()</a> from rc_dji_motor.o(.text._ZThn124_N5motor8DjiMotorD1Ev) referenced from rc_dji_motor.o(.rodata._ZTVN5motor8DjiMotorE)
 <LI><a href="#[a3]">__cxa_pure_virtual</a> from cxa_virtual.cpp.o(.text.__cxa_pure_virtual) referenced 3 times from rc_can.o(.rodata._ZTVN3can10CanHandlerE)
 <LI><a href="#[a3]">__cxa_pure_virtual</a> from cxa_virtual.cpp.o(.text.__cxa_pure_virtual) referenced from rc_cdc.o(.rodata._ZTVN3cdc10CDCHandlerE)
 <LI><a href="#[a3]">__cxa_pure_virtual</a> from cxa_virtual.cpp.o(.text.__cxa_pure_virtual) referenced from rc_tim.o(.rodata._ZTVN3tim10TimHandlerE)
 <LI><a href="#[a3]">__cxa_pure_virtual</a> from cxa_virtual.cpp.o(.text.__cxa_pure_virtual) referenced from rc_task.o(.rodata._ZTVN4task11ManagedTaskE)
 <LI><a href="#[a3]">__cxa_pure_virtual</a> from cxa_virtual.cpp.o(.text.__cxa_pure_virtual) referenced from rc_dji_motor.o(.rodata._ZTVN5motor8DjiMotorE)
 <LI><a href="#[95]">__main</a> from __main.o(!!!main) referenced from startup_stm32h723xx.o(.text)
 <LI><a href="#[9b]">prvIdleTask</a> from tasks.o(.text.prvIdleTask) referenced 2 times from tasks.o(.text.vTaskStartScheduler)
 <LI><a href="#[9a]">prvTaskExitError</a> from port.o(.text.prvTaskExitError) referenced 2 times from port.o(.text.pxPortInitialiseStack)
 <LI><a href="#[9c]">prvTimerTask</a> from timers.o(.text.prvTimerTask) referenced 2 times from timers.o(.text.xTimerCreateTimerTask)
</UL>
<P>
<H3>
Global Symbols
</H3>
<P><STRONG><a name="[95]"></a>__main</STRONG> (Thumb, 8 bytes, Stack size 0 bytes, __main.o(!!!main))
<BR><BR>[Calls]<UL><LI><a href="#[13c]">&gt;&gt;</a>&nbsp;&nbsp;&nbsp;__rt_entry
<LI><a href="#[13b]">&gt;&gt;</a>&nbsp;&nbsp;&nbsp;__scatterload
</UL>
<BR>[Address Reference Count : 1]<UL><LI> startup_stm32h723xx.o(.text)
</UL>
<P><STRONG><a name="[13b]"></a>__scatterload</STRONG> (Thumb, 0 bytes, Stack size unknown bytes, __scatter.o(!!!scatter))
<BR><BR>[Called By]<UL><LI><a href="#[95]">&gt;&gt;</a>&nbsp;&nbsp;&nbsp;__main
</UL>

<P><STRONG><a name="[13d]"></a>__scatterload_rt2</STRONG> (Thumb, 84 bytes, Stack size unknown bytes, __scatter.o(!!!scatter), UNUSED)
<BR><BR>[Calls]<UL><LI><a href="#[13c]">&gt;&gt;</a>&nbsp;&nbsp;&nbsp;__rt_entry
</UL>

<P><STRONG><a name="[2ac]"></a>__scatterload_rt2_thumb_only</STRONG> (Thumb, 0 bytes, Stack size unknown bytes, __scatter.o(!!!scatter), UNUSED)

<P><STRONG><a name="[2ad]"></a>__scatterload_loop</STRONG> (Thumb, 0 bytes, Stack size unknown bytes, __scatter.o(!!!scatter), UNUSED)

<P><STRONG><a name="[13e]"></a>__scatterload_copy</STRONG> (Thumb, 26 bytes, Stack size unknown bytes, __scatter_copy.o(!!handler_copy), UNUSED)
<BR><BR>[Calls]<UL><LI><a href="#[13e]">&gt;&gt;</a>&nbsp;&nbsp;&nbsp;__scatterload_copy
</UL>
<BR>[Called By]<UL><LI><a href="#[13e]">&gt;&gt;</a>&nbsp;&nbsp;&nbsp;__scatterload_copy
</UL>

<P><STRONG><a name="[2ae]"></a>__scatterload_null</STRONG> (Thumb, 2 bytes, Stack size unknown bytes, __scatter.o(!!handler_null), UNUSED)

<P><STRONG><a name="[2af]"></a>__scatterload_zeroinit</STRONG> (Thumb, 28 bytes, Stack size unknown bytes, __scatter_zi.o(!!handler_zi), UNUSED)

<P><STRONG><a name="[145]"></a>__rt_lib_init</STRONG> (Thumb, 0 bytes, Stack size unknown bytes, libinit.o(.ARM.Collect$$libinit$$00000000))
<BR><BR>[Called By]<UL><LI><a href="#[144]">&gt;&gt;</a>&nbsp;&nbsp;&nbsp;__rt_entry_li
</UL>

<P><STRONG><a name="[13f]"></a>__rt_lib_init_fp_1</STRONG> (Thumb, 0 bytes, Stack size unknown bytes, libinit2.o(.ARM.Collect$$libinit$$00000001))
<BR><BR>[Calls]<UL><LI><a href="#[140]">&gt;&gt;</a>&nbsp;&nbsp;&nbsp;_fp_init
</UL>

<P><STRONG><a name="[2b0]"></a>__rt_lib_init_alloca_1</STRONG> (Thumb, 0 bytes, Stack size unknown bytes, libinit2.o(.ARM.Collect$$libinit$$00000030))

<P><STRONG><a name="[2b1]"></a>__rt_lib_init_argv_1</STRONG> (Thumb, 0 bytes, Stack size unknown bytes, libinit2.o(.ARM.Collect$$libinit$$0000002E))

<P><STRONG><a name="[2b2]"></a>__rt_lib_init_atexit_1</STRONG> (Thumb, 0 bytes, Stack size unknown bytes, libinit2.o(.ARM.Collect$$libinit$$0000001D))

<P><STRONG><a name="[2b3]"></a>__rt_lib_init_clock_1</STRONG> (Thumb, 0 bytes, Stack size unknown bytes, libinit2.o(.ARM.Collect$$libinit$$00000023))

<P><STRONG><a name="[141]"></a>__rt_lib_init_cpp_2</STRONG> (Thumb, 0 bytes, Stack size unknown bytes, libinit2.o(.ARM.Collect$$libinit$$00000033))
<BR><BR>[Stack]<UL><LI>Max Depth = 24 + Unknown Stack Size
<LI>Call Chain = __rt_lib_init_cpp_2 &rArr; __cpp_initialize__aeabi_
</UL>
<BR>[Calls]<UL><LI><a href="#[13a]">&gt;&gt;</a>&nbsp;&nbsp;&nbsp;__cpp_initialize__aeabi_
</UL>

<P><STRONG><a name="[2b4]"></a>__rt_lib_init_exceptions_1</STRONG> (Thumb, 0 bytes, Stack size unknown bytes, libinit2.o(.ARM.Collect$$libinit$$00000032))

<P><STRONG><a name="[2b5]"></a>__rt_lib_init_fp_trap_1</STRONG> (Thumb, 0 bytes, Stack size unknown bytes, libinit2.o(.ARM.Collect$$libinit$$00000021))

<P><STRONG><a name="[2b6]"></a>__rt_lib_init_getenv_1</STRONG> (Thumb, 0 bytes, Stack size unknown bytes, libinit2.o(.ARM.Collect$$libinit$$00000025))

<P><STRONG><a name="[2b7]"></a>__rt_lib_init_heap_1</STRONG> (Thumb, 0 bytes, Stack size unknown bytes, libinit2.o(.ARM.Collect$$libinit$$0000000C))

<P><STRONG><a name="[2b8]"></a>__rt_lib_init_lc_collate_1</STRONG> (Thumb, 0 bytes, Stack size unknown bytes, libinit2.o(.ARM.Collect$$libinit$$00000013))

<P><STRONG><a name="[2b9]"></a>__rt_lib_init_lc_ctype_1</STRONG> (Thumb, 0 bytes, Stack size unknown bytes, libinit2.o(.ARM.Collect$$libinit$$00000015))

<P><STRONG><a name="[2ba]"></a>__rt_lib_init_lc_monetary_1</STRONG> (Thumb, 0 bytes, Stack size unknown bytes, libinit2.o(.ARM.Collect$$libinit$$00000017))

<P><STRONG><a name="[2bb]"></a>__rt_lib_init_lc_numeric_1</STRONG> (Thumb, 0 bytes, Stack size unknown bytes, libinit2.o(.ARM.Collect$$libinit$$00000019))

<P><STRONG><a name="[2bc]"></a>__rt_lib_init_lc_time_1</STRONG> (Thumb, 0 bytes, Stack size unknown bytes, libinit2.o(.ARM.Collect$$libinit$$0000001B))

<P><STRONG><a name="[2bd]"></a>__rt_lib_init_preinit_1</STRONG> (Thumb, 0 bytes, Stack size unknown bytes, libinit2.o(.ARM.Collect$$libinit$$00000006))

<P><STRONG><a name="[2be]"></a>__rt_lib_init_rand_1</STRONG> (Thumb, 0 bytes, Stack size unknown bytes, libinit2.o(.ARM.Collect$$libinit$$00000010))

<P><STRONG><a name="[2bf]"></a>__rt_lib_init_relocate_pie_1</STRONG> (Thumb, 0 bytes, Stack size unknown bytes, libinit2.o(.ARM.Collect$$libinit$$00000004))

<P><STRONG><a name="[2c0]"></a>__rt_lib_init_signal_1</STRONG> (Thumb, 0 bytes, Stack size unknown bytes, libinit2.o(.ARM.Collect$$libinit$$0000001F))

<P><STRONG><a name="[2c1]"></a>__rt_lib_init_stdio_1</STRONG> (Thumb, 0 bytes, Stack size unknown bytes, libinit2.o(.ARM.Collect$$libinit$$00000027))

<P><STRONG><a name="[2c2]"></a>__rt_lib_init_user_alloc_1</STRONG> (Thumb, 0 bytes, Stack size unknown bytes, libinit2.o(.ARM.Collect$$libinit$$0000000E))

<P><STRONG><a name="[2c3]"></a>__rt_lib_init_cpp_1</STRONG> (Thumb, 0 bytes, Stack size unknown bytes, libinit2.o(.ARM.Collect$$libinit$$00000034))

<P><STRONG><a name="[2c4]"></a>__rt_lib_init_return</STRONG> (Thumb, 0 bytes, Stack size unknown bytes, libinit2.o(.ARM.Collect$$libinit$$00000035))

<P><STRONG><a name="[14a]"></a>__rt_lib_shutdown</STRONG> (Thumb, 0 bytes, Stack size unknown bytes, libshutdown.o(.ARM.Collect$$libshutdown$$00000000))
<BR><BR>[Called By]<UL><LI><a href="#[149]">&gt;&gt;</a>&nbsp;&nbsp;&nbsp;__rt_exit_ls
<LI><a href="#[157]">&gt;&gt;</a>&nbsp;&nbsp;&nbsp;abort
</UL>

<P><STRONG><a name="[2c5]"></a>__rt_lib_shutdown_cpp_1</STRONG> (Thumb, 0 bytes, Stack size unknown bytes, libshutdown2.o(.ARM.Collect$$libshutdown$$00000002))

<P><STRONG><a name="[2c6]"></a>__rt_lib_shutdown_fp_trap_1</STRONG> (Thumb, 0 bytes, Stack size unknown bytes, libshutdown2.o(.ARM.Collect$$libshutdown$$00000007))

<P><STRONG><a name="[2c7]"></a>__rt_lib_shutdown_heap_1</STRONG> (Thumb, 0 bytes, Stack size unknown bytes, libshutdown2.o(.ARM.Collect$$libshutdown$$0000000F))

<P><STRONG><a name="[2c8]"></a>__rt_lib_shutdown_return</STRONG> (Thumb, 0 bytes, Stack size unknown bytes, libshutdown2.o(.ARM.Collect$$libshutdown$$00000010))

<P><STRONG><a name="[2c9]"></a>__rt_lib_shutdown_signal_1</STRONG> (Thumb, 0 bytes, Stack size unknown bytes, libshutdown2.o(.ARM.Collect$$libshutdown$$0000000A))

<P><STRONG><a name="[2ca]"></a>__rt_lib_shutdown_stdio_1</STRONG> (Thumb, 0 bytes, Stack size unknown bytes, libshutdown2.o(.ARM.Collect$$libshutdown$$00000004))

<P><STRONG><a name="[2cb]"></a>__rt_lib_shutdown_user_alloc_1</STRONG> (Thumb, 0 bytes, Stack size unknown bytes, libshutdown2.o(.ARM.Collect$$libshutdown$$0000000C))

<P><STRONG><a name="[13c]"></a>__rt_entry</STRONG> (Thumb, 0 bytes, Stack size unknown bytes, __rtentry.o(.ARM.Collect$$rtentry$$00000000))
<BR><BR>[Called By]<UL><LI><a href="#[95]">&gt;&gt;</a>&nbsp;&nbsp;&nbsp;__main
<LI><a href="#[13d]">&gt;&gt;</a>&nbsp;&nbsp;&nbsp;__scatterload_rt2
</UL>

<P><STRONG><a name="[2cc]"></a>__rt_entry_presh_1</STRONG> (Thumb, 0 bytes, Stack size unknown bytes, __rtentry2.o(.ARM.Collect$$rtentry$$00000002))

<P><STRONG><a name="[142]"></a>__rt_entry_sh</STRONG> (Thumb, 0 bytes, Stack size unknown bytes, __rtentry4.o(.ARM.Collect$$rtentry$$00000004))
<BR><BR>[Stack]<UL><LI>Max Depth = 8 + Unknown Stack Size
<LI>Call Chain = __rt_entry_sh &rArr; __user_setup_stackheap
</UL>
<BR>[Calls]<UL><LI><a href="#[143]">&gt;&gt;</a>&nbsp;&nbsp;&nbsp;__user_setup_stackheap
</UL>

<P><STRONG><a name="[144]"></a>__rt_entry_li</STRONG> (Thumb, 0 bytes, Stack size unknown bytes, __rtentry2.o(.ARM.Collect$$rtentry$$0000000A))
<BR><BR>[Calls]<UL><LI><a href="#[145]">&gt;&gt;</a>&nbsp;&nbsp;&nbsp;__rt_lib_init
</UL>

<P><STRONG><a name="[2cd]"></a>__rt_entry_postsh_1</STRONG> (Thumb, 0 bytes, Stack size unknown bytes, __rtentry2.o(.ARM.Collect$$rtentry$$00000009))

<P><STRONG><a name="[146]"></a>__rt_entry_main</STRONG> (Thumb, 0 bytes, Stack size unknown bytes, __rtentry2.o(.ARM.Collect$$rtentry$$0000000D))
<BR><BR>[Stack]<UL><LI>Max Depth = 360 + Unknown Stack Size
<LI>Call Chain = __rt_entry_main &rArr; main &rArr; MX_FDCAN3_Init &rArr; HAL_FDCAN_Init &rArr; HAL_FDCAN_MspInit &rArr; HAL_RCCEx_PeriphCLKConfig &rArr; RCCEx_PLL3_Config
</UL>
<BR>[Calls]<UL><LI><a href="#[147]">&gt;&gt;</a>&nbsp;&nbsp;&nbsp;main
<LI><a href="#[148]">&gt;&gt;</a>&nbsp;&nbsp;&nbsp;exit
</UL>

<P><STRONG><a name="[2ce]"></a>__rt_entry_postli_1</STRONG> (Thumb, 0 bytes, Stack size unknown bytes, __rtentry2.o(.ARM.Collect$$rtentry$$0000000C))

<P><STRONG><a name="[15b]"></a>__rt_exit</STRONG> (Thumb, 0 bytes, Stack size unknown bytes, rtexit.o(.ARM.Collect$$rtexit$$00000000))
<BR><BR>[Called By]<UL><LI><a href="#[148]">&gt;&gt;</a>&nbsp;&nbsp;&nbsp;exit
</UL>

<P><STRONG><a name="[149]"></a>__rt_exit_ls</STRONG> (Thumb, 0 bytes, Stack size unknown bytes, rtexit2.o(.ARM.Collect$$rtexit$$00000003))
<BR><BR>[Calls]<UL><LI><a href="#[14a]">&gt;&gt;</a>&nbsp;&nbsp;&nbsp;__rt_lib_shutdown
</UL>

<P><STRONG><a name="[2cf]"></a>__rt_exit_prels_1</STRONG> (Thumb, 0 bytes, Stack size unknown bytes, rtexit2.o(.ARM.Collect$$rtexit$$00000002))

<P><STRONG><a name="[14b]"></a>__rt_exit_exit</STRONG> (Thumb, 0 bytes, Stack size unknown bytes, rtexit2.o(.ARM.Collect$$rtexit$$00000004))
<BR><BR>[Calls]<UL><LI><a href="#[14c]">&gt;&gt;</a>&nbsp;&nbsp;&nbsp;_sys_exit
</UL>

<P><STRONG><a name="[0]"></a>Reset_Handler</STRONG> (Thumb, 12 bytes, Stack size 0 bytes, startup_stm32h723xx.o(.text))
<BR>[Address Reference Count : 1]<UL><LI> startup_stm32h723xx.o(RESET)
</UL>
<P><STRONG><a name="[73]"></a>ADC3_IRQHandler</STRONG> (Thumb, 0 bytes, Stack size 0 bytes, startup_stm32h723xx.o(.text))
<BR><BR>[Calls]<UL><LI><a href="#[73]">&gt;&gt;</a>&nbsp;&nbsp;&nbsp;ADC3_IRQHandler
</UL>
<BR>[Called By]<UL><LI><a href="#[73]">&gt;&gt;</a>&nbsp;&nbsp;&nbsp;ADC3_IRQHandler
</UL>
<BR>[Address Reference Count : 1]<UL><LI> startup_stm32h723xx.o(RESET)
</UL>
<P><STRONG><a name="[1c]"></a>ADC_IRQHandler</STRONG> (Thumb, 0 bytes, Stack size 0 bytes, startup_stm32h723xx.o(.text))
<BR>[Address Reference Count : 1]<UL><LI> startup_stm32h723xx.o(RESET)
</UL>
<P><STRONG><a name="[75]"></a>BDMA_Channel0_IRQHandler</STRONG> (Thumb, 0 bytes, Stack size 0 bytes, startup_stm32h723xx.o(.text))
<BR>[Address Reference Count : 1]<UL><LI> startup_stm32h723xx.o(RESET)
</UL>
<P><STRONG><a name="[76]"></a>BDMA_Channel1_IRQHandler</STRONG> (Thumb, 0 bytes, Stack size 0 bytes, startup_stm32h723xx.o(.text))
<BR>[Address Reference Count : 1]<UL><LI> startup_stm32h723xx.o(RESET)
</UL>
<P><STRONG><a name="[77]"></a>BDMA_Channel2_IRQHandler</STRONG> (Thumb, 0 bytes, Stack size 0 bytes, startup_stm32h723xx.o(.text))
<BR>[Address Reference Count : 1]<UL><LI> startup_stm32h723xx.o(RESET)
</UL>
<P><STRONG><a name="[78]"></a>BDMA_Channel3_IRQHandler</STRONG> (Thumb, 0 bytes, Stack size 0 bytes, startup_stm32h723xx.o(.text))
<BR>[Address Reference Count : 1]<UL><LI> startup_stm32h723xx.o(RESET)
</UL>
<P><STRONG><a name="[79]"></a>BDMA_Channel4_IRQHandler</STRONG> (Thumb, 0 bytes, Stack size 0 bytes, startup_stm32h723xx.o(.text))
<BR>[Address Reference Count : 1]<UL><LI> startup_stm32h723xx.o(RESET)
</UL>
<P><STRONG><a name="[7a]"></a>BDMA_Channel5_IRQHandler</STRONG> (Thumb, 0 bytes, Stack size 0 bytes, startup_stm32h723xx.o(.text))
<BR>[Address Reference Count : 1]<UL><LI> startup_stm32h723xx.o(RESET)
</UL>
<P><STRONG><a name="[7b]"></a>BDMA_Channel6_IRQHandler</STRONG> (Thumb, 0 bytes, Stack size 0 bytes, startup_stm32h723xx.o(.text))
<BR>[Address Reference Count : 1]<UL><LI> startup_stm32h723xx.o(RESET)
</UL>
<P><STRONG><a name="[7c]"></a>BDMA_Channel7_IRQHandler</STRONG> (Thumb, 0 bytes, Stack size 0 bytes, startup_stm32h723xx.o(.text))
<BR>[Address Reference Count : 1]<UL><LI> startup_stm32h723xx.o(RESET)
</UL>
<P><STRONG><a name="[61]"></a>CEC_IRQHandler</STRONG> (Thumb, 0 bytes, Stack size 0 bytes, startup_stm32h723xx.o(.text))
<BR>[Address Reference Count : 1]<UL><LI> startup_stm32h723xx.o(RESET)
</UL>
<P><STRONG><a name="[7d]"></a>COMP1_IRQHandler</STRONG> (Thumb, 0 bytes, Stack size 0 bytes, startup_stm32h723xx.o(.text))
<BR>[Address Reference Count : 1]<UL><LI> startup_stm32h723xx.o(RESET)
</UL>
<P><STRONG><a name="[8a]"></a>CORDIC_IRQHandler</STRONG> (Thumb, 0 bytes, Stack size 0 bytes, startup_stm32h723xx.o(.text))
<BR>[Address Reference Count : 1]<UL><LI> startup_stm32h723xx.o(RESET)
</UL>
<P><STRONG><a name="[83]"></a>CRS_IRQHandler</STRONG> (Thumb, 0 bytes, Stack size 0 bytes, startup_stm32h723xx.o(.text))
<BR>[Address Reference Count : 1]<UL><LI> startup_stm32h723xx.o(RESET)
</UL>
<P><STRONG><a name="[53]"></a>DCMI_PSSI_IRQHandler</STRONG> (Thumb, 0 bytes, Stack size 0 bytes, startup_stm32h723xx.o(.text))
<BR>[Address Reference Count : 1]<UL><LI> startup_stm32h723xx.o(RESET)
</UL>
<P><STRONG><a name="[66]"></a>DFSDM1_FLT0_IRQHandler</STRONG> (Thumb, 0 bytes, Stack size 0 bytes, startup_stm32h723xx.o(.text))
<BR>[Address Reference Count : 1]<UL><LI> startup_stm32h723xx.o(RESET)
</UL>
<P><STRONG><a name="[67]"></a>DFSDM1_FLT1_IRQHandler</STRONG> (Thumb, 0 bytes, Stack size 0 bytes, startup_stm32h723xx.o(.text))
<BR>[Address Reference Count : 1]<UL><LI> startup_stm32h723xx.o(RESET)
</UL>
<P><STRONG><a name="[68]"></a>DFSDM1_FLT2_IRQHandler</STRONG> (Thumb, 0 bytes, Stack size 0 bytes, startup_stm32h723xx.o(.text))
<BR>[Address Reference Count : 1]<UL><LI> startup_stm32h723xx.o(RESET)
</UL>
<P><STRONG><a name="[69]"></a>DFSDM1_FLT3_IRQHandler</STRONG> (Thumb, 0 bytes, Stack size 0 bytes, startup_stm32h723xx.o(.text))
<BR>[Address Reference Count : 1]<UL><LI> startup_stm32h723xx.o(RESET)
</UL>
<P><STRONG><a name="[15]"></a>DMA1_Stream0_IRQHandler</STRONG> (Thumb, 0 bytes, Stack size 0 bytes, startup_stm32h723xx.o(.text))
<BR>[Address Reference Count : 1]<UL><LI> startup_stm32h723xx.o(RESET)
</UL>
<P><STRONG><a name="[16]"></a>DMA1_Stream1_IRQHandler</STRONG> (Thumb, 0 bytes, Stack size 0 bytes, startup_stm32h723xx.o(.text))
<BR>[Address Reference Count : 1]<UL><LI> startup_stm32h723xx.o(RESET)
</UL>
<P><STRONG><a name="[17]"></a>DMA1_Stream2_IRQHandler</STRONG> (Thumb, 0 bytes, Stack size 0 bytes, startup_stm32h723xx.o(.text))
<BR>[Address Reference Count : 1]<UL><LI> startup_stm32h723xx.o(RESET)
</UL>
<P><STRONG><a name="[18]"></a>DMA1_Stream3_IRQHandler</STRONG> (Thumb, 0 bytes, Stack size 0 bytes, startup_stm32h723xx.o(.text))
<BR>[Address Reference Count : 1]<UL><LI> startup_stm32h723xx.o(RESET)
</UL>
<P><STRONG><a name="[19]"></a>DMA1_Stream4_IRQHandler</STRONG> (Thumb, 0 bytes, Stack size 0 bytes, startup_stm32h723xx.o(.text))
<BR>[Address Reference Count : 1]<UL><LI> startup_stm32h723xx.o(RESET)
</UL>
<P><STRONG><a name="[1a]"></a>DMA1_Stream5_IRQHandler</STRONG> (Thumb, 0 bytes, Stack size 0 bytes, startup_stm32h723xx.o(.text))
<BR>[Address Reference Count : 1]<UL><LI> startup_stm32h723xx.o(RESET)
</UL>
<P><STRONG><a name="[1b]"></a>DMA1_Stream6_IRQHandler</STRONG> (Thumb, 0 bytes, Stack size 0 bytes, startup_stm32h723xx.o(.text))
<BR>[Address Reference Count : 1]<UL><LI> startup_stm32h723xx.o(RESET)
</UL>
<P><STRONG><a name="[38]"></a>DMA1_Stream7_IRQHandler</STRONG> (Thumb, 0 bytes, Stack size 0 bytes, startup_stm32h723xx.o(.text))
<BR>[Address Reference Count : 1]<UL><LI> startup_stm32h723xx.o(RESET)
</UL>
<P><STRONG><a name="[5e]"></a>DMA2D_IRQHandler</STRONG> (Thumb, 0 bytes, Stack size 0 bytes, startup_stm32h723xx.o(.text))
<BR>[Address Reference Count : 1]<UL><LI> startup_stm32h723xx.o(RESET)
</UL>
<P><STRONG><a name="[41]"></a>DMA2_Stream0_IRQHandler</STRONG> (Thumb, 0 bytes, Stack size 0 bytes, startup_stm32h723xx.o(.text))
<BR>[Address Reference Count : 1]<UL><LI> startup_stm32h723xx.o(RESET)
</UL>
<P><STRONG><a name="[42]"></a>DMA2_Stream1_IRQHandler</STRONG> (Thumb, 0 bytes, Stack size 0 bytes, startup_stm32h723xx.o(.text))
<BR>[Address Reference Count : 1]<UL><LI> startup_stm32h723xx.o(RESET)
</UL>
<P><STRONG><a name="[43]"></a>DMA2_Stream2_IRQHandler</STRONG> (Thumb, 0 bytes, Stack size 0 bytes, startup_stm32h723xx.o(.text))
<BR>[Address Reference Count : 1]<UL><LI> startup_stm32h723xx.o(RESET)
</UL>
<P><STRONG><a name="[44]"></a>DMA2_Stream3_IRQHandler</STRONG> (Thumb, 0 bytes, Stack size 0 bytes, startup_stm32h723xx.o(.text))
<BR>[Address Reference Count : 1]<UL><LI> startup_stm32h723xx.o(RESET)
</UL>
<P><STRONG><a name="[45]"></a>DMA2_Stream4_IRQHandler</STRONG> (Thumb, 0 bytes, Stack size 0 bytes, startup_stm32h723xx.o(.text))
<BR>[Address Reference Count : 1]<UL><LI> startup_stm32h723xx.o(RESET)
</UL>
<P><STRONG><a name="[49]"></a>DMA2_Stream5_IRQHandler</STRONG> (Thumb, 0 bytes, Stack size 0 bytes, startup_stm32h723xx.o(.text))
<BR>[Address Reference Count : 1]<UL><LI> startup_stm32h723xx.o(RESET)
</UL>
<P><STRONG><a name="[4a]"></a>DMA2_Stream6_IRQHandler</STRONG> (Thumb, 0 bytes, Stack size 0 bytes, startup_stm32h723xx.o(.text))
<BR>[Address Reference Count : 1]<UL><LI> startup_stm32h723xx.o(RESET)
</UL>
<P><STRONG><a name="[4b]"></a>DMA2_Stream7_IRQHandler</STRONG> (Thumb, 0 bytes, Stack size 0 bytes, startup_stm32h723xx.o(.text))
<BR>[Address Reference Count : 1]<UL><LI> startup_stm32h723xx.o(RESET)
</UL>
<P><STRONG><a name="[65]"></a>DMAMUX1_OVR_IRQHandler</STRONG> (Thumb, 0 bytes, Stack size 0 bytes, startup_stm32h723xx.o(.text))
<BR>[Address Reference Count : 1]<UL><LI> startup_stm32h723xx.o(RESET)
</UL>
<P><STRONG><a name="[74]"></a>DMAMUX2_OVR_IRQHandler</STRONG> (Thumb, 0 bytes, Stack size 0 bytes, startup_stm32h723xx.o(.text))
<BR>[Address Reference Count : 1]<UL><LI> startup_stm32h723xx.o(RESET)
</UL>
<P><STRONG><a name="[86]"></a>DTS_IRQHandler</STRONG> (Thumb, 0 bytes, Stack size 0 bytes, startup_stm32h723xx.o(.text))
<BR>[Address Reference Count : 1]<UL><LI> startup_stm32h723xx.o(RESET)
</UL>
<P><STRONG><a name="[84]"></a>ECC_IRQHandler</STRONG> (Thumb, 0 bytes, Stack size 0 bytes, startup_stm32h723xx.o(.text))
<BR>[Address Reference Count : 1]<UL><LI> startup_stm32h723xx.o(RESET)
</UL>
<P><STRONG><a name="[46]"></a>ETH_IRQHandler</STRONG> (Thumb, 0 bytes, Stack size 0 bytes, startup_stm32h723xx.o(.text))
<BR>[Address Reference Count : 1]<UL><LI> startup_stm32h723xx.o(RESET)
</UL>
<P><STRONG><a name="[47]"></a>ETH_WKUP_IRQHandler</STRONG> (Thumb, 0 bytes, Stack size 0 bytes, startup_stm32h723xx.o(.text))
<BR>[Address Reference Count : 1]<UL><LI> startup_stm32h723xx.o(RESET)
</UL>
<P><STRONG><a name="[10]"></a>EXTI0_IRQHandler</STRONG> (Thumb, 0 bytes, Stack size 0 bytes, startup_stm32h723xx.o(.text))
<BR>[Address Reference Count : 1]<UL><LI> startup_stm32h723xx.o(RESET)
</UL>
<P><STRONG><a name="[32]"></a>EXTI15_10_IRQHandler</STRONG> (Thumb, 0 bytes, Stack size 0 bytes, startup_stm32h723xx.o(.text))
<BR>[Address Reference Count : 1]<UL><LI> startup_stm32h723xx.o(RESET)
</UL>
<P><STRONG><a name="[11]"></a>EXTI1_IRQHandler</STRONG> (Thumb, 0 bytes, Stack size 0 bytes, startup_stm32h723xx.o(.text))
<BR>[Address Reference Count : 1]<UL><LI> startup_stm32h723xx.o(RESET)
</UL>
<P><STRONG><a name="[12]"></a>EXTI2_IRQHandler</STRONG> (Thumb, 0 bytes, Stack size 0 bytes, startup_stm32h723xx.o(.text))
<BR>[Address Reference Count : 1]<UL><LI> startup_stm32h723xx.o(RESET)
</UL>
<P><STRONG><a name="[13]"></a>EXTI3_IRQHandler</STRONG> (Thumb, 0 bytes, Stack size 0 bytes, startup_stm32h723xx.o(.text))
<BR>[Address Reference Count : 1]<UL><LI> startup_stm32h723xx.o(RESET)
</UL>
<P><STRONG><a name="[14]"></a>EXTI4_IRQHandler</STRONG> (Thumb, 0 bytes, Stack size 0 bytes, startup_stm32h723xx.o(.text))
<BR>[Address Reference Count : 1]<UL><LI> startup_stm32h723xx.o(RESET)
</UL>
<P><STRONG><a name="[48]"></a>FDCAN_CAL_IRQHandler</STRONG> (Thumb, 0 bytes, Stack size 0 bytes, startup_stm32h723xx.o(.text))
<BR>[Address Reference Count : 1]<UL><LI> startup_stm32h723xx.o(RESET)
</UL>
<P><STRONG><a name="[e]"></a>FLASH_IRQHandler</STRONG> (Thumb, 0 bytes, Stack size 0 bytes, startup_stm32h723xx.o(.text))
<BR>[Address Reference Count : 1]<UL><LI> startup_stm32h723xx.o(RESET)
</UL>
<P><STRONG><a name="[89]"></a>FMAC_IRQHandler</STRONG> (Thumb, 0 bytes, Stack size 0 bytes, startup_stm32h723xx.o(.text))
<BR>[Address Reference Count : 1]<UL><LI> startup_stm32h723xx.o(RESET)
</UL>
<P><STRONG><a name="[39]"></a>FMC_IRQHandler</STRONG> (Thumb, 0 bytes, Stack size 0 bytes, startup_stm32h723xx.o(.text))
<BR>[Address Reference Count : 1]<UL><LI> startup_stm32h723xx.o(RESET)
</UL>
<P><STRONG><a name="[55]"></a>FPU_IRQHandler</STRONG> (Thumb, 0 bytes, Stack size 0 bytes, startup_stm32h723xx.o(.text))
<BR>[Address Reference Count : 1]<UL><LI> startup_stm32h723xx.o(RESET)
</UL>
<P><STRONG><a name="[72]"></a>HSEM1_IRQHandler</STRONG> (Thumb, 0 bytes, Stack size 0 bytes, startup_stm32h723xx.o(.text))
<BR>[Address Reference Count : 1]<UL><LI> startup_stm32h723xx.o(RESET)
</UL>
<P><STRONG><a name="[2a]"></a>I2C1_ER_IRQHandler</STRONG> (Thumb, 0 bytes, Stack size 0 bytes, startup_stm32h723xx.o(.text))
<BR>[Address Reference Count : 1]<UL><LI> startup_stm32h723xx.o(RESET)
</UL>
<P><STRONG><a name="[29]"></a>I2C1_EV_IRQHandler</STRONG> (Thumb, 0 bytes, Stack size 0 bytes, startup_stm32h723xx.o(.text))
<BR>[Address Reference Count : 1]<UL><LI> startup_stm32h723xx.o(RESET)
</UL>
<P><STRONG><a name="[2c]"></a>I2C2_ER_IRQHandler</STRONG> (Thumb, 0 bytes, Stack size 0 bytes, startup_stm32h723xx.o(.text))
<BR>[Address Reference Count : 1]<UL><LI> startup_stm32h723xx.o(RESET)
</UL>
<P><STRONG><a name="[2b]"></a>I2C2_EV_IRQHandler</STRONG> (Thumb, 0 bytes, Stack size 0 bytes, startup_stm32h723xx.o(.text))
<BR>[Address Reference Count : 1]<UL><LI> startup_stm32h723xx.o(RESET)
</UL>
<P><STRONG><a name="[4e]"></a>I2C3_ER_IRQHandler</STRONG> (Thumb, 0 bytes, Stack size 0 bytes, startup_stm32h723xx.o(.text))
<BR>[Address Reference Count : 1]<UL><LI> startup_stm32h723xx.o(RESET)
</UL>
<P><STRONG><a name="[4d]"></a>I2C3_EV_IRQHandler</STRONG> (Thumb, 0 bytes, Stack size 0 bytes, startup_stm32h723xx.o(.text))
<BR>[Address Reference Count : 1]<UL><LI> startup_stm32h723xx.o(RESET)
</UL>
<P><STRONG><a name="[63]"></a>I2C4_ER_IRQHandler</STRONG> (Thumb, 0 bytes, Stack size 0 bytes, startup_stm32h723xx.o(.text))
<BR>[Address Reference Count : 1]<UL><LI> startup_stm32h723xx.o(RESET)
</UL>
<P><STRONG><a name="[62]"></a>I2C4_EV_IRQHandler</STRONG> (Thumb, 0 bytes, Stack size 0 bytes, startup_stm32h723xx.o(.text))
<BR>[Address Reference Count : 1]<UL><LI> startup_stm32h723xx.o(RESET)
</UL>
<P><STRONG><a name="[8e]"></a>I2C5_ER_IRQHandler</STRONG> (Thumb, 0 bytes, Stack size 0 bytes, startup_stm32h723xx.o(.text))
<BR>[Address Reference Count : 1]<UL><LI> startup_stm32h723xx.o(RESET)
</UL>
<P><STRONG><a name="[8d]"></a>I2C5_EV_IRQHandler</STRONG> (Thumb, 0 bytes, Stack size 0 bytes, startup_stm32h723xx.o(.text))
<BR>[Address Reference Count : 1]<UL><LI> startup_stm32h723xx.o(RESET)
</UL>
<P><STRONG><a name="[60]"></a>LPTIM1_IRQHandler</STRONG> (Thumb, 0 bytes, Stack size 0 bytes, startup_stm32h723xx.o(.text))
<BR>[Address Reference Count : 1]<UL><LI> startup_stm32h723xx.o(RESET)
</UL>
<P><STRONG><a name="[7e]"></a>LPTIM2_IRQHandler</STRONG> (Thumb, 0 bytes, Stack size 0 bytes, startup_stm32h723xx.o(.text))
<BR>[Address Reference Count : 1]<UL><LI> startup_stm32h723xx.o(RESET)
</UL>
<P><STRONG><a name="[7f]"></a>LPTIM3_IRQHandler</STRONG> (Thumb, 0 bytes, Stack size 0 bytes, startup_stm32h723xx.o(.text))
<BR>[Address Reference Count : 1]<UL><LI> startup_stm32h723xx.o(RESET)
</UL>
<P><STRONG><a name="[80]"></a>LPTIM4_IRQHandler</STRONG> (Thumb, 0 bytes, Stack size 0 bytes, startup_stm32h723xx.o(.text))
[...]
<BR><BR>[Stack]<UL><LI>Max Depth = 16<LI>Call Chain = xTaskRemoveFromEventList
</UL>
<BR>[Calls]<UL><LI><a href="#[28c]">&gt;&gt;</a>&nbsp;&nbsp;&nbsp;uxListRemove
<LI><a href="#[287]">&gt;&gt;</a>&nbsp;&nbsp;&nbsp;vListInsertEnd
</UL>
<BR>[Called By]<UL><LI><a href="#[292]">&gt;&gt;</a>&nbsp;&nbsp;&nbsp;xQueueReceive
<LI><a href="#[253]">&gt;&gt;</a>&nbsp;&nbsp;&nbsp;xQueueSemaphoreTake
<LI><a href="#[254]">&gt;&gt;</a>&nbsp;&nbsp;&nbsp;xQueueGenericSend
<LI><a href="#[293]">&gt;&gt;</a>&nbsp;&nbsp;&nbsp;prvUnlockQueue
</UL>

<P><STRONG><a name="[290]"></a>xTaskResumeAll</STRONG> (Thumb, 308 bytes, Stack size 40 bytes, tasks.o(.text.xTaskResumeAll))
<BR><BR>[Stack]<UL><LI>Max Depth = 80<LI>Call Chain = xTaskResumeAll &rArr; xTaskIncrementTick
</UL>
<BR>[Calls]<UL><LI><a href="#[2a0]">&gt;&gt;</a>&nbsp;&nbsp;&nbsp;xTaskIncrementTick
<LI><a href="#[28c]">&gt;&gt;</a>&nbsp;&nbsp;&nbsp;uxListRemove
<LI><a href="#[287]">&gt;&gt;</a>&nbsp;&nbsp;&nbsp;vListInsertEnd
<LI><a href="#[251]">&gt;&gt;</a>&nbsp;&nbsp;&nbsp;vPortExitCritical
<LI><a href="#[250]">&gt;&gt;</a>&nbsp;&nbsp;&nbsp;vPortEnterCritical
</UL>
<BR>[Called By]<UL><LI><a href="#[9c]">&gt;&gt;</a>&nbsp;&nbsp;&nbsp;prvTimerTask
<LI><a href="#[281]">&gt;&gt;</a>&nbsp;&nbsp;&nbsp;vTaskDelay
<LI><a href="#[265]">&gt;&gt;</a>&nbsp;&nbsp;&nbsp;vTaskDelayUntil
<LI><a href="#[292]">&gt;&gt;</a>&nbsp;&nbsp;&nbsp;xQueueReceive
<LI><a href="#[253]">&gt;&gt;</a>&nbsp;&nbsp;&nbsp;xQueueSemaphoreTake
<LI><a href="#[254]">&gt;&gt;</a>&nbsp;&nbsp;&nbsp;xQueueGenericSend
<LI><a href="#[28b]">&gt;&gt;</a>&nbsp;&nbsp;&nbsp;vPortFree
<LI><a href="#[296]">&gt;&gt;</a>&nbsp;&nbsp;&nbsp;pvPortMalloc
</UL>

<P><STRONG><a name="[29b]"></a>xTimerCreateTimerTask</STRONG> (Thumb, 108 bytes, Stack size 32 bytes, timers.o(.text.xTimerCreateTimerTask))
<BR><BR>[Stack]<UL><LI>Max Depth = 96<LI>Call Chain = xTimerCreateTimerTask &rArr; xTaskCreateStatic &rArr; prvAddNewTaskToReadyList
</UL>
<BR>[Calls]<UL><LI><a href="#[2a8]">&gt;&gt;</a>&nbsp;&nbsp;&nbsp;vApplicationGetTimerTaskMemory
<LI><a href="#[288]">&gt;&gt;</a>&nbsp;&nbsp;&nbsp;prvCheckForValidListAndQueue
<LI><a href="#[283]">&gt;&gt;</a>&nbsp;&nbsp;&nbsp;xTaskCreateStatic
</UL>
<BR>[Called By]<UL><LI><a href="#[282]">&gt;&gt;</a>&nbsp;&nbsp;&nbsp;vTaskStartScheduler
</UL>

<P><STRONG><a name="[248]"></a>__hardfp_cosf</STRONG> (Thumb, 280 bytes, Stack size 8 bytes, cosf.o(i.__hardfp_cosf))
<BR><BR>[Stack]<UL><LI>Max Depth = 28<LI>Call Chain = __hardfp_cosf &rArr; __mathlib_rredf2
</UL>
<BR>[Calls]<UL><LI><a href="#[2a9]">&gt;&gt;</a>&nbsp;&nbsp;&nbsp;__mathlib_rredf2
<LI><a href="#[2aa]">&gt;&gt;</a>&nbsp;&nbsp;&nbsp;__mathlib_flt_invalid
<LI><a href="#[2ab]">&gt;&gt;</a>&nbsp;&nbsp;&nbsp;__mathlib_flt_infnan
<LI><a href="#[156]">&gt;&gt;</a>&nbsp;&nbsp;&nbsp;__set_errno
</UL>
<BR>[Called By]<UL><LI><a href="#[246]">&gt;&gt;</a>&nbsp;&nbsp;&nbsp;arm::ArmDynamics::gravity_compensation()
</UL>

<P><STRONG><a name="[25f]"></a>__hardfp_sqrtf</STRONG> (Thumb, 58 bytes, Stack size 16 bytes, sqrtf.o(i.__hardfp_sqrtf))
<BR><BR>[Stack]<UL><LI>Max Depth = 24<LI>Call Chain = __hardfp_sqrtf &rArr; __set_errno
</UL>
<BR>[Calls]<UL><LI><a href="#[156]">&gt;&gt;</a>&nbsp;&nbsp;&nbsp;__set_errno
</UL>
<BR>[Called By]<UL><LI><a href="#[25e]">&gt;&gt;</a>&nbsp;&nbsp;&nbsp;adrc::fst(float, float, float, float)
</UL>

<P><STRONG><a name="[2ab]"></a>__mathlib_flt_infnan</STRONG> (Thumb, 6 bytes, Stack size 0 bytes, funder.o(i.__mathlib_flt_infnan))
<BR><BR>[Called By]<UL><LI><a href="#[248]">&gt;&gt;</a>&nbsp;&nbsp;&nbsp;__hardfp_cosf
</UL>

<P><STRONG><a name="[2aa]"></a>__mathlib_flt_invalid</STRONG> (Thumb, 10 bytes, Stack size 0 bytes, funder.o(i.__mathlib_flt_invalid))
<BR><BR>[Called By]<UL><LI><a href="#[248]">&gt;&gt;</a>&nbsp;&nbsp;&nbsp;__hardfp_cosf
</UL>

<P><STRONG><a name="[2a9]"></a>__mathlib_rredf2</STRONG> (Thumb, 316 bytes, Stack size 20 bytes, rredf.o(i.__mathlib_rredf2))
<BR><BR>[Stack]<UL><LI>Max Depth = 20<LI>Call Chain = __mathlib_rredf2
</UL>
<BR>[Called By]<UL><LI><a href="#[248]">&gt;&gt;</a>&nbsp;&nbsp;&nbsp;__hardfp_cosf
</UL>

<P><STRONG><a name="[140]"></a>_fp_init</STRONG> (Thumb, 26 bytes, Stack size 0 bytes, fpinit.o(x$fpl$fpinit))
<BR><BR>[Called By]<UL><LI><a href="#[13f]">&gt;&gt;</a>&nbsp;&nbsp;&nbsp;__rt_lib_init_fp_1
</UL>

<P><STRONG><a name="[2f8]"></a>__fplib_config_fpu_vfp</STRONG> (Thumb, 0 bytes, Stack size unknown bytes, fpinit.o(x$fpl$fpinit), UNUSED)

<P><STRONG><a name="[2f9]"></a>__fplib_config_pureend_doubles</STRONG> (Thumb, 0 bytes, Stack size unknown bytes, fpinit.o(x$fpl$fpinit), UNUSED)
<P>
<H3>
Local Symbols
</H3>
<P><STRONG><a name="[135]"></a>CDC_Init_HS</STRONG> (Thumb, 44 bytes, Stack size 8 bytes, usbd_cdc_if.o(.text.CDC_Init_HS))
<BR><BR>[Stack]<UL><LI>Max Depth = 8<LI>Call Chain = CDC_Init_HS
</UL>
<BR>[Calls]<UL><LI><a href="#[165]">&gt;&gt;</a>&nbsp;&nbsp;&nbsp;USBD_CDC_SetRxBuffer
<LI><a href="#[164]">&gt;&gt;</a>&nbsp;&nbsp;&nbsp;USBD_CDC_SetTxBuffer
</UL>
<BR>[Address Reference Count : 1]<UL><LI> usbd_cdc_if.o(.data.USBD_Interface_fops_HS)
</UL>
<P><STRONG><a name="[136]"></a>CDC_DeInit_HS</STRONG> (Thumb, 4 bytes, Stack size 0 bytes, usbd_cdc_if.o(.text.CDC_DeInit_HS))
<BR>[Address Reference Count : 1]<UL><LI> usbd_cdc_if.o(.data.USBD_Interface_fops_HS)
</UL>
<P><STRONG><a name="[137]"></a>CDC_Control_HS</STRONG> (Thumb, 4 bytes, Stack size 0 bytes, usbd_cdc_if.o(.text.CDC_Control_HS))
<BR>[Address Reference Count : 1]<UL><LI> usbd_cdc_if.o(.data.USBD_Interface_fops_HS)
</UL>
<P><STRONG><a name="[138]"></a>CDC_Receive_HS</STRONG> (Thumb, 36 bytes, Stack size 16 bytes, usbd_cdc_if.o(.text.CDC_Receive_HS))
<BR><BR>[Stack]<UL><LI>Max Depth = 60<LI>Call Chain = CDC_Receive_HS &rArr; USBD_CDC_ReceivePacket &rArr; USBD_LL_PrepareReceive &rArr; HAL_PCD_EP_Receive &rArr; USB_EPStartXfer
</UL>
<BR>[Calls]<UL><LI><a href="#[168]">&gt;&gt;</a>&nbsp;&nbsp;&nbsp;USBD_CDC_ReceivePacket
<LI><a href="#[166]">&gt;&gt;</a>&nbsp;&nbsp;&nbsp;CDC_It_Receive_HS
<LI><a href="#[165]">&gt;&gt;</a>&nbsp;&nbsp;&nbsp;USBD_CDC_SetRxBuffer
</UL>
<BR>[Address Reference Count : 1]<UL><LI> usbd_cdc_if.o(.data.USBD_Interface_fops_HS)
</UL>
<P><STRONG><a name="[139]"></a>CDC_TransmitCplt_HS</STRONG> (Thumb, 4 bytes, Stack size 0 bytes, usbd_cdc_if.o(.text.CDC_TransmitCplt_HS))
<BR>[Address Reference Count : 1]<UL><LI> usbd_cdc_if.o(.data.USBD_Interface_fops_HS)
</UL>
<P><STRONG><a name="[1da]"></a>RCCEx_PLL2_Config</STRONG> (Thumb, 286 bytes, Stack size 24 bytes, stm32h7xx_hal_rcc_ex.o(.text.RCCEx_PLL2_Config))
<BR><BR>[Stack]<UL><LI>Max Depth = 24<LI>Call Chain = RCCEx_PLL2_Config
</UL>
<BR>[Calls]<UL><LI><a href="#[16e]">&gt;&gt;</a>&nbsp;&nbsp;&nbsp;HAL_GetTick
</UL>
<BR>[Called By]<UL><LI><a href="#[185]">&gt;&gt;</a>&nbsp;&nbsp;&nbsp;HAL_RCCEx_PeriphCLKConfig
</UL>

<P><STRONG><a name="[1db]"></a>RCCEx_PLL3_Config</STRONG> (Thumb, 286 bytes, Stack size 24 bytes, stm32h7xx_hal_rcc_ex.o(.text.RCCEx_PLL3_Config))
<BR><BR>[Stack]<UL><LI>Max Depth = 24<LI>Call Chain = RCCEx_PLL3_Config
</UL>
<BR>[Calls]<UL><LI><a href="#[16e]">&gt;&gt;</a>&nbsp;&nbsp;&nbsp;HAL_GetTick
</UL>
<BR>[Called By]<UL><LI><a href="#[185]">&gt;&gt;</a>&nbsp;&nbsp;&nbsp;HAL_RCCEx_PeriphCLKConfig
</UL>

<P><STRONG><a name="[170]"></a>FDCAN_CopyMessageToRAM</STRONG> (Thumb, 122 bytes, Stack size 20 bytes, stm32h7xx_hal_fdcan.o(.text.FDCAN_CopyMessageToRAM))
<BR><BR>[Stack]<UL><LI>Max Depth = 20<LI>Call Chain = FDCAN_CopyMessageToRAM
</UL>
<BR>[Called By]<UL><LI><a href="#[16f]">&gt;&gt;</a>&nbsp;&nbsp;&nbsp;HAL_FDCAN_AddMessageToTxFifoQ
</UL>

<P><STRONG><a name="[293]"></a>prvUnlockQueue</STRONG> (Thumb, 122 bytes, Stack size 24 bytes, queue.o(.text.prvUnlockQueue))
<BR><BR>[Stack]<UL><LI>Max Depth = 40<LI>Call Chain = prvUnlockQueue &rArr; xTaskRemoveFromEventList
</UL>
<BR>[Calls]<UL><LI><a href="#[295]">&gt;&gt;</a>&nbsp;&nbsp;&nbsp;vTaskMissedYield
<LI><a href="#[294]">&gt;&gt;</a>&nbsp;&nbsp;&nbsp;xTaskRemoveFromEventList
<LI><a href="#[251]">&gt;&gt;</a>&nbsp;&nbsp;&nbsp;vPortExitCritical
<LI><a href="#[250]">&gt;&gt;</a>&nbsp;&nbsp;&nbsp;vPortEnterCritical
</UL>
<BR>[Called By]<UL><LI><a href="#[291]">&gt;&gt;</a>&nbsp;&nbsp;&nbsp;vQueueWaitForMessageRestricted
<LI><a href="#[292]">&gt;&gt;</a>&nbsp;&nbsp;&nbsp;xQueueReceive
<LI><a href="#[253]">&gt;&gt;</a>&nbsp;&nbsp;&nbsp;xQueueSemaphoreTake
<LI><a href="#[254]">&gt;&gt;</a>&nbsp;&nbsp;&nbsp;xQueueGenericSend
</UL>

<P><STRONG><a name="[285]"></a>prvAddNewTaskToReadyList</STRONG> (Thumb, 284 bytes, Stack size 32 bytes, tasks.o(.text.prvAddNewTaskToReadyList))
<BR><BR>[Stack]<UL><LI>Max Depth = 32<LI>Call Chain = prvAddNewTaskToReadyList
</UL>
<BR>[Calls]<UL><LI><a href="#[287]">&gt;&gt;</a>&nbsp;&nbsp;&nbsp;vListInsertEnd
<LI><a href="#[251]">&gt;&gt;</a>&nbsp;&nbsp;&nbsp;vPortExitCritical
<LI><a href="#[250]">&gt;&gt;</a>&nbsp;&nbsp;&nbsp;vPortEnterCritical
<LI><a href="#[286]">&gt;&gt;</a>&nbsp;&nbsp;&nbsp;vListInitialise
</UL>
<BR>[Called By]<UL><LI><a href="#[284]">&gt;&gt;</a>&nbsp;&nbsp;&nbsp;xTaskCreate
<LI><a href="#[283]">&gt;&gt;</a>&nbsp;&nbsp;&nbsp;xTaskCreateStatic
</UL>

<P><STRONG><a name="[9b]"></a>prvIdleTask</STRONG> (Thumb, 150 bytes, Stack size 0 bytes, tasks.o(.text.prvIdleTask))
<BR><BR>[Stack]<UL><LI>Max Depth = 96<LI>Call Chain = prvIdleTask &rArr; vPortFree &rArr; xTaskResumeAll &rArr; xTaskIncrementTick
</UL>
<BR>[Calls]<UL><LI><a href="#[28c]">&gt;&gt;</a>&nbsp;&nbsp;&nbsp;uxListRemove
<LI><a href="#[28b]">&gt;&gt;</a>&nbsp;&nbsp;&nbsp;vPortFree
<LI><a href="#[251]">&gt;&gt;</a>&nbsp;&nbsp;&nbsp;vPortExitCritical
<LI><a href="#[250]">&gt;&gt;</a>&nbsp;&nbsp;&nbsp;vPortEnterCritical
</UL>
<BR>[Address Reference Count : 1]<UL><LI> tasks.o(.text.vTaskStartScheduler)
</UL>
<P><STRONG><a name="[288]"></a>prvCheckForValidListAndQueue</STRONG> (Thumb, 116 bytes, Stack size 24 bytes, timers.o(.text.prvCheckForValidListAndQueue))
<BR><BR>[Stack]<UL><LI>Max Depth = 48<LI>Call Chain = prvCheckForValidListAndQueue &rArr; xQueueGenericCreateStatic
</UL>
<BR>[Calls]<UL><LI><a href="#[28a]">&gt;&gt;</a>&nbsp;&nbsp;&nbsp;vQueueAddToRegistry
<LI><a href="#[289]">&gt;&gt;</a>&nbsp;&nbsp;&nbsp;xQueueGenericCreateStatic
<LI><a href="#[251]">&gt;&gt;</a>&nbsp;&nbsp;&nbsp;vPortExitCritical
<LI><a href="#[250]">&gt;&gt;</a>&nbsp;&nbsp;&nbsp;vPortEnterCritical
<LI><a href="#[286]">&gt;&gt;</a>&nbsp;&nbsp;&nbsp;vListInitialise
</UL>
<BR>[Called By]<UL><LI><a href="#[29b]">&gt;&gt;</a>&nbsp;&nbsp;&nbsp;xTimerCreateTimerTask
</UL>

<P><STRONG><a name="[9c]"></a>prvTimerTask</STRONG> (Thumb, 698 bytes, Stack size 40 bytes, timers.o(.text.prvTimerTask))
<BR><BR>[Stack]<UL><LI>Max Depth = 232<LI>Call Chain = prvTimerTask &rArr; prvSampleTimeNow &rArr; xQueueGenericSend &rArr; xTaskResumeAll &rArr; xTaskIncrementTick
</UL>
<BR>[Calls]<UL><LI><a href="#[28d]">&gt;&gt;</a>&nbsp;&nbsp;&nbsp;prvSampleTimeNow
<LI><a href="#[291]">&gt;&gt;</a>&nbsp;&nbsp;&nbsp;vQueueWaitForMessageRestricted
<LI><a href="#[292]">&gt;&gt;</a>&nbsp;&nbsp;&nbsp;xQueueReceive
<LI><a href="#[254]">&gt;&gt;</a>&nbsp;&nbsp;&nbsp;xQueueGenericSend
<LI><a href="#[28c]">&gt;&gt;</a>&nbsp;&nbsp;&nbsp;uxListRemove
<LI><a href="#[28e]">&gt;&gt;</a>&nbsp;&nbsp;&nbsp;vListInsert
<LI><a href="#[28b]">&gt;&gt;</a>&nbsp;&nbsp;&nbsp;vPortFree
<LI><a href="#[290]">&gt;&gt;</a>&nbsp;&nbsp;&nbsp;xTaskResumeAll
<LI><a href="#[28f]">&gt;&gt;</a>&nbsp;&nbsp;&nbsp;vTaskSuspendAll
<LI><a href="#[206]">&gt;&gt;</a>&nbsp;&nbsp;&nbsp;xTaskGetSchedulerState
</UL>
<BR>[Address Reference Count : 1]<UL><LI> timers.o(.text.xTimerCreateTimerTask)
</UL>
<P><STRONG><a name="[28d]"></a>prvSampleTimeNow</STRONG> (Thumb, 230 bytes, Stack size 56 bytes, timers.o(.text.prvSampleTimeNow))
<BR><BR>[Stack]<UL><LI>Max Depth = 192<LI>Call Chain = prvSampleTimeNow &rArr; xQueueGenericSend &rArr; xTaskResumeAll &rArr; xTaskIncrementTick
</UL>
<BR>[Calls]<UL><LI><a href="#[264]">&gt;&gt;</a>&nbsp;&nbsp;&nbsp;xTaskGetTickCount
<LI><a href="#[254]">&gt;&gt;</a>&nbsp;&nbsp;&nbsp;xQueueGenericSend
<LI><a href="#[28c]">&gt;&gt;</a>&nbsp;&nbsp;&nbsp;uxListRemove
<LI><a href="#[28e]">&gt;&gt;</a>&nbsp;&nbsp;&nbsp;vListInsert
<LI><a href="#[206]">&gt;&gt;</a>&nbsp;&nbsp;&nbsp;xTaskGetSchedulerState
</UL>
<BR>[Called By]<UL><LI><a href="#[9c]">&gt;&gt;</a>&nbsp;&nbsp;&nbsp;prvTimerTask
</UL>

<P><STRONG><a name="[9a]"></a>prvTaskExitError</STRONG> (Thumb, 50 bytes, Stack size 4 bytes, port.o(.text.prvTaskExitError))
<BR><BR>[Stack]<UL><LI>Max Depth = 4<LI>Call Chain = prvTaskExitError
</UL>
<BR>[Address Reference Count : 1]<UL><LI> port.o(.text.pxPortInitialiseStack)
</UL>
<P><STRONG><a name="[29e]"></a>vPortEnableVFP</STRONG> (Thumb, 14 bytes, Stack size 0 bytes, port.o(.text.vPortEnableVFP))
<BR><BR>[Called By]<UL><LI><a href="#[29c]">&gt;&gt;</a>&nbsp;&nbsp;&nbsp;xPortStartScheduler
</UL>

<P><STRONG><a name="[29f]"></a>prvPortStartFirstTask</STRONG> (Thumb, 34 bytes, Stack size 0 bytes, port.o(.text.prvPortStartFirstTask))
<BR><BR>[Called By]<UL><LI><a href="#[29c]">&gt;&gt;</a>&nbsp;&nbsp;&nbsp;xPortStartScheduler
</UL>

<P><STRONG><a name="[12b]"></a>USBD_CDC_Init</STRONG> (Thumb, 204 bytes, Stack size 24 bytes, usbd_cdc.o(.text.USBD_CDC_Init))
<BR><BR>[Stack]<UL><LI>Max Depth = 60 + Unknown Stack Size
<LI>Call Chain = USBD_CDC_Init &rArr; USBD_LL_PrepareReceive &rArr; HAL_PCD_EP_Receive &rArr; USB_EPStartXfer
</UL>
<BR>[Calls]<UL><LI><a href="#[213]">&gt;&gt;</a>&nbsp;&nbsp;&nbsp;USBD_static_malloc
<LI><a href="#[215]">&gt;&gt;</a>&nbsp;&nbsp;&nbsp;USBD_LL_PrepareReceive
<LI><a href="#[214]">&gt;&gt;</a>&nbsp;&nbsp;&nbsp;USBD_LL_OpenEP
<LI><a href="#[209]">&gt;&gt;</a>&nbsp;&nbsp;&nbsp;__aeabi_memclr4
</UL>
<BR>[Address Reference Count : 1]<UL><LI> usbd_cdc.o(.data.USBD_CDC)
</UL>
<P><STRONG><a name="[12c]"></a>USBD_CDC_DeInit</STRONG> (Thumb, 90 bytes, Stack size 16 bytes, usbd_cdc.o(.text.USBD_CDC_DeInit))
<BR><BR>[Stack]<UL><LI>Max Depth = 40<LI>Call Chain = USBD_CDC_DeInit &rArr; USBD_LL_CloseEP &rArr; HAL_PCD_EP_Close &rArr; USB_DeactivateEndpoint
</UL>
<BR>[Calls]<UL><LI><a href="#[211]">&gt;&gt;</a>&nbsp;&nbsp;&nbsp;USBD_static_free
<LI><a href="#[210]">&gt;&gt;</a>&nbsp;&nbsp;&nbsp;USBD_LL_CloseEP
</UL>
<BR>[Address Reference Count : 1]<UL><LI> usbd_cdc.o(.data.USBD_CDC)
</UL>
<P><STRONG><a name="[12d]"></a>USBD_CDC_Setup</STRONG> (Thumb, 208 bytes, Stack size 24 bytes, usbd_cdc.o(.text.USBD_CDC_Setup))
<BR><BR>[Stack]<UL><LI>Max Depth = 68<LI>Call Chain = USBD_CDC_Setup &rArr; USBD_CtlPrepareRx &rArr; USBD_LL_PrepareReceive &rArr; HAL_PCD_EP_Receive &rArr; USB_EPStartXfer
</UL>
<BR>[Calls]<UL><LI><a href="#[216]">&gt;&gt;</a>&nbsp;&nbsp;&nbsp;USBD_CtlPrepareRx
<LI><a href="#[218]">&gt;&gt;</a>&nbsp;&nbsp;&nbsp;USBD_CtlError
<LI><a href="#[217]">&gt;&gt;</a>&nbsp;&nbsp;&nbsp;USBD_CtlSendData
</UL>
<BR>[Address Reference Count : 1]<UL><LI> usbd_cdc.o(.data.USBD_CDC)
</UL>
<P><STRONG><a name="[12e]"></a>USBD_CDC_EP0_RxReady</STRONG> (Thumb, 54 bytes, Stack size 8 bytes, usbd_cdc.o(.text.USBD_CDC_EP0_RxReady))
<BR><BR>[Stack]<UL><LI>Max Depth = 8<LI>Call Chain = USBD_CDC_EP0_RxReady
</UL>
<BR>[Address Reference Count : 1]<UL><LI> usbd_cdc.o(.data.USBD_CDC)
</UL>
<P><STRONG><a name="[12f]"></a>USBD_CDC_DataIn</STRONG> (Thumb, 114 bytes, Stack size 16 bytes, usbd_cdc.o(.text.USBD_CDC_DataIn))
<BR><BR>[Stack]<UL><LI>Max Depth = 52<LI>Call Chain = USBD_CDC_DataIn &rArr; USBD_LL_Transmit &rArr; HAL_PCD_EP_Transmit &rArr; USB_EPStartXfer
</UL>
<BR>[Calls]<UL><LI><a href="#[20e]">&gt;&gt;</a>&nbsp;&nbsp;&nbsp;USBD_LL_Transmit
</UL>
<BR>[Address Reference Count : 1]<UL><LI> usbd_cdc.o(.data.USBD_CDC)
</UL>
<P><STRONG><a name="[130]"></a>USBD_CDC_DataOut</STRONG> (Thumb, 58 bytes, Stack size 16 bytes, usbd_cdc.o(.text.USBD_CDC_DataOut))
<BR><BR>[Stack]<UL><LI>Max Depth = 16<LI>Call Chain = USBD_CDC_DataOut
</UL>
<BR>[Calls]<UL><LI><a href="#[20f]">&gt;&gt;</a>&nbsp;&nbsp;&nbsp;USBD_LL_GetRxDataSize
</UL>
<BR>[Address Reference Count : 1]<UL><LI> usbd_cdc.o(.data.USBD_CDC)
</UL>
<P><STRONG><a name="[131]"></a>USBD_CDC_GetHSCfgDesc</STRONG> (Thumb, 86 bytes, Stack size 24 bytes, usbd_cdc.o(.text.USBD_CDC_GetHSCfgDesc))
<BR><BR>[Stack]<UL><LI>Max Depth = 32<LI>Call Chain = USBD_CDC_GetHSCfgDesc &rArr; USBD_GetEpDesc
</UL>
<BR>[Calls]<UL><LI><a href="#[212]">&gt;&gt;</a>&nbsp;&nbsp;&nbsp;USBD_GetEpDesc
</UL>
<BR>[Address Reference Count : 1]<UL><LI> usbd_cdc.o(.data.USBD_CDC)
</UL>
<P><STRONG><a name="[132]"></a>USBD_CDC_GetFSCfgDesc</STRONG> (Thumb, 82 bytes, Stack size 24 bytes, usbd_cdc.o(.text.USBD_CDC_GetFSCfgDesc))
<BR><BR>[Stack]<UL><LI>Max Depth = 32<LI>Call Chain = USBD_CDC_GetFSCfgDesc &rArr; USBD_GetEpDesc
</UL>
<BR>[Calls]<UL><LI><a href="#[212]">&gt;&gt;</a>&nbsp;&nbsp;&nbsp;USBD_GetEpDesc
</UL>
<BR>[Address Reference Count : 1]<UL><LI> usbd_cdc.o(.data.USBD_CDC)
</UL>
<P><STRONG><a name="[133]"></a>USBD_CDC_GetOtherSpeedCfgDesc</STRONG> (Thumb, 82 bytes, Stack size 24 bytes, usbd_cdc.o(.text.USBD_CDC_GetOtherSpeedCfgDesc))
<BR><BR>[Stack]<UL><LI>Max Depth = 32<LI>Call Chain = USBD_CDC_GetOtherSpeedCfgDesc &rArr; USBD_GetEpDesc
</UL>
<BR>[Calls]<UL><LI><a href="#[212]">&gt;&gt;</a>&nbsp;&nbsp;&nbsp;USBD_GetEpDesc
</UL>
<BR>[Address Reference Count : 1]<UL><LI> usbd_cdc.o(.data.USBD_CDC)
</UL>
<P><STRONG><a name="[123]"></a>_GLOBAL__sub_I_RC_init.cpp</STRONG> (Thumb, 572 bytes, Stack size 56 bytes, rc_init.o(.text._GLOBAL__sub_I_RC_init.cpp))
<BR><BR>[Stack]<UL><LI>Max Depth = 336 + Unknown Stack Size
<LI>Call Chain = _GLOBAL__sub_I_RC_init.cpp &rArr; chassis::OmniChassis::OmniChassis(motor::M3508&, motor::M3508&, motor::M3508&, float, float) &rArr; task::ManagedTask::ManagedTask__sub_object(char const*, unsigned char, unsigned short, task::TaskType, unsigned char) &rArr; osThreadNew &rArr; xTaskCreate &rArr; pvPortMalloc &rArr; xTaskResumeAll &rArr; xTaskIncrementTick
</UL>
<BR>[Calls]<UL><LI><a href="#[23b]">&gt;&gt;</a>&nbsp;&nbsp;&nbsp;ros::BestPath::BestPath(cdc::CDC&, unsigned char)
<LI><a href="#[23c]">&gt;&gt;</a>&nbsp;&nbsp;&nbsp;ros::Map::Map(cdc::CDC&, unsigned char)
<LI><a href="#[23a]">&gt;&gt;</a>&nbsp;&nbsp;&nbsp;ros::Radar::Radar(cdc::CDC&, unsigned char)
<LI><a href="#[235]">&gt;&gt;</a>&nbsp;&nbsp;&nbsp;motor::J60::J60(unsigned char, can::Can&, tim::Tim&, bool, float, float)
<LI><a href="#[234]">&gt;&gt;</a>&nbsp;&nbsp;&nbsp;motor::DM4310::DM4310(unsigned char, can::Can&, tim::Tim&, bool, float, float)
<LI><a href="#[236]">&gt;&gt;</a>&nbsp;&nbsp;&nbsp;motor::Go::Go(unsigned char, unsigned char, can::Can&, tim::Tim&, bool, float, float)
<LI><a href="#[232]">&gt;&gt;</a>&nbsp;&nbsp;&nbsp;motor::M3508::M3508(unsigned char, can::Can&, tim::Tim&)
<LI><a href="#[233]">&gt;&gt;</a>&nbsp;&nbsp;&nbsp;motor::M2006::M2006(unsigned char, can::Can&, tim::Tim&)
<LI><a href="#[239]">&gt;&gt;</a>&nbsp;&nbsp;&nbsp;arm::ArmDynamics::ArmDynamics()
<LI><a href="#[238]">&gt;&gt;</a>&nbsp;&nbsp;&nbsp;path::PathPlan::PathPlan(float, float)
<LI><a href="#[23d]">&gt;&gt;</a>&nbsp;&nbsp;&nbsp;chassis::OmniChassis::OmniChassis(motor::M3508&, motor::M3508&, motor::M3508&, float, float)
<LI><a href="#[241]">&gt;&gt;</a>&nbsp;&nbsp;&nbsp;vector2d::Vector2D::Vector2D(float, float)
<LI><a href="#[231]">&gt;&gt;</a>&nbsp;&nbsp;&nbsp;cdc::CDC::CDC(cdc::CDCType)
<LI><a href="#[23f]">&gt;&gt;</a>&nbsp;&nbsp;&nbsp;SquareWave::SquareWave(float, unsigned int)
<LI><a href="#[23e]">&gt;&gt;</a>&nbsp;&nbsp;&nbsp;flysky::FlySky::FlySky(unsigned short)
<LI><a href="#[237]">&gt;&gt;</a>&nbsp;&nbsp;&nbsp;timer::Timer::Timer(tim::Tim&)
<LI><a href="#[22f]">&gt;&gt;</a>&nbsp;&nbsp;&nbsp;tim::Tim::Tim(TIM_HandleTypeDef&)
<LI><a href="#[230]">&gt;&gt;</a>&nbsp;&nbsp;&nbsp;can::Can::Can(FDCAN_HandleTypeDef&)
<LI><a href="#[240]">&gt;&gt;</a>&nbsp;&nbsp;&nbsp;task::TaskCreator::TaskCreator(char const*, unsigned char, unsigned short, void (*)(void*), void*)
</UL>
<BR>[Address Reference Count : 1]<UL><LI> rc_init.o(.init_array)
</UL><P>
<H3>
Undefined Global Symbols
</H3><HR></body></html>
