<!doctype html public "-//w3c//dtd html 4.0 transitional//en">
<html><head>
<title>Static Call Graph - [RC2026\RC2026.axf]</title></head>
<body><HR>
<H1>Static Call Graph for image RC2026\RC2026.axf</H1><HR>
<BR><P>#&#060CALLGRAPH&#062# ARM Linker, 6220000: Last Updated: Fri Nov 14 15:51:46 2025
<BR><P>
<H3>Maximum Stack Usage =       1908 bytes + Unknown(Functions without stacksize, Cycles, Untraceable Function Pointers)</H3><H3>
Call chain for Maximum Stack Depth:</H3>
path_teat(void*) &rArr; ros::BestPath::MF_Best_Path_Plan(ros::Map&, path::PathPlan&) &rArr; path::PathPlan::Add_End_Point(vector2d::Vector2D, float, bool, float) &rArr; path::PathPlan::Add_Path_Point(vector2d::Vector2D, bool, float, float, bool, float) &rArr; path::Path::Add_End_Point(vector2d::Vector2D, float) &rArr; path::Path::Generate_Curve(vector2d::Vector2D, float) &rArr; curve::BezierCurve::Bezier_Update(vector2d::Vector2D, vector2d::Vector2D, vector2d::Vector2D) &rArr; curve::BezierCurve::Get_Curvature(float) &rArr; vector2d::Vector2D::operator+(vector2d::Vector2D const&) const &rArr; arm_add_f32
<P>
<H3>
Functions with no stack information
</H3><UL>
 <LI><a href="#[1d6]">__user_initial_stackheap</a>
</UL>
</UL>
<P>
<H3>
Mutually Recursive functions
</H3> <LI><a href="#[73]">ADC3_IRQHandler</a>&nbsp;&nbsp;&nbsp;&rArr;&nbsp;&nbsp;&nbsp;<a href="#[73]">ADC3_IRQHandler</a><BR>
</UL>
<P>
<H3>
Function Pointers
</H3><UL>
 <LI><a href="#[73]">ADC3_IRQHandler</a> from startup_stm32h723xx.o(.text) referenced from startup_stm32h723xx.o(RESET)
 <LI><a href="#[1c]">ADC_IRQHandler</a> from startup_stm32h723xx.o(.text) referenced from startup_stm32h723xx.o(RESET)
 <LI><a href="#[75]">BDMA_Channel0_IRQHandler</a> from startup_stm32h723xx.o(.text) referenced from startup_stm32h723xx.o(RESET)
 <LI><a href="#[76]">BDMA_Channel1_IRQHandler</a> from startup_stm32h723xx.o(.text) referenced from startup_stm32h723xx.o(RESET)
 <LI><a href="#[77]">BDMA_Channel2_IRQHandler</a> from startup_stm32h723xx.o(.text) referenced from startup_stm32h723xx.o(RESET)
 <LI><a href="#[78]">BDMA_Channel3_IRQHandler</a> from startup_stm32h723xx.o(.text) referenced from startup_stm32h723xx.o(RESET)
 <LI><a href="#[79]">BDMA_Channel4_IRQHandler</a> from startup_stm32h723xx.o(.text) referenced from startup_stm32h723xx.o(RESET)
 <LI><a href="#[7a]">BDMA_Channel5_IRQHandler</a> from startup_stm32h723xx.o(.text) referenced from startup_stm32h723xx.o(RESET)
 <LI><a href="#[7b]">BDMA_Channel6_IRQHandler</a> from startup_stm32h723xx.o(.text) referenced from startup_stm32h723xx.o(RESET)
 <LI><a href="#[7c]">BDMA_Channel7_IRQHandler</a> from startup_stm32h723xx.o(.text) referenced from startup_stm32h723xx.o(RESET)
 <LI><a href="#[4]">BusFault_Handler</a> from stm32h7xx_it.o(.text.BusFault_Handler) referenced from startup_stm32h723xx.o(RESET)
 <LI><a href="#[163]">CDC_Control_HS</a> from usbd_cdc_if.o(.text.CDC_Control_HS) referenced from usbd_cdc_if.o(.data.USBD_Interface_fops_HS)
 <LI><a href="#[162]">CDC_DeInit_HS</a> from usbd_cdc_if.o(.text.CDC_DeInit_HS) referenced from usbd_cdc_if.o(.data.USBD_Interface_fops_HS)
 <LI><a href="#[161]">CDC_Init_HS</a> from usbd_cdc_if.o(.text.CDC_Init_HS) referenced from usbd_cdc_if.o(.data.USBD_Interface_fops_HS)
 <LI><a href="#[164]">CDC_Receive_HS</a> from usbd_cdc_if.o(.text.CDC_Receive_HS) referenced from usbd_cdc_if.o(.data.USBD_Interface_fops_HS)
 <LI><a href="#[165]">CDC_TransmitCplt_HS</a> from usbd_cdc_if.o(.text.CDC_TransmitCplt_HS) referenced from usbd_cdc_if.o(.data.USBD_Interface_fops_HS)
 <LI><a href="#[61]">CEC_IRQHandler</a> from startup_stm32h723xx.o(.text) referenced from startup_stm32h723xx.o(RESET)
 <LI><a href="#[7d]">COMP1_IRQHandler</a> from startup_stm32h723xx.o(.text) referenced from startup_stm32h723xx.o(RESET)
 <LI><a href="#[8a]">CORDIC_IRQHandler</a> from startup_stm32h723xx.o(.text) referenced from startup_stm32h723xx.o(RESET)
 <LI><a href="#[83]">CRS_IRQHandler</a> from startup_stm32h723xx.o(.text) referenced from startup_stm32h723xx.o(RESET)
 <LI><a href="#[53]">DCMI_PSSI_IRQHandler</a> from startup_stm32h723xx.o(.text) referenced from startup_stm32h723xx.o(RESET)
 <LI><a href="#[66]">DFSDM1_FLT0_IRQHandler</a> from startup_stm32h723xx.o(.text) referenced from startup_stm32h723xx.o(RESET)
 <LI><a href="#[67]">DFSDM1_FLT1_IRQHandler</a> from startup_stm32h723xx.o(.text) referenced from startup_stm32h723xx.o(RESET)
 <LI><a href="#[68]">DFSDM1_FLT2_IRQHandler</a> from startup_stm32h723xx.o(.text) referenced from startup_stm32h723xx.o(RESET)
 <LI><a href="#[69]">DFSDM1_FLT3_IRQHandler</a> from startup_stm32h723xx.o(.text) referenced from startup_stm32h723xx.o(RESET)
 <LI><a href="#[15]">DMA1_Stream0_IRQHandler</a> from stm32h7xx_it.o(.text.DMA1_Stream0_IRQHandler) referenced from startup_stm32h723xx.o(RESET)
 <LI><a href="#[16]">DMA1_Stream1_IRQHandler</a> from stm32h7xx_it.o(.text.DMA1_Stream1_IRQHandler) referenced from startup_stm32h723xx.o(RESET)
 <LI><a href="#[17]">DMA1_Stream2_IRQHandler</a> from startup_stm32h723xx.o(.text) referenced from startup_stm32h723xx.o(RESET)
 <LI><a href="#[18]">DMA1_Stream3_IRQHandler</a> from startup_stm32h723xx.o(.text) referenced from startup_stm32h723xx.o(RESET)
 <LI><a href="#[19]">DMA1_Stream4_IRQHandler</a> from startup_stm32h723xx.o(.text) referenced from startup_stm32h723xx.o(RESET)
 <LI><a href="#[1a]">DMA1_Stream5_IRQHandler</a> from startup_stm32h723xx.o(.text) referenced from startup_stm32h723xx.o(RESET)
 <LI><a href="#[1b]">DMA1_Stream6_IRQHandler</a> from startup_stm32h723xx.o(.text) referenced from startup_stm32h723xx.o(RESET)
 <LI><a href="#[38]">DMA1_Stream7_IRQHandler</a> from startup_stm32h723xx.o(.text) referenced from startup_stm32h723xx.o(RESET)
 <LI><a href="#[5e]">DMA2D_IRQHandler</a> from startup_stm32h723xx.o(.text) referenced from startup_stm32h723xx.o(RESET)
 <LI><a href="#[41]">DMA2_Stream0_IRQHandler</a> from startup_stm32h723xx.o(.text) referenced from startup_stm32h723xx.o(RESET)
 <LI><a href="#[42]">DMA2_Stream1_IRQHandler</a> from startup_stm32h723xx.o(.text) referenced from startup_stm32h723xx.o(RESET)
 <LI><a href="#[43]">DMA2_Stream2_IRQHandler</a> from startup_stm32h723xx.o(.text) referenced from startup_stm32h723xx.o(RESET)
 <LI><a href="#[44]">DMA2_Stream3_IRQHandler</a> from startup_stm32h723xx.o(.text) referenced from startup_stm32h723xx.o(RESET)
 <LI><a href="#[45]">DMA2_Stream4_IRQHandler</a> from startup_stm32h723xx.o(.text) referenced from startup_stm32h723xx.o(RESET)
 <LI><a href="#[49]">DMA2_Stream5_IRQHandler</a> from startup_stm32h723xx.o(.text) referenced from startup_stm32h723xx.o(RESET)
 <LI><a href="#[4a]">DMA2_Stream6_IRQHandler</a> from startup_stm32h723xx.o(.text) referenced from startup_stm32h723xx.o(RESET)
 <LI><a href="#[4b]">DMA2_Stream7_IRQHandler</a> from startup_stm32h723xx.o(.text) referenced from startup_stm32h723xx.o(RESET)
 <LI><a href="#[65]">DMAMUX1_OVR_IRQHandler</a> from startup_stm32h723xx.o(.text) referenced from startup_stm32h723xx.o(RESET)
 <LI><a href="#[74]">DMAMUX2_OVR_IRQHandler</a> from startup_stm32h723xx.o(.text) referenced from startup_stm32h723xx.o(RESET)
 <LI><a href="#[86]">DTS_IRQHandler</a> from startup_stm32h723xx.o(.text) referenced from startup_stm32h723xx.o(RESET)
 <LI><a href="#[7]">DebugMon_Handler</a> from stm32h7xx_it.o(.text.DebugMon_Handler) referenced from startup_stm32h723xx.o(RESET)
 <LI><a href="#[84]">ECC_IRQHandler</a> from startup_stm32h723xx.o(.text) referenced from startup_stm32h723xx.o(RESET)
 <LI><a href="#[46]">ETH_IRQHandler</a> from startup_stm32h723xx.o(.text) referenced from startup_stm32h723xx.o(RESET)
 <LI><a href="#[47]">ETH_WKUP_IRQHandler</a> from startup_stm32h723xx.o(.text) referenced from startup_stm32h723xx.o(RESET)
 <LI><a href="#[10]">EXTI0_IRQHandler</a> from startup_stm32h723xx.o(.text) referenced from startup_stm32h723xx.o(RESET)
 <LI><a href="#[32]">EXTI15_10_IRQHandler</a> from startup_stm32h723xx.o(.text) referenced from startup_stm32h723xx.o(RESET)
 <LI><a href="#[11]">EXTI1_IRQHandler</a> from startup_stm32h723xx.o(.text) referenced from startup_stm32h723xx.o(RESET)
 <LI><a href="#[12]">EXTI2_IRQHandler</a> from startup_stm32h723xx.o(.text) referenced from startup_stm32h723xx.o(RESET)
 <LI><a href="#[13]">EXTI3_IRQHandler</a> from startup_stm32h723xx.o(.text) referenced from startup_stm32h723xx.o(RESET)
 <LI><a href="#[14]">EXTI4_IRQHandler</a> from startup_stm32h723xx.o(.text) referenced from startup_stm32h723xx.o(RESET)
 <LI><a href="#[21]">EXTI9_5_IRQHandler</a> from stm32h7xx_it.o(.text.EXTI9_5_IRQHandler) referenced from startup_stm32h723xx.o(RESET)
 <LI><a href="#[93]">ExitRun0Mode</a> from system_stm32h7xx.o(.text.ExitRun0Mode) referenced from startup_stm32h723xx.o(.text)
 <LI><a href="#[1d]">FDCAN1_IT0_IRQHandler</a> from stm32h7xx_it.o(.text.FDCAN1_IT0_IRQHandler) referenced from startup_stm32h723xx.o(RESET)
 <LI><a href="#[1f]">FDCAN1_IT1_IRQHandler</a> from stm32h7xx_it.o(.text.FDCAN1_IT1_IRQHandler) referenced from startup_stm32h723xx.o(RESET)
 <LI><a href="#[1e]">FDCAN2_IT0_IRQHandler</a> from stm32h7xx_it.o(.text.FDCAN2_IT0_IRQHandler) referenced from startup_stm32h723xx.o(RESET)
 <LI><a href="#[20]">FDCAN2_IT1_IRQHandler</a> from stm32h7xx_it.o(.text.FDCAN2_IT1_IRQHandler) referenced from startup_stm32h723xx.o(RESET)
 <LI><a href="#[8f]">FDCAN3_IT0_IRQHandler</a> from stm32h7xx_it.o(.text.FDCAN3_IT0_IRQHandler) referenced from startup_stm32h723xx.o(RESET)
 <LI><a href="#[90]">FDCAN3_IT1_IRQHandler</a> from stm32h7xx_it.o(.text.FDCAN3_IT1_IRQHandler) referenced from startup_stm32h723xx.o(RESET)
 <LI><a href="#[48]">FDCAN_CAL_IRQHandler</a> from startup_stm32h723xx.o(.text) referenced from startup_stm32h723xx.o(RESET)
 <LI><a href="#[e]">FLASH_IRQHandler</a> from startup_stm32h723xx.o(.text) referenced from startup_stm32h723xx.o(RESET)
 <LI><a href="#[89]">FMAC_IRQHandler</a> from startup_stm32h723xx.o(.text) referenced from startup_stm32h723xx.o(RESET)
 <LI><a href="#[39]">FMC_IRQHandler</a> from startup_stm32h723xx.o(.text) referenced from startup_stm32h723xx.o(RESET)
 <LI><a href="#[55]">FPU_IRQHandler</a> from startup_stm32h723xx.o(.text) referenced from startup_stm32h723xx.o(RESET)
 <LI><a href="#[72]">HSEM1_IRQHandler</a> from startup_stm32h723xx.o(.text) referenced from startup_stm32h723xx.o(RESET)
 <LI><a href="#[2]">HardFault_Handler</a> from stm32h7xx_it.o(.text.HardFault_Handler) referenced from startup_stm32h723xx.o(RESET)
 <LI><a href="#[2a]">I2C1_ER_IRQHandler</a> from startup_stm32h723xx.o(.text) referenced from startup_stm32h723xx.o(RESET)
 <LI><a href="#[29]">I2C1_EV_IRQHandler</a> from startup_stm32h723xx.o(.text) referenced from startup_stm32h723xx.o(RESET)
 <LI><a href="#[2c]">I2C2_ER_IRQHandler</a> from startup_stm32h723xx.o(.text) referenced from startup_stm32h723xx.o(RESET)
 <LI><a href="#[2b]">I2C2_EV_IRQHandler</a> from startup_stm32h723xx.o(.text) referenced from startup_stm32h723xx.o(RESET)
 <LI><a href="#[4e]">I2C3_ER_IRQHandler</a> from startup_stm32h723xx.o(.text) referenced from startup_stm32h723xx.o(RESET)
 <LI><a href="#[4d]">I2C3_EV_IRQHandler</a> from startup_stm32h723xx.o(.text) referenced from startup_stm32h723xx.o(RESET)
 <LI><a href="#[63]">I2C4_ER_IRQHandler</a> from startup_stm32h723xx.o(.text) referenced from startup_stm32h723xx.o(RESET)
 <LI><a href="#[62]">I2C4_EV_IRQHandler</a> from startup_stm32h723xx.o(.text) referenced from startup_stm32h723xx.o(RESET)
 <LI><a href="#[8e]">I2C5_ER_IRQHandler</a> from startup_stm32h723xx.o(.text) referenced from startup_stm32h723xx.o(RESET)
 <LI><a href="#[8d]">I2C5_EV_IRQHandler</a> from startup_stm32h723xx.o(.text) referenced from startup_stm32h723xx.o(RESET)
 <LI><a href="#[60]">LPTIM1_IRQHandler</a> from startup_stm32h723xx.o(.text) referenced from startup_stm32h723xx.o(RESET)
 <LI><a href="#[7e]">LPTIM2_IRQHandler</a> from startup_stm32h723xx.o(.text) referenced from startup_stm32h723xx.o(RESET)
 <LI><a href="#[7f]">LPTIM3_IRQHandler</a> from startup_stm32h723xx.o(.text) referenced from startup_stm32h723xx.o(RESET)
 <LI><a href="#[80]">LPTIM4_IRQHandler</a> from startup_stm32h723xx.o(.text) referenced from startup_stm32h723xx.o(RESET)
 <LI><a href="#[81]">LPTIM5_IRQHandler</a> from startup_stm32h723xx.o(.text) referenced from startup_stm32h723xx.o(RESET)
 <LI><a href="#[82]">LPUART1_IRQHandler</a> from startup_stm32h723xx.o(.text) referenced from startup_stm32h723xx.o(RESET)
 <LI><a href="#[5d]">LTDC_ER_IRQHandler</a> from startup_stm32h723xx.o(.text) referenced from startup_stm32h723xx.o(RESET)
 <LI><a href="#[5c]">LTDC_IRQHandler</a> from startup_stm32h723xx.o(.text) referenced from startup_stm32h723xx.o(RESET)
 <LI><a href="#[6f]">MDIOS_IRQHandler</a> from startup_stm32h723xx.o(.text) referenced from startup_stm32h723xx.o(RESET)
 <LI><a href="#[6e]">MDIOS_WKUP_IRQHandler</a> from startup_stm32h723xx.o(.text) referenced from startup_stm32h723xx.o(RESET)
 <LI><a href="#[70]">MDMA_IRQHandler</a> from startup_stm32h723xx.o(.text) referenced from startup_stm32h723xx.o(RESET)
 <LI><a href="#[3]">MemManage_Handler</a> from stm32h7xx_it.o(.text.MemManage_Handler) referenced from startup_stm32h723xx.o(RESET)
 <LI><a href="#[1]">NMI_Handler</a> from stm32h7xx_it.o(.text.NMI_Handler) referenced from startup_stm32h723xx.o(RESET)
 <LI><a href="#[5f]">OCTOSPI1_IRQHandler</a> from startup_stm32h723xx.o(.text) referenced from startup_stm32h723xx.o(RESET)
 <LI><a href="#[88]">OCTOSPI2_IRQHandler</a> from startup_stm32h723xx.o(.text) referenced from startup_stm32h723xx.o(RESET)
 <LI><a href="#[50]">OTG_HS_EP1_IN_IRQHandler</a> from startup_stm32h723xx.o(.text) referenced from startup_stm32h723xx.o(RESET)
 <LI><a href="#[4f]">OTG_HS_EP1_OUT_IRQHandler</a> from startup_stm32h723xx.o(.text) referenced from startup_stm32h723xx.o(RESET)
 <LI><a href="#[52]">OTG_HS_IRQHandler</a> from stm32h7xx_it.o(.text.OTG_HS_IRQHandler) referenced from startup_stm32h723xx.o(RESET)
 <LI><a href="#[51]">OTG_HS_WKUP_IRQHandler</a> from startup_stm32h723xx.o(.text) referenced from startup_stm32h723xx.o(RESET)
 <LI><a href="#[b]">PVD_AVD_IRQHandler</a> from startup_stm32h723xx.o(.text) referenced from startup_stm32h723xx.o(RESET)
 <LI><a href="#[8]">PendSV_Handler</a> from port.o(.text.PendSV_Handler) referenced from startup_stm32h723xx.o(RESET)
 <LI><a href="#[f]">RCC_IRQHandler</a> from startup_stm32h723xx.o(.text) referenced from startup_stm32h723xx.o(RESET)
 <LI><a href="#[54]">RNG_IRQHandler</a> from startup_stm32h723xx.o(.text) referenced from startup_stm32h723xx.o(RESET)
 <LI><a href="#[33]">RTC_Alarm_IRQHandler</a> from startup_stm32h723xx.o(.text) referenced from startup_stm32h723xx.o(RESET)
 <LI><a href="#[d]">RTC_WKUP_IRQHandler</a> from startup_stm32h723xx.o(.text) referenced from startup_stm32h723xx.o(RESET)
 <LI><a href="#[0]">Reset_Handler</a> from startup_stm32h723xx.o(.text) referenced from startup_stm32h723xx.o(RESET)
 <LI><a href="#[5b]">SAI1_IRQHandler</a> from startup_stm32h723xx.o(.text) referenced from startup_stm32h723xx.o(RESET)
 <LI><a href="#[85]">SAI4_IRQHandler</a> from startup_stm32h723xx.o(.text) referenced from startup_stm32h723xx.o(RESET)
 <LI><a href="#[3a]">SDMMC1_IRQHandler</a> from startup_stm32h723xx.o(.text) referenced from startup_stm32h723xx.o(RESET)
 <LI><a href="#[71]">SDMMC2_IRQHandler</a> from startup_stm32h723xx.o(.text) referenced from startup_stm32h723xx.o(RESET)
 <LI><a href="#[64]">SPDIF_RX_IRQHandler</a> from startup_stm32h723xx.o(.text) referenced from startup_stm32h723xx.o(RESET)
 <LI><a href="#[2d]">SPI1_IRQHandler</a> from startup_stm32h723xx.o(.text) referenced from startup_stm32h723xx.o(RESET)
 <LI><a href="#[2e]">SPI2_IRQHandler</a> from startup_stm32h723xx.o(.text) referenced from startup_stm32h723xx.o(RESET)
 <LI><a href="#[3c]">SPI3_IRQHandler</a> from startup_stm32h723xx.o(.text) referenced from startup_stm32h723xx.o(RESET)
 <LI><a href="#[58]">SPI4_IRQHandler</a> from startup_stm32h723xx.o(.text) referenced from startup_stm32h723xx.o(RESET)
 <LI><a href="#[59]">SPI5_IRQHandler</a> from startup_stm32h723xx.o(.text) referenced from startup_stm32h723xx.o(RESET)
 <LI><a href="#[5a]">SPI6_IRQHandler</a> from startup_stm32h723xx.o(.text) referenced from startup_stm32h723xx.o(RESET)
 <LI><a href="#[6]">SVC_Handler</a> from port.o(.text.SVC_Handler) referenced from startup_stm32h723xx.o(RESET)
 <LI><a href="#[6a]">SWPMI1_IRQHandler</a> from startup_stm32h723xx.o(.text) referenced from startup_stm32h723xx.o(RESET)
 <LI><a href="#[9a]">StartDefaultTask</a> from freertos.o(.text.StartDefaultTask) referenced 2 times from freertos.o(.text.MX_FREERTOS_Init)
 <LI><a href="#[9]">SysTick_Handler</a> from cmsis_os2.o(.text.SysTick_Handler) referenced from startup_stm32h723xx.o(RESET)
 <LI><a href="#[94]">SystemInit</a> from system_stm32h7xx.o(.text.SystemInit) referenced from startup_stm32h723xx.o(.text)
 <LI><a href="#[c]">TAMP_STAMP_IRQHandler</a> from startup_stm32h723xx.o(.text) referenced from startup_stm32h723xx.o(RESET)
 <LI><a href="#[6b]">TIM15_IRQHandler</a> from startup_stm32h723xx.o(.text) referenced from startup_stm32h723xx.o(RESET)
 <LI><a href="#[6c]">TIM16_IRQHandler</a> from startup_stm32h723xx.o(.text) referenced from startup_stm32h723xx.o(RESET)
 <LI><a href="#[6d]">TIM17_IRQHandler</a> from startup_stm32h723xx.o(.text) referenced from startup_stm32h723xx.o(RESET)
 <LI><a href="#[22]">TIM1_BRK_IRQHandler</a> from startup_stm32h723xx.o(.text) referenced from startup_stm32h723xx.o(RESET)
 <LI><a href="#[25]">TIM1_CC_IRQHandler</a> from startup_stm32h723xx.o(.text) referenced from startup_stm32h723xx.o(RESET)
 <LI><a href="#[24]">TIM1_TRG_COM_IRQHandler</a> from startup_stm32h723xx.o(.text) referenced from startup_stm32h723xx.o(RESET)
 <LI><a href="#[23]">TIM1_UP_IRQHandler</a> from startup_stm32h723xx.o(.text) referenced from startup_stm32h723xx.o(RESET)
 <LI><a href="#[91]">TIM23_IRQHandler</a> from startup_stm32h723xx.o(.text) referenced from startup_stm32h723xx.o(RESET)
 <LI><a href="#[92]">TIM24_IRQHandler</a> from startup_stm32h723xx.o(.text) referenced from startup_stm32h723xx.o(RESET)
 <LI><a href="#[26]">TIM2_IRQHandler</a> from startup_stm32h723xx.o(.text) referenced from startup_stm32h723xx.o(RESET)
 <LI><a href="#[27]">TIM3_IRQHandler</a> from startup_stm32h723xx.o(.text) referenced from startup_stm32h723xx.o(RESET)
 <LI><a href="#[28]">TIM4_IRQHandler</a> from stm32h7xx_it.o(.text.TIM4_IRQHandler) referenced from startup_stm32h723xx.o(RESET)
 <LI><a href="#[3b]">TIM5_IRQHandler</a> from startup_stm32h723xx.o(.text) referenced from startup_stm32h723xx.o(RESET)
 <LI><a href="#[3f]">TIM6_DAC_IRQHandler</a> from stm32h7xx_it.o(.text.TIM6_DAC_IRQHandler) referenced from startup_stm32h723xx.o(RESET)
 <LI><a href="#[40]">TIM7_IRQHandler</a> from stm32h7xx_it.o(.text.TIM7_IRQHandler) referenced from startup_stm32h723xx.o(RESET)
 <LI><a href="#[34]">TIM8_BRK_TIM12_IRQHandler</a> from startup_stm32h723xx.o(.text) referenced from startup_stm32h723xx.o(RESET)
 <LI><a href="#[37]">TIM8_CC_IRQHandler</a> from startup_stm32h723xx.o(.text) referenced from startup_stm32h723xx.o(RESET)
 <LI><a href="#[36]">TIM8_TRG_COM_TIM14_IRQHandler</a> from startup_stm32h723xx.o(.text) referenced from startup_stm32h723xx.o(RESET)
 <LI><a href="#[35]">TIM8_UP_TIM13_IRQHandler</a> from startup_stm32h723xx.o(.text) referenced from startup_stm32h723xx.o(RESET)
 <LI><a href="#[3d]">UART4_IRQHandler</a> from startup_stm32h723xx.o(.text) referenced from startup_stm32h723xx.o(RESET)
 <LI><a href="#[3e]">UART5_IRQHandler</a> from startup_stm32h723xx.o(.text) referenced from startup_stm32h723xx.o(RESET)
 <LI><a href="#[56]">UART7_IRQHandler</a> from startup_stm32h723xx.o(.text) referenced from startup_stm32h723xx.o(RESET)
 <LI><a href="#[57]">UART8_IRQHandler</a> from startup_stm32h723xx.o(.text) referenced from startup_stm32h723xx.o(RESET)
 <LI><a href="#[8b]">UART9_IRQHandler</a> from startup_stm32h723xx.o(.text) referenced from startup_stm32h723xx.o(RESET)
 <LI><a href="#[99]">UART_DMAAbortOnError</a> from stm32h7xx_hal_uart.o(.text.UART_DMAAbortOnError) referenced 2 times from stm32h7xx_hal_uart.o(.text.HAL_UART_IRQHandler)
 <LI><a href="#[9f]">UART_DMAError</a> from stm32h7xx_hal_uart.o(.text.UART_DMAError) referenced 2 times from stm32h7xx_hal_uart.o(.text.UART_Start_Receive_DMA)
 <LI><a href="#[9d]">UART_DMAReceiveCplt</a> from stm32h7xx_hal_uart.o(.text.UART_DMAReceiveCplt) referenced 2 times from stm32h7xx_hal_uart.o(.text.UART_Start_Receive_DMA)
 <LI><a href="#[9e]">UART_DMARxHalfCplt</a> from stm32h7xx_hal_uart.o(.text.UART_DMARxHalfCplt) referenced 2 times from stm32h7xx_hal_uart.o(.text.UART_Start_Receive_DMA)
 <LI><a href="#[9b]">UART_RxISR_16BIT</a> from stm32h7xx_hal_uart.o(.text.UART_RxISR_16BIT) referenced 2 times from stm32h7xx_hal_uart.o(.text.UART_RxISR_16BIT_FIFOEN)
 <LI><a href="#[9b]">UART_RxISR_16BIT</a> from stm32h7xx_hal_uart.o(.text.UART_RxISR_16BIT) referenced 2 times from stm32h7xx_hal_uart.o(.text.UART_Start_Receive_IT)
 <LI><a href="#[a0]">UART_RxISR_16BIT_FIFOEN</a> from stm32h7xx_hal_uart.o(.text.UART_RxISR_16BIT_FIFOEN) referenced 2 times from stm32h7xx_hal_uart.o(.text.UART_Start_Receive_IT)
 <LI><a href="#[9c]">UART_RxISR_8BIT</a> from stm32h7xx_hal_uart.o(.text.UART_RxISR_8BIT) referenced 2 times from stm32h7xx_hal_uart.o(.text.UART_RxISR_8BIT_FIFOEN)
 <LI><a href="#[9c]">UART_RxISR_8BIT</a> from stm32h7xx_hal_uart.o(.text.UART_RxISR_8BIT) referenced 2 times from stm32h7xx_hal_uart.o(.text.UART_Start_Receive_IT)
 <LI><a href="#[a1]">UART_RxISR_8BIT_FIFOEN</a> from stm32h7xx_hal_uart.o(.text.UART_RxISR_8BIT_FIFOEN) referenced 2 times from stm32h7xx_hal_uart.o(.text.UART_Start_Receive_IT)
 <LI><a href="#[8c]">USART10_IRQHandler</a> from startup_stm32h723xx.o(.text) referenced from startup_stm32h723xx.o(RESET)
 <LI><a href="#[2f]">USART1_IRQHandler</a> from stm32h7xx_it.o(.text.USART1_IRQHandler) referenced from startup_stm32h723xx.o(RESET)
 <LI><a href="#[30]">USART2_IRQHandler</a> from startup_stm32h723xx.o(.text) referenced from startup_stm32h723xx.o(RESET)
 <LI><a href="#[31]">USART3_IRQHandler</a> from startup_stm32h723xx.o(.text) referenced from startup_stm32h723xx.o(RESET)
 <LI><a href="#[4c]">USART6_IRQHandler</a> from startup_stm32h723xx.o(.text) referenced from startup_stm32h723xx.o(RESET)
 <LI><a href="#[15b]">USBD_CDC_DataIn</a> from usbd_cdc.o(.text.USBD_CDC_DataIn) referenced from usbd_cdc.o(.data.USBD_CDC)
 <LI><a href="#[15c]">USBD_CDC_DataOut</a> from usbd_cdc.o(.text.USBD_CDC_DataOut) referenced from usbd_cdc.o(.data.USBD_CDC)
 <LI><a href="#[158]">USBD_CDC_DeInit</a> from usbd_cdc.o(.text.USBD_CDC_DeInit) referenced from usbd_cdc.o(.data.USBD_CDC)
 <LI><a href="#[15a]">USBD_CDC_EP0_RxReady</a> from usbd_cdc.o(.text.USBD_CDC_EP0_RxReady) referenced from usbd_cdc.o(.data.USBD_CDC)
 <LI><a href="#[160]">USBD_CDC_GetDeviceQualifierDescriptor</a> from usbd_cdc.o(.text.USBD_CDC_GetDeviceQualifierDescriptor) referenced from usbd_cdc.o(.data.USBD_CDC)
 <LI><a href="#[15e]">USBD_CDC_GetFSCfgDesc</a> from usbd_cdc.o(.text.USBD_CDC_GetFSCfgDesc) referenced from usbd_cdc.o(.data.USBD_CDC)
 <LI><a href="#[15d]">USBD_CDC_GetHSCfgDesc</a> from usbd_cdc.o(.text.USBD_CDC_GetHSCfgDesc) referenced from usbd_cdc.o(.data.USBD_CDC)
 <LI><a href="#[15f]">USBD_CDC_GetOtherSpeedCfgDesc</a> from usbd_cdc.o(.text.USBD_CDC_GetOtherSpeedCfgDesc) referenced from usbd_cdc.o(.data.USBD_CDC)
 <LI><a href="#[157]">USBD_CDC_Init</a> from usbd_cdc.o(.text.USBD_CDC_Init) referenced from usbd_cdc.o(.data.USBD_CDC)
 <LI><a href="#[159]">USBD_CDC_Setup</a> from usbd_cdc.o(.text.USBD_CDC_Setup) referenced from usbd_cdc.o(.data.USBD_CDC)
 <LI><a href="#[155]">USBD_HS_ConfigStrDescriptor</a> from usbd_desc.o(.text.USBD_HS_ConfigStrDescriptor) referenced from usbd_desc.o(.data.HS_Desc)
 <LI><a href="#[150]">USBD_HS_DeviceDescriptor</a> from usbd_desc.o(.text.USBD_HS_DeviceDescriptor) referenced from usbd_desc.o(.data.HS_Desc)
 <LI><a href="#[156]">USBD_HS_InterfaceStrDescriptor</a> from usbd_desc.o(.text.USBD_HS_InterfaceStrDescriptor) referenced from usbd_desc.o(.data.HS_Desc)
 <LI><a href="#[151]">USBD_HS_LangIDStrDescriptor</a> from usbd_desc.o(.text.USBD_HS_LangIDStrDescriptor) referenced from usbd_desc.o(.data.HS_Desc)
 <LI><a href="#[152]">USBD_HS_ManufacturerStrDescriptor</a> from usbd_desc.o(.text.USBD_HS_ManufacturerStrDescriptor) referenced from usbd_desc.o(.data.HS_Desc)
 <LI><a href="#[153]">USBD_HS_ProductStrDescriptor</a> from usbd_desc.o(.text.USBD_HS_ProductStrDescriptor) referenced from usbd_desc.o(.data.HS_Desc)
 <LI><a href="#[154]">USBD_HS_SerialStrDescriptor</a> from usbd_desc.o(.text.USBD_HS_SerialStrDescriptor) referenced from usbd_desc.o(.data.HS_Desc)
 <LI><a href="#[5]">UsageFault_Handler</a> from stm32h7xx_it.o(.text.UsageFault_Handler) referenced from startup_stm32h723xx.o(RESET)
 <LI><a href="#[87]">WAKEUP_PIN_IRQHandler</a> from startup_stm32h723xx.o(.text) referenced from startup_stm32h723xx.o(RESET)
 <LI><a href="#[a]">WWDG_IRQHandler</a> from startup_stm32h723xx.o(.text) referenced from startup_stm32h723xx.o(RESET)
 <LI><a href="#[14c]">_GLOBAL__sub_I_RC_MF_path.cpp</a> from rc_mf_path.o(.text._GLOBAL__sub_I_RC_MF_path.cpp) referenced from rc_mf_path.o(.init_array)
 <LI><a href="#[14d]">_GLOBAL__sub_I_RC_best_path.cpp</a> from rc_best_path.o(.text._GLOBAL__sub_I_RC_best_path.cpp) referenced from rc_best_path.o(.init_array)
 <LI><a href="#[14a]">_GLOBAL__sub_I_RC_chassis.cpp</a> from rc_chassis.o(.text._GLOBAL__sub_I_RC_chassis.cpp) referenced from rc_chassis.o(.init_array)
 <LI><a href="#[14e]">_GLOBAL__sub_I_RC_init.cpp</a> from rc_init.o(.text._GLOBAL__sub_I_RC_init.cpp) referenced from rc_init.o(.init_array)
 <LI><a href="#[14b]">_GLOBAL__sub_I_RC_path.cpp</a> from rc_path.o(.text._GLOBAL__sub_I_RC_path.cpp) referenced from rc_path.o(.init_array)
 <LI><a href="#[14f]">_GLOBAL__sub_I_RC_path_task.cpp</a> from rc_path_task.o(.text._GLOBAL__sub_I_RC_path_task.cpp) referenced from rc_path_task.o(.init_array)
 <LI><a href="#[b5]">test(void*)</a> from rc_init.o(.text._Z4testPv) referenced 2 times from rc_init.o(.text.__cxx_global_var_init.28)
 <LI><a href="#[b7]">path_teat(void*)</a> from rc_path_task.o(.text._Z9path_teatPv) referenced 2 times from rc_path_task.o(.text.__cxx_global_var_init.3)
 <LI><a href="#[be]">SquareWave::~SquareWave__deallocating()</a> from rc_wava_generator.o(.text._ZN10SquareWaveD0Ev) referenced from rc_wava_generator.o(.rodata._ZTV10SquareWave)
 <LI><a href="#[b4]">SquareWave::~SquareWave__sub_object()</a> from rc_wava_generator.o(.text._ZN10SquareWaveD2Ev) referenced from rc_wava_generator.o(.rodata._ZTV10SquareWave)
 <LI><a href="#[b4]">SquareWave::~SquareWave__sub_object()</a> from rc_wava_generator.o(.text._ZN10SquareWaveD2Ev) referenced 2 times from rc_init.o(.text.__cxx_global_var_init.27)
 <LI><a href="#[bf]">arm::ArmDynamics::~ArmDynamics__deallocating()</a> from rc_arm.o(.text._ZN3arm11ArmDynamicsD0Ev) referenced from rc_arm.o(.rodata._ZTVN3arm11ArmDynamicsE)
 <LI><a href="#[ad]">arm::ArmDynamics::~ArmDynamics__sub_object()</a> from rc_arm.o(.text._ZN3arm11ArmDynamicsD2Ev) referenced from rc_arm.o(.rodata._ZTVN3arm11ArmDynamicsE)
 <LI><a href="#[ad]">arm::ArmDynamics::~ArmDynamics__sub_object()</a> from rc_arm.o(.text._ZN3arm11ArmDynamicsD2Ev) referenced 2 times from rc_init.o(.text.__cxx_global_var_init.20)
 <LI><a href="#[c1]">can::CanHandler::~CanHandler__deallocating()</a> from rc_can_1.o(.text._ZN3can10CanHandlerD0Ev) referenced from rc_can_1.o(.rodata._ZTVN3can10CanHandlerE)
 <LI><a href="#[c0]">can::CanHandler::~CanHandler__sub_object()</a> from rc_can_1.o(.text._ZN3can10CanHandlerD2Ev) referenced from rc_can_1.o(.rodata._ZTVN3can10CanHandlerE)
 <LI><a href="#[c4]">can::Can::Task_Process()</a> from rc_can_1.o(.text._ZN3can3Can12Task_ProcessEv) referenced from rc_can_1.o(.rodata._ZTVN3can3CanE)
 <LI><a href="#[c3]">can::Can::~Can__deallocating()</a> from rc_can_1.o(.text._ZN3can3CanD0Ev) referenced from rc_can_1.o(.rodata._ZTVN3can3CanE)
 <LI><a href="#[b8]">can::Can::~Can__sub_object()</a> from rc_can_1.o(.text._ZN3can3CanD2Ev) referenced from rc_can_1.o(.rodata._ZTVN3can3CanE)
 <LI><a href="#[b8]">can::Can::~Can__sub_object()</a> from rc_can_1.o(.text._ZN3can3CanD2Ev) referenced 2 times from rc_init.o(.text.__cxx_global_var_init.4)
 <LI><a href="#[b8]">can::Can::~Can__sub_object()</a> from rc_can_1.o(.text._ZN3can3CanD2Ev) referenced 2 times from rc_init.o(.text.__cxx_global_var_init.5)
 <LI><a href="#[b8]">can::Can::~Can__sub_object()</a> from rc_can_1.o(.text._ZN3can3CanD2Ev) referenced 2 times from rc_init.o(.text.__cxx_global_var_init.6)
 <LI><a href="#[c6]">cdc::CDCHandler::~CDCHandler__deallocating()</a> from rc_cdc_1.o(.text._ZN3cdc10CDCHandlerD0Ev) referenced from rc_cdc_1.o(.rodata._ZTVN3cdc10CDCHandlerE)
 <LI><a href="#[c5]">cdc::CDCHandler::~CDCHandler__sub_object()</a> from rc_cdc_1.o(.text._ZN3cdc10CDCHandlerD2Ev) referenced from rc_cdc_1.o(.rodata._ZTVN3cdc10CDCHandlerE)
 <LI><a href="#[c8]">cdc::CDC::Task_Process()</a> from rc_cdc_1.o(.text._ZN3cdc3CDC12Task_ProcessEv) referenced from rc_cdc_1.o(.rodata._ZTVN3cdc3CDCE)
 <LI><a href="#[a2]">cdc::CDC::CDC_All_Task_Receive_Process(void*)</a> from rc_cdc_1.o(.text._ZN3cdc3CDC28CDC_All_Task_Receive_ProcessEPv) referenced 2 times from rc_cdc_1.o(.text._ZN3cdc3CDCC2ENS_7CDCTypeE)
 <LI><a href="#[c7]">cdc::CDC::~CDC__deallocating()</a> from rc_cdc_1.o(.text._ZN3cdc3CDCD0Ev) referenced from rc_cdc_1.o(.rodata._ZTVN3cdc3CDCE)
 <LI><a href="#[b9]">cdc::CDC::~CDC__sub_object()</a> from rc_cdc_1.o(.text._ZN3cdc3CDCD2Ev) referenced from rc_cdc_1.o(.rodata._ZTVN3cdc3CDCE)
 <LI><a href="#[b9]">cdc::CDC::~CDC__sub_object()</a> from rc_cdc_1.o(.text._ZN3cdc3CDCD2Ev) referenced 2 times from rc_init.o(.text.__cxx_global_var_init.7)
 <LI><a href="#[ca]">imu::JY901S::Uart_Rx_It_Process(unsigned char*, unsigned short)</a> from rc_jy901s.o(.text._ZN3imu6JY901S18Uart_Rx_It_ProcessEPht) referenced from rc_jy901s.o(.rodata._ZTVN3imu6JY901SE)
 <LI><a href="#[c9]">imu::JY901S::~JY901S__deallocating()</a> from rc_jy901s.o(.text._ZN3imu6JY901SD0Ev) referenced from rc_jy901s.o(.rodata._ZTVN3imu6JY901SE)
 <LI><a href="#[b3]">imu::JY901S::~JY901S__sub_object()</a> from rc_jy901s.o(.text._ZN3imu6JY901SD2Ev) referenced from rc_jy901s.o(.rodata._ZTVN3imu6JY901SE)
 <LI><a href="#[b3]">imu::JY901S::~JY901S__sub_object()</a> from rc_jy901s.o(.text._ZN3imu6JY901SD2Ev) referenced 2 times from rc_init.o(.text.__cxx_global_var_init.26)
 <LI><a href="#[cc]">pid::Pid::~Pid__deallocating()</a> from rc_path.o(.text._ZN3pid3PidD0Ev) referenced from rc_path.o(.rodata._ZTVN3pid3PidE)
 <LI><a href="#[cb]">pid::Pid::~Pid__sub_object()</a> from rc_path.o(.text._ZN3pid3PidD2Ev) referenced from rc_path.o(.rodata._ZTVN3pid3PidE)
 <LI><a href="#[ce]">ros::Map::CDC_Receive_Process(unsigned char*, unsigned short)</a> from rc_map.o(.text._ZN3ros3Map19CDC_Receive_ProcessEPht) referenced from rc_map.o(.rodata._ZTVN3ros3MapE)
 <LI><a href="#[cd]">ros::Map::~Map__deallocating()</a> from rc_map.o(.text._ZN3ros3MapD0Ev) referenced from rc_map.o(.rodata._ZTVN3ros3MapE)
 <LI><a href="#[af]">ros::Map::~Map__sub_object()</a> from rc_map.o(.text._ZN3ros3MapD2Ev) referenced from rc_map.o(.rodata._ZTVN3ros3MapE)
 <LI><a href="#[af]">ros::Map::~Map__sub_object()</a> from rc_map.o(.text._ZN3ros3MapD2Ev) referenced 2 times from rc_init.o(.text.__cxx_global_var_init.22)
 <LI><a href="#[d0]">ros::Radar::CDC_Receive_Process(unsigned char*, unsigned short)</a> from rc_radar.o(.text._ZN3ros5Radar19CDC_Receive_ProcessEPht) referenced from rc_radar.o(.rodata._ZTVN3ros5RadarE)
 <LI><a href="#[cf]">ros::Radar::~Radar__deallocating()</a> from rc_radar.o(.text._ZN3ros5RadarD0Ev) referenced from rc_radar.o(.rodata._ZTVN3ros5RadarE)
 <LI><a href="#[ae]">ros::Radar::~Radar__sub_object()</a> from rc_radar.o(.text._ZN3ros5RadarD2Ev) referenced from rc_radar.o(.rodata._ZTVN3ros5RadarE)
 <LI><a href="#[ae]">ros::Radar::~Radar__sub_object()</a> from rc_radar.o(.text._ZN3ros5RadarD2Ev) referenced 2 times from rc_init.o(.text.__cxx_global_var_init.21)
 <LI><a href="#[d2]">ros::BestPath::CDC_Receive_Process(unsigned char*, unsigned short)</a> from rc_best_path.o(.text._ZN3ros8BestPath19CDC_Receive_ProcessEPht) referenced from rc_best_path.o(.rodata._ZTVN3ros8BestPathE)
 <LI><a href="#[d1]">ros::BestPath::~BestPath__deallocating()</a> from rc_best_path.o(.text._ZN3ros8BestPathD0Ev) referenced from rc_best_path.o(.rodata._ZTVN3ros8BestPathE)
 <LI><a href="#[b0]">ros::BestPath::~BestPath__sub_object()</a> from rc_best_path.o(.text._ZN3ros8BestPathD2Ev) referenced from rc_best_path.o(.rodata._ZTVN3ros8BestPathE)
 <LI><a href="#[b0]">ros::BestPath::~BestPath__sub_object()</a> from rc_best_path.o(.text._ZN3ros8BestPathD2Ev) referenced 2 times from rc_init.o(.text.__cxx_global_var_init.23)
 <LI><a href="#[d4]">tim::TimHandler::~TimHandler__deallocating()</a> from rc_tim_1.o(.text._ZN3tim10TimHandlerD0Ev) referenced from rc_tim_1.o(.rodata._ZTVN3tim10TimHandlerE)
 <LI><a href="#[d3]">tim::TimHandler::~TimHandler__sub_object()</a> from rc_tim_1.o(.text._ZN3tim10TimHandlerD2Ev) referenced from rc_tim_1.o(.rodata._ZTVN3tim10TimHandlerE)
 <LI><a href="#[d5]">tim::Tim::~Tim__deallocating()</a> from rc_tim_1.o(.text._ZN3tim3TimD0Ev) referenced from rc_tim_1.o(.rodata._ZTVN3tim3TimE)
 <LI><a href="#[ab]">tim::Tim::~Tim__sub_object()</a> from rc_tim_1.o(.text._ZN3tim3TimD2Ev) referenced from rc_tim_1.o(.rodata._ZTVN3tim3TimE)
 <LI><a href="#[ab]">tim::Tim::~Tim__sub_object()</a> from rc_tim_1.o(.text._ZN3tim3TimD2Ev) referenced 2 times from rc_init.o(.text.__cxx_global_var_init.2)
 <LI><a href="#[ab]">tim::Tim::~Tim__sub_object()</a> from rc_tim_1.o(.text._ZN3tim3TimD2Ev) referenced 2 times from rc_init.o(.text.__cxx_global_var_init.3)
 <LI><a href="#[d7]">gpio::GpioExti::~GpioExti__deallocating()</a> from rc_gpio_exti_1.o(.text._ZN4gpio8GpioExtiD0Ev) referenced from rc_gpio_exti_1.o(.rodata._ZTVN4gpio8GpioExtiE)
 <LI><a href="#[d6]">gpio::GpioExti::~GpioExti__sub_object()</a> from rc_gpio_exti_1.o(.text._ZN4gpio8GpioExtiD2Ev) referenced from rc_gpio_exti_1.o(.rodata._ZTVN4gpio8GpioExtiE)
 <LI><a href="#[d9]">path::Path::~Path__deallocating()</a> from rc_path.o(.text._ZN4path4PathD0Ev) referenced from rc_path.o(.rodata._ZTVN4path4PathE)
 <LI><a href="#[d8]">path::Path::~Path__sub_object()</a> from rc_path.o(.text._ZN4path4PathD2Ev) referenced from rc_path.o(.rodata._ZTVN4path4PathE)
 <LI><a href="#[da]">path::PathPlan::~PathPlan__deallocating()</a> from rc_path.o(.text._ZN4path8PathPlanD0Ev) referenced from rc_path.o(.rodata._ZTVN4path8PathPlanE)
 <LI><a href="#[aa]">path::PathPlan::~PathPlan__sub_object()</a> from rc_path.o(.text._ZN4path8PathPlanD2Ev) referenced from rc_path.o(.rodata._ZTVN4path8PathPlanE)
 <LI><a href="#[aa]">path::PathPlan::~PathPlan__sub_object()</a> from rc_path.o(.text._ZN4path8PathPlanD2Ev) referenced 2 times from rc_init.o(.text.__cxx_global_var_init.19)
 <LI><a href="#[a3]">task::ManagedTask::All_Task_Process(void*)</a> from rc_task_1.o(.text._ZN4task11ManagedTask16All_Task_ProcessEPv) referenced 2 times from rc_task_1.o(.text._ZN4task11ManagedTaskC2EPKchtNS_8TaskTypeEh)
 <LI><a href="#[dc]">task::ManagedTask::~ManagedTask__deallocating()</a> from rc_task_1.o(.text._ZN4task11ManagedTaskD0Ev) referenced from rc_task_1.o(.rodata._ZTVN4task11ManagedTaskE)
 <LI><a href="#[db]">task::ManagedTask::~ManagedTask__sub_object()</a> from rc_can_1.o(.text._ZN4task11ManagedTaskD2Ev) referenced from rc_task_1.o(.rodata._ZTVN4task11ManagedTaskE)
 <LI><a href="#[dd]">task::TaskCreator::~TaskCreator__deallocating()</a> from rc_task_1.o(.text._ZN4task11TaskCreatorD0Ev) referenced from rc_task_1.o(.rodata._ZTVN4task11TaskCreatorE)
 <LI><a href="#[b6]">task::TaskCreator::~TaskCreator__sub_object()</a> from rc_can_1.o(.text._ZN4task11TaskCreatorD2Ev) referenced from rc_task_1.o(.rodata._ZTVN4task11TaskCreatorE)
 <LI><a href="#[b6]">task::TaskCreator::~TaskCreator__sub_object()</a> from rc_can_1.o(.text._ZN4task11TaskCreatorD2Ev) referenced 2 times from rc_init.o(.text.__cxx_global_var_init.28)
 <LI><a href="#[b6]">task::TaskCreator::~TaskCreator__sub_object()</a> from rc_can_1.o(.text._ZN4task11TaskCreatorD2Ev) referenced 2 times from rc_path_task.o(.text.__cxx_global_var_init.3)
 <LI><a href="#[df]">curve::BezierCurve::~BezierCurve__deallocating()</a> from rc_bezier_curve.o(.text._ZN5curve11BezierCurveD0Ev) referenced from rc_bezier_curve.o(.rodata._ZTVN5curve11BezierCurveE)
 <LI><a href="#[de]">curve::BezierCurve::~BezierCurve__sub_object()</a> from rc_bezier_curve.o(.text._ZN5curve11BezierCurveD2Ev) referenced from rc_bezier_curve.o(.rodata._ZTVN5curve11BezierCurveE)
 <LI><a href="#[e2]">motor::Go::Set_Current(float)</a> from rc_go.o(.text._ZN5motor2Go11Set_CurrentEf) referenced from rc_go.o(.rodata._ZTVN5motor2GoE)
 <LI><a href="#[e7]">motor::Go::Can_Tx_Process()</a> from rc_go.o(.text._ZN5motor2Go14Can_Tx_ProcessEv) referenced from rc_go.o(.rodata._ZTVN5motor2GoE)
 <LI><a href="#[ea]">motor::Go::Tim_It_Process()</a> from rc_go.o(.text._ZN5motor2Go14Tim_It_ProcessEv) referenced from rc_go.o(.rodata._ZTVN5motor2GoE)
 <LI><a href="#[e8]">motor::Go::Can_Rx_It_Process(unsigned int, unsigned char*)</a> from rc_go.o(.text._ZN5motor2Go17Can_Rx_It_ProcessEjPh) referenced from rc_go.o(.rodata._ZTVN5motor2GoE)
 <LI><a href="#[e9]">motor::Go::CanHandler_Register()</a> from rc_go.o(.text._ZN5motor2Go19CanHandler_RegisterEv) referenced from rc_go.o(.rodata._ZTVN5motor2GoE)
 <LI><a href="#[e1]">motor::Go::Set_Angle(float)</a> from rc_go.o(.text._ZN5motor2Go9Set_AngleEf) referenced from rc_go.o(.rodata._ZTVN5motor2GoE)
 <LI><a href="#[e5]">motor::Go::Set_K_Pos(float)</a> from rc_go.o(.text._ZN5motor2Go9Set_K_PosEf) referenced from rc_go.o(.rodata._ZTVN5motor2GoE)
 <LI><a href="#[e6]">motor::Go::Set_K_Spd(float)</a> from rc_go.o(.text._ZN5motor2Go9Set_K_SpdEf) referenced from rc_go.o(.rodata._ZTVN5motor2GoE)
 <LI><a href="#[e0]">motor::Go::~Go__deallocating()</a> from rc_go.o(.text._ZN5motor2GoD0Ev) referenced from rc_go.o(.rodata._ZTVN5motor2GoE)
 <LI><a href="#[a8]">motor::Go::~Go__sub_object()</a> from rc_go.o(.text._ZN5motor2GoD2Ev) referenced from rc_go.o(.rodata._ZTVN5motor2GoE)
 <LI><a href="#[a8]">motor::Go::~Go__sub_object()</a> from rc_go.o(.text._ZN5motor2GoD2Ev) referenced 2 times from rc_init.o(.text.__cxx_global_var_init.16)
 <LI><a href="#[a8]">motor::Go::~Go__sub_object()</a> from rc_go.o(.text._ZN5motor2GoD2Ev) referenced 2 times from rc_init.o(.text.__cxx_global_var_init.17)
 <LI><a href="#[f5]">motor::J60::Set_Current(float)</a> from rc_j60.o(.text._ZN5motor3J6011Set_CurrentEf) referenced from rc_j60.o(.rodata._ZTVN5motor3J60E)
 <LI><a href="#[fb]">motor::J60::Can_Tx_Process()</a> from rc_j60.o(.text._ZN5motor3J6014Can_Tx_ProcessEv) referenced from rc_j60.o(.rodata._ZTVN5motor3J60E)
 <LI><a href="#[f9]">motor::J60::Tim_It_Process()</a> from rc_j60.o(.text._ZN5motor3J6014Tim_It_ProcessEv) referenced from rc_j60.o(.rodata._ZTVN5motor3J60E)
 <LI><a href="#[fa]">motor::J60::Can_Rx_It_Process(unsigned int, unsigned char*)</a> from rc_j60.o(.text._ZN5motor3J6017Can_Rx_It_ProcessEjPh) referenced from rc_j60.o(.rodata._ZTVN5motor3J60E)
 <LI><a href="#[f8]">motor::J60::CanHandler_Register()</a> from rc_j60.o(.text._ZN5motor3J6019CanHandler_RegisterEv) referenced from rc_j60.o(.rodata._ZTVN5motor3J60E)
 <LI><a href="#[f4]">motor::J60::Set_Angle(float)</a> from rc_j60.o(.text._ZN5motor3J609Set_AngleEf) referenced from rc_j60.o(.rodata._ZTVN5motor3J60E)
 <LI><a href="#[f6]">motor::J60::Set_K_Pos(float)</a> from rc_j60.o(.text._ZN5motor3J609Set_K_PosEf) referenced from rc_j60.o(.rodata._ZTVN5motor3J60E)
 <LI><a href="#[f7]">motor::J60::Set_K_Spd(float)</a> from rc_j60.o(.text._ZN5motor3J609Set_K_SpdEf) referenced from rc_j60.o(.rodata._ZTVN5motor3J60E)
 <LI><a href="#[f3]">motor::J60::~J60__deallocating()</a> from rc_j60.o(.text._ZN5motor3J60D0Ev) referenced from rc_j60.o(.rodata._ZTVN5motor3J60E)
 <LI><a href="#[a7]">motor::J60::~J60__sub_object()</a> from rc_j60.o(.text._ZN5motor3J60D2Ev) referenced from rc_j60.o(.rodata._ZTVN5motor3J60E)
 <LI><a href="#[a7]">motor::J60::~J60__sub_object()</a> from rc_j60.o(.text._ZN5motor3J60D2Ev) referenced 2 times from rc_init.o(.text.__cxx_global_var_init.15)
 <LI><a href="#[10a]">motor::M2006::Dji_Id_Init(unsigned char)</a> from rc_m2006.o(.text._ZN5motor5M200611Dji_Id_InitEh) referenced from rc_m2006.o(.rodata._ZTVN5motor5M2006E)
 <LI><a href="#[104]">motor::M2006::~M2006__deallocating()</a> from rc_m2006.o(.text._ZN5motor5M2006D0Ev) referenced from rc_m2006.o(.rodata._ZTVN5motor5M2006E)
 <LI><a href="#[a5]">motor::M2006::~M2006__sub_object()</a> from rc_m2006.o(.text._ZN5motor5M2006D2Ev) referenced from rc_m2006.o(.rodata._ZTVN5motor5M2006E)
 <LI><a href="#[a5]">motor::M2006::~M2006__sub_object()</a> from rc_m2006.o(.text._ZN5motor5M2006D2Ev) referenced 2 times from rc_init.o(.text.__cxx_global_var_init.13)
 <LI><a href="#[118]">motor::M3508::Set_Torque(float)</a> from rc_m3508.o(.text._ZN5motor5M350810Set_TorqueEf) referenced from rc_m3508.o(.rodata._ZTVN5motor5M3508E)
 <LI><a href="#[119]">motor::M3508::Dji_Id_Init(unsigned char)</a> from rc_m3508.o(.text._ZN5motor5M350811Dji_Id_InitEh) referenced from rc_m3508.o(.rodata._ZTVN5motor5M3508E)
 <LI><a href="#[117]">motor::M3508::~M3508__deallocating()</a> from rc_m3508.o(.text._ZN5motor5M3508D0Ev) referenced from rc_m3508.o(.rodata._ZTVN5motor5M3508E)
 <LI><a href="#[a4]">motor::M3508::~M3508__sub_object()</a> from rc_m3508.o(.text._ZN5motor5M3508D2Ev) referenced from rc_m3508.o(.rodata._ZTVN5motor5M3508E)
 <LI><a href="#[a4]">motor::M3508::~M3508__sub_object()</a> from rc_m3508.o(.text._ZN5motor5M3508D2Ev) referenced 2 times from rc_init.o(.text.__cxx_global_var_init.10)
 <LI><a href="#[a4]">motor::M3508::~M3508__sub_object()</a> from rc_m3508.o(.text._ZN5motor5M3508D2Ev) referenced 2 times from rc_init.o(.text.__cxx_global_var_init.11)
 <LI><a href="#[a4]">motor::M3508::~M3508__sub_object()</a> from rc_m3508.o(.text._ZN5motor5M3508D2Ev) referenced 2 times from rc_init.o(.text.__cxx_global_var_init.12)
 <LI><a href="#[a4]">motor::M3508::~M3508__sub_object()</a> from rc_m3508.o(.text._ZN5motor5M3508D2Ev) referenced 2 times from rc_init.o(.text.__cxx_global_var_init.9)
 <LI><a href="#[11f]">motor::M6020::Dji_Id_Init(unsigned char)</a> from rc_m6020.o(.text._ZN5motor5M602011Dji_Id_InitEh) referenced from rc_m6020.o(.rodata._ZTVN5motor5M6020E)
 <LI><a href="#[11e]">motor::M6020::~M6020__deallocating()</a> from rc_m6020.o(.text._ZN5motor5M6020D0Ev) referenced from rc_m6020.o(.rodata._ZTVN5motor5M6020E)
 <LI><a href="#[ba]">motor::M6020::~M6020__sub_object()</a> from rc_m6020.o(.text._ZN5motor5M6020D2Ev) referenced from rc_m6020.o(.rodata._ZTVN5motor5M6020E)
 <LI><a href="#[ba]">motor::M6020::~M6020__sub_object()</a> from rc_m6020.o(.text._ZN5motor5M6020D2Ev) referenced 2 times from rc_init.o(.text.__cxx_global_var_init.8)
 <LI><a href="#[e3]">motor::Motor::Set_Torque(float)</a> from rc_motor.o(.text._ZN5motor5Motor10Set_TorqueEf) referenced from rc_go.o(.rodata._ZTVN5motor2GoE)
 <LI><a href="#[e3]">motor::Motor::Set_Torque(float)</a> from rc_motor.o(.text._ZN5motor5Motor10Set_TorqueEf) referenced from rc_j60.o(.rodata._ZTVN5motor3J60E)
 <LI><a href="#[e3]">motor::Motor::Set_Torque(float)</a> from rc_motor.o(.text._ZN5motor5Motor10Set_TorqueEf) referenced from rc_motor.o(.rodata._ZTVN5motor5MotorE)
 <LI><a href="#[e3]">motor::Motor::Set_Torque(float)</a> from rc_motor.o(.text._ZN5motor5Motor10Set_TorqueEf) referenced from rc_dm4310.o(.rodata._ZTVN5motor6DM4310E)
 <LI><a href="#[106]">motor::Motor::Set_Current(float)</a> from rc_motor.o(.text._ZN5motor5Motor11Set_CurrentEf) referenced from rc_m2006.o(.rodata._ZTVN5motor5M2006E)
 <LI><a href="#[106]">motor::Motor::Set_Current(float)</a> from rc_motor.o(.text._ZN5motor5Motor11Set_CurrentEf) referenced from rc_m3508.o(.rodata._ZTVN5motor5M3508E)
 <LI><a href="#[106]">motor::Motor::Set_Current(float)</a> from rc_motor.o(.text._ZN5motor5Motor11Set_CurrentEf) referenced from rc_m6020.o(.rodata._ZTVN5motor5M6020E)
 <LI><a href="#[106]">motor::Motor::Set_Current(float)</a> from rc_motor.o(.text._ZN5motor5Motor11Set_CurrentEf) referenced from rc_motor.o(.rodata._ZTVN5motor5MotorE)
 <LI><a href="#[106]">motor::Motor::Set_Current(float)</a> from rc_motor.o(.text._ZN5motor5Motor11Set_CurrentEf) referenced from rc_dji_motor.o(.rodata._ZTVN5motor8DjiMotorE)
 <LI><a href="#[e4]">motor::Motor::Set_Out_Angle(float)</a> from rc_motor.o(.text._ZN5motor5Motor13Set_Out_AngleEf) referenced from rc_go.o(.rodata._ZTVN5motor2GoE)
 <LI><a href="#[e4]">motor::Motor::Set_Out_Angle(float)</a> from rc_motor.o(.text._ZN5motor5Motor13Set_Out_AngleEf) referenced from rc_j60.o(.rodata._ZTVN5motor3J60E)
 <LI><a href="#[e4]">motor::Motor::Set_Out_Angle(float)</a> from rc_motor.o(.text._ZN5motor5Motor13Set_Out_AngleEf) referenced from rc_m2006.o(.rodata._ZTVN5motor5M2006E)
 <LI><a href="#[e4]">motor::Motor::Set_Out_Angle(float)</a> from rc_motor.o(.text._ZN5motor5Motor13Set_Out_AngleEf) referenced from rc_m3508.o(.rodata._ZTVN5motor5M3508E)
 <LI><a href="#[e4]">motor::Motor::Set_Out_Angle(float)</a> from rc_motor.o(.text._ZN5motor5Motor13Set_Out_AngleEf) referenced from rc_m6020.o(.rodata._ZTVN5motor5M6020E)
 <LI><a href="#[e4]">motor::Motor::Set_Out_Angle(float)</a> from rc_motor.o(.text._ZN5motor5Motor13Set_Out_AngleEf) referenced from rc_motor.o(.rodata._ZTVN5motor5MotorE)
 <LI><a href="#[e4]">motor::Motor::Set_Out_Angle(float)</a> from rc_motor.o(.text._ZN5motor5Motor13Set_Out_AngleEf) referenced from rc_dm4310.o(.rodata._ZTVN5motor6DM4310E)
 <LI><a href="#[e4]">motor::Motor::Set_Out_Angle(float)</a> from rc_motor.o(.text._ZN5motor5Motor13Set_Out_AngleEf) referenced from rc_dji_motor.o(.rodata._ZTVN5motor8DjiMotorE)
 <LI><a href="#[105]">motor::Motor::Set_Angle(float)</a> from rc_motor.o(.text._ZN5motor5Motor9Set_AngleEf) referenced from rc_m2006.o(.rodata._ZTVN5motor5M2006E)
 <LI><a href="#[105]">motor::Motor::Set_Angle(float)</a> from rc_motor.o(.text._ZN5motor5Motor9Set_AngleEf) referenced from rc_m3508.o(.rodata._ZTVN5motor5M3508E)
 <LI><a href="#[105]">motor::Motor::Set_Angle(float)</a> from rc_motor.o(.text._ZN5motor5Motor9Set_AngleEf) referenced from rc_m6020.o(.rodata._ZTVN5motor5M6020E)
 <LI><a href="#[105]">motor::Motor::Set_Angle(float)</a> from rc_motor.o(.text._ZN5motor5Motor9Set_AngleEf) referenced from rc_motor.o(.rodata._ZTVN5motor5MotorE)
 <LI><a href="#[105]">motor::Motor::Set_Angle(float)</a> from rc_motor.o(.text._ZN5motor5Motor9Set_AngleEf) referenced from rc_dji_motor.o(.rodata._ZTVN5motor8DjiMotorE)
 <LI><a href="#[108]">motor::Motor::Set_K_Pos(float)</a> from rc_motor.o(.text._ZN5motor5Motor9Set_K_PosEf) referenced from rc_m2006.o(.rodata._ZTVN5motor5M2006E)
 <LI><a href="#[108]">motor::Motor::Set_K_Pos(float)</a> from rc_motor.o(.text._ZN5motor5Motor9Set_K_PosEf) referenced from rc_m3508.o(.rodata._ZTVN5motor5M3508E)
 <LI><a href="#[108]">motor::Motor::Set_K_Pos(float)</a> from rc_motor.o(.text._ZN5motor5Motor9Set_K_PosEf) referenced from rc_m6020.o(.rodata._ZTVN5motor5M6020E)
 <LI><a href="#[108]">motor::Motor::Set_K_Pos(float)</a> from rc_motor.o(.text._ZN5motor5Motor9Set_K_PosEf) referenced from rc_motor.o(.rodata._ZTVN5motor5MotorE)
 <LI><a href="#[108]">motor::Motor::Set_K_Pos(float)</a> from rc_motor.o(.text._ZN5motor5Motor9Set_K_PosEf) referenced from rc_dji_motor.o(.rodata._ZTVN5motor8DjiMotorE)
 <LI><a href="#[109]">motor::Motor::Set_K_Spd(float)</a> from rc_motor.o(.text._ZN5motor5Motor9Set_K_SpdEf) referenced from rc_m2006.o(.rodata._ZTVN5motor5M2006E)
 <LI><a href="#[109]">motor::Motor::Set_K_Spd(float)</a> from rc_motor.o(.text._ZN5motor5Motor9Set_K_SpdEf) referenced from rc_m3508.o(.rodata._ZTVN5motor5M3508E)
 <LI><a href="#[109]">motor::Motor::Set_K_Spd(float)</a> from rc_motor.o(.text._ZN5motor5Motor9Set_K_SpdEf) referenced from rc_m6020.o(.rodata._ZTVN5motor5M6020E)
 <LI><a href="#[109]">motor::Motor::Set_K_Spd(float)</a> from rc_motor.o(.text._ZN5motor5Motor9Set_K_SpdEf) referenced from rc_motor.o(.rodata._ZTVN5motor5MotorE)
 <LI><a href="#[109]">motor::Motor::Set_K_Spd(float)</a> from rc_motor.o(.text._ZN5motor5Motor9Set_K_SpdEf) referenced from rc_dji_motor.o(.rodata._ZTVN5motor8DjiMotorE)
 <LI><a href="#[125]">motor::Motor::~Motor__deallocating()</a> from rc_motor.o(.text._ZN5motor5MotorD0Ev) referenced from rc_motor.o(.rodata._ZTVN5motor5MotorE)
 <LI><a href="#[124]">motor::Motor::~Motor__sub_object()</a> from rc_motor.o(.text._ZN5motor5MotorD2Ev) referenced from rc_motor.o(.rodata._ZTVN5motor5MotorE)
 <LI><a href="#[128]">motor::DM4310::Set_Current(float)</a> from rc_dm4310.o(.text._ZN5motor6DM431011Set_CurrentEf) referenced from rc_dm4310.o(.rodata._ZTVN5motor6DM4310E)
 <LI><a href="#[12c]">motor::DM4310::Can_Tx_Process()</a> from rc_dm4310.o(.text._ZN5motor6DM431014Can_Tx_ProcessEv) referenced from rc_dm4310.o(.rodata._ZTVN5motor6DM4310E)
 <LI><a href="#[12e]">motor::DM4310::Tim_It_Process()</a> from rc_dm4310.o(.text._ZN5motor6DM431014Tim_It_ProcessEv) referenced from rc_dm4310.o(.rodata._ZTVN5motor6DM4310E)
 <LI><a href="#[12d]">motor::DM4310::Can_Rx_It_Process(unsigned int, unsigned char*)</a> from rc_dm4310.o(.text._ZN5motor6DM431017Can_Rx_It_ProcessEjPh) referenced from rc_dm4310.o(.rodata._ZTVN5motor6DM4310E)
 <LI><a href="#[12b]">motor::DM4310::CanHandler_Register()</a> from rc_dm4310.o(.text._ZN5motor6DM431019CanHandler_RegisterEv) referenced from rc_dm4310.o(.rodata._ZTVN5motor6DM4310E)
 <LI><a href="#[127]">motor::DM4310::Set_Angle(float)</a> from rc_dm4310.o(.text._ZN5motor6DM43109Set_AngleEf) referenced from rc_dm4310.o(.rodata._ZTVN5motor6DM4310E)
 <LI><a href="#[129]">motor::DM4310::Set_K_Pos(float)</a> from rc_dm4310.o(.text._ZN5motor6DM43109Set_K_PosEf) referenced from rc_dm4310.o(.rodata._ZTVN5motor6DM4310E)
 <LI><a href="#[12a]">motor::DM4310::Set_K_Spd(float)</a> from rc_dm4310.o(.text._ZN5motor6DM43109Set_K_SpdEf) referenced from rc_dm4310.o(.rodata._ZTVN5motor6DM4310E)
 <LI><a href="#[126]">motor::DM4310::~DM4310__deallocating()</a> from rc_dm4310.o(.text._ZN5motor6DM4310D0Ev) referenced from rc_dm4310.o(.rodata._ZTVN5motor6DM4310E)
 <LI><a href="#[a6]">motor::DM4310::~DM4310__sub_object()</a> from rc_dm4310.o(.text._ZN5motor6DM4310D2Ev) referenced from rc_dm4310.o(.rodata._ZTVN5motor6DM4310E)
 <LI><a href="#[a6]">motor::DM4310::~DM4310__sub_object()</a> from rc_dm4310.o(.text._ZN5motor6DM4310D2Ev) referenced 2 times from rc_init.o(.text.__cxx_global_var_init.14)
 <LI><a href="#[107]">motor::DjiMotor::Set_Torque(float)</a> from rc_dji_motor.o(.text._ZN5motor8DjiMotor10Set_TorqueEf) referenced from rc_m2006.o(.rodata._ZTVN5motor5M2006E)
 <LI><a href="#[107]">motor::DjiMotor::Set_Torque(float)</a> from rc_dji_motor.o(.text._ZN5motor8DjiMotor10Set_TorqueEf) referenced from rc_m6020.o(.rodata._ZTVN5motor5M6020E)
 <LI><a href="#[107]">motor::DjiMotor::Set_Torque(float)</a> from rc_dji_motor.o(.text._ZN5motor8DjiMotor10Set_TorqueEf) referenced from rc_dji_motor.o(.rodata._ZTVN5motor8DjiMotorE)
 <LI><a href="#[10d]">motor::DjiMotor::Can_Tx_Process()</a> from rc_dji_motor.o(.text._ZN5motor8DjiMotor14Can_Tx_ProcessEv) referenced from rc_m2006.o(.rodata._ZTVN5motor5M2006E)
 <LI><a href="#[10d]">motor::DjiMotor::Can_Tx_Process()</a> from rc_dji_motor.o(.text._ZN5motor8DjiMotor14Can_Tx_ProcessEv) referenced from rc_m3508.o(.rodata._ZTVN5motor5M3508E)
 <LI><a href="#[10d]">motor::DjiMotor::Can_Tx_Process()</a> from rc_dji_motor.o(.text._ZN5motor8DjiMotor14Can_Tx_ProcessEv) referenced from rc_m6020.o(.rodata._ZTVN5motor5M6020E)
 <LI><a href="#[10d]">motor::DjiMotor::Can_Tx_Process()</a> from rc_dji_motor.o(.text._ZN5motor8DjiMotor14Can_Tx_ProcessEv) referenced from rc_dji_motor.o(.rodata._ZTVN5motor8DjiMotorE)
 <LI><a href="#[10c]">motor::DjiMotor::Tim_It_Process()</a> from rc_dji_motor.o(.text._ZN5motor8DjiMotor14Tim_It_ProcessEv) referenced from rc_m2006.o(.rodata._ZTVN5motor5M2006E)
 <LI><a href="#[10c]">motor::DjiMotor::Tim_It_Process()</a> from rc_dji_motor.o(.text._ZN5motor8DjiMotor14Tim_It_ProcessEv) referenced from rc_m3508.o(.rodata._ZTVN5motor5M3508E)
 <LI><a href="#[10c]">motor::DjiMotor::Tim_It_Process()</a> from rc_dji_motor.o(.text._ZN5motor8DjiMotor14Tim_It_ProcessEv) referenced from rc_m6020.o(.rodata._ZTVN5motor5M6020E)
 <LI><a href="#[10c]">motor::DjiMotor::Tim_It_Process()</a> from rc_dji_motor.o(.text._ZN5motor8DjiMotor14Tim_It_ProcessEv) referenced from rc_dji_motor.o(.rodata._ZTVN5motor8DjiMotorE)
 <LI><a href="#[10e]">motor::DjiMotor::Can_Rx_It_Process(unsigned int, unsigned char*)</a> from rc_dji_motor.o(.text._ZN5motor8DjiMotor17Can_Rx_It_ProcessEjPh) referenced from rc_m2006.o(.rodata._ZTVN5motor5M2006E)
 <LI><a href="#[10e]">motor::DjiMotor::Can_Rx_It_Process(unsigned int, unsigned char*)</a> from rc_dji_motor.o(.text._ZN5motor8DjiMotor17Can_Rx_It_ProcessEjPh) referenced from rc_m3508.o(.rodata._ZTVN5motor5M3508E)
 <LI><a href="#[10e]">motor::DjiMotor::Can_Rx_It_Process(unsigned int, unsigned char*)</a> from rc_dji_motor.o(.text._ZN5motor8DjiMotor17Can_Rx_It_ProcessEjPh) referenced from rc_m6020.o(.rodata._ZTVN5motor5M6020E)
 <LI><a href="#[10e]">motor::DjiMotor::Can_Rx_It_Process(unsigned int, unsigned char*)</a> from rc_dji_motor.o(.text._ZN5motor8DjiMotor17Can_Rx_It_ProcessEjPh) referenced from rc_dji_motor.o(.rodata._ZTVN5motor8DjiMotorE)
 <LI><a href="#[10b]">motor::DjiMotor::CanHandler_Register()</a> from rc_dji_motor.o(.text._ZN5motor8DjiMotor19CanHandler_RegisterEv) referenced from rc_m2006.o(.rodata._ZTVN5motor5M2006E)
 <LI><a href="#[10b]">motor::DjiMotor::CanHandler_Register()</a> from rc_dji_motor.o(.text._ZN5motor8DjiMotor19CanHandler_RegisterEv) referenced from rc_m3508.o(.rodata._ZTVN5motor5M3508E)
 <LI><a href="#[10b]">motor::DjiMotor::CanHandler_Register()</a> from rc_dji_motor.o(.text._ZN5motor8DjiMotor19CanHandler_RegisterEv) referenced from rc_m6020.o(.rodata._ZTVN5motor5M6020E)
 <LI><a href="#[10b]">motor::DjiMotor::CanHandler_Register()</a> from rc_dji_motor.o(.text._ZN5motor8DjiMotor19CanHandler_RegisterEv) referenced from rc_dji_motor.o(.rodata._ZTVN5motor8DjiMotorE)
 <LI><a href="#[138]">motor::DjiMotor::~DjiMotor__deallocating()</a> from rc_dji_motor.o(.text._ZN5motor8DjiMotorD0Ev) referenced from rc_dji_motor.o(.rodata._ZTVN5motor8DjiMotorE)
 <LI><a href="#[137]">motor::DjiMotor::~DjiMotor__sub_object()</a> from rc_dji_motor.o(.text._ZN5motor8DjiMotorD2Ev) referenced from rc_dji_motor.o(.rodata._ZTVN5motor8DjiMotorE)
 <LI><a href="#[13e]">timer::Timer::Tim_It_Process()</a> from rc_timer.o(.text._ZN5timer5Timer14Tim_It_ProcessEv) referenced from rc_timer.o(.rodata._ZTVN5timer5TimerE)
 <LI><a href="#[13d]">timer::Timer::~Timer__deallocating()</a> from rc_timer.o(.text._ZN5timer5TimerD0Ev) referenced from rc_timer.o(.rodata._ZTVN5timer5TimerE)
 <LI><a href="#[a9]">timer::Timer::~Timer__sub_object()</a> from rc_timer.o(.text._ZN5timer5TimerD2Ev) referenced from rc_timer.o(.rodata._ZTVN5timer5TimerE)
 <LI><a href="#[a9]">timer::Timer::~Timer__sub_object()</a> from rc_timer.o(.text._ZN5timer5TimerD2Ev) referenced 2 times from rc_init.o(.text.__cxx_global_var_init.18)
 <LI><a href="#[141]">flysky::FlySky::EXTI_Prosess()</a> from rc_flysky.o(.text._ZN6flysky6FlySky12EXTI_ProsessEv) referenced from rc_flysky.o(.rodata._ZTVN6flysky6FlySkyE)
 <LI><a href="#[140]">flysky::FlySky::Task_Process()</a> from rc_flysky.o(.text._ZN6flysky6FlySky12Task_ProcessEv) referenced from rc_flysky.o(.rodata._ZTVN6flysky6FlySkyE)
 <LI><a href="#[13f]">flysky::FlySky::~FlySky__deallocating()</a> from rc_flysky.o(.text._ZN6flysky6FlySkyD0Ev) referenced from rc_flysky.o(.rodata._ZTVN6flysky6FlySkyE)
 <LI><a href="#[b2]">flysky::FlySky::~FlySky__sub_object()</a> from rc_flysky.o(.text._ZN6flysky6FlySkyD2Ev) referenced from rc_flysky.o(.rodata._ZTVN6flysky6FlySkyE)
 <LI><a href="#[b2]">flysky::FlySky::~FlySky__sub_object()</a> from rc_flysky.o(.text._ZN6flysky6FlySkyD2Ev) referenced 2 times from rc_init.o(.text.__cxx_global_var_init.25)
 <LI><a href="#[146]">serial::UartRx::~UartRx__deallocating()</a> from rc_serial_1.o(.text._ZN6serial6UartRxD0Ev) referenced from rc_serial_1.o(.rodata._ZTVN6serial6UartRxE)
 <LI><a href="#[145]">serial::UartRx::~UartRx__sub_object()</a> from rc_serial_1.o(.text._ZN6serial6UartRxD2Ev) referenced from rc_serial_1.o(.rodata._ZTVN6serial6UartRxE)
 <LI><a href="#[148]">chassis::OmniChassis::Task_Process()</a> from rc_chassis.o(.text._ZN7chassis11OmniChassis12Task_ProcessEv) referenced from rc_chassis.o(.rodata._ZTVN7chassis11OmniChassisE)
 <LI><a href="#[147]">chassis::OmniChassis::~OmniChassis__deallocating()</a> from rc_chassis.o(.text._ZN7chassis11OmniChassisD0Ev) referenced from rc_chassis.o(.rodata._ZTVN7chassis11OmniChassisE)
 <LI><a href="#[b1]">chassis::OmniChassis::~OmniChassis__sub_object()</a> from rc_chassis.o(.text._ZN7chassis11OmniChassisD2Ev) referenced from rc_chassis.o(.rodata._ZTVN7chassis11OmniChassisE)
 <LI><a href="#[b1]">chassis::OmniChassis::~OmniChassis__sub_object()</a> from rc_chassis.o(.text._ZN7chassis11OmniChassisD2Ev) referenced 2 times from rc_init.o(.text.__cxx_global_var_init.24)
 <LI><a href="#[149]">vector2d::Vector2D::~Vector2D__deallocating()</a> from rc_vector2d.o(.text._ZN8vector2d8Vector2DD0Ev) referenced from rc_vector2d.o(.rodata._ZTVN8vector2d8Vector2DE)
 <LI><a href="#[ac]">vector2d::Vector2D::~Vector2D__sub_object()</a> from rc_chassis.o(.text._ZN8vector2d8Vector2DD2Ev) referenced from rc_vector2d.o(.rodata._ZTVN8vector2d8Vector2DE)
 <LI><a href="#[ac]">vector2d::Vector2D::~Vector2D__sub_object()</a> from rc_chassis.o(.text._ZN8vector2d8Vector2DD2Ev) referenced 2 times from rc_path_task.o(.text.__cxx_global_var_init.2)
 <LI><a href="#[f2]">non-virtual thunk to motor::Go::Tim_It_Process()</a> from rc_go.o(.text._ZThn120_N5motor2Go14Tim_It_ProcessEv) referenced from rc_go.o(.rodata._ZTVN5motor2GoE)
 <LI><a href="#[f1]">non-virtual thunk to motor::Go::~Go__deallocating()</a> from rc_go.o(.text._ZThn120_N5motor2GoD0Ev) referenced from rc_go.o(.rodata._ZTVN5motor2GoE)
 <LI><a href="#[f0]">non-virtual thunk to motor::Go::~Go()</a> from rc_go.o(.text._ZThn120_N5motor2GoD1Ev) referenced from rc_go.o(.rodata._ZTVN5motor2GoE)
 <LI><a href="#[103]">non-virtual thunk to motor::J60::Tim_It_Process()</a> from rc_j60.o(.text._ZThn120_N5motor3J6014Tim_It_ProcessEv) referenced from rc_j60.o(.rodata._ZTVN5motor3J60E)
 <LI><a href="#[102]">non-virtual thunk to motor::J60::~J60__deallocating()</a> from rc_j60.o(.text._ZThn120_N5motor3J60D0Ev) referenced from rc_j60.o(.rodata._ZTVN5motor3J60E)
 <LI><a href="#[101]">non-virtual thunk to motor::J60::~J60()</a> from rc_j60.o(.text._ZThn120_N5motor3J60D1Ev) referenced from rc_j60.o(.rodata._ZTVN5motor3J60E)
 <LI><a href="#[115]">non-virtual thunk to motor::M2006::~M2006__deallocating()</a> from rc_m2006.o(.text._ZThn120_N5motor5M2006D0Ev) referenced from rc_m2006.o(.rodata._ZTVN5motor5M2006E)
 <LI><a href="#[114]">non-virtual thunk to motor::M2006::~M2006()</a> from rc_m2006.o(.text._ZThn120_N5motor5M2006D1Ev) referenced from rc_m2006.o(.rodata._ZTVN5motor5M2006E)
 <LI><a href="#[11d]">non-virtual thunk to motor::M3508::~M3508__deallocating()</a> from rc_m3508.o(.text._ZThn120_N5motor5M3508D0Ev) referenced from rc_m3508.o(.rodata._ZTVN5motor5M3508E)
 <LI><a href="#[11c]">non-virtual thunk to motor::M3508::~M3508()</a> from rc_m3508.o(.text._ZThn120_N5motor5M3508D1Ev) referenced from rc_m3508.o(.rodata._ZTVN5motor5M3508E)
 <LI><a href="#[123]">non-virtual thunk to motor::M6020::~M6020__deallocating()</a> from rc_m6020.o(.text._ZThn120_N5motor5M6020D0Ev) referenced from rc_m6020.o(.rodata._ZTVN5motor5M6020E)
 <LI><a href="#[122]">non-virtual thunk to motor::M6020::~M6020()</a> from rc_m6020.o(.text._ZThn120_N5motor5M6020D1Ev) referenced from rc_m6020.o(.rodata._ZTVN5motor5M6020E)
 <LI><a href="#[136]">non-virtual thunk to motor::DM4310::Tim_It_Process()</a> from rc_dm4310.o(.text._ZThn120_N5motor6DM431014Tim_It_ProcessEv) referenced from rc_dm4310.o(.rodata._ZTVN5motor6DM4310E)
 <LI><a href="#[135]">non-virtual thunk to motor::DM4310::~DM4310__deallocating()</a> from rc_dm4310.o(.text._ZThn120_N5motor6DM4310D0Ev) referenced from rc_dm4310.o(.rodata._ZTVN5motor6DM4310E)
 <LI><a href="#[134]">non-virtual thunk to motor::DM4310::~DM4310()</a> from rc_dm4310.o(.text._ZThn120_N5motor6DM4310D1Ev) referenced from rc_dm4310.o(.rodata._ZTVN5motor6DM4310E)
 <LI><a href="#[116]">non-virtual thunk to motor::DjiMotor::Tim_It_Process()</a> from rc_dji_motor.o(.text._ZThn120_N5motor8DjiMotor14Tim_It_ProcessEv) referenced from rc_m2006.o(.rodata._ZTVN5motor5M2006E)
 <LI><a href="#[116]">non-virtual thunk to motor::DjiMotor::Tim_It_Process()</a> from rc_dji_motor.o(.text._ZThn120_N5motor8DjiMotor14Tim_It_ProcessEv) referenced from rc_m3508.o(.rodata._ZTVN5motor5M3508E)
 <LI><a href="#[116]">non-virtual thunk to motor::DjiMotor::Tim_It_Process()</a> from rc_dji_motor.o(.text._ZThn120_N5motor8DjiMotor14Tim_It_ProcessEv) referenced from rc_m6020.o(.rodata._ZTVN5motor5M6020E)
 <LI><a href="#[116]">non-virtual thunk to motor::DjiMotor::Tim_It_Process()</a> from rc_dji_motor.o(.text._ZThn120_N5motor8DjiMotor14Tim_It_ProcessEv) referenced from rc_dji_motor.o(.rodata._ZTVN5motor8DjiMotorE)
 <LI><a href="#[13c]">non-virtual thunk to motor::DjiMotor::~DjiMotor__deallocating()</a> from rc_dji_motor.o(.text._ZThn120_N5motor8DjiMotorD0Ev) referenced from rc_dji_motor.o(.rodata._ZTVN5motor8DjiMotorE)
 <LI><a href="#[13b]">non-virtual thunk to motor::DjiMotor::~DjiMotor()</a> from rc_dji_motor.o(.text._ZThn120_N5motor8DjiMotorD1Ev) referenced from rc_dji_motor.o(.rodata._ZTVN5motor8DjiMotorE)
 <LI><a href="#[144]">non-virtual thunk to flysky::FlySky::EXTI_Prosess()</a> from rc_flysky.o(.text._ZThn12_N6flysky6FlySky12EXTI_ProsessEv) referenced from rc_flysky.o(.rodata._ZTVN6flysky6FlySkyE)
 <LI><a href="#[143]">non-virtual thunk to flysky::FlySky::~FlySky__deallocating()</a> from rc_flysky.o(.text._ZThn12_N6flysky6FlySkyD0Ev) referenced from rc_flysky.o(.rodata._ZTVN6flysky6FlySkyE)
 <LI><a href="#[142]">non-virtual thunk to flysky::FlySky::~FlySky()</a> from rc_flysky.o(.text._ZThn12_N6flysky6FlySkyD1Ev) referenced from rc_flysky.o(.rodata._ZTVN6flysky6FlySkyE)
 <LI><a href="#[ed]">non-virtual thunk to motor::Go::Can_Tx_Process()</a> from rc_go.o(.text._ZThn96_N5motor2Go14Can_Tx_ProcessEv) referenced from rc_go.o(.rodata._ZTVN5motor2GoE)
 <LI><a href="#[ee]">non-virtual thunk to motor::Go::Can_Rx_It_Process(unsigned int, unsigned char*)</a> from rc_go.o(.text._ZThn96_N5motor2Go17Can_Rx_It_ProcessEjPh) referenced from rc_go.o(.rodata._ZTVN5motor2GoE)
 <LI><a href="#[ef]">non-virtual thunk to motor::Go::CanHandler_Register()</a> from rc_go.o(.text._ZThn96_N5motor2Go19CanHandler_RegisterEv) referenced from rc_go.o(.rodata._ZTVN5motor2GoE)
 <LI><a href="#[ec]">non-virtual thunk to motor::Go::~Go__deallocating()</a> from rc_go.o(.text._ZThn96_N5motor2GoD0Ev) referenced from rc_go.o(.rodata._ZTVN5motor2GoE)
 <LI><a href="#[eb]">non-virtual thunk to motor::Go::~Go()</a> from rc_go.o(.text._ZThn96_N5motor2GoD1Ev) referenced from rc_go.o(.rodata._ZTVN5motor2GoE)
 <LI><a href="#[fe]">non-virtual thunk to motor::J60::Can_Tx_Process()</a> from rc_j60.o(.text._ZThn96_N5motor3J6014Can_Tx_ProcessEv) referenced from rc_j60.o(.rodata._ZTVN5motor3J60E)
 <LI><a href="#[ff]">non-virtual thunk to motor::J60::Can_Rx_It_Process(unsigned int, unsigned char*)</a> from rc_j60.o(.text._ZThn96_N5motor3J6017Can_Rx_It_ProcessEjPh) referenced from rc_j60.o(.rodata._ZTVN5motor3J60E)
 <LI><a href="#[100]">non-virtual thunk to motor::J60::CanHandler_Register()</a> from rc_j60.o(.text._ZThn96_N5motor3J6019CanHandler_RegisterEv) referenced from rc_j60.o(.rodata._ZTVN5motor3J60E)
 <LI><a href="#[fd]">non-virtual thunk to motor::J60::~J60__deallocating()</a> from rc_j60.o(.text._ZThn96_N5motor3J60D0Ev) referenced from rc_j60.o(.rodata._ZTVN5motor3J60E)
 <LI><a href="#[fc]">non-virtual thunk to motor::J60::~J60()</a> from rc_j60.o(.text._ZThn96_N5motor3J60D1Ev) referenced from rc_j60.o(.rodata._ZTVN5motor3J60E)
 <LI><a href="#[110]">non-virtual thunk to motor::M2006::~M2006__deallocating()</a> from rc_m2006.o(.text._ZThn96_N5motor5M2006D0Ev) referenced from rc_m2006.o(.rodata._ZTVN5motor5M2006E)
 <LI><a href="#[10f]">non-virtual thunk to motor::M2006::~M2006()</a> from rc_m2006.o(.text._ZThn96_N5motor5M2006D1Ev) referenced from rc_m2006.o(.rodata._ZTVN5motor5M2006E)
 <LI><a href="#[11b]">non-virtual thunk to motor::M3508::~M3508__deallocating()</a> from rc_m3508.o(.text._ZThn96_N5motor5M3508D0Ev) referenced from rc_m3508.o(.rodata._ZTVN5motor5M3508E)
 <LI><a href="#[11a]">non-virtual thunk to motor::M3508::~M3508()</a> from rc_m3508.o(.text._ZThn96_N5motor5M3508D1Ev) referenced from rc_m3508.o(.rodata._ZTVN5motor5M3508E)
 <LI><a href="#[121]">non-virtual thunk to motor::M6020::~M6020__deallocating()</a> from rc_m6020.o(.text._ZThn96_N5motor5M6020D0Ev) referenced from rc_m6020.o(.rodata._ZTVN5motor5M6020E)
 <LI><a href="#[120]">non-virtual thunk to motor::M6020::~M6020()</a> from rc_m6020.o(.text._ZThn96_N5motor5M6020D1Ev) referenced from rc_m6020.o(.rodata._ZTVN5motor5M6020E)
 <LI><a href="#[131]">non-virtual thunk to motor::DM4310::Can_Tx_Process()</a> from rc_dm4310.o(.text._ZThn96_N5motor6DM431014Can_Tx_ProcessEv) referenced from rc_dm4310.o(.rodata._ZTVN5motor6DM4310E)
 <LI><a href="#[132]">non-virtual thunk to motor::DM4310::Can_Rx_It_Process(unsigned int, unsigned char*)</a> from rc_dm4310.o(.text._ZThn96_N5motor6DM431017Can_Rx_It_ProcessEjPh) referenced from rc_dm4310.o(.rodata._ZTVN5motor6DM4310E)
 <LI><a href="#[133]">non-virtual thunk to motor::DM4310::CanHandler_Register()</a> from rc_dm4310.o(.text._ZThn96_N5motor6DM431019CanHandler_RegisterEv) referenced from rc_dm4310.o(.rodata._ZTVN5motor6DM4310E)
 <LI><a href="#[130]">non-virtual thunk to motor::DM4310::~DM4310__deallocating()</a> from rc_dm4310.o(.text._ZThn96_N5motor6DM4310D0Ev) referenced from rc_dm4310.o(.rodata._ZTVN5motor6DM4310E)
 <LI><a href="#[12f]">non-virtual thunk to motor::DM4310::~DM4310()</a> from rc_dm4310.o(.text._ZThn96_N5motor6DM4310D1Ev) referenced from rc_dm4310.o(.rodata._ZTVN5motor6DM4310E)
 <LI><a href="#[111]">non-virtual thunk to motor::DjiMotor::Can_Tx_Process()</a> from rc_dji_motor.o(.text._ZThn96_N5motor8DjiMotor14Can_Tx_ProcessEv) referenced from rc_m2006.o(.rodata._ZTVN5motor5M2006E)
 <LI><a href="#[111]">non-virtual thunk to motor::DjiMotor::Can_Tx_Process()</a> from rc_dji_motor.o(.text._ZThn96_N5motor8DjiMotor14Can_Tx_ProcessEv) referenced from rc_m3508.o(.rodata._ZTVN5motor5M3508E)
 <LI><a href="#[111]">non-virtual thunk to motor::DjiMotor::Can_Tx_Process()</a> from rc_dji_motor.o(.text._ZThn96_N5motor8DjiMotor14Can_Tx_ProcessEv) referenced from rc_m6020.o(.rodata._ZTVN5motor5M6020E)
 <LI><a href="#[111]">non-virtual thunk to motor::DjiMotor::Can_Tx_Process()</a> from rc_dji_motor.o(.text._ZThn96_N5motor8DjiMotor14Can_Tx_ProcessEv) referenced from rc_dji_motor.o(.rodata._ZTVN5motor8DjiMotorE)
 <LI><a href="#[112]">non-virtual thunk to motor::DjiMotor::Can_Rx_It_Process(unsigned int, unsigned char*)</a> from rc_dji_motor.o(.text._ZThn96_N5motor8DjiMotor17Can_Rx_It_ProcessEjPh) referenced from rc_m2006.o(.rodata._ZTVN5motor5M2006E)
 <LI><a href="#[112]">non-virtual thunk to motor::DjiMotor::Can_Rx_It_Process(unsigned int, unsigned char*)</a> from rc_dji_motor.o(.text._ZThn96_N5motor8DjiMotor17Can_Rx_It_ProcessEjPh) referenced from rc_m3508.o(.rodata._ZTVN5motor5M3508E)
 <LI><a href="#[112]">non-virtual thunk to motor::DjiMotor::Can_Rx_It_Process(unsigned int, unsigned char*)</a> from rc_dji_motor.o(.text._ZThn96_N5motor8DjiMotor17Can_Rx_It_ProcessEjPh) referenced from rc_m6020.o(.rodata._ZTVN5motor5M6020E)
 <LI><a href="#[112]">non-virtual thunk to motor::DjiMotor::Can_Rx_It_Process(unsigned int, unsigned char*)</a> from rc_dji_motor.o(.text._ZThn96_N5motor8DjiMotor17Can_Rx_It_ProcessEjPh) referenced from rc_dji_motor.o(.rodata._ZTVN5motor8DjiMotorE)
 <LI><a href="#[113]">non-virtual thunk to motor::DjiMotor::CanHandler_Register()</a> from rc_dji_motor.o(.text._ZThn96_N5motor8DjiMotor19CanHandler_RegisterEv) referenced from rc_m2006.o(.rodata._ZTVN5motor5M2006E)
 <LI><a href="#[113]">non-virtual thunk to motor::DjiMotor::CanHandler_Register()</a> from rc_dji_motor.o(.text._ZThn96_N5motor8DjiMotor19CanHandler_RegisterEv) referenced from rc_m3508.o(.rodata._ZTVN5motor5M3508E)
 <LI><a href="#[113]">non-virtual thunk to motor::DjiMotor::CanHandler_Register()</a> from rc_dji_motor.o(.text._ZThn96_N5motor8DjiMotor19CanHandler_RegisterEv) referenced from rc_m6020.o(.rodata._ZTVN5motor5M6020E)
 <LI><a href="#[113]">non-virtual thunk to motor::DjiMotor::CanHandler_Register()</a> from rc_dji_motor.o(.text._ZThn96_N5motor8DjiMotor19CanHandler_RegisterEv) referenced from rc_dji_motor.o(.rodata._ZTVN5motor8DjiMotorE)
 <LI><a href="#[13a]">non-virtual thunk to motor::DjiMotor::~DjiMotor__deallocating()</a> from rc_dji_motor.o(.text._ZThn96_N5motor8DjiMotorD0Ev) referenced from rc_dji_motor.o(.rodata._ZTVN5motor8DjiMotorE)
 <LI><a href="#[139]">non-virtual thunk to motor::DjiMotor::~DjiMotor()</a> from rc_dji_motor.o(.text._ZThn96_N5motor8DjiMotorD1Ev) referenced from rc_dji_motor.o(.rodata._ZTVN5motor8DjiMotorE)
 <LI><a href="#[c2]">__cxa_pure_virtual</a> from cxa_virtual.cpp.o(.text.__cxa_pure_virtual) referenced 3 times from rc_can_1.o(.rodata._ZTVN3can10CanHandlerE)
 <LI><a href="#[c2]">__cxa_pure_virtual</a> from cxa_virtual.cpp.o(.text.__cxa_pure_virtual) referenced from rc_cdc_1.o(.rodata._ZTVN3cdc10CDCHandlerE)
 <LI><a href="#[c2]">__cxa_pure_virtual</a> from cxa_virtual.cpp.o(.text.__cxa_pure_virtual) referenced from rc_tim_1.o(.rodata._ZTVN3tim10TimHandlerE)
 <LI><a href="#[c2]">__cxa_pure_virtual</a> from cxa_virtual.cpp.o(.text.__cxa_pure_virtual) referenced from rc_gpio_exti_1.o(.rodata._ZTVN4gpio8GpioExtiE)
 <LI><a href="#[c2]">__cxa_pure_virtual</a> from cxa_virtual.cpp.o(.text.__cxa_pure_virtual) referenced from rc_task_1.o(.rodata._ZTVN4task11ManagedTaskE)
 <LI><a href="#[c2]">__cxa_pure_virtual</a> from cxa_virtual.cpp.o(.text.__cxa_pure_virtual) referenced from rc_dji_motor.o(.rodata._ZTVN5motor8DjiMotorE)
 <LI><a href="#[c2]">__cxa_pure_virtual</a> from cxa_virtual.cpp.o(.text.__cxa_pure_virtual) referenced from rc_serial_1.o(.rodata._ZTVN6serial6UartRxE)
 <LI><a href="#[95]">__main</a> from __main.o(!!!main) referenced from startup_stm32h723xx.o(.text)
 <LI><a href="#[98]">_get_lc_ctype</a> from lc_ctype_c.o(locale$$code) referenced from rt_ctype_table.o(.text)
 <LI><a href="#[97]">_printf_input_char</a> from _printf_char_common.o(.text) referenced from _printf_char_common.o(.text)
 <LI><a href="#[96]">_snputc</a> from _snputc.o(.text) referenced from vsnprintf.o(.text)
 <LI><a href="#[bc]">prvIdleTask</a> from tasks.o(.text.prvIdleTask) referenced 2 times from tasks.o(.text.vTaskStartScheduler)
 <LI><a href="#[bb]">prvTaskExitError</a> from port.o(.text.prvTaskExitError) referenced 2 times from port.o(.text.pxPortInitialiseStack)
 <LI><a href="#[bd]">prvTimerTask</a> from timers.o(.text.prvTimerTask) referenced 2 times from timers.o(.text.xTimerCreateTimerTask)
</UL>
<P>
<H3>
Global Symbols
</H3>
<P><STRONG><a name="[95]"></a>__main</STRONG> (Thumb, 8 bytes, Stack size 0 bytes, __main.o(!!!main))
<BR><BR>[Calls]<UL><LI><a href="#[168]">&gt;&gt;</a>&nbsp;&nbsp;&nbsp;__rt_entry
<LI><a href="#[167]">&gt;&gt;</a>&nbsp;&nbsp;&nbsp;__scatterload
</UL>
<BR>[Address Reference Count : 1]<UL><LI> startup_stm32h723xx.o(.text)
</UL>
<P><STRONG><a name="[167]"></a>__scatterload</STRONG> (Thumb, 0 bytes, Stack size unknown bytes, __scatter.o(!!!scatter))
<BR><BR>[Called By]<UL><LI><a href="#[95]">&gt;&gt;</a>&nbsp;&nbsp;&nbsp;__main
</UL>

<P><STRONG><a name="[169]"></a>__scatterload_rt2</STRONG> (Thumb, 84 bytes, Stack size unknown bytes, __scatter.o(!!!scatter), UNUSED)
<BR><BR>[Calls]<UL><LI><a href="#[168]">&gt;&gt;</a>&nbsp;&nbsp;&nbsp;__rt_entry
</UL>

<P><STRONG><a name="[413]"></a>__scatterload_rt2_thumb_only</STRONG> (Thumb, 0 bytes, Stack size unknown bytes, __scatter.o(!!!scatter), UNUSED)

<P><STRONG><a name="[414]"></a>__scatterload_loop</STRONG> (Thumb, 0 bytes, Stack size unknown bytes, __scatter.o(!!!scatter), UNUSED)

<P><STRONG><a name="[16a]"></a>__scatterload_copy</STRONG> (Thumb, 26 bytes, Stack size unknown bytes, __scatter_copy.o(!!handler_copy), UNUSED)
<BR><BR>[Calls]<UL><LI><a href="#[16a]">&gt;&gt;</a>&nbsp;&nbsp;&nbsp;__scatterload_copy
</UL>
<BR>[Called By]<UL><LI><a href="#[16a]">&gt;&gt;</a>&nbsp;&nbsp;&nbsp;__scatterload_copy
</UL>

<P><STRONG><a name="[415]"></a>__scatterload_null</STRONG> (Thumb, 2 bytes, Stack size unknown bytes, __scatter.o(!!handler_null), UNUSED)

<P><STRONG><a name="[416]"></a>__scatterload_zeroinit</STRONG> (Thumb, 28 bytes, Stack size unknown bytes, __scatter_zi.o(!!handler_zi), UNUSED)

<P><STRONG><a name="[16b]"></a>_printf_n</STRONG> (Thumb, 0 bytes, Stack size unknown bytes, _printf_n.o(.ARM.Collect$$_printf_percent$$00000001))
<BR><BR>[Calls]<UL><LI><a href="#[16c]">&gt;&gt;</a>&nbsp;&nbsp;&nbsp;_printf_charcount
</UL>

<P><STRONG><a name="[1c0]"></a>_printf_percent</STRONG> (Thumb, 0 bytes, Stack size unknown bytes, _printf_percent.o(.ARM.Collect$$_printf_percent$$00000000))
<BR><BR>[Called By]<UL><LI><a href="#[1b9]">&gt;&gt;</a>&nbsp;&nbsp;&nbsp;__printf
</UL>

<P><STRONG><a name="[16d]"></a>_printf_p</STRONG> (Thumb, 0 bytes, Stack size unknown bytes, _printf_p.o(.ARM.Collect$$_printf_percent$$00000002))
<BR><BR>[Stack]<UL><LI>Max Depth = 64 + Unknown Stack Size
<LI>Call Chain = _printf_p &rArr; _printf_hex_ptr &rArr; _printf_longlong_hex &rArr; _printf_int_common &rArr; _printf_post_padding
</UL>
<BR>[Calls]<UL><LI><a href="#[16e]">&gt;&gt;</a>&nbsp;&nbsp;&nbsp;_printf_hex_ptr
</UL>

<P><STRONG><a name="[16f]"></a>_printf_f</STRONG> (Thumb, 0 bytes, Stack size unknown bytes, _printf_f.o(.ARM.Collect$$_printf_percent$$00000003))
<BR><BR>[Stack]<UL><LI>Max Depth = 324 + Unknown Stack Size
<LI>Call Chain = _printf_f &rArr; _printf_fp_dec &rArr; _printf_fp_dec_real &rArr; _fp_digits &rArr; _btod_etento &rArr; _btod_emul &rArr; _e2e
</UL>
<BR>[Calls]<UL><LI><a href="#[170]">&gt;&gt;</a>&nbsp;&nbsp;&nbsp;_printf_fp_dec
</UL>

<P><STRONG><a name="[171]"></a>_printf_e</STRONG> (Thumb, 0 bytes, Stack size unknown bytes, _printf_e.o(.ARM.Collect$$_printf_percent$$00000004))
<BR><BR>[Stack]<UL><LI>Max Depth = 324 + Unknown Stack Size
<LI>Call Chain = _printf_e &rArr; _printf_fp_dec &rArr; _printf_fp_dec_real &rArr; _fp_digits &rArr; _btod_etento &rArr; _btod_emul &rArr; _e2e
</UL>
<BR>[Calls]<UL><LI><a href="#[170]">&gt;&gt;</a>&nbsp;&nbsp;&nbsp;_printf_fp_dec
</UL>

<P><STRONG><a name="[172]"></a>_printf_g</STRONG> (Thumb, 0 bytes, Stack size unknown bytes, _printf_g.o(.ARM.Collect$$_printf_percent$$00000005))
<BR><BR>[Stack]<UL><LI>Max Depth = 324 + Unknown Stack Size
<LI>Call Chain = _printf_g &rArr; _printf_fp_dec &rArr; _printf_fp_dec_real &rArr; _fp_digits &rArr; _btod_etento &rArr; _btod_emul &rArr; _e2e
</UL>
<BR>[Calls]<UL><LI><a href="#[170]">&gt;&gt;</a>&nbsp;&nbsp;&nbsp;_printf_fp_dec
</UL>

<P><STRONG><a name="[173]"></a>_printf_a</STRONG> (Thumb, 0 bytes, Stack size unknown bytes, _printf_a.o(.ARM.Collect$$_printf_percent$$00000006))
<BR><BR>[Stack]<UL><LI>Max Depth = 112 + Unknown Stack Size
<LI>Call Chain = _printf_a &rArr; _printf_fp_hex &rArr; _printf_fp_hex_real &rArr; _printf_fp_infnan &rArr; _printf_post_padding
</UL>
<BR>[Calls]<UL><LI><a href="#[174]">&gt;&gt;</a>&nbsp;&nbsp;&nbsp;_printf_fp_hex
</UL>

<P><STRONG><a name="[417]"></a>_printf_ll</STRONG> (Thumb, 0 bytes, Stack size unknown bytes, _printf_ll.o(.ARM.Collect$$_printf_percent$$00000007))

<P><STRONG><a name="[175]"></a>_printf_i</STRONG> (Thumb, 0 bytes, Stack size unknown bytes, _printf_i.o(.ARM.Collect$$_printf_percent$$00000008))
<BR><BR>[Stack]<UL><LI>Max Depth = 72 + Unknown Stack Size
<LI>Call Chain = _printf_i &rArr; _printf_int_dec &rArr; _printf_int_common &rArr; _printf_post_padding
</UL>
<BR>[Calls]<UL><LI><a href="#[176]">&gt;&gt;</a>&nbsp;&nbsp;&nbsp;_printf_int_dec
</UL>

<P><STRONG><a name="[177]"></a>_printf_d</STRONG> (Thumb, 0 bytes, Stack size unknown bytes, _printf_d.o(.ARM.Collect$$_printf_percent$$00000009))
<BR><BR>[Stack]<UL><LI>Max Depth = 72 + Unknown Stack Size
<LI>Call Chain = _printf_d &rArr; _printf_int_dec &rArr; _printf_int_common &rArr; _printf_post_padding
</UL>
<BR>[Calls]<UL><LI><a href="#[176]">&gt;&gt;</a>&nbsp;&nbsp;&nbsp;_printf_int_dec
</UL>

<P><STRONG><a name="[178]"></a>_printf_u</STRONG> (Thumb, 0 bytes, Stack size unknown bytes, _printf_u.o(.ARM.Collect$$_printf_percent$$0000000A))
<BR><BR>[Stack]<UL><LI>Max Depth = 72 + Unknown Stack Size
<LI>Call Chain = _printf_u &rArr; _printf_int_dec &rArr; _printf_int_common &rArr; _printf_post_padding
</UL>
<BR>[Calls]<UL><LI><a href="#[176]">&gt;&gt;</a>&nbsp;&nbsp;&nbsp;_printf_int_dec
</UL>

<P><STRONG><a name="[179]"></a>_printf_o</STRONG> (Thumb, 0 bytes, Stack size unknown bytes, _printf_o.o(.ARM.Collect$$_printf_percent$$0000000B))
<BR><BR>[Stack]<UL><LI>Max Depth = 64 + Unknown Stack Size
<LI>Call Chain = _printf_o &rArr; _printf_int_oct &rArr; _printf_longlong_oct &rArr; _printf_int_common &rArr; _printf_post_padding
</UL>
<BR>[Calls]<UL><LI><a href="#[17a]">&gt;&gt;</a>&nbsp;&nbsp;&nbsp;_printf_int_oct
</UL>

<P><STRONG><a name="[17b]"></a>_printf_x</STRONG> (Thumb, 0 bytes, Stack size unknown bytes, _printf_x.o(.ARM.Collect$$_printf_percent$$0000000C))
<BR><BR>[Stack]<UL><LI>Max Depth = 80 + Unknown Stack Size
<LI>Call Chain = _printf_x &rArr; _printf_int_hex &rArr; _printf_longlong_hex &rArr; _printf_int_common &rArr; _printf_post_padding
</UL>
<BR>[Calls]<UL><LI><a href="#[17c]">&gt;&gt;</a>&nbsp;&nbsp;&nbsp;_printf_int_hex
</UL>

<P><STRONG><a name="[17d]"></a>_printf_lli</STRONG> (Thumb, 0 bytes, Stack size unknown bytes, _printf_lli.o(.ARM.Collect$$_printf_percent$$0000000D))
<BR><BR>[Stack]<UL><LI>Max Depth = 72 + Unknown Stack Size
<LI>Call Chain = _printf_lli &rArr; _printf_longlong_dec &rArr; _printf_int_common &rArr; _printf_post_padding
</UL>
<BR>[Calls]<UL><LI><a href="#[17e]">&gt;&gt;</a>&nbsp;&nbsp;&nbsp;_printf_longlong_dec
</UL>

<P><STRONG><a name="[17f]"></a>_printf_lld</STRONG> (Thumb, 0 bytes, Stack size unknown bytes, _printf_lld.o(.ARM.Collect$$_printf_percent$$0000000E))
<BR><BR>[Stack]<UL><LI>Max Depth = 72 + Unknown Stack Size
<LI>Call Chain = _printf_lld &rArr; _printf_longlong_dec &rArr; _printf_int_common &rArr; _printf_post_padding
</UL>
<BR>[Calls]<UL><LI><a href="#[17e]">&gt;&gt;</a>&nbsp;&nbsp;&nbsp;_printf_longlong_dec
</UL>

<P><STRONG><a name="[180]"></a>_printf_llu</STRONG> (Thumb, 0 bytes, Stack size unknown bytes, _printf_llu.o(.ARM.Collect$$_printf_percent$$0000000F))
<BR><BR>[Stack]<UL><LI>Max Depth = 72 + Unknown Stack Size
<LI>Call Chain = _printf_llu &rArr; _printf_longlong_dec &rArr; _printf_int_common &rArr; _printf_post_padding
</UL>
<BR>[Calls]<UL><LI><a href="#[17e]">&gt;&gt;</a>&nbsp;&nbsp;&nbsp;_printf_longlong_dec
</UL>

<P><STRONG><a name="[181]"></a>_printf_llo</STRONG> (Thumb, 0 bytes, Stack size unknown bytes, _printf_llo.o(.ARM.Collect$$_printf_percent$$00000010))
<BR><BR>[Stack]<UL><LI>Max Depth = 56 + Unknown Stack Size
<LI>Call Chain = _printf_llo &rArr; _printf_ll_oct &rArr; _printf_longlong_oct &rArr; _printf_int_common &rArr; _printf_post_padding
</UL>
<BR>[Calls]<UL><LI><a href="#[182]">&gt;&gt;</a>&nbsp;&nbsp;&nbsp;_printf_ll_oct
</UL>

<P><STRONG><a name="[183]"></a>_printf_llx</STRONG> (Thumb, 0 bytes, Stack size unknown bytes, _printf_llx.o(.ARM.Collect$$_printf_percent$$00000011))
<BR><BR>[Stack]<UL><LI>Max Depth = 64 + Unknown Stack Size
<LI>Call Chain = _printf_llx &rArr; _printf_ll_hex &rArr; _printf_longlong_hex &rArr; _printf_int_common &rArr; _printf_post_padding
</UL>
<BR>[Calls]<UL><LI><a href="#[184]">&gt;&gt;</a>&nbsp;&nbsp;&nbsp;_printf_ll_hex
</UL>

<P><STRONG><a name="[418]"></a>_printf_l</STRONG> (Thumb, 0 bytes, Stack size unknown bytes, _printf_l.o(.ARM.Collect$$_printf_percent$$00000012))

[...]
<BR>[Calls]<UL><LI><a href="#[3a3]">&gt;&gt;</a>&nbsp;&nbsp;&nbsp;motor::M3508::M3508(unsigned char, can::Can&, tim::Tim&)
<LI><a href="#[1a6]">&gt;&gt;</a>&nbsp;&nbsp;&nbsp;__cxa_atexit
</UL>
<BR>[Called By]<UL><LI><a href="#[14e]">&gt;&gt;</a>&nbsp;&nbsp;&nbsp;_GLOBAL__sub_I_RC_init.cpp
</UL>

<P><STRONG><a name="[304]"></a>__cxx_global_var_init.12</STRONG> (Thumb, 62 bytes, Stack size 16 bytes, rc_init.o(.text.__cxx_global_var_init.12))
<BR><BR>[Stack]<UL><LI>Max Depth = 160<LI>Call Chain = __cxx_global_var_init.12 &rArr; motor::M3508::M3508(unsigned char, can::Can&, tim::Tim&) &rArr; pid::Pid::Pid_Param_Init(float, float, float, float, float, float, float, float, float, float, float, float, float) &rArr; filter::TD::TD_Init(float, float, float)
</UL>
<BR>[Calls]<UL><LI><a href="#[3a3]">&gt;&gt;</a>&nbsp;&nbsp;&nbsp;motor::M3508::M3508(unsigned char, can::Can&, tim::Tim&)
<LI><a href="#[1a6]">&gt;&gt;</a>&nbsp;&nbsp;&nbsp;__cxa_atexit
</UL>
<BR>[Called By]<UL><LI><a href="#[14e]">&gt;&gt;</a>&nbsp;&nbsp;&nbsp;_GLOBAL__sub_I_RC_init.cpp
</UL>

<P><STRONG><a name="[305]"></a>__cxx_global_var_init.13</STRONG> (Thumb, 62 bytes, Stack size 16 bytes, rc_init.o(.text.__cxx_global_var_init.13))
<BR><BR>[Stack]<UL><LI>Max Depth = 152<LI>Call Chain = __cxx_global_var_init.13 &rArr; motor::M2006::M2006(unsigned char, can::Can&, tim::Tim&) &rArr; pid::Pid::Pid_Param_Init(float, float, float, float, float, float, float, float, float, float, float, float, float) &rArr; filter::TD::TD_Init(float, float, float)
</UL>
<BR>[Calls]<UL><LI><a href="#[3a1]">&gt;&gt;</a>&nbsp;&nbsp;&nbsp;motor::M2006::M2006(unsigned char, can::Can&, tim::Tim&)
<LI><a href="#[1a6]">&gt;&gt;</a>&nbsp;&nbsp;&nbsp;__cxa_atexit
</UL>
<BR>[Called By]<UL><LI><a href="#[14e]">&gt;&gt;</a>&nbsp;&nbsp;&nbsp;_GLOBAL__sub_I_RC_init.cpp
</UL>

<P><STRONG><a name="[306]"></a>__cxx_global_var_init.14</STRONG> (Thumb, 76 bytes, Stack size 16 bytes, rc_init.o(.text.__cxx_global_var_init.14))
<BR><BR>[Stack]<UL><LI>Max Depth = 184<LI>Call Chain = __cxx_global_var_init.14 &rArr; motor::DM4310::DM4310(unsigned char, can::Can&, tim::Tim&, bool, float, float) &rArr; pid::Pid::Pid_Param_Init(float, float, float, float, float, float, float, float, float, float, float, float, float) &rArr; filter::TD::TD_Init(float, float, float)
</UL>
<BR>[Calls]<UL><LI><a href="#[3a7]">&gt;&gt;</a>&nbsp;&nbsp;&nbsp;motor::DM4310::DM4310(unsigned char, can::Can&, tim::Tim&, bool, float, float)
<LI><a href="#[1a6]">&gt;&gt;</a>&nbsp;&nbsp;&nbsp;__cxa_atexit
</UL>
<BR>[Called By]<UL><LI><a href="#[14e]">&gt;&gt;</a>&nbsp;&nbsp;&nbsp;_GLOBAL__sub_I_RC_init.cpp
</UL>

<P><STRONG><a name="[307]"></a>__cxx_global_var_init.15</STRONG> (Thumb, 76 bytes, Stack size 16 bytes, rc_init.o(.text.__cxx_global_var_init.15))
<BR><BR>[Stack]<UL><LI>Max Depth = 176<LI>Call Chain = __cxx_global_var_init.15 &rArr; motor::J60::J60(unsigned char, can::Can&, tim::Tim&, bool, float, float) &rArr; pid::Pid::Pid_Param_Init(float, float, float, float, float, float, float, float, float, float, float, float, float) &rArr; filter::TD::TD_Init(float, float, float)
</UL>
<BR>[Calls]<UL><LI><a href="#[3a0]">&gt;&gt;</a>&nbsp;&nbsp;&nbsp;motor::J60::J60(unsigned char, can::Can&, tim::Tim&, bool, float, float)
<LI><a href="#[1a6]">&gt;&gt;</a>&nbsp;&nbsp;&nbsp;__cxa_atexit
</UL>
<BR>[Called By]<UL><LI><a href="#[14e]">&gt;&gt;</a>&nbsp;&nbsp;&nbsp;_GLOBAL__sub_I_RC_init.cpp
</UL>

<P><STRONG><a name="[308]"></a>__cxx_global_var_init.16</STRONG> (Thumb, 80 bytes, Stack size 24 bytes, rc_init.o(.text.__cxx_global_var_init.16))
<BR><BR>[Stack]<UL><LI>Max Depth = 176<LI>Call Chain = __cxx_global_var_init.16 &rArr; motor::Go::Go(unsigned char, unsigned char, can::Can&, tim::Tim&, bool, float, float) &rArr; pid::Pid::Pid_Param_Init(float, float, float, float, float, float, float, float, float, float, float, float, float) &rArr; filter::TD::TD_Init(float, float, float)
</UL>
<BR>[Calls]<UL><LI><a href="#[39c]">&gt;&gt;</a>&nbsp;&nbsp;&nbsp;motor::Go::Go(unsigned char, unsigned char, can::Can&, tim::Tim&, bool, float, float)
<LI><a href="#[1a6]">&gt;&gt;</a>&nbsp;&nbsp;&nbsp;__cxa_atexit
</UL>
<BR>[Called By]<UL><LI><a href="#[14e]">&gt;&gt;</a>&nbsp;&nbsp;&nbsp;_GLOBAL__sub_I_RC_init.cpp
</UL>

<P><STRONG><a name="[309]"></a>__cxx_global_var_init.17</STRONG> (Thumb, 80 bytes, Stack size 24 bytes, rc_init.o(.text.__cxx_global_var_init.17))
<BR><BR>[Stack]<UL><LI>Max Depth = 176<LI>Call Chain = __cxx_global_var_init.17 &rArr; motor::Go::Go(unsigned char, unsigned char, can::Can&, tim::Tim&, bool, float, float) &rArr; pid::Pid::Pid_Param_Init(float, float, float, float, float, float, float, float, float, float, float, float, float) &rArr; filter::TD::TD_Init(float, float, float)
</UL>
<BR>[Calls]<UL><LI><a href="#[39c]">&gt;&gt;</a>&nbsp;&nbsp;&nbsp;motor::Go::Go(unsigned char, unsigned char, can::Can&, tim::Tim&, bool, float, float)
<LI><a href="#[1a6]">&gt;&gt;</a>&nbsp;&nbsp;&nbsp;__cxa_atexit
</UL>
<BR>[Called By]<UL><LI><a href="#[14e]">&gt;&gt;</a>&nbsp;&nbsp;&nbsp;_GLOBAL__sub_I_RC_init.cpp
</UL>

<P><STRONG><a name="[30a]"></a>__cxx_global_var_init.18</STRONG> (Thumb, 52 bytes, Stack size 16 bytes, rc_init.o(.text.__cxx_global_var_init.18))
<BR><BR>[Stack]<UL><LI>Max Depth = 92<LI>Call Chain = __cxx_global_var_init.18 &rArr; timer::Timer::Timer(tim::Tim&) &rArr; tim::TimHandler::TimHandler__sub_object(tim::Tim&) &rArr; tim::Tim::Add_TimHandle(tim::TimHandler*) &rArr; Error_Handler
</UL>
<BR>[Calls]<UL><LI><a href="#[3a9]">&gt;&gt;</a>&nbsp;&nbsp;&nbsp;timer::Timer::Timer(tim::Tim&)
<LI><a href="#[1a6]">&gt;&gt;</a>&nbsp;&nbsp;&nbsp;__cxa_atexit
</UL>
<BR>[Called By]<UL><LI><a href="#[14e]">&gt;&gt;</a>&nbsp;&nbsp;&nbsp;_GLOBAL__sub_I_RC_init.cpp
</UL>

<P><STRONG><a name="[30b]"></a>__cxx_global_var_init.19</STRONG> (Thumb, 52 bytes, Stack size 16 bytes, rc_init.o(.text.__cxx_global_var_init.19))
<BR><BR>[Stack]<UL><LI>Max Depth = 192<LI>Call Chain = __cxx_global_var_init.19 &rArr; path::PathPlan::PathPlan(float, float) &rArr; pid::Pid::Pid_Param_Init(float, float, float, float, float, float, float, float, float, float, float, float, float) &rArr; filter::TD::TD_Init(float, float, float)
</UL>
<BR>[Calls]<UL><LI><a href="#[38d]">&gt;&gt;</a>&nbsp;&nbsp;&nbsp;path::PathPlan::PathPlan(float, float)
<LI><a href="#[1a6]">&gt;&gt;</a>&nbsp;&nbsp;&nbsp;__cxa_atexit
</UL>
<BR>[Called By]<UL><LI><a href="#[14e]">&gt;&gt;</a>&nbsp;&nbsp;&nbsp;_GLOBAL__sub_I_RC_init.cpp
</UL>

<P><STRONG><a name="[30c]"></a>__cxx_global_var_init.20</STRONG> (Thumb, 44 bytes, Stack size 16 bytes, rc_init.o(.text.__cxx_global_var_init.20))
<BR><BR>[Stack]<UL><LI>Max Depth = 88<LI>Call Chain = __cxx_global_var_init.20 &rArr; __cxa_atexit &rArr; __aeabi_atexit &rArr; malloc &rArr; __Heap_Full &rArr; __Heap_ProvideMemory &rArr; free
</UL>
<BR>[Calls]<UL><LI><a href="#[3bd]">&gt;&gt;</a>&nbsp;&nbsp;&nbsp;arm::ArmDynamics::ArmDynamics()
<LI><a href="#[1a6]">&gt;&gt;</a>&nbsp;&nbsp;&nbsp;__cxa_atexit
</UL>
<BR>[Called By]<UL><LI><a href="#[14e]">&gt;&gt;</a>&nbsp;&nbsp;&nbsp;_GLOBAL__sub_I_RC_init.cpp
</UL>

<P><STRONG><a name="[30d]"></a>__cxx_global_var_init.21</STRONG> (Thumb, 54 bytes, Stack size 16 bytes, rc_init.o(.text.__cxx_global_var_init.21))
<BR><BR>[Stack]<UL><LI>Max Depth = 88<LI>Call Chain = __cxx_global_var_init.21 &rArr; __cxa_atexit &rArr; __aeabi_atexit &rArr; malloc &rArr; __Heap_Full &rArr; __Heap_ProvideMemory &rArr; free
</UL>
<BR>[Calls]<UL><LI><a href="#[354]">&gt;&gt;</a>&nbsp;&nbsp;&nbsp;ros::Radar::Radar(cdc::CDC&, unsigned char)
<LI><a href="#[1a6]">&gt;&gt;</a>&nbsp;&nbsp;&nbsp;__cxa_atexit
</UL>
<BR>[Called By]<UL><LI><a href="#[14e]">&gt;&gt;</a>&nbsp;&nbsp;&nbsp;_GLOBAL__sub_I_RC_init.cpp
</UL>

<P><STRONG><a name="[30e]"></a>__cxx_global_var_init.22</STRONG> (Thumb, 54 bytes, Stack size 16 bytes, rc_init.o(.text.__cxx_global_var_init.22))
<BR><BR>[Stack]<UL><LI>Max Depth = 100<LI>Call Chain = __cxx_global_var_init.22 &rArr; ros::Map::Map(cdc::CDC&, unsigned char) &rArr; cdc::CDCHandler::CDCHandler__sub_object(cdc::CDC&, unsigned char) &rArr; cdc::CDC::CDC_Register_Handler(cdc::CDCHandler*)
</UL>
<BR>[Calls]<UL><LI><a href="#[353]">&gt;&gt;</a>&nbsp;&nbsp;&nbsp;ros::Map::Map(cdc::CDC&, unsigned char)
<LI><a href="#[1a6]">&gt;&gt;</a>&nbsp;&nbsp;&nbsp;__cxa_atexit
</UL>
<BR>[Called By]<UL><LI><a href="#[14e]">&gt;&gt;</a>&nbsp;&nbsp;&nbsp;_GLOBAL__sub_I_RC_init.cpp
</UL>

<P><STRONG><a name="[30f]"></a>__cxx_global_var_init.23</STRONG> (Thumb, 54 bytes, Stack size 16 bytes, rc_init.o(.text.__cxx_global_var_init.23))
<BR><BR>[Stack]<UL><LI>Max Depth = 132<LI>Call Chain = __cxx_global_var_init.23 &rArr; ros::BestPath::BestPath(cdc::CDC&, unsigned char) &rArr; cdc::CDCHandler::CDCHandler__sub_object(cdc::CDC&, unsigned char) &rArr; cdc::CDC::CDC_Register_Handler(cdc::CDCHandler*)
</UL>
<BR>[Calls]<UL><LI><a href="#[362]">&gt;&gt;</a>&nbsp;&nbsp;&nbsp;ros::BestPath::BestPath(cdc::CDC&, unsigned char)
<LI><a href="#[1a6]">&gt;&gt;</a>&nbsp;&nbsp;&nbsp;__cxa_atexit
</UL>
<BR>[Called By]<UL><LI><a href="#[14e]">&gt;&gt;</a>&nbsp;&nbsp;&nbsp;_GLOBAL__sub_I_RC_init.cpp
</UL>

<P><STRONG><a name="[310]"></a>__cxx_global_var_init.24</STRONG> (Thumb, 76 bytes, Stack size 16 bytes, rc_init.o(.text.__cxx_global_var_init.24))
<BR><BR>[Stack]<UL><LI>Max Depth = 184<LI>Call Chain = __cxx_global_var_init.24 &rArr; chassis::OmniChassis::OmniChassis(motor::M3508&, motor::M3508&, motor::M3508&, float, float) &rArr; task::ManagedTask::ManagedTask__sub_object(char const*, unsigned char, unsigned short, task::TaskType, unsigned char) &rArr; task::TaskCreator::TaskCreator__sub_object(char const*, unsigned char, unsigned short, void (*)(void*), void*)
</UL>
<BR>[Calls]<UL><LI><a href="#[3b0]">&gt;&gt;</a>&nbsp;&nbsp;&nbsp;chassis::OmniChassis::OmniChassis(motor::M3508&, motor::M3508&, motor::M3508&, float, float)
<LI><a href="#[1a6]">&gt;&gt;</a>&nbsp;&nbsp;&nbsp;__cxa_atexit
</UL>
<BR>[Called By]<UL><LI><a href="#[14e]">&gt;&gt;</a>&nbsp;&nbsp;&nbsp;_GLOBAL__sub_I_RC_init.cpp
</UL>

<P><STRONG><a name="[311]"></a>__cxx_global_var_init.25</STRONG> (Thumb, 48 bytes, Stack size 16 bytes, rc_init.o(.text.__cxx_global_var_init.25))
<BR><BR>[Stack]<UL><LI>Max Depth = 160<LI>Call Chain = __cxx_global_var_init.25 &rArr; flysky::FlySky::FlySky(unsigned short) &rArr; task::ManagedTask::ManagedTask__sub_object(char const*, unsigned char, unsigned short, task::TaskType, unsigned char) &rArr; task::TaskCreator::TaskCreator__sub_object(char const*, unsigned char, unsigned short, void (*)(void*), void*)
</UL>
<BR>[Calls]<UL><LI><a href="#[3aa]">&gt;&gt;</a>&nbsp;&nbsp;&nbsp;flysky::FlySky::FlySky(unsigned short)
<LI><a href="#[1a6]">&gt;&gt;</a>&nbsp;&nbsp;&nbsp;__cxa_atexit
</UL>
<BR>[Called By]<UL><LI><a href="#[14e]">&gt;&gt;</a>&nbsp;&nbsp;&nbsp;_GLOBAL__sub_I_RC_init.cpp
</UL>

<P><STRONG><a name="[312]"></a>__cxx_global_var_init.26</STRONG> (Thumb, 52 bytes, Stack size 16 bytes, rc_init.o(.text.__cxx_global_var_init.26))
<BR><BR>[Stack]<UL><LI>Max Depth = 128<LI>Call Chain = __cxx_global_var_init.26 &rArr; imu::JY901S::JY901S(__UART_HandleTypeDef&) &rArr; serial::UartRx::UartRx__sub_object(__UART_HandleTypeDef&, unsigned char*, unsigned short, bool, bool)
</UL>
<BR>[Calls]<UL><LI><a href="#[34b]">&gt;&gt;</a>&nbsp;&nbsp;&nbsp;imu::JY901S::JY901S(__UART_HandleTypeDef&)
<LI><a href="#[1a6]">&gt;&gt;</a>&nbsp;&nbsp;&nbsp;__cxa_atexit
</UL>
<BR>[Called By]<UL><LI><a href="#[14e]">&gt;&gt;</a>&nbsp;&nbsp;&nbsp;_GLOBAL__sub_I_RC_init.cpp
</UL>

<P><STRONG><a name="[313]"></a>__cxx_global_var_init.27</STRONG> (Thumb, 52 bytes, Stack size 16 bytes, rc_init.o(.text.__cxx_global_var_init.27))
<BR><BR>[Stack]<UL><LI>Max Depth = 88<LI>Call Chain = __cxx_global_var_init.27 &rArr; __cxa_atexit &rArr; __aeabi_atexit &rArr; malloc &rArr; __Heap_Full &rArr; __Heap_ProvideMemory &rArr; free
</UL>
<BR>[Calls]<UL><LI><a href="#[3be]">&gt;&gt;</a>&nbsp;&nbsp;&nbsp;SquareWave::SquareWave(float, unsigned int)
<LI><a href="#[1a6]">&gt;&gt;</a>&nbsp;&nbsp;&nbsp;__cxa_atexit
</UL>
<BR>[Called By]<UL><LI><a href="#[14e]">&gt;&gt;</a>&nbsp;&nbsp;&nbsp;_GLOBAL__sub_I_RC_init.cpp
</UL>

<P><STRONG><a name="[314]"></a>__cxx_global_var_init.28</STRONG> (Thumb, 74 bytes, Stack size 24 bytes, rc_init.o(.text.__cxx_global_var_init.28))
<BR><BR>[Stack]<UL><LI>Max Depth = 340<LI>Call Chain = __cxx_global_var_init.28 &rArr; task::TaskCreator::TaskCreator(char const*, unsigned char, unsigned short, void (*)(void*), void*) &rArr; osThreadNew &rArr; xTaskCreate &rArr; pvPortMalloc &rArr; xTaskResumeAll &rArr; xTaskIncrementTick &rArr; vListInsertEnd
</UL>
<BR>[Calls]<UL><LI><a href="#[349]">&gt;&gt;</a>&nbsp;&nbsp;&nbsp;task::TaskCreator::TaskCreator(char const*, unsigned char, unsigned short, void (*)(void*), void*)
<LI><a href="#[1a6]">&gt;&gt;</a>&nbsp;&nbsp;&nbsp;__cxa_atexit
</UL>
<BR>[Called By]<UL><LI><a href="#[14e]">&gt;&gt;</a>&nbsp;&nbsp;&nbsp;_GLOBAL__sub_I_RC_init.cpp
</UL>

<P><STRONG><a name="[14e]"></a>_GLOBAL__sub_I_RC_init.cpp</STRONG> (Thumb, 120 bytes, Stack size 8 bytes, rc_init.o(.text._GLOBAL__sub_I_RC_init.cpp))
<BR><BR>[Stack]<UL><LI>Max Depth = 412<LI>Call Chain = _GLOBAL__sub_I_RC_init.cpp &rArr; __cxx_global_var_init.7 &rArr; cdc::CDC::CDC(cdc::CDCType) &rArr; task::TaskCreator::TaskCreator(char const*, unsigned char, unsigned short, void (*)(void*), void*) &rArr; osThreadNew &rArr; xTaskCreate &rArr; pvPortMalloc &rArr; xTaskResumeAll &rArr; xTaskIncrementTick &rArr; vListInsertEnd
</UL>
<BR>[Calls]<UL><LI><a href="#[314]">&gt;&gt;</a>&nbsp;&nbsp;&nbsp;__cxx_global_var_init.28
<LI><a href="#[313]">&gt;&gt;</a>&nbsp;&nbsp;&nbsp;__cxx_global_var_init.27
<LI><a href="#[312]">&gt;&gt;</a>&nbsp;&nbsp;&nbsp;__cxx_global_var_init.26
<LI><a href="#[311]">&gt;&gt;</a>&nbsp;&nbsp;&nbsp;__cxx_global_var_init.25
<LI><a href="#[310]">&gt;&gt;</a>&nbsp;&nbsp;&nbsp;__cxx_global_var_init.24
<LI><a href="#[30f]">&gt;&gt;</a>&nbsp;&nbsp;&nbsp;__cxx_global_var_init.23
<LI><a href="#[30e]">&gt;&gt;</a>&nbsp;&nbsp;&nbsp;__cxx_global_var_init.22
<LI><a href="#[30d]">&gt;&gt;</a>&nbsp;&nbsp;&nbsp;__cxx_global_var_init.21
<LI><a href="#[30c]">&gt;&gt;</a>&nbsp;&nbsp;&nbsp;__cxx_global_var_init.20
<LI><a href="#[30b]">&gt;&gt;</a>&nbsp;&nbsp;&nbsp;__cxx_global_var_init.19
<LI><a href="#[30a]">&gt;&gt;</a>&nbsp;&nbsp;&nbsp;__cxx_global_var_init.18
<LI><a href="#[309]">&gt;&gt;</a>&nbsp;&nbsp;&nbsp;__cxx_global_var_init.17
<LI><a href="#[308]">&gt;&gt;</a>&nbsp;&nbsp;&nbsp;__cxx_global_var_init.16
<LI><a href="#[307]">&gt;&gt;</a>&nbsp;&nbsp;&nbsp;__cxx_global_var_init.15
<LI><a href="#[306]">&gt;&gt;</a>&nbsp;&nbsp;&nbsp;__cxx_global_var_init.14
<LI><a href="#[305]">&gt;&gt;</a>&nbsp;&nbsp;&nbsp;__cxx_global_var_init.13
<LI><a href="#[304]">&gt;&gt;</a>&nbsp;&nbsp;&nbsp;__cxx_global_var_init.12
<LI><a href="#[303]">&gt;&gt;</a>&nbsp;&nbsp;&nbsp;__cxx_global_var_init.11
<LI><a href="#[302]">&gt;&gt;</a>&nbsp;&nbsp;&nbsp;__cxx_global_var_init.10
<LI><a href="#[301]">&gt;&gt;</a>&nbsp;&nbsp;&nbsp;__cxx_global_var_init.9
<LI><a href="#[300]">&gt;&gt;</a>&nbsp;&nbsp;&nbsp;__cxx_global_var_init.8
<LI><a href="#[2ff]">&gt;&gt;</a>&nbsp;&nbsp;&nbsp;__cxx_global_var_init.7
<LI><a href="#[2fe]">&gt;&gt;</a>&nbsp;&nbsp;&nbsp;__cxx_global_var_init.6
<LI><a href="#[2fd]">&gt;&gt;</a>&nbsp;&nbsp;&nbsp;__cxx_global_var_init.5
<LI><a href="#[2fc]">&gt;&gt;</a>&nbsp;&nbsp;&nbsp;__cxx_global_var_init.4
<LI><a href="#[2fb]">&gt;&gt;</a>&nbsp;&nbsp;&nbsp;__cxx_global_var_init.3
<LI><a href="#[2fa]">&gt;&gt;</a>&nbsp;&nbsp;&nbsp;__cxx_global_var_init.2
<LI><a href="#[2f9]">&gt;&gt;</a>&nbsp;&nbsp;&nbsp;__cxx_global_var_init.1
<LI><a href="#[2f8]">&gt;&gt;</a>&nbsp;&nbsp;&nbsp;__cxx_global_var_init
</UL>
<BR>[Address Reference Count : 1]<UL><LI> rc_init.o(.init_array)
</UL>
<P><STRONG><a name="[317]"></a>__cxx_global_var_init</STRONG> (Thumb, 32 bytes, Stack size 8 bytes, rc_path_task.o(.text.__cxx_global_var_init))
<BR><BR>[Stack]<UL><LI>Max Depth = 32<LI>Call Chain = __cxx_global_var_init &rArr; __hardfp_sqrtf &rArr; __set_errno
</UL>
<BR>[Calls]<UL><LI><a href="#[367]">&gt;&gt;</a>&nbsp;&nbsp;&nbsp;__hardfp_sqrtf
</UL>
<BR>[Called By]<UL><LI><a href="#[14f]">&gt;&gt;</a>&nbsp;&nbsp;&nbsp;_GLOBAL__sub_I_RC_path_task.cpp
</UL>

<P><STRONG><a name="[318]"></a>__cxx_global_var_init.1</STRONG> (Thumb, 32 bytes, Stack size 8 bytes, rc_path_task.o(.text.__cxx_global_var_init.1))
<BR><BR>[Stack]<UL><LI>Max Depth = 32<LI>Call Chain = __cxx_global_var_init.1 &rArr; __hardfp_sqrtf &rArr; __set_errno
</UL>
<BR>[Calls]<UL><LI><a href="#[367]">&gt;&gt;</a>&nbsp;&nbsp;&nbsp;__hardfp_sqrtf
</UL>
<BR>[Called By]<UL><LI><a href="#[14f]">&gt;&gt;</a>&nbsp;&nbsp;&nbsp;_GLOBAL__sub_I_RC_path_task.cpp
</UL>

<P><STRONG><a name="[319]"></a>__cxx_global_var_init.2</STRONG> (Thumb, 52 bytes, Stack size 16 bytes, rc_path_task.o(.text.__cxx_global_var_init.2))
<BR><BR>[Stack]<UL><LI>Max Depth = 88<LI>Call Chain = __cxx_global_var_init.2 &rArr; __cxa_atexit &rArr; __aeabi_atexit &rArr; malloc &rArr; __Heap_Full &rArr; __Heap_ProvideMemory &rArr; free
</UL>
<BR>[Calls]<UL><LI><a href="#[329]">&gt;&gt;</a>&nbsp;&nbsp;&nbsp;vector2d::Vector2D::Vector2D(float, float)
<LI><a href="#[1a6]">&gt;&gt;</a>&nbsp;&nbsp;&nbsp;__cxa_atexit
</UL>
<BR>[Called By]<UL><LI><a href="#[14f]">&gt;&gt;</a>&nbsp;&nbsp;&nbsp;_GLOBAL__sub_I_RC_path_task.cpp
</UL>

<P><STRONG><a name="[31a]"></a>__cxx_global_var_init.3</STRONG> (Thumb, 74 bytes, Stack size 24 bytes, rc_path_task.o(.text.__cxx_global_var_init.3))
<BR><BR>[Stack]<UL><LI>Max Depth = 340<LI>Call Chain = __cxx_global_var_init.3 &rArr; task::TaskCreator::TaskCreator(char const*, unsigned char, unsigned short, void (*)(void*), void*) &rArr; osThreadNew &rArr; xTaskCreate &rArr; pvPortMalloc &rArr; xTaskResumeAll &rArr; xTaskIncrementTick &rArr; vListInsertEnd
</UL>
<BR>[Calls]<UL><LI><a href="#[349]">&gt;&gt;</a>&nbsp;&nbsp;&nbsp;task::TaskCreator::TaskCreator(char const*, unsigned char, unsigned short, void (*)(void*), void*)
<LI><a href="#[1a6]">&gt;&gt;</a>&nbsp;&nbsp;&nbsp;__cxa_atexit
</UL>
<BR>[Called By]<UL><LI><a href="#[14f]">&gt;&gt;</a>&nbsp;&nbsp;&nbsp;_GLOBAL__sub_I_RC_path_task.cpp
</UL>

<P><STRONG><a name="[14f]"></a>_GLOBAL__sub_I_RC_path_task.cpp</STRONG> (Thumb, 20 bytes, Stack size 8 bytes, rc_path_task.o(.text._GLOBAL__sub_I_RC_path_task.cpp))
<BR><BR>[Stack]<UL><LI>Max Depth = 348<LI>Call Chain = _GLOBAL__sub_I_RC_path_task.cpp &rArr; __cxx_global_var_init.3 &rArr; task::TaskCreator::TaskCreator(char const*, unsigned char, unsigned short, void (*)(void*), void*) &rArr; osThreadNew &rArr; xTaskCreate &rArr; pvPortMalloc &rArr; xTaskResumeAll &rArr; xTaskIncrementTick &rArr; vListInsertEnd
</UL>
<BR>[Calls]<UL><LI><a href="#[31a]">&gt;&gt;</a>&nbsp;&nbsp;&nbsp;__cxx_global_var_init.3
<LI><a href="#[319]">&gt;&gt;</a>&nbsp;&nbsp;&nbsp;__cxx_global_var_init.2
<LI><a href="#[318]">&gt;&gt;</a>&nbsp;&nbsp;&nbsp;__cxx_global_var_init.1
<LI><a href="#[317]">&gt;&gt;</a>&nbsp;&nbsp;&nbsp;__cxx_global_var_init
</UL>
<BR>[Address Reference Count : 1]<UL><LI> rc_path_task.o(.init_array)
</UL>
<P><STRONG><a name="[97]"></a>_printf_input_char</STRONG> (Thumb, 10 bytes, Stack size 0 bytes, _printf_char_common.o(.text))
<BR>[Address Reference Count : 1]<UL><LI> _printf_char_common.o(.text)
</UL>
<P><STRONG><a name="[1c6]"></a>_fp_digits</STRONG> (Thumb, 432 bytes, Stack size 96 bytes, _printf_fp_dec.o(.text))
<BR><BR>[Stack]<UL><LI>Max Depth = 220<LI>Call Chain = _fp_digits &rArr; _btod_etento &rArr; _btod_emul &rArr; _e2e
</UL>
<BR>[Calls]<UL><LI><a href="#[1bc]">&gt;&gt;</a>&nbsp;&nbsp;&nbsp;_ll_udiv10
<LI><a href="#[1ca]">&gt;&gt;</a>&nbsp;&nbsp;&nbsp;_btod_emul
<LI><a href="#[1c9]">&gt;&gt;</a>&nbsp;&nbsp;&nbsp;_btod_ediv
<LI><a href="#[1c8]">&gt;&gt;</a>&nbsp;&nbsp;&nbsp;_btod_d2e
<LI><a href="#[1c7]">&gt;&gt;</a>&nbsp;&nbsp;&nbsp;_btod_etento
</UL>
<BR>[Called By]<UL><LI><a href="#[1cb]">&gt;&gt;</a>&nbsp;&nbsp;&nbsp;_printf_fp_dec_real
</UL>
<P>
<H3>
Undefined Global Symbols
</H3><HR></body></html>
