<!doctype html public "-//w3c//dtd html 4.0 transitional//en">
<html><head>
<title>Static Call Graph - [RC2026\RC2026.axf]</title></head>
<body><HR>
<H1>Static Call Graph for image RC2026\RC2026.axf</H1><HR>
<BR><P>#&#060CALLGRAPH&#062# ARM Linker, 6220000: Last Updated: Thu Apr 16 19:31:43 2026
<BR><P>
<H3>Maximum Stack Usage =        504 bytes + Unknown(Functions without stacksize, Cycles, Untraceable Function Pointers)</H3><H3>
Call chain for Maximum Stack Depth:</H3>
_GLOBAL__sub_I_RC_init.cpp &rArr; chassis::Swerve4Chassis::Swerve4Chassis(motor::DjiMotor&, motor::DjiMotor&, motor::DjiMotor&, motor::DjiMotor&, motor::Motor&, motor::Motor&, motor::Motor&, motor::Motor&, float, float, float, float, float, float, unsigned short, unsigned short, unsigned short, unsigned short, data::RobotPose&) &rArr; chassis::Chassis::Chassis__sub_object(float, float, float, float, float, float, data::RobotPose&) &rArr; task::ManagedTask::ManagedTask__sub_object(char const*, unsigned char, unsigned short, task::TaskType, unsigned char) &rArr; osThreadNew &rArr; xTaskCreate &rArr; pvPortMalloc &rArr; xTaskResumeAll &rArr; xTaskIncrementTick
<P>
<H3>
Functions with no stack information
</H3><UL>
 <LI><a href="#[194]">__user_initial_stackheap</a>
</UL>
</UL>
<P>
<H3>
Mutually Recursive functions
</H3> <LI><a href="#[73]">ADC3_IRQHandler</a>&nbsp;&nbsp;&nbsp;&rArr;&nbsp;&nbsp;&nbsp;<a href="#[73]">ADC3_IRQHandler</a><BR>
 <LI><a href="#[4]">BusFault_Handler</a>&nbsp;&nbsp;&nbsp;&rArr;&nbsp;&nbsp;&nbsp;<a href="#[4]">BusFault_Handler</a><BR>
 <LI><a href="#[2]">HardFault_Handler</a>&nbsp;&nbsp;&nbsp;&rArr;&nbsp;&nbsp;&nbsp;<a href="#[2]">HardFault_Handler</a><BR>
 <LI><a href="#[3]">MemManage_Handler</a>&nbsp;&nbsp;&nbsp;&rArr;&nbsp;&nbsp;&nbsp;<a href="#[3]">MemManage_Handler</a><BR>
 <LI><a href="#[1]">NMI_Handler</a>&nbsp;&nbsp;&nbsp;&rArr;&nbsp;&nbsp;&nbsp;<a href="#[1]">NMI_Handler</a><BR>
 <LI><a href="#[5]">UsageFault_Handler</a>&nbsp;&nbsp;&nbsp;&rArr;&nbsp;&nbsp;&nbsp;<a href="#[5]">UsageFault_Handler</a><BR>
</UL>
<P>
<H3>
Function Pointers
</H3><UL>
 <LI><a href="#[73]">ADC3_IRQHandler</a> from startup_stm32h723xx.o(.text) referenced from startup_stm32h723xx.o(RESET)
 <LI><a href="#[1c]">ADC_IRQHandler</a> from startup_stm32h723xx.o(.text) referenced from startup_stm32h723xx.o(RESET)
 <LI><a href="#[75]">BDMA_Channel0_IRQHandler</a> from startup_stm32h723xx.o(.text) referenced from startup_stm32h723xx.o(RESET)
 <LI><a href="#[76]">BDMA_Channel1_IRQHandler</a> from startup_stm32h723xx.o(.text) referenced from startup_stm32h723xx.o(RESET)
 <LI><a href="#[77]">BDMA_Channel2_IRQHandler</a> from startup_stm32h723xx.o(.text) referenced from startup_stm32h723xx.o(RESET)
 <LI><a href="#[78]">BDMA_Channel3_IRQHandler</a> from startup_stm32h723xx.o(.text) referenced from startup_stm32h723xx.o(RESET)
 <LI><a href="#[79]">BDMA_Channel4_IRQHandler</a> from startup_stm32h723xx.o(.text) referenced from startup_stm32h723xx.o(RESET)
 <LI><a href="#[7a]">BDMA_Channel5_IRQHandler</a> from startup_stm32h723xx.o(.text) referenced from startup_stm32h723xx.o(RESET)
 <LI><a href="#[7b]">BDMA_Channel6_IRQHandler</a> from startup_stm32h723xx.o(.text) referenced from startup_stm32h723xx.o(RESET)
 <LI><a href="#[7c]">BDMA_Channel7_IRQHandler</a> from startup_stm32h723xx.o(.text) referenced from startup_stm32h723xx.o(RESET)
 <LI><a href="#[4]">BusFault_Handler</a> from stm32h7xx_it.o(.text.BusFault_Handler) referenced from startup_stm32h723xx.o(RESET)
 <LI><a href="#[171]">CDC_Control_HS</a> from usbd_cdc_if.o(.text.CDC_Control_HS) referenced from usbd_cdc_if.o(.data.USBD_Interface_fops_HS)
 <LI><a href="#[170]">CDC_DeInit_HS</a> from usbd_cdc_if.o(.text.CDC_DeInit_HS) referenced from usbd_cdc_if.o(.data.USBD_Interface_fops_HS)
 <LI><a href="#[16f]">CDC_Init_HS</a> from usbd_cdc_if.o(.text.CDC_Init_HS) referenced from usbd_cdc_if.o(.data.USBD_Interface_fops_HS)
 <LI><a href="#[172]">CDC_Receive_HS</a> from usbd_cdc_if.o(.text.CDC_Receive_HS) referenced from usbd_cdc_if.o(.data.USBD_Interface_fops_HS)
 <LI><a href="#[173]">CDC_TransmitCplt_HS</a> from usbd_cdc_if.o(.text.CDC_TransmitCplt_HS) referenced from usbd_cdc_if.o(.data.USBD_Interface_fops_HS)
 <LI><a href="#[61]">CEC_IRQHandler</a> from startup_stm32h723xx.o(.text) referenced from startup_stm32h723xx.o(RESET)
 <LI><a href="#[7d]">COMP1_IRQHandler</a> from startup_stm32h723xx.o(.text) referenced from startup_stm32h723xx.o(RESET)
 <LI><a href="#[8a]">CORDIC_IRQHandler</a> from stm32h7xx_it.o(.text.CORDIC_IRQHandler) referenced from startup_stm32h723xx.o(RESET)
 <LI><a href="#[83]">CRS_IRQHandler</a> from startup_stm32h723xx.o(.text) referenced from startup_stm32h723xx.o(RESET)
 <LI><a href="#[53]">DCMI_PSSI_IRQHandler</a> from startup_stm32h723xx.o(.text) referenced from startup_stm32h723xx.o(RESET)
 <LI><a href="#[66]">DFSDM1_FLT0_IRQHandler</a> from startup_stm32h723xx.o(.text) referenced from startup_stm32h723xx.o(RESET)
 <LI><a href="#[67]">DFSDM1_FLT1_IRQHandler</a> from startup_stm32h723xx.o(.text) referenced from startup_stm32h723xx.o(RESET)
 <LI><a href="#[68]">DFSDM1_FLT2_IRQHandler</a> from startup_stm32h723xx.o(.text) referenced from startup_stm32h723xx.o(RESET)
 <LI><a href="#[69]">DFSDM1_FLT3_IRQHandler</a> from startup_stm32h723xx.o(.text) referenced from startup_stm32h723xx.o(RESET)
 <LI><a href="#[15]">DMA1_Stream0_IRQHandler</a> from stm32h7xx_it.o(.text.DMA1_Stream0_IRQHandler) referenced from startup_stm32h723xx.o(RESET)
 <LI><a href="#[16]">DMA1_Stream1_IRQHandler</a> from stm32h7xx_it.o(.text.DMA1_Stream1_IRQHandler) referenced from startup_stm32h723xx.o(RESET)
 <LI><a href="#[17]">DMA1_Stream2_IRQHandler</a> from stm32h7xx_it.o(.text.DMA1_Stream2_IRQHandler) referenced from startup_stm32h723xx.o(RESET)
 <LI><a href="#[18]">DMA1_Stream3_IRQHandler</a> from stm32h7xx_it.o(.text.DMA1_Stream3_IRQHandler) referenced from startup_stm32h723xx.o(RESET)
 <LI><a href="#[19]">DMA1_Stream4_IRQHandler</a> from stm32h7xx_it.o(.text.DMA1_Stream4_IRQHandler) referenced from startup_stm32h723xx.o(RESET)
 <LI><a href="#[1a]">DMA1_Stream5_IRQHandler</a> from stm32h7xx_it.o(.text.DMA1_Stream5_IRQHandler) referenced from startup_stm32h723xx.o(RESET)
 <LI><a href="#[1b]">DMA1_Stream6_IRQHandler</a> from startup_stm32h723xx.o(.text) referenced from startup_stm32h723xx.o(RESET)
 <LI><a href="#[38]">DMA1_Stream7_IRQHandler</a> from startup_stm32h723xx.o(.text) referenced from startup_stm32h723xx.o(RESET)
 <LI><a href="#[5e]">DMA2D_IRQHandler</a> from startup_stm32h723xx.o(.text) referenced from startup_stm32h723xx.o(RESET)
 <LI><a href="#[41]">DMA2_Stream0_IRQHandler</a> from startup_stm32h723xx.o(.text) referenced from startup_stm32h723xx.o(RESET)
 <LI><a href="#[42]">DMA2_Stream1_IRQHandler</a> from startup_stm32h723xx.o(.text) referenced from startup_stm32h723xx.o(RESET)
 <LI><a href="#[43]">DMA2_Stream2_IRQHandler</a> from startup_stm32h723xx.o(.text) referenced from startup_stm32h723xx.o(RESET)
 <LI><a href="#[44]">DMA2_Stream3_IRQHandler</a> from startup_stm32h723xx.o(.text) referenced from startup_stm32h723xx.o(RESET)
 <LI><a href="#[45]">DMA2_Stream4_IRQHandler</a> from startup_stm32h723xx.o(.text) referenced from startup_stm32h723xx.o(RESET)
 <LI><a href="#[49]">DMA2_Stream5_IRQHandler</a> from startup_stm32h723xx.o(.text) referenced from startup_stm32h723xx.o(RESET)
 <LI><a href="#[4a]">DMA2_Stream6_IRQHandler</a> from startup_stm32h723xx.o(.text) referenced from startup_stm32h723xx.o(RESET)
 <LI><a href="#[4b]">DMA2_Stream7_IRQHandler</a> from startup_stm32h723xx.o(.text) referenced from startup_stm32h723xx.o(RESET)
 <LI><a href="#[65]">DMAMUX1_OVR_IRQHandler</a> from startup_stm32h723xx.o(.text) referenced from startup_stm32h723xx.o(RESET)
 <LI><a href="#[74]">DMAMUX2_OVR_IRQHandler</a> from startup_stm32h723xx.o(.text) referenced from startup_stm32h723xx.o(RESET)
 <LI><a href="#[86]">DTS_IRQHandler</a> from startup_stm32h723xx.o(.text) referenced from startup_stm32h723xx.o(RESET)
 <LI><a href="#[7]">DebugMon_Handler</a> from stm32h7xx_it.o(.text.DebugMon_Handler) referenced from startup_stm32h723xx.o(RESET)
 <LI><a href="#[84]">ECC_IRQHandler</a> from startup_stm32h723xx.o(.text) referenced from startup_stm32h723xx.o(RESET)
 <LI><a href="#[46]">ETH_IRQHandler</a> from startup_stm32h723xx.o(.text) referenced from startup_stm32h723xx.o(RESET)
 <LI><a href="#[47]">ETH_WKUP_IRQHandler</a> from startup_stm32h723xx.o(.text) referenced from startup_stm32h723xx.o(RESET)
 <LI><a href="#[10]">EXTI0_IRQHandler</a> from startup_stm32h723xx.o(.text) referenced from startup_stm32h723xx.o(RESET)
 <LI><a href="#[32]">EXTI15_10_IRQHandler</a> from stm32h7xx_it.o(.text.EXTI15_10_IRQHandler) referenced from startup_stm32h723xx.o(RESET)
 <LI><a href="#[11]">EXTI1_IRQHandler</a> from startup_stm32h723xx.o(.text) referenced from startup_stm32h723xx.o(RESET)
 <LI><a href="#[12]">EXTI2_IRQHandler</a> from stm32h7xx_it.o(.text.EXTI2_IRQHandler) referenced from startup_stm32h723xx.o(RESET)
 <LI><a href="#[13]">EXTI3_IRQHandler</a> from startup_stm32h723xx.o(.text) referenced from startup_stm32h723xx.o(RESET)
 <LI><a href="#[14]">EXTI4_IRQHandler</a> from startup_stm32h723xx.o(.text) referenced from startup_stm32h723xx.o(RESET)
 <LI><a href="#[21]">EXTI9_5_IRQHandler</a> from stm32h7xx_it.o(.text.EXTI9_5_IRQHandler) referenced from startup_stm32h723xx.o(RESET)
 <LI><a href="#[93]">ExitRun0Mode</a> from system_stm32h7xx.o(.text.ExitRun0Mode) referenced from startup_stm32h723xx.o(.text)
 <LI><a href="#[1d]">FDCAN1_IT0_IRQHandler</a> from stm32h7xx_it.o(.text.FDCAN1_IT0_IRQHandler) referenced from startup_stm32h723xx.o(RESET)
 <LI><a href="#[1f]">FDCAN1_IT1_IRQHandler</a> from stm32h7xx_it.o(.text.FDCAN1_IT1_IRQHandler) referenced from startup_stm32h723xx.o(RESET)
 <LI><a href="#[1e]">FDCAN2_IT0_IRQHandler</a> from stm32h7xx_it.o(.text.FDCAN2_IT0_IRQHandler) referenced from startup_stm32h723xx.o(RESET)
 <LI><a href="#[20]">FDCAN2_IT1_IRQHandler</a> from stm32h7xx_it.o(.text.FDCAN2_IT1_IRQHandler) referenced from startup_stm32h723xx.o(RESET)
 <LI><a href="#[8f]">FDCAN3_IT0_IRQHandler</a> from stm32h7xx_it.o(.text.FDCAN3_IT0_IRQHandler) referenced from startup_stm32h723xx.o(RESET)
 <LI><a href="#[90]">FDCAN3_IT1_IRQHandler</a> from stm32h7xx_it.o(.text.FDCAN3_IT1_IRQHandler) referenced from startup_stm32h723xx.o(RESET)
 <LI><a href="#[48]">FDCAN_CAL_IRQHandler</a> from startup_stm32h723xx.o(.text) referenced from startup_stm32h723xx.o(RESET)
 <LI><a href="#[e]">FLASH_IRQHandler</a> from startup_stm32h723xx.o(.text) referenced from startup_stm32h723xx.o(RESET)
 <LI><a href="#[89]">FMAC_IRQHandler</a> from startup_stm32h723xx.o(.text) referenced from startup_stm32h723xx.o(RESET)
 <LI><a href="#[39]">FMC_IRQHandler</a> from startup_stm32h723xx.o(.text) referenced from startup_stm32h723xx.o(RESET)
 <LI><a href="#[55]">FPU_IRQHandler</a> from startup_stm32h723xx.o(.text) referenced from startup_stm32h723xx.o(RESET)
 <LI><a href="#[72]">HSEM1_IRQHandler</a> from startup_stm32h723xx.o(.text) referenced from startup_stm32h723xx.o(RESET)
 <LI><a href="#[2]">HardFault_Handler</a> from stm32h7xx_it.o(.text.HardFault_Handler) referenced from startup_stm32h723xx.o(RESET)
 <LI><a href="#[2a]">I2C1_ER_IRQHandler</a> from startup_stm32h723xx.o(.text) referenced from startup_stm32h723xx.o(RESET)
 <LI><a href="#[29]">I2C1_EV_IRQHandler</a> from startup_stm32h723xx.o(.text) referenced from startup_stm32h723xx.o(RESET)
 <LI><a href="#[2c]">I2C2_ER_IRQHandler</a> from startup_stm32h723xx.o(.text) referenced from startup_stm32h723xx.o(RESET)
 <LI><a href="#[2b]">I2C2_EV_IRQHandler</a> from startup_stm32h723xx.o(.text) referenced from startup_stm32h723xx.o(RESET)
 <LI><a href="#[4e]">I2C3_ER_IRQHandler</a> from startup_stm32h723xx.o(.text) referenced from startup_stm32h723xx.o(RESET)
 <LI><a href="#[4d]">I2C3_EV_IRQHandler</a> from startup_stm32h723xx.o(.text) referenced from startup_stm32h723xx.o(RESET)
 <LI><a href="#[63]">I2C4_ER_IRQHandler</a> from startup_stm32h723xx.o(.text) referenced from startup_stm32h723xx.o(RESET)
 <LI><a href="#[62]">I2C4_EV_IRQHandler</a> from startup_stm32h723xx.o(.text) referenced from startup_stm32h723xx.o(RESET)
 <LI><a href="#[8e]">I2C5_ER_IRQHandler</a> from startup_stm32h723xx.o(.text) referenced from startup_stm32h723xx.o(RESET)
 <LI><a href="#[8d]">I2C5_EV_IRQHandler</a> from startup_stm32h723xx.o(.text) referenced from startup_stm32h723xx.o(RESET)
 <LI><a href="#[60]">LPTIM1_IRQHandler</a> from startup_stm32h723xx.o(.text) referenced from startup_stm32h723xx.o(RESET)
 <LI><a href="#[7e]">LPTIM2_IRQHandler</a> from startup_stm32h723xx.o(.text) referenced from startup_stm32h723xx.o(RESET)
 <LI><a href="#[7f]">LPTIM3_IRQHandler</a> from startup_stm32h723xx.o(.text) referenced from startup_stm32h723xx.o(RESET)
 <LI><a href="#[80]">LPTIM4_IRQHandler</a> from startup_stm32h723xx.o(.text) referenced from startup_stm32h723xx.o(RESET)
 <LI><a href="#[81]">LPTIM5_IRQHandler</a> from startup_stm32h723xx.o(.text) referenced from startup_stm32h723xx.o(RESET)
 <LI><a href="#[82]">LPUART1_IRQHandler</a> from startup_stm32h723xx.o(.text) referenced from startup_stm32h723xx.o(RESET)
 <LI><a href="#[5d]">LTDC_ER_IRQHandler</a> from startup_stm32h723xx.o(.text) referenced from startup_stm32h723xx.o(RESET)
 <LI><a href="#[5c]">LTDC_IRQHandler</a> from startup_stm32h723xx.o(.text) referenced from startup_stm32h723xx.o(RESET)
 <LI><a href="#[6f]">MDIOS_IRQHandler</a> from startup_stm32h723xx.o(.text) referenced from startup_stm32h723xx.o(RESET)
 <LI><a href="#[6e]">MDIOS_WKUP_IRQHandler</a> from startup_stm32h723xx.o(.text) referenced from startup_stm32h723xx.o(RESET)
 <LI><a href="#[70]">MDMA_IRQHandler</a> from startup_stm32h723xx.o(.text) referenced from startup_stm32h723xx.o(RESET)
 <LI><a href="#[3]">MemManage_Handler</a> from stm32h7xx_it.o(.text.MemManage_Handler) referenced from startup_stm32h723xx.o(RESET)
 <LI><a href="#[1]">NMI_Handler</a> from stm32h7xx_it.o(.text.NMI_Handler) referenced from startup_stm32h723xx.o(RESET)
 <LI><a href="#[5f]">OCTOSPI1_IRQHandler</a> from startup_stm32h723xx.o(.text) referenced from startup_stm32h723xx.o(RESET)
 <LI><a href="#[88]">OCTOSPI2_IRQHandler</a> from startup_stm32h723xx.o(.text) referenced from startup_stm32h723xx.o(RESET)
 <LI><a href="#[50]">OTG_HS_EP1_IN_IRQHandler</a> from startup_stm32h723xx.o(.text) referenced from startup_stm32h723xx.o(RESET)
 <LI><a href="#[4f]">OTG_HS_EP1_OUT_IRQHandler</a> from startup_stm32h723xx.o(.text) referenced from startup_stm32h723xx.o(RESET)
 <LI><a href="#[52]">OTG_HS_IRQHandler</a> from stm32h7xx_it.o(.text.OTG_HS_IRQHandler) referenced from startup_stm32h723xx.o(RESET)
 <LI><a href="#[51]">OTG_HS_WKUP_IRQHandler</a> from startup_stm32h723xx.o(.text) referenced from startup_stm32h723xx.o(RESET)
 <LI><a href="#[b]">PVD_AVD_IRQHandler</a> from startup_stm32h723xx.o(.text) referenced from startup_stm32h723xx.o(RESET)
 <LI><a href="#[8]">PendSV_Handler</a> from port.o(.text.PendSV_Handler) referenced from startup_stm32h723xx.o(RESET)
 <LI><a href="#[f]">RCC_IRQHandler</a> from startup_stm32h723xx.o(.text) referenced from startup_stm32h723xx.o(RESET)
 <LI><a href="#[54]">RNG_IRQHandler</a> from startup_stm32h723xx.o(.text) referenced from startup_stm32h723xx.o(RESET)
 <LI><a href="#[33]">RTC_Alarm_IRQHandler</a> from startup_stm32h723xx.o(.text) referenced from startup_stm32h723xx.o(RESET)
 <LI><a href="#[d]">RTC_WKUP_IRQHandler</a> from startup_stm32h723xx.o(.text) referenced from startup_stm32h723xx.o(RESET)
 <LI><a href="#[0]">Reset_Handler</a> from startup_stm32h723xx.o(.text) referenced from startup_stm32h723xx.o(RESET)
 <LI><a href="#[5b]">SAI1_IRQHandler</a> from startup_stm32h723xx.o(.text) referenced from startup_stm32h723xx.o(RESET)
 <LI><a href="#[85]">SAI4_IRQHandler</a> from startup_stm32h723xx.o(.text) referenced from startup_stm32h723xx.o(RESET)
 <LI><a href="#[3a]">SDMMC1_IRQHandler</a> from startup_stm32h723xx.o(.text) referenced from startup_stm32h723xx.o(RESET)
 <LI><a href="#[71]">SDMMC2_IRQHandler</a> from startup_stm32h723xx.o(.text) referenced from startup_stm32h723xx.o(RESET)
 <LI><a href="#[64]">SPDIF_RX_IRQHandler</a> from startup_stm32h723xx.o(.text) referenced from startup_stm32h723xx.o(RESET)
 <LI><a href="#[2d]">SPI1_IRQHandler</a> from startup_stm32h723xx.o(.text) referenced from startup_stm32h723xx.o(RESET)
 <LI><a href="#[2e]">SPI2_IRQHandler</a> from startup_stm32h723xx.o(.text) referenced from startup_stm32h723xx.o(RESET)
 <LI><a href="#[3c]">SPI3_IRQHandler</a> from startup_stm32h723xx.o(.text) referenced from startup_stm32h723xx.o(RESET)
 <LI><a href="#[58]">SPI4_IRQHandler</a> from startup_stm32h723xx.o(.text) referenced from startup_stm32h723xx.o(RESET)
 <LI><a href="#[59]">SPI5_IRQHandler</a> from startup_stm32h723xx.o(.text) referenced from startup_stm32h723xx.o(RESET)
 <LI><a href="#[5a]">SPI6_IRQHandler</a> from startup_stm32h723xx.o(.text) referenced from startup_stm32h723xx.o(RESET)
 <LI><a href="#[6]">SVC_Handler</a> from port.o(.text.SVC_Handler) referenced from startup_stm32h723xx.o(RESET)
 <LI><a href="#[6a]">SWPMI1_IRQHandler</a> from startup_stm32h723xx.o(.text) referenced from startup_stm32h723xx.o(RESET)
 <LI><a href="#[9a]">StartDefaultTask</a> from freertos.o(.text.StartDefaultTask) referenced 2 times from freertos.o(.text.MX_FREERTOS_Init)
 <LI><a href="#[9]">SysTick_Handler</a> from cmsis_os2.o(.text.SysTick_Handler) referenced from startup_stm32h723xx.o(RESET)
 <LI><a href="#[94]">SystemInit</a> from system_stm32h7xx.o(.text.SystemInit) referenced from startup_stm32h723xx.o(.text)
 <LI><a href="#[c]">TAMP_STAMP_IRQHandler</a> from startup_stm32h723xx.o(.text) referenced from startup_stm32h723xx.o(RESET)
 <LI><a href="#[6b]">TIM15_IRQHandler</a> from startup_stm32h723xx.o(.text) referenced from startup_stm32h723xx.o(RESET)
 <LI><a href="#[6c]">TIM16_IRQHandler</a> from startup_stm32h723xx.o(.text) referenced from startup_stm32h723xx.o(RESET)
 <LI><a href="#[6d]">TIM17_IRQHandler</a> from startup_stm32h723xx.o(.text) referenced from startup_stm32h723xx.o(RESET)
 <LI><a href="#[22]">TIM1_BRK_IRQHandler</a> from startup_stm32h723xx.o(.text) referenced from startup_stm32h723xx.o(RESET)
 <LI><a href="#[25]">TIM1_CC_IRQHandler</a> from startup_stm32h723xx.o(.text) referenced from startup_stm32h723xx.o(RESET)
 <LI><a href="#[24]">TIM1_TRG_COM_IRQHandler</a> from startup_stm32h723xx.o(.text) referenced from startup_stm32h723xx.o(RESET)
 <LI><a href="#[23]">TIM1_UP_IRQHandler</a> from startup_stm32h723xx.o(.text) referenced from startup_stm32h723xx.o(RESET)
 <LI><a href="#[91]">TIM23_IRQHandler</a> from startup_stm32h723xx.o(.text) referenced from startup_stm32h723xx.o(RESET)
 <LI><a href="#[92]">TIM24_IRQHandler</a> from startup_stm32h723xx.o(.text) referenced from startup_stm32h723xx.o(RESET)
 <LI><a href="#[26]">TIM2_IRQHandler</a> from startup_stm32h723xx.o(.text) referenced from startup_stm32h723xx.o(RESET)
 <LI><a href="#[27]">TIM3_IRQHandler</a> from startup_stm32h723xx.o(.text) referenced from startup_stm32h723xx.o(RESET)
 <LI><a href="#[28]">TIM4_IRQHandler</a> from stm32h7xx_it.o(.text.TIM4_IRQHandler) referenced from startup_stm32h723xx.o(RESET)
 <LI><a href="#[3b]">TIM5_IRQHandler</a> from startup_stm32h723xx.o(.text) referenced from startup_stm32h723xx.o(RESET)
 <LI><a href="#[3f]">TIM6_DAC_IRQHandler</a> from stm32h7xx_it.o(.text.TIM6_DAC_IRQHandler) referenced from startup_stm32h723xx.o(RESET)
 <LI><a href="#[40]">TIM7_IRQHandler</a> from stm32h7xx_it.o(.text.TIM7_IRQHandler) referenced from startup_stm32h723xx.o(RESET)
 <LI><a href="#[34]">TIM8_BRK_TIM12_IRQHandler</a> from startup_stm32h723xx.o(.text) referenced from startup_stm32h723xx.o(RESET)
 <LI><a href="#[37]">TIM8_CC_IRQHandler</a> from startup_stm32h723xx.o(.text) referenced from startup_stm32h723xx.o(RESET)
 <LI><a href="#[36]">TIM8_TRG_COM_TIM14_IRQHandler</a> from startup_stm32h723xx.o(.text) referenced from startup_stm32h723xx.o(RESET)
 <LI><a href="#[35]">TIM8_UP_TIM13_IRQHandler</a> from stm32h7xx_it.o(.text.TIM8_UP_TIM13_IRQHandler) referenced from startup_stm32h723xx.o(RESET)
 <LI><a href="#[3d]">UART4_IRQHandler</a> from startup_stm32h723xx.o(.text) referenced from startup_stm32h723xx.o(RESET)
 <LI><a href="#[3e]">UART5_IRQHandler</a> from startup_stm32h723xx.o(.text) referenced from startup_stm32h723xx.o(RESET)
 <LI><a href="#[56]">UART7_IRQHandler</a> from startup_stm32h723xx.o(.text) referenced from startup_stm32h723xx.o(RESET)
 <LI><a href="#[57]">UART8_IRQHandler</a> from startup_stm32h723xx.o(.text) referenced from startup_stm32h723xx.o(RESET)
 <LI><a href="#[8b]">UART9_IRQHandler</a> from startup_stm32h723xx.o(.text) referenced from startup_stm32h723xx.o(RESET)
 <LI><a href="#[96]">UART_DMAAbortOnError</a> from stm32h7xx_hal_uart.o(.text.UART_DMAAbortOnError) referenced 2 times from stm32h7xx_hal_uart.o(.text.HAL_UART_IRQHandler)
 <LI><a href="#[99]">UART_DMAError</a> from stm32h7xx_hal_uart.o(.text.UART_DMAError) referenced 2 times from stm32h7xx_hal_uart.o(.text.HAL_UART_Receive_DMA)
 <LI><a href="#[99]">UART_DMAError</a> from stm32h7xx_hal_uart.o(.text.UART_DMAError) referenced 2 times from stm32h7xx_hal_uart.o(.text.UART_Start_Receive_DMA)
 <LI><a href="#[97]">UART_DMAReceiveCplt</a> from stm32h7xx_hal_uart.o(.text.UART_DMAReceiveCplt) referenced 2 times from stm32h7xx_hal_uart.o(.text.HAL_UART_Receive_DMA)
 <LI><a href="#[97]">UART_DMAReceiveCplt</a> from stm32h7xx_hal_uart.o(.text.UART_DMAReceiveCplt) referenced 2 times from stm32h7xx_hal_uart.o(.text.UART_Start_Receive_DMA)
 <LI><a href="#[98]">UART_DMARxHalfCplt</a> from stm32h7xx_hal_uart.o(.text.UART_DMARxHalfCplt) referenced 2 times from stm32h7xx_hal_uart.o(.text.HAL_UART_Receive_DMA)
 <LI><a href="#[98]">UART_DMARxHalfCplt</a> from stm32h7xx_hal_uart.o(.text.UART_DMARxHalfCplt) referenced 2 times from stm32h7xx_hal_uart.o(.text.UART_Start_Receive_DMA)
 <LI><a href="#[9b]">UART_RxISR_16BIT</a> from stm32h7xx_hal_uart.o(.text.UART_RxISR_16BIT) referenced 2 times from stm32h7xx_hal_uart.o(.text.UART_RxISR_16BIT_FIFOEN)
 <LI><a href="#[9b]">UART_RxISR_16BIT</a> from stm32h7xx_hal_uart.o(.text.UART_RxISR_16BIT) referenced 2 times from stm32h7xx_hal_uart.o(.text.UART_Start_Receive_IT)
 <LI><a href="#[9e]">UART_RxISR_16BIT_FIFOEN</a> from stm32h7xx_hal_uart.o(.text.UART_RxISR_16BIT_FIFOEN) referenced 2 times from stm32h7xx_hal_uart.o(.text.UART_Start_Receive_IT)
 <LI><a href="#[9c]">UART_RxISR_8BIT</a> from stm32h7xx_hal_uart.o(.text.UART_RxISR_8BIT) referenced 2 times from stm32h7xx_hal_uart.o(.text.UART_RxISR_8BIT_FIFOEN)
 <LI><a href="#[9c]">UART_RxISR_8BIT</a> from stm32h7xx_hal_uart.o(.text.UART_RxISR_8BIT) referenced 2 times from stm32h7xx_hal_uart.o(.text.UART_Start_Receive_IT)
 <LI><a href="#[9d]">UART_RxISR_8BIT_FIFOEN</a> from stm32h7xx_hal_uart.o(.text.UART_RxISR_8BIT_FIFOEN) referenced 2 times from stm32h7xx_hal_uart.o(.text.UART_Start_Receive_IT)
 <LI><a href="#[8c]">USART10_IRQHandler</a> from startup_stm32h723xx.o(.text) referenced from startup_stm32h723xx.o(RESET)
 <LI><a href="#[2f]">USART1_IRQHandler</a> from stm32h7xx_it.o(.text.USART1_IRQHandler) referenced from startup_stm32h723xx.o(RESET)
 <LI><a href="#[30]">USART2_IRQHandler</a> from startup_stm32h723xx.o(.text) referenced from startup_stm32h723xx.o(RESET)
 <LI><a href="#[31]">USART3_IRQHandler</a> from stm32h7xx_it.o(.text.USART3_IRQHandler) referenced from startup_stm32h723xx.o(RESET)
 <LI><a href="#[4c]">USART6_IRQHandler</a> from startup_stm32h723xx.o(.text) referenced from startup_stm32h723xx.o(RESET)
 <LI><a href="#[169]">USBD_CDC_DataIn</a> from usbd_cdc.o(.text.USBD_CDC_DataIn) referenced from usbd_cdc.o(.data.USBD_CDC)
 <LI><a href="#[16a]">USBD_CDC_DataOut</a> from usbd_cdc.o(.text.USBD_CDC_DataOut) referenced from usbd_cdc.o(.data.USBD_CDC)
 <LI><a href="#[166]">USBD_CDC_DeInit</a> from usbd_cdc.o(.text.USBD_CDC_DeInit) referenced from usbd_cdc.o(.data.USBD_CDC)
 <LI><a href="#[168]">USBD_CDC_EP0_RxReady</a> from usbd_cdc.o(.text.USBD_CDC_EP0_RxReady) referenced from usbd_cdc.o(.data.USBD_CDC)
 <LI><a href="#[16e]">USBD_CDC_GetDeviceQualifierDescriptor</a> from usbd_cdc.o(.text.USBD_CDC_GetDeviceQualifierDescriptor) referenced from usbd_cdc.o(.data.USBD_CDC)
 <LI><a href="#[16c]">USBD_CDC_GetFSCfgDesc</a> from usbd_cdc.o(.text.USBD_CDC_GetFSCfgDesc) referenced from usbd_cdc.o(.data.USBD_CDC)
 <LI><a href="#[16b]">USBD_CDC_GetHSCfgDesc</a> from usbd_cdc.o(.text.USBD_CDC_GetHSCfgDesc) referenced from usbd_cdc.o(.data.USBD_CDC)
 <LI><a href="#[16d]">USBD_CDC_GetOtherSpeedCfgDesc</a> from usbd_cdc.o(.text.USBD_CDC_GetOtherSpeedCfgDesc) referenced from usbd_cdc.o(.data.USBD_CDC)
 <LI><a href="#[165]">USBD_CDC_Init</a> from usbd_cdc.o(.text.USBD_CDC_Init) referenced from usbd_cdc.o(.data.USBD_CDC)
 <LI><a href="#[167]">USBD_CDC_Setup</a> from usbd_cdc.o(.text.USBD_CDC_Setup) referenced from usbd_cdc.o(.data.USBD_CDC)
 <LI><a href="#[163]">USBD_HS_ConfigStrDescriptor</a> from usbd_desc.o(.text.USBD_HS_ConfigStrDescriptor) referenced from usbd_desc.o(.data.HS_Desc)
 <LI><a href="#[15e]">USBD_HS_DeviceDescriptor</a> from usbd_desc.o(.text.USBD_HS_DeviceDescriptor) referenced from usbd_desc.o(.data.HS_Desc)
 <LI><a href="#[164]">USBD_HS_InterfaceStrDescriptor</a> from usbd_desc.o(.text.USBD_HS_InterfaceStrDescriptor) referenced from usbd_desc.o(.data.HS_Desc)
 <LI><a href="#[15f]">USBD_HS_LangIDStrDescriptor</a> from usbd_desc.o(.text.USBD_HS_LangIDStrDescriptor) referenced from usbd_desc.o(.data.HS_Desc)
 <LI><a href="#[160]">USBD_HS_ManufacturerStrDescriptor</a> from usbd_desc.o(.text.USBD_HS_ManufacturerStrDescriptor) referenced from usbd_desc.o(.data.HS_Desc)
 <LI><a href="#[161]">USBD_HS_ProductStrDescriptor</a> from usbd_desc.o(.text.USBD_HS_ProductStrDescriptor) referenced from usbd_desc.o(.data.HS_Desc)
 <LI><a href="#[162]">USBD_HS_SerialStrDescriptor</a> from usbd_desc.o(.text.USBD_HS_SerialStrDescriptor) referenced from usbd_desc.o(.data.HS_Desc)
 <LI><a href="#[5]">UsageFault_Handler</a> from stm32h7xx_it.o(.text.UsageFault_Handler) referenced from startup_stm32h723xx.o(RESET)
 <LI><a href="#[87]">WAKEUP_PIN_IRQHandler</a> from startup_stm32h723xx.o(.text) referenced from startup_stm32h723xx.o(RESET)
 <LI><a href="#[a]">WWDG_IRQHandler</a> from startup_stm32h723xx.o(.text) referenced from startup_stm32h723xx.o(RESET)
 <LI><a href="#[158]">_GLOBAL__sub_I_RC_arm.cpp</a> from rc_arm.o(.text._GLOBAL__sub_I_RC_arm.cpp) referenced from rc_arm.o(.init_array)
 <LI><a href="#[15d]">_GLOBAL__sub_I_RC_init.cpp</a> from rc_init.o(.text._GLOBAL__sub_I_RC_init.cpp) referenced from rc_init.o(.init_array)
 <LI><a href="#[a1]">test(void*)</a> from rc_init.o(.text._Z4testPv) referenced 2 times from rc_init.o(.text._GLOBAL__sub_I_RC_init.cpp)
 <LI><a href="#[a8]">SquareWave::~SquareWave__deallocating()</a> from rc_wava_generator.o(.text._ZN10SquareWaveD0Ev) referenced from rc_wava_generator.o(.rodata._ZTV10SquareWave)
 <LI><a href="#[a7]">SquareWave::~SquareWave__sub_object()</a> from rc_wava_generator.o(.text._ZN10SquareWaveD2Ev) referenced from rc_wava_generator.o(.rodata._ZTV10SquareWave)
 <LI><a href="#[aa]">can::CanHandler::~CanHandler__deallocating()</a> from rc_can.o(.text._ZN3can10CanHandlerD0Ev) referenced from rc_can.o(.rodata._ZTVN3can10CanHandlerE)
 <LI><a href="#[a9]">can::CanHandler::~CanHandler__sub_object()</a> from rc_can.o(.text._ZN3can10CanHandlerD2Ev) referenced from rc_can.o(.rodata._ZTVN3can10CanHandlerE)
 <LI><a href="#[ae]">can::Can::Task_Process()</a> from rc_can.o(.text._ZN3can3Can12Task_ProcessEv) referenced from rc_can.o(.rodata._ZTVN3can3CanE)
 <LI><a href="#[ad]">can::Can::~Can__deallocating()</a> from rc_can.o(.text._ZN3can3CanD0Ev) referenced from rc_can.o(.rodata._ZTVN3can3CanE)
 <LI><a href="#[b0]">cdc::CDCHandler::~CDCHandler__deallocating()</a> from rc_cdc.o(.text._ZN3cdc10CDCHandlerD0Ev) referenced from rc_cdc.o(.rodata._ZTVN3cdc10CDCHandlerE)
 <LI><a href="#[af]">cdc::CDCHandler::~CDCHandler__sub_object()</a> from rc_cdc.o(.text._ZN3cdc10CDCHandlerD2Ev) referenced from rc_cdc.o(.rodata._ZTVN3cdc10CDCHandlerE)
 <LI><a href="#[af]">cdc::CDCHandler::~CDCHandler__sub_object()</a> from rc_cdc.o(.text._ZN3cdc10CDCHandlerD2Ev) referenced from rc_map.o(.rodata._ZTVN3ros3MapE)
 <LI><a href="#[af]">cdc::CDCHandler::~CDCHandler__sub_object()</a> from rc_cdc.o(.text._ZN3cdc10CDCHandlerD2Ev) referenced from rc_radar.o(.rodata._ZTVN3ros5RadarE)
 <LI><a href="#[af]">cdc::CDCHandler::~CDCHandler__sub_object()</a> from rc_cdc.o(.text._ZN3cdc10CDCHandlerD2Ev) referenced from rc_best_path.o(.rodata._ZTVN3ros8BestPathE)
 <LI><a href="#[b3]">cdc::CDC::Task_Process()</a> from rc_cdc.o(.text._ZN3cdc3CDC12Task_ProcessEv) referenced from rc_cdc.o(.rodata._ZTVN3cdc3CDCE)
 <LI><a href="#[a2]">cdc::CDC::CDC_All_Task_Receive_Process(void*)</a> from rc_cdc.o(.text._ZN3cdc3CDC28CDC_All_Task_Receive_ProcessEPv) referenced 2 times from rc_cdc.o(.text._ZN3cdc3CDCC2ENS_7CDCTypeE)
 <LI><a href="#[b2]">cdc::CDC::~CDC__deallocating()</a> from rc_cdc.o(.text._ZN3cdc3CDCD0Ev) referenced from rc_cdc.o(.rodata._ZTVN3cdc3CDCE)
 <LI><a href="#[b1]">cdc::CDC::~CDC__sub_object()</a> from rc_cdc.o(.text._ZN3cdc3CDCD2Ev) referenced from rc_cdc.o(.rodata._ZTVN3cdc3CDCE)
 <LI><a href="#[b5]">pid::NonlinearPid::~NonlinearPid__deallocating()</a> from rc_nonlinear_pid.o(.text._ZN3pid12NonlinearPidD0Ev) referenced from rc_nonlinear_pid.o(.rodata._ZTVN3pid12NonlinearPidE)
 <LI><a href="#[b4]">pid::NonlinearPid::~NonlinearPid__sub_object()</a> from rc_nonlinear_pid.o(.text._ZN3pid12NonlinearPidD2Ev) referenced from rc_nonlinear_pid.o(.rodata._ZTVN3pid12NonlinearPidE)
 <LI><a href="#[b7]">pid::Pid::~Pid__deallocating()</a> from rc_motor.o(.text._ZN3pid3PidD0Ev) referenced from rc_motor.o(.rodata._ZTVN3pid3PidE)
 <LI><a href="#[b6]">pid::Pid::~Pid__sub_object()</a> from rc_motor.o(.text._ZN3pid3PidD2Ev) referenced from rc_motor.o(.rodata._ZTVN3pid3PidE)
 <LI><a href="#[b9]">ros::Map::CDC_Receive_Process(unsigned char*, unsigned short)</a> from rc_map.o(.text._ZN3ros3Map19CDC_Receive_ProcessEPht) referenced from rc_map.o(.rodata._ZTVN3ros3MapE)
 <LI><a href="#[b8]">ros::Map::~Map__deallocating()</a> from rc_map.o(.text._ZN3ros3MapD0Ev) referenced from rc_map.o(.rodata._ZTVN3ros3MapE)
 <LI><a href="#[bb]">ros::Radar::CDC_Receive_Process(unsigned char*, unsigned short)</a> from rc_radar.o(.text._ZN3ros5Radar19CDC_Receive_ProcessEPht) referenced from rc_radar.o(.rodata._ZTVN3ros5RadarE)
 <LI><a href="#[ba]">ros::Radar::~Radar__deallocating()</a> from rc_radar.o(.text._ZN3ros5RadarD0Ev) referenced from rc_radar.o(.rodata._ZTVN3ros5RadarE)
 <LI><a href="#[bd]">ros::BestPath::CDC_Receive_Process(unsigned char*, unsigned short)</a> from rc_best_path.o(.text._ZN3ros8BestPath19CDC_Receive_ProcessEPht) referenced from rc_best_path.o(.rodata._ZTVN3ros8BestPathE)
 <LI><a href="#[bc]">ros::BestPath::~BestPath__deallocating()</a> from rc_best_path.o(.text._ZN3ros8BestPathD0Ev) referenced from rc_best_path.o(.rodata._ZTVN3ros8BestPathE)
 <LI><a href="#[bf]">tim::TimHandler::~TimHandler__deallocating()</a> from rc_tim.o(.text._ZN3tim10TimHandlerD0Ev) referenced from rc_tim.o(.rodata._ZTVN3tim10TimHandlerE)
 <LI><a href="#[be]">tim::TimHandler::~TimHandler__sub_object()</a> from rc_tim.o(.text._ZN3tim10TimHandlerD2Ev) referenced from rc_tim.o(.rodata._ZTVN3tim10TimHandlerE)
 <LI><a href="#[be]">tim::TimHandler::~TimHandler__sub_object()</a> from rc_tim.o(.text._ZN3tim10TimHandlerD2Ev) referenced from rc_timer.o(.rodata._ZTVN5timer5TimerE)
 <LI><a href="#[c1]">tim::Tim::~Tim__deallocating()</a> from rc_tim.o(.text._ZN3tim3TimD0Ev) referenced from rc_tim.o(.rodata._ZTVN3tim3TimE)
 <LI><a href="#[c0]">tim::Tim::~Tim__sub_object()</a> from rc_tim.o(.text._ZN3tim3TimD2Ev) referenced from rc_tim.o(.rodata._ZTVN3tim3TimE)
 <LI><a href="#[c3]">data::RobotPose::Task_Process()</a> from rc_data_pool.o(.text._ZN4data9RobotPose12Task_ProcessEv) referenced from rc_data_pool.o(.rodata._ZTVN4data9RobotPoseE)
 <LI><a href="#[c2]">data::RobotPose::~RobotPose__deallocating()</a> from rc_data_pool.o(.text._ZN4data9RobotPoseD0Ev) referenced from rc_data_pool.o(.rodata._ZTVN4data9RobotPoseE)
 <LI><a href="#[c5]">gpio::GpioExti::~GpioExti__deallocating()</a> from rc_gpio_exti.o(.text._ZN4gpio8GpioExtiD0Ev) referenced from rc_gpio_exti.o(.rodata._ZTVN4gpio8GpioExtiE)
 <LI><a href="#[c4]">gpio::GpioExti::~GpioExti__sub_object()</a> from rc_gpio_exti.o(.text._ZN4gpio8GpioExtiD2Ev) referenced from rc_gpio_exti.o(.rodata._ZTVN4gpio8GpioExtiE)
 <LI><a href="#[c4]">gpio::GpioExti::~GpioExti__sub_object()</a> from rc_gpio_exti.o(.text._ZN4gpio8GpioExtiD2Ev) referenced from rc_photogate.o(.rodata._ZTVN9photogate12PhoGateReposE)
 <LI><a href="#[c8]">path::TrajTrack3::Task_Process()</a> from rc_traj_track3.o(.text._ZN4path10TrajTrack312Task_ProcessEv) referenced from rc_traj_track3.o(.rodata._ZTVN4path10TrajTrack3E)
 <LI><a href="#[c7]">path::TrajTrack3::~TrajTrack3__deallocating()</a> from rc_traj_track3.o(.text._ZN4path10TrajTrack3D0Ev) referenced from rc_traj_track3.o(.rodata._ZTVN4path10TrajTrack3E)
 <LI><a href="#[c6]">path::TrajTrack3::~TrajTrack3__sub_object()</a> from rc_traj_track3.o(.text._ZN4path10TrajTrack3D2Ev) referenced from rc_traj_track3.o(.rodata._ZTVN4path10TrajTrack3E)
 <LI><a href="#[ca]">path::Path3::~Path3__deallocating()</a> from rc_path3.o(.text._ZN4path5Path3D0Ev) referenced from rc_path3.o(.rodata._ZTVN4path5Path3E)
 <LI><a href="#[c9]">path::Path3::~Path3__sub_object()</a> from rc_path3.o(.text._ZN4path5Path3D2Ev) referenced from rc_path3.o(.rodata._ZTVN4path5Path3E)
 <LI><a href="#[cc]">path::Event3::~Event3__deallocating()</a> from rc_event3.o(.text._ZN4path6Event3D0Ev) referenced from rc_event3.o(.rodata._ZTVN4path6Event3E)
 <LI><a href="#[cb]">path::Event3::~Event3__sub_object()</a> from rc_event3.o(.text._ZN4path6Event3D2Ev) referenced from rc_event3.o(.rodata._ZTVN4path6Event3E)
 <LI><a href="#[cb]">path::Event3::~Event3__sub_object()</a> from rc_event3.o(.text._ZN4path6Event3D2Ev) referenced from rc_head_check_event.o(.rodata._ZTVN4path9HeadCheckE)
 <LI><a href="#[cf]">path::HeadCtrl::Task_Process()</a> from rc_head_ctrl.o(.text._ZN4path8HeadCtrl12Task_ProcessEv) referenced from rc_head_ctrl.o(.rodata._ZTVN4path8HeadCtrlE)
 <LI><a href="#[ce]">path::HeadCtrl::~HeadCtrl__deallocating()</a> from rc_head_ctrl.o(.text._ZN4path8HeadCtrlD0Ev) referenced from rc_head_ctrl.o(.rodata._ZTVN4path8HeadCtrlE)
 <LI><a href="#[cd]">path::HeadCtrl::~HeadCtrl__sub_object()</a> from rc_head_ctrl.o(.text._ZN4path8HeadCtrlD2Ev) referenced from rc_head_ctrl.o(.rodata._ZTVN4path8HeadCtrlE)
 <LI><a href="#[d0]">path::HeadCheck::~HeadCheck__deallocating()</a> from rc_head_check_event.o(.text._ZN4path9HeadCheckD0Ev) referenced from rc_head_check_event.o(.rodata._ZTVN4path9HeadCheckE)
 <LI><a href="#[d3]">path::PathPlan3::Task_Process()</a> from rc_path_plan3.o(.text._ZN4path9PathPlan312Task_ProcessEv) referenced from rc_path_plan3.o(.rodata._ZTVN4path9PathPlan3E)
 <LI><a href="#[d2]">path::PathPlan3::~PathPlan3__deallocating()</a> from rc_path_plan3.o(.text._ZN4path9PathPlan3D0Ev) referenced from rc_path_plan3.o(.rodata._ZTVN4path9PathPlan3E)
 <LI><a href="#[d1]">path::PathPlan3::~PathPlan3__sub_object()</a> from rc_path_plan3.o(.text._ZN4path9PathPlan3D2Ev) referenced from rc_path_plan3.o(.rodata._ZTVN4path9PathPlan3E)
 <LI><a href="#[d5]">path::TrajPlan3::~TrajPlan3__deallocating()</a> from rc_traj_plan3.o(.text._ZN4path9TrajPlan3D0Ev) referenced from rc_traj_plan3.o(.rodata._ZTVN4path9TrajPlan3E)
 <LI><a href="#[d4]">path::TrajPlan3::~TrajPlan3__sub_object()</a> from rc_traj_plan3.o(.text._ZN4path9TrajPlan3D2Ev) referenced from rc_traj_plan3.o(.rodata._ZTVN4path9TrajPlan3E)
 <LI><a href="#[a3]">task::ManagedTask::All_Task_Process(void*)</a> from rc_task.o(.text._ZN4task11ManagedTask16All_Task_ProcessEPv) referenced 2 times from rc_task.o(.text._ZN4task11ManagedTaskC2EPKchtNS_8TaskTypeEh)
 <LI><a href="#[d6]">task::ManagedTask::~ManagedTask__deallocating()</a> from rc_task.o(.text._ZN4task11ManagedTaskD0Ev) referenced from rc_task.o(.rodata._ZTVN4task11ManagedTaskE)
 <LI><a href="#[d7]">task::TaskCreator::~TaskCreator__deallocating()</a> from rc_task.o(.text._ZN4task11TaskCreatorD0Ev) referenced from rc_task.o(.rodata._ZTVN4task11TaskCreatorE)
 <LI><a href="#[ac]">task::TaskCreator::~TaskCreator__sub_object()</a> from rc_can.o(.text._ZN4task11TaskCreatorD2Ev) referenced from rc_can.o(.rodata._ZTVN3can3CanE)
 <LI><a href="#[ac]">task::TaskCreator::~TaskCreator__sub_object()</a> from rc_can.o(.text._ZN4task11TaskCreatorD2Ev) referenced from rc_data_pool.o(.rodata._ZTVN4data9RobotPoseE)
 <LI><a href="#[ac]">task::TaskCreator::~TaskCreator__sub_object()</a> from rc_can.o(.text._ZN4task11TaskCreatorD2Ev) referenced from rc_task.o(.rodata._ZTVN4task11ManagedTaskE)
 <LI><a href="#[ac]">task::TaskCreator::~TaskCreator__sub_object()</a> from rc_can.o(.text._ZN4task11TaskCreatorD2Ev) referenced from rc_task.o(.rodata._ZTVN4task11TaskCreatorE)
 <LI><a href="#[ac]">task::TaskCreator::~TaskCreator__sub_object()</a> from rc_can.o(.text._ZN4task11TaskCreatorD2Ev) referenced from rc_chassis.o(.rodata._ZTVN7chassis7ChassisE)
 <LI><a href="#[d9]">curve::Arc2D::~Arc2D__deallocating()</a> from rc_curve.o(.text._ZN5curve5Arc2DD0Ev) referenced from rc_curve.o(.rodata._ZTVN5curve5Arc2DE)
 <LI><a href="#[df]">curve::Line2D::~Line2D__deallocating()</a> from rc_curve.o(.text._ZN5curve6Line2DD0Ev) referenced from rc_curve.o(.rodata._ZTVN5curve6Line2DE)
 <LI><a href="#[d8]">curve::Curve2D::~Curve2D__sub_object()</a> from rc_curve.o(.text._ZN5curve7Curve2DD2Ev) referenced from rc_curve.o(.rodata._ZTVN5curve5Arc2DE)
 <LI><a href="#[d8]">curve::Curve2D::~Curve2D__sub_object()</a> from rc_curve.o(.text._ZN5curve7Curve2DD2Ev) referenced from rc_curve.o(.rodata._ZTVN5curve6Line2DE)
 <LI><a href="#[e7]">lidar::LiDAR::Uart_Rx_It_Process(unsigned char*, unsigned short)</a> from rc_lidar.o(.text._ZN5lidar5LiDAR18Uart_Rx_It_ProcessEPht) referenced from rc_lidar.o(.rodata._ZTVN5lidar5LiDARE)
 <LI><a href="#[e6]">lidar::LiDAR::~LiDAR__deallocating()</a> from rc_lidar.o(.text._ZN5lidar5LiDARD0Ev) referenced from rc_lidar.o(.rodata._ZTVN5lidar5LiDARE)
 <LI><a href="#[ec]">motor::Go::Can_Tx_Process()</a> from rc_go.o(.text._ZN5motor2Go14Can_Tx_ProcessEv) referenced from rc_go.o(.rodata._ZTVN5motor2GoE)
 <LI><a href="#[ef]">motor::Go::Tim_It_Process()</a> from rc_go.o(.text._ZN5motor2Go14Tim_It_ProcessEv) referenced from rc_go.o(.rodata._ZTVN5motor2GoE)
 <LI><a href="#[ed]">motor::Go::Can_Rx_It_Process(unsigned int, unsigned char*)</a> from rc_go.o(.text._ZN5motor2Go17Can_Rx_It_ProcessEjPh) referenced from rc_go.o(.rodata._ZTVN5motor2GoE)
 <LI><a href="#[ee]">motor::Go::CanHandler_Register()</a> from rc_go.o(.text._ZN5motor2Go19CanHandler_RegisterEv) referenced from rc_go.o(.rodata._ZTVN5motor2GoE)
 <LI><a href="#[ea]">motor::Go::Set_K_Pos(float)</a> from rc_go.o(.text._ZN5motor2Go9Set_K_PosEf) referenced from rc_go.o(.rodata._ZTVN5motor2GoE)
 <LI><a href="#[eb]">motor::Go::Set_K_Spd(float)</a> from rc_go.o(.text._ZN5motor2Go9Set_K_SpdEf) referenced from rc_go.o(.rodata._ZTVN5motor2GoE)
 <LI><a href="#[e9]">motor::Go::~Go__deallocating()</a> from rc_go.o(.text._ZN5motor2GoD0Ev) referenced from rc_go.o(.rodata._ZTVN5motor2GoE)
 <LI><a href="#[e8]">motor::Go::~Go__sub_object()</a> from rc_go.o(.text._ZN5motor2GoD2Ev) referenced from rc_go.o(.rodata._ZTVN5motor2GoE)
 <LI><a href="#[ff]">motor::J60::Can_Tx_Process()</a> from rc_j60.o(.text._ZN5motor3J6014Can_Tx_ProcessEv) referenced from rc_j60.o(.rodata._ZTVN5motor3J60E)
 <LI><a href="#[fd]">motor::J60::Tim_It_Process()</a> from rc_j60.o(.text._ZN5motor3J6014Tim_It_ProcessEv) referenced from rc_j60.o(.rodata._ZTVN5motor3J60E)
 <LI><a href="#[fe]">motor::J60::Can_Rx_It_Process(unsigned int, unsigned char*)</a> from rc_j60.o(.text._ZN5motor3J6017Can_Rx_It_ProcessEjPh) referenced from rc_j60.o(.rodata._ZTVN5motor3J60E)
 <LI><a href="#[fc]">motor::J60::CanHandler_Register()</a> from rc_j60.o(.text._ZN5motor3J6019CanHandler_RegisterEv) referenced from rc_j60.o(.rodata._ZTVN5motor3J60E)
 <LI><a href="#[fa]">motor::J60::Set_K_Pos(float)</a> from rc_j60.o(.text._ZN5motor3J609Set_K_PosEf) referenced from rc_j60.o(.rodata._ZTVN5motor3J60E)
 <LI><a href="#[fb]">motor::J60::Set_K_Spd(float)</a> from rc_j60.o(.text._ZN5motor3J609Set_K_SpdEf) referenced from rc_j60.o(.rodata._ZTVN5motor3J60E)
 <LI><a href="#[f9]">motor::J60::~J60__deallocating()</a> from rc_j60.o(.text._ZN5motor3J60D0Ev) referenced from rc_j60.o(.rodata._ZTVN5motor3J60E)
 <LI><a href="#[f8]">motor::J60::~J60__sub_object()</a> from rc_j60.o(.text._ZN5motor3J60D2Ev) referenced from rc_j60.o(.rodata._ZTVN5motor3J60E)
 <LI><a href="#[10c]">motor::Vesc::Can_Tx_Process()</a> from rc_vesc.o(.text._ZN5motor4Vesc14Can_Tx_ProcessEv) referenced from rc_vesc.o(.rodata._ZTVN5motor4VescE)
 <LI><a href="#[10b]">motor::Vesc::Tim_It_Process()</a> from rc_vesc.o(.text._ZN5motor4Vesc14Tim_It_ProcessEv) referenced from rc_vesc.o(.rodata._ZTVN5motor4VescE)
 <LI><a href="#[10d]">motor::Vesc::Can_Rx_It_Process(unsigned int, unsigned char*)</a> from rc_vesc.o(.text._ZN5motor4Vesc17Can_Rx_It_ProcessEjPh) referenced from rc_vesc.o(.rodata._ZTVN5motor4VescE)
 <LI><a href="#[10a]">motor::Vesc::CanHandler_Register()</a> from rc_vesc.o(.text._ZN5motor4Vesc19CanHandler_RegisterEv) referenced from rc_vesc.o(.rodata._ZTVN5motor4VescE)
 <LI><a href="#[109]">motor::Vesc::~Vesc__deallocating()</a> from rc_vesc.o(.text._ZN5motor4VescD0Ev) referenced from rc_vesc.o(.rodata._ZTVN5motor4VescE)
 <LI><a href="#[108]">motor::Vesc::~Vesc__sub_object()</a> from rc_vesc.o(.text._ZN5motor4VescD2Ev) referenced from rc_vesc.o(.rodata._ZTVN5motor4VescE)
 <LI><a href="#[118]">motor::M2006::Dji_Id_Init(unsigned char)</a> from rc_m2006.o(.text._ZN5motor5M200611Dji_Id_InitEh) referenced from rc_m2006.o(.rodata._ZTVN5motor5M2006E)
 <LI><a href="#[117]">motor::M2006::~M2006__deallocating()</a> from rc_m2006.o(.text._ZN5motor5M2006D0Ev) referenced from rc_m2006.o(.rodata._ZTVN5motor5M2006E)
 <LI><a href="#[126]">motor::M3508::Dji_Id_Init(unsigned char)</a> from rc_m3508.o(.text._ZN5motor5M350811Dji_Id_InitEh) referenced from rc_m3508.o(.rodata._ZTVN5motor5M3508E)
 <LI><a href="#[125]">motor::M3508::~M3508__deallocating()</a> from rc_m3508.o(.text._ZN5motor5M3508D0Ev) referenced from rc_m3508.o(.rodata._ZTVN5motor5M3508E)
 <LI><a href="#[12c]">motor::Motor::~Motor__deallocating()</a> from rc_motor.o(.text._ZN5motor5MotorD0Ev) referenced from rc_motor.o(.rodata._ZTVN5motor5MotorE)
 <LI><a href="#[12b]">motor::Motor::~Motor__sub_object()</a> from rc_motor.o(.text._ZN5motor5MotorD2Ev) referenced from rc_motor.o(.rodata._ZTVN5motor5MotorE)
 <LI><a href="#[12b]">motor::Motor::~Motor__sub_object()</a> from rc_motor.o(.text._ZN5motor5MotorD2Ev) referenced from rc_motor.o(.rodata._ZTVN5motor6JointME)
 <LI><a href="#[132]">motor::DM4310::Can_Tx_Process()</a> from rc_dm4310.o(.text._ZN5motor6DM431014Can_Tx_ProcessEv) referenced from rc_dm4310.o(.rodata._ZTVN5motor6DM4310E)
 <LI><a href="#[134]">motor::DM4310::Tim_It_Process()</a> from rc_dm4310.o(.text._ZN5motor6DM431014Tim_It_ProcessEv) referenced from rc_dm4310.o(.rodata._ZTVN5motor6DM4310E)
 <LI><a href="#[133]">motor::DM4310::Can_Rx_It_Process(unsigned int, unsigned char*)</a> from rc_dm4310.o(.text._ZN5motor6DM431017Can_Rx_It_ProcessEjPh) referenced from rc_dm4310.o(.rodata._ZTVN5motor6DM4310E)
 <LI><a href="#[131]">motor::DM4310::CanHandler_Register()</a> from rc_dm4310.o(.text._ZN5motor6DM431019CanHandler_RegisterEv) referenced from rc_dm4310.o(.rodata._ZTVN5motor6DM4310E)
 <LI><a href="#[12f]">motor::DM4310::Set_K_Pos(float)</a> from rc_dm4310.o(.text._ZN5motor6DM43109Set_K_PosEf) referenced from rc_dm4310.o(.rodata._ZTVN5motor6DM4310E)
 <LI><a href="#[130]">motor::DM4310::Set_K_Spd(float)</a> from rc_dm4310.o(.text._ZN5motor6DM43109Set_K_SpdEf) referenced from rc_dm4310.o(.rodata._ZTVN5motor6DM4310E)
 <LI><a href="#[12e]">motor::DM4310::~DM4310__deallocating()</a> from rc_dm4310.o(.text._ZN5motor6DM4310D0Ev) referenced from rc_dm4310.o(.rodata._ZTVN5motor6DM4310E)
 <LI><a href="#[12d]">motor::DM4310::~DM4310__sub_object()</a> from rc_dm4310.o(.text._ZN5motor6DM4310D2Ev) referenced from rc_dm4310.o(.rodata._ZTVN5motor6DM4310E)
 <LI><a href="#[13d]">motor::JointM::~JointM__deallocating()</a> from rc_motor.o(.text._ZN5motor6JointMD0Ev) referenced from rc_motor.o(.rodata._ZTVN5motor6JointME)
 <LI><a href="#[11b]">motor::DjiMotor::Can_Tx_Process()</a> from rc_dji_motor.o(.text._ZN5motor8DjiMotor14Can_Tx_ProcessEv) referenced from rc_m2006.o(.rodata._ZTVN5motor5M2006E)
 <LI><a href="#[11b]">motor::DjiMotor::Can_Tx_Process()</a> from rc_dji_motor.o(.text._ZN5motor8DjiMotor14Can_Tx_ProcessEv) referenced from rc_m3508.o(.rodata._ZTVN5motor5M3508E)
 <LI><a href="#[11b]">motor::DjiMotor::Can_Tx_Process()</a> from rc_dji_motor.o(.text._ZN5motor8DjiMotor14Can_Tx_ProcessEv) referenced from rc_dji_motor.o(.rodata._ZTVN5motor8DjiMotorE)
 <LI><a href="#[11a]">motor::DjiMotor::Tim_It_Process()</a> from rc_dji_motor.o(.text._ZN5motor8DjiMotor14Tim_It_ProcessEv) referenced from rc_m2006.o(.rodata._ZTVN5motor5M2006E)
 <LI><a href="#[11a]">motor::DjiMotor::Tim_It_Process()</a> from rc_dji_motor.o(.text._ZN5motor8DjiMotor14Tim_It_ProcessEv) referenced from rc_m3508.o(.rodata._ZTVN5motor5M3508E)
 <LI><a href="#[11a]">motor::DjiMotor::Tim_It_Process()</a> from rc_dji_motor.o(.text._ZN5motor8DjiMotor14Tim_It_ProcessEv) referenced from rc_dji_motor.o(.rodata._ZTVN5motor8DjiMotorE)
 <LI><a href="#[11c]">motor::DjiMotor::Can_Rx_It_Process(unsigned int, unsigned char*)</a> from rc_dji_motor.o(.text._ZN5motor8DjiMotor17Can_Rx_It_ProcessEjPh) referenced from rc_m2006.o(.rodata._ZTVN5motor5M2006E)
 <LI><a href="#[11c]">motor::DjiMotor::Can_Rx_It_Process(unsigned int, unsigned char*)</a> from rc_dji_motor.o(.text._ZN5motor8DjiMotor17Can_Rx_It_ProcessEjPh) referenced from rc_m3508.o(.rodata._ZTVN5motor5M3508E)
 <LI><a href="#[11c]">motor::DjiMotor::Can_Rx_It_Process(unsigned int, unsigned char*)</a> from rc_dji_motor.o(.text._ZN5motor8DjiMotor17Can_Rx_It_ProcessEjPh) referenced from rc_dji_motor.o(.rodata._ZTVN5motor8DjiMotorE)
 <LI><a href="#[119]">motor::DjiMotor::CanHandler_Register()</a> from rc_dji_motor.o(.text._ZN5motor8DjiMotor19CanHandler_RegisterEv) referenced from rc_m2006.o(.rodata._ZTVN5motor5M2006E)
 <LI><a href="#[119]">motor::DjiMotor::CanHandler_Register()</a> from rc_dji_motor.o(.text._ZN5motor8DjiMotor19CanHandler_RegisterEv) referenced from rc_m3508.o(.rodata._ZTVN5motor5M3508E)
 <LI><a href="#[119]">motor::DjiMotor::CanHandler_Register()</a> from rc_dji_motor.o(.text._ZN5motor8DjiMotor19CanHandler_RegisterEv) referenced from rc_dji_motor.o(.rodata._ZTVN5motor8DjiMotorE)
 <LI><a href="#[13e]">motor::DjiMotor::~DjiMotor__deallocating()</a> from rc_dji_motor.o(.text._ZN5motor8DjiMotorD0Ev) referenced from rc_dji_motor.o(.rodata._ZTVN5motor8DjiMotorE)
 <LI><a href="#[116]">motor::DjiMotor::~DjiMotor__sub_object()</a> from rc_dji_motor.o(.text._ZN5motor8DjiMotorD2Ev) referenced from rc_m2006.o(.rodata._ZTVN5motor5M2006E)
 <LI><a href="#[116]">motor::DjiMotor::~DjiMotor__sub_object()</a> from rc_dji_motor.o(.text._ZN5motor8DjiMotorD2Ev) referenced from rc_m3508.o(.rodata._ZTVN5motor5M3508E)
 <LI><a href="#[116]">motor::DjiMotor::~DjiMotor__sub_object()</a> from rc_dji_motor.o(.text._ZN5motor8DjiMotorD2Ev) referenced from rc_dji_motor.o(.rodata._ZTVN5motor8DjiMotorE)
 <LI><a href="#[144]">timer::Timer::Tim_It_Process()</a> from rc_timer.o(.text._ZN5timer5Timer14Tim_It_ProcessEv) referenced from rc_timer.o(.rodata._ZTVN5timer5TimerE)
 <LI><a href="#[143]">timer::Timer::~Timer__deallocating()</a> from rc_timer.o(.text._ZN5timer5TimerD0Ev) referenced from rc_timer.o(.rodata._ZTVN5timer5TimerE)
 <LI><a href="#[148]">flysky::FlySky::EXTI_Prosess()</a> from rc_flysky.o(.text._ZN6flysky6FlySky12EXTI_ProsessEv) referenced from rc_flysky.o(.rodata._ZTVN6flysky6FlySkyE)
 <LI><a href="#[147]">flysky::FlySky::Task_Process()</a> from rc_flysky.o(.text._ZN6flysky6FlySky12Task_ProcessEv) referenced from rc_flysky.o(.rodata._ZTVN6flysky6FlySkyE)
 <LI><a href="#[146]">flysky::FlySky::~FlySky__deallocating()</a> from rc_flysky.o(.text._ZN6flysky6FlySkyD0Ev) referenced from rc_flysky.o(.rodata._ZTVN6flysky6FlySkyE)
 <LI><a href="#[145]">flysky::FlySky::~FlySky__sub_object()</a> from rc_flysky.o(.text._ZN6flysky6FlySkyD2Ev) referenced from rc_flysky.o(.rodata._ZTVN6flysky6FlySkyE)
 <LI><a href="#[14c]">serial::UartRx::~UartRx__deallocating()</a> from rc_serial.o(.text._ZN6serial6UartRxD0Ev) referenced from rc_serial.o(.rodata._ZTVN6serial6UartRxE)
 <LI><a href="#[e5]">serial::UartRx::~UartRx__sub_object()</a> from rc_serial.o(.text._ZN6serial6UartRxD2Ev) referenced from rc_lidar.o(.rodata._ZTVN5lidar5LiDARE)
 <LI><a href="#[e5]">serial::UartRx::~UartRx__sub_object()</a> from rc_serial.o(.text._ZN6serial6UartRxD2Ev) referenced from rc_serial.o(.rodata._ZTVN6serial6UartRxE)
 <LI><a href="#[151]">chassis::Swerve4Chassis::Chassis_Init()</a> from rc_swerve_chassis.o(.text._ZN7chassis14Swerve4Chassis12Chassis_InitEv) referenced from rc_swerve_chassis.o(.rodata._ZTVN7chassis14Swerve4ChassisE)
 <LI><a href="#[150]">chassis::Swerve4Chassis::Chassis_Re_Init()</a> from rc_swerve_chassis.o(.text._ZN7chassis14Swerve4Chassis15Chassis_Re_InitEv) referenced from rc_swerve_chassis.o(.rodata._ZTVN7chassis14Swerve4ChassisE)
 <LI><a href="#[152]">chassis::Swerve4Chassis::Kinematics_calc(vector2d::Vector2D, float)</a> from rc_swerve_chassis.o(.text._ZN7chassis14Swerve4Chassis15Kinematics_calcEN8vector2d8Vector2DEf) referenced from rc_swerve_chassis.o(.rodata._ZTVN7chassis14Swerve4ChassisE)
 <LI><a href="#[14e]">chassis::Swerve4Chassis::~Swerve4Chassis__deallocating()</a> from rc_swerve_chassis.o(.text._ZN7chassis14Swerve4ChassisD0Ev) referenced from rc_swerve_chassis.o(.rodata._ZTVN7chassis14Swerve4ChassisE)
 <LI><a href="#[14d]">chassis::Swerve4Chassis::~Swerve4Chassis__sub_object()</a> from rc_swerve_chassis.o(.text._ZN7chassis14Swerve4ChassisD2Ev) referenced from rc_swerve_chassis.o(.rodata._ZTVN7chassis14Swerve4ChassisE)
 <LI><a href="#[14f]">chassis::Chassis::Task_Process()</a> from rc_chassis.o(.text._ZN7chassis7Chassis12Task_ProcessEv) referenced from rc_swerve_chassis.o(.rodata._ZTVN7chassis14Swerve4ChassisE)
 <LI><a href="#[14f]">chassis::Chassis::Task_Process()</a> from rc_chassis.o(.text._ZN7chassis7Chassis12Task_ProcessEv) referenced from rc_chassis.o(.rodata._ZTVN7chassis7ChassisE)
 <LI><a href="#[153]">chassis::Chassis::~Chassis__deallocating()</a> from rc_chassis.o(.text._ZN7chassis7ChassisD0Ev) referenced from rc_chassis.o(.rodata._ZTVN7chassis7ChassisE)
 <LI><a href="#[9f]">Arm_task::Front_Air_Pump_On()</a> from rc_arm.o(.text._ZN8Arm_task17Front_Air_Pump_OnEv) referenced 2 times from rc_arm.o(.text._GLOBAL__sub_I_RC_arm.cpp)
 <LI><a href="#[a0]">Arm_task::Front_Air_Pump_Off()</a> from rc_arm.o(.text._ZN8Arm_task18Front_Air_Pump_OffEv) referenced 4 times from rc_arm.o(.text._GLOBAL__sub_I_RC_arm.cpp)
 <LI><a href="#[155]">vector3d::Vector3D::~Vector3D__deallocating()</a> from rc_arm.o(.text._ZN8vector3d8Vector3DD0Ev) referenced from rc_arm.o(.rodata._ZTVN8vector3d8Vector3DE)
 <LI><a href="#[154]">vector3d::Vector3D::~Vector3D__sub_object()</a> from rc_arm.o(.text._ZN8vector3d8Vector3DD2Ev) referenced from rc_arm.o(.rodata._ZTVN8vector3d8Vector3DE)
 <LI><a href="#[157]">photogate::PhoGateRepos::EXTI_Prosess()</a> from rc_photogate.o(.text._ZN9photogate12PhoGateRepos12EXTI_ProsessEv) referenced from rc_photogate.o(.rodata._ZTVN9photogate12PhoGateReposE)
 <LI><a href="#[156]">photogate::PhoGateRepos::~PhoGateRepos__deallocating()</a> from rc_photogate.o(.text._ZN9photogate12PhoGateReposD0Ev) referenced from rc_photogate.o(.rodata._ZTVN9photogate12PhoGateReposE)
 <LI><a href="#[de]">curve::Arc2D::Get_Len_On_T(float) const</a> from rc_curve.o(.text._ZNK5curve5Arc2D12Get_Len_On_TEf) referenced from rc_curve.o(.rodata._ZTVN5curve5Arc2DE)
 <LI><a href="#[da]">curve::Arc2D::Get_Point_On_T(float, vector2d::Vector2D*) const</a> from rc_curve.o(.text._ZNK5curve5Arc2D14Get_Point_On_TEfPN8vector2d8Vector2DE) referenced from rc_curve.o(.rodata._ZTVN5curve5Arc2DE)
 <LI><a href="#[db]">curve::Arc2D::Get_Point_On_Len(float, vector2d::Vector2D*) const</a> from rc_curve.o(.text._ZNK5curve5Arc2D16Get_Point_On_LenEfPN8vector2d8Vector2DE) referenced from rc_curve.o(.rodata._ZTVN5curve5Arc2DE)
 <LI><a href="#[dc]">curve::Arc2D::Get_Tan_Nor_On_T(float, vector2d::Vector2D*, vector2d::Vector2D*) const</a> from rc_curve.o(.text._ZNK5curve5Arc2D16Get_Tan_Nor_On_TEfPN8vector2d8Vector2DES3_) referenced from rc_curve.o(.rodata._ZTVN5curve5Arc2DE)
 <LI><a href="#[dd]">curve::Arc2D::Get_Near_Point_T_Dis(vector2d::Vector2D, vector2d::Vector2D*, float*, float*) const</a> from rc_curve.o(.text._ZNK5curve5Arc2D20Get_Near_Point_T_DisEN8vector2d8Vector2DEPS2_PfS4_) referenced from rc_curve.o(.rodata._ZTVN5curve5Arc2DE)
 <LI><a href="#[e4]">curve::Line2D::Get_Len_On_T(float) const</a> from rc_curve.o(.text._ZNK5curve6Line2D12Get_Len_On_TEf) referenced from rc_curve.o(.rodata._ZTVN5curve6Line2DE)
 <LI><a href="#[e0]">curve::Line2D::Get_Point_On_T(float, vector2d::Vector2D*) const</a> from rc_curve.o(.text._ZNK5curve6Line2D14Get_Point_On_TEfPN8vector2d8Vector2DE) referenced from rc_curve.o(.rodata._ZTVN5curve6Line2DE)
 <LI><a href="#[e1]">curve::Line2D::Get_Point_On_Len(float, vector2d::Vector2D*) const</a> from rc_curve.o(.text._ZNK5curve6Line2D16Get_Point_On_LenEfPN8vector2d8Vector2DE) referenced from rc_curve.o(.rodata._ZTVN5curve6Line2DE)
 <LI><a href="#[e2]">curve::Line2D::Get_Tan_Nor_On_T(float, vector2d::Vector2D*, vector2d::Vector2D*) const</a> from rc_curve.o(.text._ZNK5curve6Line2D16Get_Tan_Nor_On_TEfPN8vector2d8Vector2DES3_) referenced from rc_curve.o(.rodata._ZTVN5curve6Line2DE)
 <LI><a href="#[e3]">curve::Line2D::Get_Near_Point_T_Dis(vector2d::Vector2D, vector2d::Vector2D*, float*, float*) const</a> from rc_curve.o(.text._ZNK5curve6Line2D20Get_Near_Point_T_DisEN8vector2d8Vector2DEPS2_PfS4_) referenced from rc_curve.o(.rodata._ZTVN5curve6Line2DE)
 <LI><a href="#[14b]">non-virtual thunk to flysky::FlySky::EXTI_Prosess()</a> from rc_flysky.o(.text._ZThn12_N6flysky6FlySky12EXTI_ProsessEv) referenced from rc_flysky.o(.rodata._ZTVN6flysky6FlySkyE)
 <LI><a href="#[14a]">non-virtual thunk to flysky::FlySky::~FlySky__deallocating()</a> from rc_flysky.o(.text._ZThn12_N6flysky6FlySkyD0Ev) referenced from rc_flysky.o(.rodata._ZTVN6flysky6FlySkyE)
 <LI><a href="#[149]">non-virtual thunk to flysky::FlySky::~FlySky()</a> from rc_flysky.o(.text._ZThn12_N6flysky6FlySkyD1Ev) referenced from rc_flysky.o(.rodata._ZTVN6flysky6FlySkyE)
 <LI><a href="#[110]">non-virtual thunk to motor::Vesc::Can_Tx_Process()</a> from rc_vesc.o(.text._ZThn264_N5motor4Vesc14Can_Tx_ProcessEv) referenced from rc_vesc.o(.rodata._ZTVN5motor4VescE)
 <LI><a href="#[111]">non-virtual thunk to motor::Vesc::Can_Rx_It_Process(unsigned int, unsigned char*)</a> from rc_vesc.o(.text._ZThn264_N5motor4Vesc17Can_Rx_It_ProcessEjPh) referenced from rc_vesc.o(.rodata._ZTVN5motor4VescE)
 <LI><a href="#[112]">non-virtual thunk to motor::Vesc::CanHandler_Register()</a> from rc_vesc.o(.text._ZThn264_N5motor4Vesc19CanHandler_RegisterEv) referenced from rc_vesc.o(.rodata._ZTVN5motor4VescE)
 <LI><a href="#[10f]">non-virtual thunk to motor::Vesc::~Vesc__deallocating()</a> from rc_vesc.o(.text._ZThn264_N5motor4VescD0Ev) referenced from rc_vesc.o(.rodata._ZTVN5motor4VescE)
 <LI><a href="#[10e]">non-virtual thunk to motor::Vesc::~Vesc()</a> from rc_vesc.o(.text._ZThn264_N5motor4VescD1Ev) referenced from rc_vesc.o(.rodata._ZTVN5motor4VescE)
 <LI><a href="#[11e]">non-virtual thunk to motor::M2006::~M2006__deallocating()</a> from rc_m2006.o(.text._ZThn264_N5motor5M2006D0Ev) referenced from rc_m2006.o(.rodata._ZTVN5motor5M2006E)
 <LI><a href="#[11d]">non-virtual thunk to motor::M2006::~M2006()</a> from rc_m2006.o(.text._ZThn264_N5motor5M2006D1Ev) referenced from rc_m2006.o(.rodata._ZTVN5motor5M2006E)
 <LI><a href="#[128]">non-virtual thunk to motor::M3508::~M3508__deallocating()</a> from rc_m3508.o(.text._ZThn264_N5motor5M3508D0Ev) referenced from rc_m3508.o(.rodata._ZTVN5motor5M3508E)
 <LI><a href="#[127]">non-virtual thunk to motor::M3508::~M3508()</a> from rc_m3508.o(.text._ZThn264_N5motor5M3508D1Ev) referenced from rc_m3508.o(.rodata._ZTVN5motor5M3508E)
 <LI><a href="#[11f]">non-virtual thunk to motor::DjiMotor::Can_Tx_Process()</a> from rc_dji_motor.o(.text._ZThn264_N5motor8DjiMotor14Can_Tx_ProcessEv) referenced from rc_m2006.o(.rodata._ZTVN5motor5M2006E)
 <LI><a href="#[11f]">non-virtual thunk to motor::DjiMotor::Can_Tx_Process()</a> from rc_dji_motor.o(.text._ZThn264_N5motor8DjiMotor14Can_Tx_ProcessEv) referenced from rc_m3508.o(.rodata._ZTVN5motor5M3508E)
 <LI><a href="#[11f]">non-virtual thunk to motor::DjiMotor::Can_Tx_Process()</a> from rc_dji_motor.o(.text._ZThn264_N5motor8DjiMotor14Can_Tx_ProcessEv) referenced from rc_dji_motor.o(.rodata._ZTVN5motor8DjiMotorE)
 <LI><a href="#[120]">non-virtual thunk to motor::DjiMotor::Can_Rx_It_Process(unsigned int, unsigned char*)</a> from rc_dji_motor.o(.text._ZThn264_N5motor8DjiMotor17Can_Rx_It_ProcessEjPh) referenced from rc_m2006.o(.rodata._ZTVN5motor5M2006E)
 <LI><a href="#[120]">non-virtual thunk to motor::DjiMotor::Can_Rx_It_Process(unsigned int, unsigned char*)</a> from rc_dji_motor.o(.text._ZThn264_N5motor8DjiMotor17Can_Rx_It_ProcessEjPh) referenced from rc_m3508.o(.rodata._ZTVN5motor5M3508E)
 <LI><a href="#[120]">non-virtual thunk to motor::DjiMotor::Can_Rx_It_Process(unsigned int, unsigned char*)</a> from rc_dji_motor.o(.text._ZThn264_N5motor8DjiMotor17Can_Rx_It_ProcessEjPh) referenced from rc_dji_motor.o(.rodata._ZTVN5motor8DjiMotorE)
 <LI><a href="#[121]">non-virtual thunk to motor::DjiMotor::CanHandler_Register()</a> from rc_dji_motor.o(.text._ZThn264_N5motor8DjiMotor19CanHandler_RegisterEv) referenced from rc_m2006.o(.rodata._ZTVN5motor5M2006E)
 <LI><a href="#[121]">non-virtual thunk to motor::DjiMotor::CanHandler_Register()</a> from rc_dji_motor.o(.text._ZThn264_N5motor8DjiMotor19CanHandler_RegisterEv) referenced from rc_m3508.o(.rodata._ZTVN5motor5M3508E)
 <LI><a href="#[121]">non-virtual thunk to motor::DjiMotor::CanHandler_Register()</a> from rc_dji_motor.o(.text._ZThn264_N5motor8DjiMotor19CanHandler_RegisterEv) referenced from rc_dji_motor.o(.rodata._ZTVN5motor8DjiMotorE)
 <LI><a href="#[140]">non-virtual thunk to motor::DjiMotor::~DjiMotor__deallocating()</a> from rc_dji_motor.o(.text._ZThn264_N5motor8DjiMotorD0Ev) referenced from rc_dji_motor.o(.rodata._ZTVN5motor8DjiMotorE)
 <LI><a href="#[13f]">non-virtual thunk to motor::DjiMotor::~DjiMotor()</a> from rc_dji_motor.o(.text._ZThn264_N5motor8DjiMotorD1Ev) referenced from rc_dji_motor.o(.rodata._ZTVN5motor8DjiMotorE)
 <LI><a href="#[f2]">non-virtual thunk to motor::Go::Can_Tx_Process()</a> from rc_go.o(.text._ZThn288_N5motor2Go14Can_Tx_ProcessEv) referenced from rc_go.o(.rodata._ZTVN5motor2GoE)
 <LI><a href="#[f3]">non-virtual thunk to motor::Go::Can_Rx_It_Process(unsigned int, unsigned char*)</a> from rc_go.o(.text._ZThn288_N5motor2Go17Can_Rx_It_ProcessEjPh) referenced from rc_go.o(.rodata._ZTVN5motor2GoE)
 <LI><a href="#[f4]">non-virtual thunk to motor::Go::CanHandler_Register()</a> from rc_go.o(.text._ZThn288_N5motor2Go19CanHandler_RegisterEv) referenced from rc_go.o(.rodata._ZTVN5motor2GoE)
 <LI><a href="#[f1]">non-virtual thunk to motor::Go::~Go__deallocating()</a> from rc_go.o(.text._ZThn288_N5motor2GoD0Ev) referenced from rc_go.o(.rodata._ZTVN5motor2GoE)
 <LI><a href="#[f0]">non-virtual thunk to motor::Go::~Go()</a> from rc_go.o(.text._ZThn288_N5motor2GoD1Ev) referenced from rc_go.o(.rodata._ZTVN5motor2GoE)
 <LI><a href="#[102]">non-virtual thunk to motor::J60::Can_Tx_Process()</a> from rc_j60.o(.text._ZThn288_N5motor3J6014Can_Tx_ProcessEv) referenced from rc_j60.o(.rodata._ZTVN5motor3J60E)
 <LI><a href="#[103]">non-virtual thunk to motor::J60::Can_Rx_It_Process(unsigned int, unsigned char*)</a> from rc_j60.o(.text._ZThn288_N5motor3J6017Can_Rx_It_ProcessEjPh) referenced from rc_j60.o(.rodata._ZTVN5motor3J60E)
 <LI><a href="#[104]">non-virtual thunk to motor::J60::CanHandler_Register()</a> from rc_j60.o(.text._ZThn288_N5motor3J6019CanHandler_RegisterEv) referenced from rc_j60.o(.rodata._ZTVN5motor3J60E)
 <LI><a href="#[101]">non-virtual thunk to motor::J60::~J60__deallocating()</a> from rc_j60.o(.text._ZThn288_N5motor3J60D0Ev) referenced from rc_j60.o(.rodata._ZTVN5motor3J60E)
 <LI><a href="#[100]">non-virtual thunk to motor::J60::~J60()</a> from rc_j60.o(.text._ZThn288_N5motor3J60D1Ev) referenced from rc_j60.o(.rodata._ZTVN5motor3J60E)
 <LI><a href="#[137]">non-virtual thunk to motor::DM4310::Can_Tx_Process()</a> from rc_dm4310.o(.text._ZThn288_N5motor6DM431014Can_Tx_ProcessEv) referenced from rc_dm4310.o(.rodata._ZTVN5motor6DM4310E)
 <LI><a href="#[138]">non-virtual thunk to motor::DM4310::Can_Rx_It_Process(unsigned int, unsigned char*)</a> from rc_dm4310.o(.text._ZThn288_N5motor6DM431017Can_Rx_It_ProcessEjPh) referenced from rc_dm4310.o(.rodata._ZTVN5motor6DM4310E)
 <LI><a href="#[139]">non-virtual thunk to motor::DM4310::CanHandler_Register()</a> from rc_dm4310.o(.text._ZThn288_N5motor6DM431019CanHandler_RegisterEv) referenced from rc_dm4310.o(.rodata._ZTVN5motor6DM4310E)
 <LI><a href="#[136]">non-virtual thunk to motor::DM4310::~DM4310__deallocating()</a> from rc_dm4310.o(.text._ZThn288_N5motor6DM4310D0Ev) referenced from rc_dm4310.o(.rodata._ZTVN5motor6DM4310E)
 <LI><a href="#[135]">non-virtual thunk to motor::DM4310::~DM4310()</a> from rc_dm4310.o(.text._ZThn288_N5motor6DM4310D1Ev) referenced from rc_dm4310.o(.rodata._ZTVN5motor6DM4310E)
 <LI><a href="#[115]">non-virtual thunk to motor::Vesc::Tim_It_Process()</a> from rc_vesc.o(.text._ZThn292_N5motor4Vesc14Tim_It_ProcessEv) referenced from rc_vesc.o(.rodata._ZTVN5motor4VescE)
 <LI><a href="#[114]">non-virtual thunk to motor::Vesc::~Vesc__deallocating()</a> from rc_vesc.o(.text._ZThn292_N5motor4VescD0Ev) referenced from rc_vesc.o(.rodata._ZTVN5motor4VescE)
 <LI><a href="#[113]">non-virtual thunk to motor::Vesc::~Vesc()</a> from rc_vesc.o(.text._ZThn292_N5motor4VescD1Ev) referenced from rc_vesc.o(.rodata._ZTVN5motor4VescE)
 <LI><a href="#[123]">non-virtual thunk to motor::M2006::~M2006__deallocating()</a> from rc_m2006.o(.text._ZThn292_N5motor5M2006D0Ev) referenced from rc_m2006.o(.rodata._ZTVN5motor5M2006E)
 <LI><a href="#[122]">non-virtual thunk to motor::M2006::~M2006()</a> from rc_m2006.o(.text._ZThn292_N5motor5M2006D1Ev) referenced from rc_m2006.o(.rodata._ZTVN5motor5M2006E)
 <LI><a href="#[12a]">non-virtual thunk to motor::M3508::~M3508__deallocating()</a> from rc_m3508.o(.text._ZThn292_N5motor5M3508D0Ev) referenced from rc_m3508.o(.rodata._ZTVN5motor5M3508E)
 <LI><a href="#[129]">non-virtual thunk to motor::M3508::~M3508()</a> from rc_m3508.o(.text._ZThn292_N5motor5M3508D1Ev) referenced from rc_m3508.o(.rodata._ZTVN5motor5M3508E)
 <LI><a href="#[124]">non-virtual thunk to motor::DjiMotor::Tim_It_Process()</a> from rc_dji_motor.o(.text._ZThn292_N5motor8DjiMotor14Tim_It_ProcessEv) referenced from rc_m2006.o(.rodata._ZTVN5motor5M2006E)
 <LI><a href="#[124]">non-virtual thunk to motor::DjiMotor::Tim_It_Process()</a> from rc_dji_motor.o(.text._ZThn292_N5motor8DjiMotor14Tim_It_ProcessEv) referenced from rc_m3508.o(.rodata._ZTVN5motor5M3508E)
 <LI><a href="#[124]">non-virtual thunk to motor::DjiMotor::Tim_It_Process()</a> from rc_dji_motor.o(.text._ZThn292_N5motor8DjiMotor14Tim_It_ProcessEv) referenced from rc_dji_motor.o(.rodata._ZTVN5motor8DjiMotorE)
 <LI><a href="#[142]">non-virtual thunk to motor::DjiMotor::~DjiMotor__deallocating()</a> from rc_dji_motor.o(.text._ZThn292_N5motor8DjiMotorD0Ev) referenced from rc_dji_motor.o(.rodata._ZTVN5motor8DjiMotorE)
 <LI><a href="#[141]">non-virtual thunk to motor::DjiMotor::~DjiMotor()</a> from rc_dji_motor.o(.text._ZThn292_N5motor8DjiMotorD1Ev) referenced from rc_dji_motor.o(.rodata._ZTVN5motor8DjiMotorE)
 <LI><a href="#[f7]">non-virtual thunk to motor::Go::Tim_It_Process()</a> from rc_go.o(.text._ZThn316_N5motor2Go14Tim_It_ProcessEv) referenced from rc_go.o(.rodata._ZTVN5motor2GoE)
 <LI><a href="#[f6]">non-virtual thunk to motor::Go::~Go__deallocating()</a> from rc_go.o(.text._ZThn316_N5motor2GoD0Ev) referenced from rc_go.o(.rodata._ZTVN5motor2GoE)
 <LI><a href="#[f5]">non-virtual thunk to motor::Go::~Go()</a> from rc_go.o(.text._ZThn316_N5motor2GoD1Ev) referenced from rc_go.o(.rodata._ZTVN5motor2GoE)
 <LI><a href="#[107]">non-virtual thunk to motor::J60::Tim_It_Process()</a> from rc_j60.o(.text._ZThn316_N5motor3J6014Tim_It_ProcessEv) referenced from rc_j60.o(.rodata._ZTVN5motor3J60E)
 <LI><a href="#[106]">non-virtual thunk to motor::J60::~J60__deallocating()</a> from rc_j60.o(.text._ZThn316_N5motor3J60D0Ev) referenced from rc_j60.o(.rodata._ZTVN5motor3J60E)
 <LI><a href="#[105]">non-virtual thunk to motor::J60::~J60()</a> from rc_j60.o(.text._ZThn316_N5motor3J60D1Ev) referenced from rc_j60.o(.rodata._ZTVN5motor3J60E)
 <LI><a href="#[13c]">non-virtual thunk to motor::DM4310::Tim_It_Process()</a> from rc_dm4310.o(.text._ZThn316_N5motor6DM431014Tim_It_ProcessEv) referenced from rc_dm4310.o(.rodata._ZTVN5motor6DM4310E)
 <LI><a href="#[13b]">non-virtual thunk to motor::DM4310::~DM4310__deallocating()</a> from rc_dm4310.o(.text._ZThn316_N5motor6DM4310D0Ev) referenced from rc_dm4310.o(.rodata._ZTVN5motor6DM4310E)
 <LI><a href="#[13a]">non-virtual thunk to motor::DM4310::~DM4310()</a> from rc_dm4310.o(.text._ZThn316_N5motor6DM4310D1Ev) referenced from rc_dm4310.o(.rodata._ZTVN5motor6DM4310E)
 <LI><a href="#[ab]">__cxa_pure_virtual</a> from cxa_virtual.cpp.o(.text.__cxa_pure_virtual) referenced 3 times from rc_can.o(.rodata._ZTVN3can10CanHandlerE)
 <LI><a href="#[ab]">__cxa_pure_virtual</a> from cxa_virtual.cpp.o(.text.__cxa_pure_virtual) referenced from rc_cdc.o(.rodata._ZTVN3cdc10CDCHandlerE)
 <LI><a href="#[ab]">__cxa_pure_virtual</a> from cxa_virtual.cpp.o(.text.__cxa_pure_virtual) referenced from rc_tim.o(.rodata._ZTVN3tim10TimHandlerE)
 <LI><a href="#[ab]">__cxa_pure_virtual</a> from cxa_virtual.cpp.o(.text.__cxa_pure_virtual) referenced from rc_gpio_exti.o(.rodata._ZTVN4gpio8GpioExtiE)
 <LI><a href="#[ab]">__cxa_pure_virtual</a> from cxa_virtual.cpp.o(.text.__cxa_pure_virtual) referenced from rc_task.o(.rodata._ZTVN4task11ManagedTaskE)
 <LI><a href="#[ab]">__cxa_pure_virtual</a> from cxa_virtual.cpp.o(.text.__cxa_pure_virtual) referenced 2 times from rc_motor.o(.rodata._ZTVN5motor6JointME)
 <LI><a href="#[ab]">__cxa_pure_virtual</a> from cxa_virtual.cpp.o(.text.__cxa_pure_virtual) referenced from rc_dji_motor.o(.rodata._ZTVN5motor8DjiMotorE)
 <LI><a href="#[ab]">__cxa_pure_virtual</a> from cxa_virtual.cpp.o(.text.__cxa_pure_virtual) referenced from rc_serial.o(.rodata._ZTVN6serial6UartRxE)
 <LI><a href="#[ab]">__cxa_pure_virtual</a> from cxa_virtual.cpp.o(.text.__cxa_pure_virtual) referenced 3 times from rc_chassis.o(.rodata._ZTVN7chassis7ChassisE)
 <LI><a href="#[159]">__cxx_global_var_init</a> from rc_map_graph.o(.text.__cxx_global_var_init) referenced from rc_map_graph.o(.init_array)
 <LI><a href="#[15a]">__cxx_global_var_init.1</a> from rc_map_graph.o(.text.__cxx_global_var_init.1) referenced from rc_map_graph.o(.init_array)
 <LI><a href="#[15b]">__cxx_global_var_init.2</a> from rc_map_graph.o(.text.__cxx_global_var_init.2) referenced from rc_map_graph.o(.init_array)
 <LI><a href="#[15c]">__cxx_global_var_init.3</a> from rc_map_graph.o(.text.__cxx_global_var_init.3) referenced from rc_map_graph.o(.init_array)
 <LI><a href="#[95]">__main</a> from __main.o(!!!main) referenced from startup_stm32h723xx.o(.text)
 <LI><a href="#[a5]">prvIdleTask</a> from tasks.o(.text.prvIdleTask) referenced 2 times from tasks.o(.text.vTaskStartScheduler)
 <LI><a href="#[a4]">prvTaskExitError</a> from port.o(.text.prvTaskExitError) referenced 2 times from port.o(.text.pxPortInitialiseStack)
 <LI><a href="#[a6]">prvTimerTask</a> from timers.o(.text.prvTimerTask) referenced 2 times from timers.o(.text.xTimerCreateTimerTask)
</UL>
<P>
<H3>
Global Symbols
</H3>
<P><STRONG><a name="[95]"></a>__main</STRONG> (Thumb, 8 bytes, Stack size 0 bytes, __main.o(!!!main))
<BR><BR>[Calls]<UL><LI><a href="#[176]">&gt;&gt;</a>&nbsp;&nbsp;&nbsp;__rt_entry
<LI><a href="#[175]">&gt;&gt;</a>&nbsp;&nbsp;&nbsp;__scatterload
</UL>
<BR>[Address Reference Count : 1]<UL><LI> startup_stm32h723xx.o(.text)
</UL>
<P><STRONG><a name="[175]"></a>__scatterload</STRONG> (Thumb, 0 bytes, Stack size unknown bytes, __scatter.o(!!!scatter))
<BR><BR>[Called By]<UL><LI><a href="#[95]">&gt;&gt;</a>&nbsp;&nbsp;&nbsp;__main
</UL>

<P><STRONG><a name="[177]"></a>__scatterload_rt2</STRONG> (Thumb, 84 bytes, Stack size unknown bytes, __scatter.o(!!!scatter), UNUSED)
<BR><BR>[Calls]<UL><LI><a href="#[176]">&gt;&gt;</a>&nbsp;&nbsp;&nbsp;__rt_entry
</UL>

<P><STRONG><a name="[348]"></a>__scatterload_rt2_thumb_only</STRONG> (Thumb, 0 bytes, Stack size unknown bytes, __scatter.o(!!!scatter), UNUSED)

<P><STRONG><a name="[349]"></a>__scatterload_loop</STRONG> (Thumb, 0 bytes, Stack size unknown bytes, __scatter.o(!!!scatter), UNUSED)

<P><STRONG><a name="[178]"></a>__scatterload_copy</STRONG> (Thumb, 26 bytes, Stack size unknown bytes, __scatter_copy.o(!!handler_copy), UNUSED)
<BR><BR>[Calls]<UL><LI><a href="#[178]">&gt;&gt;</a>&nbsp;&nbsp;&nbsp;__scatterload_copy
</UL>
<BR>[Called By]<UL><LI><a href="#[178]">&gt;&gt;</a>&nbsp;&nbsp;&nbsp;__scatterload_copy
</UL>

<P><STRONG><a name="[34a]"></a>__scatterload_null</STRONG> (Thumb, 2 bytes, Stack size unknown bytes, __scatter.o(!!handler_null), UNUSED)

<P><STRONG><a name="[34b]"></a>__scatterload_zeroinit</STRONG> (Thumb, 28 bytes, Stack size unknown bytes, __scatter_zi.o(!!handler_zi), UNUSED)

<P><STRONG><a name="[17f]"></a>__rt_lib_init</STRONG> (Thumb, 0 bytes, Stack size unknown bytes, libinit.o(.ARM.Collect$$libinit$$00000000))
<BR><BR>[Called By]<UL><LI><a href="#[17e]">&gt;&gt;</a>&nbsp;&nbsp;&nbsp;__rt_entry_li
</UL>

<P><STRONG><a name="[179]"></a>__rt_lib_init_fp_1</STRONG> (Thumb, 0 bytes, Stack size unknown bytes, libinit2.o(.ARM.Collect$$libinit$$00000001))
<BR><BR>[Calls]<UL><LI><a href="#[17a]">&gt;&gt;</a>&nbsp;&nbsp;&nbsp;_fp_init
</UL>

<P><STRONG><a name="[34c]"></a>__rt_lib_init_alloca_1</STRONG> (Thumb, 0 bytes, Stack size unknown bytes, libinit2.o(.ARM.Collect$$libinit$$00000030))

<P><STRONG><a name="[34d]"></a>__rt_lib_init_argv_1</STRONG> (Thumb, 0 bytes, Stack size unknown bytes, libinit2.o(.ARM.Collect$$libinit$$0000002E))

<P><STRONG><a name="[34e]"></a>__rt_lib_init_atexit_1</STRONG> (Thumb, 0 bytes, Stack size unknown bytes, libinit2.o(.ARM.Collect$$libinit$$0000001D))

<P><STRONG><a name="[34f]"></a>__rt_lib_init_clock_1</STRONG> (Thumb, 0 bytes, Stack size unknown bytes, libinit2.o(.ARM.Collect$$libinit$$00000023))

<P><STRONG><a name="[17b]"></a>__rt_lib_init_cpp_2</STRONG> (Thumb, 0 bytes, Stack size unknown bytes, libinit2.o(.ARM.Collect$$libinit$$00000033))
<BR><BR>[Stack]<UL><LI>Max Depth = 24 + Unknown Stack Size
<LI>Call Chain = __rt_lib_init_cpp_2 &rArr; __cpp_initialize__aeabi_
</UL>
<BR>[Calls]<UL><LI><a href="#[174]">&gt;&gt;</a>&nbsp;&nbsp;&nbsp;__cpp_initialize__aeabi_
</UL>

<P><STRONG><a name="[350]"></a>__rt_lib_init_exceptions_1</STRONG> (Thumb, 0 bytes, Stack size unknown bytes, libinit2.o(.ARM.Collect$$libinit$$00000032))

<P><STRONG><a name="[351]"></a>__rt_lib_init_fp_trap_1</STRONG> (Thumb, 0 bytes, Stack size unknown bytes, libinit2.o(.ARM.Collect$$libinit$$00000021))

<P><STRONG><a name="[352]"></a>__rt_lib_init_getenv_1</STRONG> (Thumb, 0 bytes, Stack size unknown bytes, libinit2.o(.ARM.Collect$$libinit$$00000025))

<P><STRONG><a name="[353]"></a>__rt_lib_init_heap_1</STRONG> (Thumb, 0 bytes, Stack size unknown bytes, libinit2.o(.ARM.Collect$$libinit$$0000000C))

<P><STRONG><a name="[354]"></a>__rt_lib_init_lc_collate_1</STRONG> (Thumb, 0 bytes, Stack size unknown bytes, libinit2.o(.ARM.Collect$$libinit$$00000013))

<P><STRONG><a name="[355]"></a>__rt_lib_init_lc_ctype_1</STRONG> (Thumb, 0 bytes, Stack size unknown bytes, libinit2.o(.ARM.Collect$$libinit$$00000015))

<P><STRONG><a name="[356]"></a>__rt_lib_init_lc_monetary_1</STRONG> (Thumb, 0 bytes, Stack size unknown bytes, libinit2.o(.ARM.Collect$$libinit$$00000017))

<P><STRONG><a name="[357]"></a>__rt_lib_init_lc_numeric_1</STRONG> (Thumb, 0 bytes, Stack size unknown bytes, libinit2.o(.ARM.Collect$$libinit$$00000019))

<P><STRONG><a name="[358]"></a>__rt_lib_init_lc_time_1</STRONG> (Thumb, 0 bytes, Stack size unknown bytes, libinit2.o(.ARM.Collect$$libinit$$0000001B))

<P><STRONG><a name="[359]"></a>__rt_lib_init_preinit_1</STRONG> (Thumb, 0 bytes, Stack size unknown bytes, libinit2.o(.ARM.Collect$$libinit$$00000006))

<P><STRONG><a name="[35a]"></a>__rt_lib_init_rand_1</STRONG> (Thumb, 0 bytes, Stack size unknown bytes, libinit2.o(.ARM.Collect$$libinit$$00000010))

<P><STRONG><a name="[35b]"></a>__rt_lib_init_relocate_pie_1</STRONG> (Thumb, 0 bytes, Stack size unknown bytes, libinit2.o(.ARM.Collect$$libinit$$00000004))

<P><STRONG><a name="[35c]"></a>__rt_lib_init_signal_1</STRONG> (Thumb, 0 bytes, Stack size unknown bytes, libinit2.o(.ARM.Collect$$libinit$$0000001F))

<P><STRONG><a name="[35d]"></a>__rt_lib_init_stdio_1</STRONG> (Thumb, 0 bytes, Stack size unknown bytes, libinit2.o(.ARM.Collect$$libinit$$00000027))

<P><STRONG><a name="[35e]"></a>__rt_lib_init_user_alloc_1</STRONG> (Thumb, 0 bytes, Stack size unknown bytes, libinit2.o(.ARM.Collect$$libinit$$0000000E))

<P><STRONG><a name="[35f]"></a>__rt_lib_init_cpp_1</STRONG> (Thumb, 0 bytes, Stack size unknown bytes, libinit2.o(.ARM.Collect$$libinit$$00000034))

<P><STRONG><a name="[360]"></a>__rt_lib_init_return</STRONG> (Thumb, 0 bytes, Stack size unknown bytes, libinit2.o(.ARM.Collect$$libinit$$00000035))

<P><STRONG><a name="[184]"></a>__rt_lib_shutdown</STRONG> (Thumb, 0 bytes, Stack size unknown bytes, libshutdown.o(.ARM.Collect$$libshutdown$$00000000))
<BR><BR>[Called By]<UL><LI><a href="#[183]">&gt;&gt;</a>&nbsp;&nbsp;&nbsp;__rt_exit_ls
<LI><a href="#[191]">&gt;&gt;</a>&nbsp;&nbsp;&nbsp;abort
</UL>

<P><STRONG><a name="[361]"></a>__rt_lib_shutdown_cpp_1</STRONG> (Thumb, 0 bytes, Stack size unknown bytes, libshutdown2.o(.ARM.Collect$$libshutdown$$00000002))

<P><STRONG><a name="[362]"></a>__rt_lib_shutdown_fp_trap_1</STRONG> (Thumb, 0 bytes, Stack size unknown bytes, libshutdown2.o(.ARM.Collect$$libshutdown$$00000007))

<P><STRONG><a name="[363]"></a>__rt_lib_shutdown_heap_1</STRONG> (Thumb, 0 bytes, Stack size unknown bytes, libshutdown2.o(.ARM.Collect$$libshutdown$$0000000F))

<P><STRONG><a name="[364]"></a>__rt_lib_shutdown_return</STRONG> (Thumb, 0 bytes, Stack size unknown bytes, libshutdown2.o(.ARM.Collect$$libshutdown$$00000010))

<P><STRONG><a name="[365]"></a>__rt_lib_shutdown_signal_1</STRONG> (Thumb, 0 bytes, Stack size unknown bytes, libshutdown2.o(.ARM.Collect$$libshutdown$$0000000A))

<P><STRONG><a name="[366]"></a>__rt_lib_shutdown_stdio_1</STRONG> (Thumb, 0 bytes, Stack size unknown bytes, libshutdown2.o(.ARM.Collect$$libshutdown$$00000004))

<P><STRONG><a name="[367]"></a>__rt_lib_shutdown_user_alloc_1</STRONG> (Thumb, 0 bytes, Stack size unknown bytes, libshutdown2.o(.ARM.Collect$$libshutdown$$0000000C))

<P><STRONG><a name="[176]"></a>__rt_entry</STRONG> (Thumb, 0 bytes, Stack size unknown bytes, __rtentry.o(.ARM.Collect$$rtentry$$00000000))
<BR><BR>[Called By]<UL><LI><a href="#[95]">&gt;&gt;</a>&nbsp;&nbsp;&nbsp;__main
<LI><a href="#[177]">&gt;&gt;</a>&nbsp;&nbsp;&nbsp;__scatterload_rt2
</UL>

<P><STRONG><a name="[368]"></a>__rt_entry_presh_1</STRONG> (Thumb, 0 bytes, Stack size unknown bytes, __rtentry2.o(.ARM.Collect$$rtentry$$00000002))

<P><STRONG><a name="[17c]"></a>__rt_entry_sh</STRONG> (Thumb, 0 bytes, Stack size unknown bytes, __rtentry4.o(.ARM.Collect$$rtentry$$00000004))
<BR><BR>[Stack]<UL><LI>Max Depth = 8 + Unknown Stack Size
<LI>Call Chain = __rt_entry_sh &rArr; __user_setup_stackheap
</UL>
<BR>[Calls]<UL><LI><a href="#[17d]">&gt;&gt;</a>&nbsp;&nbsp;&nbsp;__user_setup_stackheap
</UL>

<P><STRONG><a name="[17e]"></a>__rt_entry_li</STRONG> (Thumb, 0 bytes, Stack size unknown bytes, __rtentry2.o(.ARM.Collect$$rtentry$$0000000A))
<BR><BR>[Calls]<UL><LI><a href="#[17f]">&gt;&gt;</a>&nbsp;&nbsp;&nbsp;__rt_lib_init
</UL>

<P><STRONG><a name="[369]"></a>__rt_entry_postsh_1</STRONG> (Thumb, 0 bytes, Stack size unknown bytes, __rtentry2.o(.ARM.Collect$$rtentry$$00000009))

<P><STRONG><a name="[180]"></a>__rt_entry_main</STRONG> (Thumb, 0 bytes, Stack size unknown bytes, __rtentry2.o(.ARM.Collect$$rtentry$$0000000D))
<BR><BR>[Stack]<UL><LI>Max Depth = 360 + Unknown Stack Size
<LI>Call Chain = __rt_entry_main &rArr; main &rArr; MX_FDCAN3_Init &rArr; HAL_FDCAN_Init &rArr; HAL_FDCAN_MspInit &rArr; HAL_RCCEx_PeriphCLKConfig &rArr; RCCEx_PLL3_Config
</UL>
<BR>[Calls]<UL><LI><a href="#[181]">&gt;&gt;</a>&nbsp;&nbsp;&nbsp;main
<LI><a href="#[182]">&gt;&gt;</a>&nbsp;&nbsp;&nbsp;exit
</UL>

<P><STRONG><a name="[36a]"></a>__rt_entry_postli_1</STRONG> (Thumb, 0 bytes, Stack size unknown bytes, __rtentry2.o(.ARM.Collect$$rtentry$$0000000C))

<P><STRONG><a name="[195]"></a>__rt_exit</STRONG> (Thumb, 0 bytes, Stack size unknown bytes, rtexit.o(.ARM.Collect$$rtexit$$00000000))
<BR><BR>[Called By]<UL><LI><a href="#[182]">&gt;&gt;</a>&nbsp;&nbsp;&nbsp;exit
</UL>

<P><STRONG><a name="[183]"></a>__rt_exit_ls</STRONG> (Thumb, 0 bytes, Stack size unknown bytes, rtexit2.o(.ARM.Collect$$rtexit$$00000003))
<BR><BR>[Calls]<UL><LI><a href="#[184]">&gt;&gt;</a>&nbsp;&nbsp;&nbsp;__rt_lib_shutdown
</UL>

<P><STRONG><a name="[36b]"></a>__rt_exit_prels_1</STRONG> (Thumb, 0 bytes, Stack size unknown bytes, rtexit2.o(.ARM.Collect$$rtexit$$00000002))

<P><STRONG><a name="[185]"></a>__rt_exit_exit</STRONG> (Thumb, 0 bytes, Stack size unknown bytes, rtexit2.o(.ARM.Collect$$rtexit$$00000004))
<BR><BR>[Calls]<UL><LI><a href="#[186]">&gt;&gt;</a>&nbsp;&nbsp;&nbsp;_sys_exit
</UL>

<P><STRONG><a name="[0]"></a>Reset_Handler</STRONG> (Thumb, 12 bytes, Stack size 0 bytes, startup_stm32h723xx.o(.text))
<BR>[Address Reference Count : 1]<UL><LI> startup_stm32h723xx.o(RESET)
</UL>
<P><STRONG><a name="[73]"></a>ADC3_IRQHandler</STRONG> (Thumb, 0 bytes, Stack size 0 bytes, startup_stm32h723xx.o(.text))
<BR><BR>[Calls]<UL><LI><a href="#[73]">&gt;&gt;</a>&nbsp;&nbsp;&nbsp;ADC3_IRQHandler
</UL>
<BR>[Called By]<UL><LI><a href="#[73]">&gt;&gt;</a>&nbsp;&nbsp;&nbsp;ADC3_IRQHandler
</UL>
<BR>[Address Reference Count : 1]<UL><LI> startup_stm32h723xx.o(RESET)
</UL>
<P><STRONG><a name="[1c]"></a>ADC_IRQHandler</STRONG> (Thumb, 0 bytes, Stack size 0 bytes, startup_stm32h723xx.o(.text))
<BR>[Address Reference Count : 1]<UL><LI> startup_stm32h723xx.o(RESET)
</UL>
<P><STRONG><a name="[75]"></a>BDMA_Channel0_IRQHandler</STRONG> (Thumb, 0 bytes, Stack size 0 bytes, startup_stm32h723xx.o(.text))
<BR>[Address Reference Count : 1]<UL><LI> startup_stm32h723xx.o(RESET)
</UL>
<P><STRONG><a name="[76]"></a>BDMA_Channel1_IRQHandler</STRONG> (Thumb, 0 bytes, Stack size 0 bytes, startup_stm32h723xx.o(.text))
<BR>[Address Reference Count : 1]<UL><LI> startup_stm32h723xx.o(RESET)
</UL>
<P><STRONG><a name="[77]"></a>BDMA_Channel2_IRQHandler</STRONG> (Thumb, 0 bytes, Stack size 0 bytes, startup_stm32h723xx.o(.text))
<BR>[Address Reference Count : 1]<UL><LI> startup_stm32h723xx.o(RESET)
</UL>
<P><STRONG><a name="[78]"></a>BDMA_Channel3_IRQHandler</STRONG> (Thumb, 0 bytes, Stack size 0 bytes, startup_stm32h723xx.o(.text))
<BR>[Address Reference Count : 1]<UL><LI> startup_stm32h723xx.o(RESET)
</UL>
<P><STRONG><a name="[79]"></a>BDMA_Channel4_IRQHandler</STRONG> (Thumb, 0 bytes, Stack size 0 bytes, startup_stm32h723xx.o(.text))
<BR>[Address Reference Count : 1]<UL><LI> startup_stm32h723xx.o(RESET)
</UL>
<P><STRONG><a name="[7a]"></a>BDMA_Channel5_IRQHandler</STRONG> (Thumb, 0 bytes, Stack size 0 bytes, startup_stm32h723xx.o(.text))
<BR>[Address Reference Count : 1]<UL><LI> startup_stm32h723xx.o(RESET)
</UL>
[...]
<BR><BR>[Stack]<UL><LI>Max Depth = 48<LI>Call Chain = UART_DMAError &rArr; HAL_UART_ErrorCallback &rArr; serial::UartRx::All_Uart_Error_It_Process(__UART_HandleTypeDef*) &rArr; HAL_UARTEx_ReceiveToIdle_DMA &rArr; UART_Start_Receive_DMA &rArr; HAL_DMA_Start_IT &rArr; DMA_SetConfig
</UL>
<BR>[Calls]<UL><LI><a href="#[235]">&gt;&gt;</a>&nbsp;&nbsp;&nbsp;HAL_UART_ErrorCallback
</UL>
<BR>[Address Reference Count : 2]<UL><LI> stm32h7xx_hal_uart.o(.text.HAL_UART_Receive_DMA)
<LI> stm32h7xx_hal_uart.o(.text.UART_Start_Receive_DMA)
</UL>
<P><STRONG><a name="[97]"></a>UART_DMAReceiveCplt</STRONG> (Thumb, 130 bytes, Stack size 0 bytes, stm32h7xx_hal_uart.o(.text.UART_DMAReceiveCplt))
<BR><BR>[Stack]<UL><LI>Max Depth = 48<LI>Call Chain = UART_DMAReceiveCplt &rArr; HAL_UARTEx_RxEventCallback &rArr; serial::UartRx::All_Uart_Rx_It_Process(__UART_HandleTypeDef*, unsigned short) &rArr; HAL_UARTEx_ReceiveToIdle_DMA &rArr; UART_Start_Receive_DMA &rArr; HAL_DMA_Start_IT &rArr; DMA_SetConfig
</UL>
<BR>[Calls]<UL><LI><a href="#[233]">&gt;&gt;</a>&nbsp;&nbsp;&nbsp;HAL_UARTEx_RxEventCallback
<LI><a href="#[245]">&gt;&gt;</a>&nbsp;&nbsp;&nbsp;HAL_UART_RxCpltCallback
</UL>
<BR>[Address Reference Count : 2]<UL><LI> stm32h7xx_hal_uart.o(.text.HAL_UART_Receive_DMA)
<LI> stm32h7xx_hal_uart.o(.text.UART_Start_Receive_DMA)
</UL>
<P><STRONG><a name="[98]"></a>UART_DMARxHalfCplt</STRONG> (Thumb, 26 bytes, Stack size 0 bytes, stm32h7xx_hal_uart.o(.text.UART_DMARxHalfCplt))
<BR><BR>[Stack]<UL><LI>Max Depth = 48<LI>Call Chain = UART_DMARxHalfCplt &rArr; HAL_UARTEx_RxEventCallback &rArr; serial::UartRx::All_Uart_Rx_It_Process(__UART_HandleTypeDef*, unsigned short) &rArr; HAL_UARTEx_ReceiveToIdle_DMA &rArr; UART_Start_Receive_DMA &rArr; HAL_DMA_Start_IT &rArr; DMA_SetConfig
</UL>
<BR>[Calls]<UL><LI><a href="#[265]">&gt;&gt;</a>&nbsp;&nbsp;&nbsp;HAL_UART_RxHalfCpltCallback
<LI><a href="#[233]">&gt;&gt;</a>&nbsp;&nbsp;&nbsp;HAL_UARTEx_RxEventCallback
</UL>
<BR>[Address Reference Count : 2]<UL><LI> stm32h7xx_hal_uart.o(.text.HAL_UART_Receive_DMA)
<LI> stm32h7xx_hal_uart.o(.text.UART_Start_Receive_DMA)
</UL>
<P><STRONG><a name="[96]"></a>UART_DMAAbortOnError</STRONG> (Thumb, 12 bytes, Stack size 0 bytes, stm32h7xx_hal_uart.o(.text.UART_DMAAbortOnError))
<BR><BR>[Stack]<UL><LI>Max Depth = 48<LI>Call Chain = UART_DMAAbortOnError &rArr; HAL_UART_ErrorCallback &rArr; serial::UartRx::All_Uart_Error_It_Process(__UART_HandleTypeDef*) &rArr; HAL_UARTEx_ReceiveToIdle_DMA &rArr; UART_Start_Receive_DMA &rArr; HAL_DMA_Start_IT &rArr; DMA_SetConfig
</UL>
<BR>[Calls]<UL><LI><a href="#[235]">&gt;&gt;</a>&nbsp;&nbsp;&nbsp;HAL_UART_ErrorCallback
</UL>
<BR>[Address Reference Count : 1]<UL><LI> stm32h7xx_hal_uart.o(.text.HAL_UART_IRQHandler)
</UL>
<P><STRONG><a name="[32b]"></a>prvUnlockQueue</STRONG> (Thumb, 122 bytes, Stack size 24 bytes, queue.o(.text.prvUnlockQueue))
<BR><BR>[Stack]<UL><LI>Max Depth = 40<LI>Call Chain = prvUnlockQueue &rArr; xTaskRemoveFromEventList
</UL>
<BR>[Calls]<UL><LI><a href="#[32d]">&gt;&gt;</a>&nbsp;&nbsp;&nbsp;vTaskMissedYield
<LI><a href="#[32c]">&gt;&gt;</a>&nbsp;&nbsp;&nbsp;xTaskRemoveFromEventList
<LI><a href="#[2b9]">&gt;&gt;</a>&nbsp;&nbsp;&nbsp;vPortExitCritical
<LI><a href="#[2b8]">&gt;&gt;</a>&nbsp;&nbsp;&nbsp;vPortEnterCritical
</UL>
<BR>[Called By]<UL><LI><a href="#[329]">&gt;&gt;</a>&nbsp;&nbsp;&nbsp;vQueueWaitForMessageRestricted
<LI><a href="#[32a]">&gt;&gt;</a>&nbsp;&nbsp;&nbsp;xQueueReceive
<LI><a href="#[2bb]">&gt;&gt;</a>&nbsp;&nbsp;&nbsp;xQueueSemaphoreTake
<LI><a href="#[2bc]">&gt;&gt;</a>&nbsp;&nbsp;&nbsp;xQueueGenericSend
</UL>

<P><STRONG><a name="[31d]"></a>prvAddNewTaskToReadyList</STRONG> (Thumb, 284 bytes, Stack size 32 bytes, tasks.o(.text.prvAddNewTaskToReadyList))
<BR><BR>[Stack]<UL><LI>Max Depth = 32<LI>Call Chain = prvAddNewTaskToReadyList
</UL>
<BR>[Calls]<UL><LI><a href="#[31f]">&gt;&gt;</a>&nbsp;&nbsp;&nbsp;vListInsertEnd
<LI><a href="#[2b9]">&gt;&gt;</a>&nbsp;&nbsp;&nbsp;vPortExitCritical
<LI><a href="#[2b8]">&gt;&gt;</a>&nbsp;&nbsp;&nbsp;vPortEnterCritical
<LI><a href="#[31e]">&gt;&gt;</a>&nbsp;&nbsp;&nbsp;vListInitialise
</UL>
<BR>[Called By]<UL><LI><a href="#[31c]">&gt;&gt;</a>&nbsp;&nbsp;&nbsp;xTaskCreate
<LI><a href="#[31b]">&gt;&gt;</a>&nbsp;&nbsp;&nbsp;xTaskCreateStatic
</UL>

<P><STRONG><a name="[a5]"></a>prvIdleTask</STRONG> (Thumb, 150 bytes, Stack size 0 bytes, tasks.o(.text.prvIdleTask))
<BR><BR>[Stack]<UL><LI>Max Depth = 96<LI>Call Chain = prvIdleTask &rArr; vPortFree &rArr; xTaskResumeAll &rArr; xTaskIncrementTick
</UL>
<BR>[Calls]<UL><LI><a href="#[324]">&gt;&gt;</a>&nbsp;&nbsp;&nbsp;uxListRemove
<LI><a href="#[323]">&gt;&gt;</a>&nbsp;&nbsp;&nbsp;vPortFree
<LI><a href="#[2b9]">&gt;&gt;</a>&nbsp;&nbsp;&nbsp;vPortExitCritical
<LI><a href="#[2b8]">&gt;&gt;</a>&nbsp;&nbsp;&nbsp;vPortEnterCritical
</UL>
<BR>[Address Reference Count : 1]<UL><LI> tasks.o(.text.vTaskStartScheduler)
</UL>
<P><STRONG><a name="[320]"></a>prvCheckForValidListAndQueue</STRONG> (Thumb, 116 bytes, Stack size 24 bytes, timers.o(.text.prvCheckForValidListAndQueue))
<BR><BR>[Stack]<UL><LI>Max Depth = 48<LI>Call Chain = prvCheckForValidListAndQueue &rArr; xQueueGenericCreateStatic
</UL>
<BR>[Calls]<UL><LI><a href="#[322]">&gt;&gt;</a>&nbsp;&nbsp;&nbsp;vQueueAddToRegistry
<LI><a href="#[321]">&gt;&gt;</a>&nbsp;&nbsp;&nbsp;xQueueGenericCreateStatic
<LI><a href="#[2b9]">&gt;&gt;</a>&nbsp;&nbsp;&nbsp;vPortExitCritical
<LI><a href="#[2b8]">&gt;&gt;</a>&nbsp;&nbsp;&nbsp;vPortEnterCritical
<LI><a href="#[31e]">&gt;&gt;</a>&nbsp;&nbsp;&nbsp;vListInitialise
</UL>
<BR>[Called By]<UL><LI><a href="#[333]">&gt;&gt;</a>&nbsp;&nbsp;&nbsp;xTimerCreateTimerTask
</UL>

<P><STRONG><a name="[a6]"></a>prvTimerTask</STRONG> (Thumb, 698 bytes, Stack size 40 bytes, timers.o(.text.prvTimerTask))
<BR><BR>[Stack]<UL><LI>Max Depth = 232<LI>Call Chain = prvTimerTask &rArr; prvSampleTimeNow &rArr; xQueueGenericSend &rArr; xTaskResumeAll &rArr; xTaskIncrementTick
</UL>
<BR>[Calls]<UL><LI><a href="#[325]">&gt;&gt;</a>&nbsp;&nbsp;&nbsp;prvSampleTimeNow
<LI><a href="#[329]">&gt;&gt;</a>&nbsp;&nbsp;&nbsp;vQueueWaitForMessageRestricted
<LI><a href="#[32a]">&gt;&gt;</a>&nbsp;&nbsp;&nbsp;xQueueReceive
<LI><a href="#[2bc]">&gt;&gt;</a>&nbsp;&nbsp;&nbsp;xQueueGenericSend
<LI><a href="#[324]">&gt;&gt;</a>&nbsp;&nbsp;&nbsp;uxListRemove
<LI><a href="#[326]">&gt;&gt;</a>&nbsp;&nbsp;&nbsp;vListInsert
<LI><a href="#[323]">&gt;&gt;</a>&nbsp;&nbsp;&nbsp;vPortFree
<LI><a href="#[328]">&gt;&gt;</a>&nbsp;&nbsp;&nbsp;xTaskResumeAll
<LI><a href="#[327]">&gt;&gt;</a>&nbsp;&nbsp;&nbsp;vTaskSuspendAll
<LI><a href="#[260]">&gt;&gt;</a>&nbsp;&nbsp;&nbsp;xTaskGetSchedulerState
</UL>
<BR>[Address Reference Count : 1]<UL><LI> timers.o(.text.xTimerCreateTimerTask)
</UL>
<P><STRONG><a name="[325]"></a>prvSampleTimeNow</STRONG> (Thumb, 230 bytes, Stack size 56 bytes, timers.o(.text.prvSampleTimeNow))
<BR><BR>[Stack]<UL><LI>Max Depth = 192<LI>Call Chain = prvSampleTimeNow &rArr; xQueueGenericSend &rArr; xTaskResumeAll &rArr; xTaskIncrementTick
</UL>
<BR>[Calls]<UL><LI><a href="#[2f5]">&gt;&gt;</a>&nbsp;&nbsp;&nbsp;xTaskGetTickCount
<LI><a href="#[2bc]">&gt;&gt;</a>&nbsp;&nbsp;&nbsp;xQueueGenericSend
<LI><a href="#[324]">&gt;&gt;</a>&nbsp;&nbsp;&nbsp;uxListRemove
<LI><a href="#[326]">&gt;&gt;</a>&nbsp;&nbsp;&nbsp;vListInsert
<LI><a href="#[260]">&gt;&gt;</a>&nbsp;&nbsp;&nbsp;xTaskGetSchedulerState
</UL>
<BR>[Called By]<UL><LI><a href="#[a6]">&gt;&gt;</a>&nbsp;&nbsp;&nbsp;prvTimerTask
</UL>

<P><STRONG><a name="[a4]"></a>prvTaskExitError</STRONG> (Thumb, 50 bytes, Stack size 4 bytes, port.o(.text.prvTaskExitError))
<BR><BR>[Stack]<UL><LI>Max Depth = 4<LI>Call Chain = prvTaskExitError
</UL>
<BR>[Address Reference Count : 1]<UL><LI> port.o(.text.pxPortInitialiseStack)
</UL>
<P><STRONG><a name="[336]"></a>vPortEnableVFP</STRONG> (Thumb, 14 bytes, Stack size 0 bytes, port.o(.text.vPortEnableVFP))
<BR><BR>[Called By]<UL><LI><a href="#[334]">&gt;&gt;</a>&nbsp;&nbsp;&nbsp;xPortStartScheduler
</UL>

<P><STRONG><a name="[337]"></a>prvPortStartFirstTask</STRONG> (Thumb, 34 bytes, Stack size 0 bytes, port.o(.text.prvPortStartFirstTask))
<BR><BR>[Called By]<UL><LI><a href="#[334]">&gt;&gt;</a>&nbsp;&nbsp;&nbsp;xPortStartScheduler
</UL>

<P><STRONG><a name="[165]"></a>USBD_CDC_Init</STRONG> (Thumb, 204 bytes, Stack size 24 bytes, usbd_cdc.o(.text.USBD_CDC_Init))
<BR><BR>[Stack]<UL><LI>Max Depth = 60 + Unknown Stack Size
<LI>Call Chain = USBD_CDC_Init &rArr; USBD_LL_PrepareReceive &rArr; HAL_PCD_EP_Receive &rArr; USB_EPStartXfer
</UL>
<BR>[Calls]<UL><LI><a href="#[26e]">&gt;&gt;</a>&nbsp;&nbsp;&nbsp;USBD_static_malloc
<LI><a href="#[270]">&gt;&gt;</a>&nbsp;&nbsp;&nbsp;USBD_LL_PrepareReceive
<LI><a href="#[26f]">&gt;&gt;</a>&nbsp;&nbsp;&nbsp;USBD_LL_OpenEP
<LI><a href="#[263]">&gt;&gt;</a>&nbsp;&nbsp;&nbsp;__aeabi_memclr4
</UL>
<BR>[Address Reference Count : 1]<UL><LI> usbd_cdc.o(.data.USBD_CDC)
</UL>
<P><STRONG><a name="[166]"></a>USBD_CDC_DeInit</STRONG> (Thumb, 90 bytes, Stack size 16 bytes, usbd_cdc.o(.text.USBD_CDC_DeInit))
<BR><BR>[Stack]<UL><LI>Max Depth = 40<LI>Call Chain = USBD_CDC_DeInit &rArr; USBD_LL_CloseEP &rArr; HAL_PCD_EP_Close &rArr; USB_DeactivateEndpoint
</UL>
<BR>[Calls]<UL><LI><a href="#[26c]">&gt;&gt;</a>&nbsp;&nbsp;&nbsp;USBD_static_free
<LI><a href="#[26b]">&gt;&gt;</a>&nbsp;&nbsp;&nbsp;USBD_LL_CloseEP
</UL>
<BR>[Address Reference Count : 1]<UL><LI> usbd_cdc.o(.data.USBD_CDC)
</UL>
<P><STRONG><a name="[167]"></a>USBD_CDC_Setup</STRONG> (Thumb, 208 bytes, Stack size 24 bytes, usbd_cdc.o(.text.USBD_CDC_Setup))
<BR><BR>[Stack]<UL><LI>Max Depth = 68<LI>Call Chain = USBD_CDC_Setup &rArr; USBD_CtlPrepareRx &rArr; USBD_LL_PrepareReceive &rArr; HAL_PCD_EP_Receive &rArr; USB_EPStartXfer
</UL>
<BR>[Calls]<UL><LI><a href="#[271]">&gt;&gt;</a>&nbsp;&nbsp;&nbsp;USBD_CtlPrepareRx
<LI><a href="#[273]">&gt;&gt;</a>&nbsp;&nbsp;&nbsp;USBD_CtlError
<LI><a href="#[272]">&gt;&gt;</a>&nbsp;&nbsp;&nbsp;USBD_CtlSendData
</UL>
<BR>[Address Reference Count : 1]<UL><LI> usbd_cdc.o(.data.USBD_CDC)
</UL>
<P><STRONG><a name="[168]"></a>USBD_CDC_EP0_RxReady</STRONG> (Thumb, 54 bytes, Stack size 8 bytes, usbd_cdc.o(.text.USBD_CDC_EP0_RxReady))
<BR><BR>[Stack]<UL><LI>Max Depth = 8<LI>Call Chain = USBD_CDC_EP0_RxReady
</UL>
<BR>[Address Reference Count : 1]<UL><LI> usbd_cdc.o(.data.USBD_CDC)
</UL>
<P><STRONG><a name="[169]"></a>USBD_CDC_DataIn</STRONG> (Thumb, 114 bytes, Stack size 16 bytes, usbd_cdc.o(.text.USBD_CDC_DataIn))
<BR><BR>[Stack]<UL><LI>Max Depth = 52<LI>Call Chain = USBD_CDC_DataIn &rArr; USBD_LL_Transmit &rArr; HAL_PCD_EP_Transmit &rArr; USB_EPStartXfer
</UL>
<BR>[Calls]<UL><LI><a href="#[269]">&gt;&gt;</a>&nbsp;&nbsp;&nbsp;USBD_LL_Transmit
</UL>
<BR>[Address Reference Count : 1]<UL><LI> usbd_cdc.o(.data.USBD_CDC)
</UL>
<P><STRONG><a name="[16a]"></a>USBD_CDC_DataOut</STRONG> (Thumb, 58 bytes, Stack size 16 bytes, usbd_cdc.o(.text.USBD_CDC_DataOut))
<BR><BR>[Stack]<UL><LI>Max Depth = 16<LI>Call Chain = USBD_CDC_DataOut
</UL>
<BR>[Calls]<UL><LI><a href="#[26a]">&gt;&gt;</a>&nbsp;&nbsp;&nbsp;USBD_LL_GetRxDataSize
</UL>
<BR>[Address Reference Count : 1]<UL><LI> usbd_cdc.o(.data.USBD_CDC)
</UL>
<P><STRONG><a name="[16b]"></a>USBD_CDC_GetHSCfgDesc</STRONG> (Thumb, 86 bytes, Stack size 24 bytes, usbd_cdc.o(.text.USBD_CDC_GetHSCfgDesc))
<BR><BR>[Stack]<UL><LI>Max Depth = 32<LI>Call Chain = USBD_CDC_GetHSCfgDesc &rArr; USBD_GetEpDesc
</UL>
<BR>[Calls]<UL><LI><a href="#[26d]">&gt;&gt;</a>&nbsp;&nbsp;&nbsp;USBD_GetEpDesc
</UL>
<BR>[Address Reference Count : 1]<UL><LI> usbd_cdc.o(.data.USBD_CDC)
</UL>
<P><STRONG><a name="[16c]"></a>USBD_CDC_GetFSCfgDesc</STRONG> (Thumb, 82 bytes, Stack size 24 bytes, usbd_cdc.o(.text.USBD_CDC_GetFSCfgDesc))
<BR><BR>[Stack]<UL><LI>Max Depth = 32<LI>Call Chain = USBD_CDC_GetFSCfgDesc &rArr; USBD_GetEpDesc
</UL>
<BR>[Calls]<UL><LI><a href="#[26d]">&gt;&gt;</a>&nbsp;&nbsp;&nbsp;USBD_GetEpDesc
</UL>
<BR>[Address Reference Count : 1]<UL><LI> usbd_cdc.o(.data.USBD_CDC)
</UL>
<P><STRONG><a name="[16d]"></a>USBD_CDC_GetOtherSpeedCfgDesc</STRONG> (Thumb, 82 bytes, Stack size 24 bytes, usbd_cdc.o(.text.USBD_CDC_GetOtherSpeedCfgDesc))
<BR><BR>[Stack]<UL><LI>Max Depth = 32<LI>Call Chain = USBD_CDC_GetOtherSpeedCfgDesc &rArr; USBD_GetEpDesc
</UL>
<BR>[Calls]<UL><LI><a href="#[26d]">&gt;&gt;</a>&nbsp;&nbsp;&nbsp;USBD_GetEpDesc
</UL>
<BR>[Address Reference Count : 1]<UL><LI> usbd_cdc.o(.data.USBD_CDC)
</UL>
<P><STRONG><a name="[158]"></a>_GLOBAL__sub_I_RC_arm.cpp</STRONG> (Thumb, 2038 bytes, Stack size 72 bytes, rc_arm.o(.text._GLOBAL__sub_I_RC_arm.cpp))
<BR><BR>[Stack]<UL><LI>Max Depth = 72 + Unknown Stack Size
<LI>Call Chain = _GLOBAL__sub_I_RC_arm.cpp
</UL>
<BR>[Calls]<UL><LI><a href="#[28a]">&gt;&gt;</a>&nbsp;&nbsp;&nbsp;vector3d::Vector3D::Vector3D(float, float, float)
<LI><a href="#[28b]">&gt;&gt;</a>&nbsp;&nbsp;&nbsp;vector3d::Vector3D::Vector3D()
<LI><a href="#[263]">&gt;&gt;</a>&nbsp;&nbsp;&nbsp;__aeabi_memclr4
</UL>
<BR>[Address Reference Count : 1]<UL><LI> rc_arm.o(.init_array)
</UL>
<P><STRONG><a name="[159]"></a>__cxx_global_var_init</STRONG> (Thumb, 272 bytes, Stack size 56 bytes, rc_map_graph.o(.text.__cxx_global_var_init))
<BR><BR>[Stack]<UL><LI>Max Depth = 112 + Unknown Stack Size
<LI>Call Chain = __cxx_global_var_init &rArr; __cxa_guard_acquire &rArr; abort_message &rArr; abort &rArr; __rt_SIGABRT &rArr; __rt_SIGABRT_inner &rArr; __default_signal_display &rArr; _ttywrch
</UL>
<BR>[Calls]<UL><LI><a href="#[2ee]">&gt;&gt;</a>&nbsp;&nbsp;&nbsp;arm_sub_f32
<LI><a href="#[2ef]">&gt;&gt;</a>&nbsp;&nbsp;&nbsp;arm_dot_prod_f32
<LI><a href="#[313]">&gt;&gt;</a>&nbsp;&nbsp;&nbsp;__cxa_guard_release
<LI><a href="#[312]">&gt;&gt;</a>&nbsp;&nbsp;&nbsp;__cxa_guard_acquire
</UL>
<BR>[Address Reference Count : 1]<UL><LI> rc_map_graph.o(.init_array)
</UL>
<P><STRONG><a name="[15a]"></a>__cxx_global_var_init.1</STRONG> (Thumb, 288 bytes, Stack size 48 bytes, rc_map_graph.o(.text.__cxx_global_var_init.1))
<BR><BR>[Stack]<UL><LI>Max Depth = 104 + Unknown Stack Size
<LI>Call Chain = __cxx_global_var_init.1 &rArr; __cxa_guard_acquire &rArr; abort_message &rArr; abort &rArr; __rt_SIGABRT &rArr; __rt_SIGABRT_inner &rArr; __default_signal_display &rArr; _ttywrch
</UL>
<BR>[Calls]<UL><LI><a href="#[2ee]">&gt;&gt;</a>&nbsp;&nbsp;&nbsp;arm_sub_f32
<LI><a href="#[2ef]">&gt;&gt;</a>&nbsp;&nbsp;&nbsp;arm_dot_prod_f32
<LI><a href="#[313]">&gt;&gt;</a>&nbsp;&nbsp;&nbsp;__cxa_guard_release
<LI><a href="#[312]">&gt;&gt;</a>&nbsp;&nbsp;&nbsp;__cxa_guard_acquire
</UL>
<BR>[Address Reference Count : 1]<UL><LI> rc_map_graph.o(.init_array)
</UL>
<P><STRONG><a name="[15b]"></a>__cxx_global_var_init.2</STRONG> (Thumb, 276 bytes, Stack size 56 bytes, rc_map_graph.o(.text.__cxx_global_var_init.2))
<BR><BR>[Stack]<UL><LI>Max Depth = 112 + Unknown Stack Size
<LI>Call Chain = __cxx_global_var_init.2 &rArr; __cxa_guard_acquire &rArr; abort_message &rArr; abort &rArr; __rt_SIGABRT &rArr; __rt_SIGABRT_inner &rArr; __default_signal_display &rArr; _ttywrch
</UL>
<BR>[Calls]<UL><LI><a href="#[2ee]">&gt;&gt;</a>&nbsp;&nbsp;&nbsp;arm_sub_f32
<LI><a href="#[2ef]">&gt;&gt;</a>&nbsp;&nbsp;&nbsp;arm_dot_prod_f32
<LI><a href="#[313]">&gt;&gt;</a>&nbsp;&nbsp;&nbsp;__cxa_guard_release
<LI><a href="#[312]">&gt;&gt;</a>&nbsp;&nbsp;&nbsp;__cxa_guard_acquire
</UL>
<BR>[Address Reference Count : 1]<UL><LI> rc_map_graph.o(.init_array)
</UL>
<P><STRONG><a name="[15c]"></a>__cxx_global_var_init.3</STRONG> (Thumb, 280 bytes, Stack size 56 bytes, rc_map_graph.o(.text.__cxx_global_var_init.3))
<BR><BR>[Stack]<UL><LI>Max Depth = 112 + Unknown Stack Size
<LI>Call Chain = __cxx_global_var_init.3 &rArr; __cxa_guard_acquire &rArr; abort_message &rArr; abort &rArr; __rt_SIGABRT &rArr; __rt_SIGABRT_inner &rArr; __default_signal_display &rArr; _ttywrch
</UL>
<BR>[Calls]<UL><LI><a href="#[2ee]">&gt;&gt;</a>&nbsp;&nbsp;&nbsp;arm_sub_f32
<LI><a href="#[2ef]">&gt;&gt;</a>&nbsp;&nbsp;&nbsp;arm_dot_prod_f32
<LI><a href="#[313]">&gt;&gt;</a>&nbsp;&nbsp;&nbsp;__cxa_guard_release
<LI><a href="#[312]">&gt;&gt;</a>&nbsp;&nbsp;&nbsp;__cxa_guard_acquire
</UL>
<BR>[Address Reference Count : 1]<UL><LI> rc_map_graph.o(.init_array)
</UL>
<P><STRONG><a name="[15d]"></a>_GLOBAL__sub_I_RC_init.cpp</STRONG> (Thumb, 1132 bytes, Stack size 104 bytes, rc_init.o(.text._GLOBAL__sub_I_RC_init.cpp))
<BR><BR>[Stack]<UL><LI>Max Depth = 504 + Unknown Stack Size
<LI>Call Chain = _GLOBAL__sub_I_RC_init.cpp &rArr; chassis::Swerve4Chassis::Swerve4Chassis(motor::DjiMotor&, motor::DjiMotor&, motor::DjiMotor&, motor::DjiMotor&, motor::Motor&, motor::Motor&, motor::Motor&, motor::Motor&, float, float, float, float, float, float, unsigned short, unsigned short, unsigned short, unsigned short, data::RobotPose&) &rArr; chassis::Chassis::Chassis__sub_object(float, float, float, float, float, float, data::RobotPose&) &rArr; task::ManagedTask::ManagedTask__sub_object(char const*, unsigned char, unsigned short, task::TaskType, unsigned char) &rArr; osThreadNew &rArr; xTaskCreate &rArr; pvPortMalloc &rArr; xTaskResumeAll &rArr; xTaskIncrementTick
</UL>
<BR>[Calls]<UL><LI><a href="#[29a]">&gt;&gt;</a>&nbsp;&nbsp;&nbsp;lidar::LiDAR::LiDAR(__UART_HandleTypeDef&)
<LI><a href="#[29b]">&gt;&gt;</a>&nbsp;&nbsp;&nbsp;chassis::Swerve4Chassis::Swerve4Chassis(motor::DjiMotor&, motor::DjiMotor&, motor::DjiMotor&, motor::DjiMotor&, motor::Motor&, motor::Motor&, motor::Motor&, motor::Motor&, float, float, float, float, float, float, unsigned short, unsigned short, unsigned short, unsigned short, data::RobotPose&)
<LI><a href="#[2a1]">&gt;&gt;</a>&nbsp;&nbsp;&nbsp;SquareWave::SquareWave(float, unsigned int)
<LI><a href="#[29c]">&gt;&gt;</a>&nbsp;&nbsp;&nbsp;flysky::FlySky::FlySky(unsigned short)
<LI><a href="#[28f]">&gt;&gt;</a>&nbsp;&nbsp;&nbsp;timer::Timer::Timer(tim::Tim*)
<LI><a href="#[28c]">&gt;&gt;</a>&nbsp;&nbsp;&nbsp;tim::Tim::Tim(TIM_HandleTypeDef&)
<LI><a href="#[28e]">&gt;&gt;</a>&nbsp;&nbsp;&nbsp;cdc::CDC::CDC(cdc::CDCType)
<LI><a href="#[2a2]">&gt;&gt;</a>&nbsp;&nbsp;&nbsp;task::TaskCreator::TaskCreator(char const*, unsigned char, unsigned short, void (*)(void*), void*)
<LI><a href="#[28d]">&gt;&gt;</a>&nbsp;&nbsp;&nbsp;can::Can::Can(FDCAN_HandleTypeDef&)
<LI><a href="#[296]">&gt;&gt;</a>&nbsp;&nbsp;&nbsp;data::RobotPose::RobotPose()
<LI><a href="#[299]">&gt;&gt;</a>&nbsp;&nbsp;&nbsp;ros::BestPath::BestPath(cdc::CDC&, unsigned char)
<LI><a href="#[297]">&gt;&gt;</a>&nbsp;&nbsp;&nbsp;ros::Radar::Radar(cdc::CDC&, unsigned char, data::RobotPose&)
<LI><a href="#[298]">&gt;&gt;</a>&nbsp;&nbsp;&nbsp;ros::Map::Map(cdc::CDC&, unsigned char)
<LI><a href="#[29d]">&gt;&gt;</a>&nbsp;&nbsp;&nbsp;path::HeadCtrl::HeadCtrl(data::RobotPose&, chassis::Chassis&, float)
<LI><a href="#[2a0]">&gt;&gt;</a>&nbsp;&nbsp;&nbsp;path::HeadCheck::HeadCheck(unsigned char, float, path::TrajTrack3&, data::RobotPose&)
<LI><a href="#[29f]">&gt;&gt;</a>&nbsp;&nbsp;&nbsp;path::PathPlan3::PathPlan3(path::LonConstr3, path::HeadConstr3, path::TrajTrack3&)
<LI><a href="#[29e]">&gt;&gt;</a>&nbsp;&nbsp;&nbsp;path::TrajTrack3::TrajTrack3(data::RobotPose&, chassis::Chassis&, path::HeadCtrl&, float)
<LI><a href="#[291]">&gt;&gt;</a>&nbsp;&nbsp;&nbsp;motor::Vesc::Vesc(unsigned char, can::Can&, tim::Tim*, unsigned short, bool, float)
<LI><a href="#[294]">&gt;&gt;</a>&nbsp;&nbsp;&nbsp;motor::J60::J60(unsigned char, can::Can&, tim::Tim*, bool, float, float, bool)
<LI><a href="#[292]">&gt;&gt;</a>&nbsp;&nbsp;&nbsp;motor::DM4310::DM4310(unsigned char, can::Can&, tim::Tim*, bool, float, float, bool)
<LI><a href="#[295]">&gt;&gt;</a>&nbsp;&nbsp;&nbsp;motor::Go::Go(unsigned char, unsigned char, can::Can&, tim::Tim*, bool, float, float, bool)
<LI><a href="#[293]">&gt;&gt;</a>&nbsp;&nbsp;&nbsp;motor::M3508::M3508(unsigned char, can::Can&, tim::Tim*, float, bool)
<LI><a href="#[290]">&gt;&gt;</a>&nbsp;&nbsp;&nbsp;motor::M2006::M2006(unsigned char, can::Can&, tim::Tim*, float, bool)
</UL>
<BR>[Address Reference Count : 1]<UL><LI> rc_init.o(.init_array)
</UL><P>
<H3>
Undefined Global Symbols
</H3><HR></body></html>
